   Input file: C:\Users\Kagiso\PHREEQC-Python\C3_FREZ_pre_+016p0.pqi
  Output file: C:\Users\Kagiso\PHREEQC-Python\C3_FREZ_pre_+016p0.out
Database file: C:\Program Files\USGS\phreeqc-3.8.6-17100-x64\database\frezchem.dat

------------------
Reading data base.
------------------

	PITZER
	SOLUTION_MASTER_SPECIES
	SOLUTION_SPECIES
	PHASES
	PITZER
	EXCHANGE_MASTER_SPECIES
	EXCHANGE_SPECIES
	SURFACE_MASTER_SPECIES
	SURFACE_SPECIES
	END
------------------------------------
Reading input data for simulation 1.
------------------------------------

	TITLE C3 FREZCHEM sequential FC at 16.00 C
	SOLUTION 1
	    temp 16.00000000
	    pH 6.9723000000
	    units mol/kgw
	    water 1.000000000000
	    Na 9.39050000000000e-01
	    K 2.16190000000000e-02
	    Mg 1.16330000000000e-01
	    Ca 2.40860000000000e-02
	    Cl 1.14590000000000e+00
	    S(6) 5.96580000000000e-02
	    C(4) 3.93980000000000e-03
	SELECTED_OUTPUT 1
	    file C:/Users/Kagiso/PHREEQC-Python/C3_FREZ_pre_+016p0.txt
	    reset false
	    user_punch true
	USER_PUNCH 1
	    headings Temp_C pH Water_kg Alk_eq_kgw Mu aw Na_mol K_mol Mg_mol Ca_mol Cl_mol S6_mol C4_mol Na_m K_m Mg_m Ca_m Cl_m S6_m C4_m Na_act Cl_act SO4_act SI_Ice SI_Mirabilite SI_Halite SI_Hydrohalite SI_Calcite SI_Gypsum Iterations
	    10 PUNCH TC, -LA("H+"), TOT("water"), ALK, MU, ACT("H2O")
	    20 PUNCH TOTMOLE("Na"), TOTMOLE("K"), TOTMOLE("Mg"), TOTMOLE("Ca")
	    30 PUNCH TOTMOLE("Cl"), TOTMOLE("S(6)"), TOTMOLE("C(4)")
	    40 PUNCH TOT("Na"), TOT("K"), TOT("Mg"), TOT("Ca")
	    50 PUNCH TOT("Cl"), TOT("S(6)"), TOT("C(4)")
	    60 PUNCH ACT("Na+"), ACT("Cl-"), ACT("SO4-2")
	    70 PUNCH SI("Ice(s)"), SI("Mirabilite"), SI("Halite"), SI("Hydrohalite"), SI("Calcite"), SI("Gypsum")
	    80 PUNCH ITERATIONS
	END
-----
TITLE
-----

 C3 FREZCHEM sequential FC at 16.00 C

-------------------------------------------
Beginning of initial solution calculations.
-------------------------------------------

Initial solution 1.	

-----------------------------Solution composition------------------------------

	Elements           Molality       Moles

	C(4)              3.940e-03   3.940e-03
	Ca                2.409e-02   2.409e-02
	Cl                1.146e+00   1.146e+00
	K                 2.162e-02   2.162e-02
	Mg                1.163e-01   1.163e-01
	Na                9.390e-01   9.390e-01
	S(6)              5.966e-02   5.966e-02

----------------------------Description of solution----------------------------

                                       pH  =   6.972    
                                       pe  =   4.000    
      Specific Conductance (µS/cm,  16°C)  = 70583
                          Density (g/cm³)  =   1.05090
                               Volume (L)  =   1.02086
                        Activity of water  =   0.962
                 Ionic strength (mol/kgw)  =   1.455e+00
                       Mass of water (kg)  =   1.000e+00
                 Total alkalinity (eq/kg)  =   3.577e-03
                       Total CO2 (mol/kg)  =   3.940e-03
                         Temperature (°C)  =  16.00
                  Electrical balance (eq)  =  -2.729e-02
 Percent error, 100*(Cat-|An|)/(Cat+|An|)  =  -1.09
                               Iterations  =  13
                         Gamma iterations  =   4
                      Osmotic coefficient  =   0.92980
                         Density of water  =   0.99894
                                  Total H  = 1.110221e+02
                                  Total O  = 5.575936e+01

----------------------------Distribution of species----------------------------

                                                    Unscaled  Unscaled
                                Unscaled       Log       Log       Log    mole V
   Species          Molality    Activity  Molality  Activity     Gamma   cm³/mol

   H+              1.317e-07   1.066e-07    -6.880    -6.972    -0.092      0.00
   OH-             1.293e-07   4.483e-08    -6.888    -7.348    -0.460     -1.95
   H2O             5.551e+01   9.620e-01     1.744    -0.017     0.000     18.04
C(4)          3.940e-03
   HCO3-           3.531e-03   1.767e-03    -2.452    -2.753    -0.301     27.71
   CO2             3.860e-04   5.041e-04    -3.413    -3.297     0.116     31.55
   MgCO3           1.216e-05   1.216e-05    -4.915    -4.915     0.000    -17.08
   CO3-2           1.110e-05   6.341e-07    -4.955    -6.198    -1.243      0.44
   CaCO3           2.237e-12   2.237e-12   -11.650   -11.650     0.000     (0)  
Ca            2.409e-02
   Ca+2            2.409e-02   4.308e-03    -1.618    -2.366    -0.748    -16.55
   CaCO3           2.237e-12   2.237e-12   -11.650   -11.650     0.000     (0)  
Cl            1.146e+00
   Cl-             1.146e+00   7.964e-01     0.059    -0.099    -0.158     18.75
K             2.162e-02
   K+              2.162e-02   1.167e-02    -1.665    -1.933    -0.268      9.80
Mg            1.163e-01
   Mg+2            1.163e-01   2.570e-02    -0.934    -1.590    -0.656    -19.69
   MgCO3           1.216e-05   1.216e-05    -4.915    -4.915     0.000    -17.08
   MgOH+           1.905e-07   1.601e-07    -6.720    -6.796    -0.075     (0)  
Na            9.390e-01
   Na+             9.390e-01   5.696e-01    -0.027    -0.244    -0.217     -0.49
S(6)          5.966e-02
   SO4-2           5.966e-02   4.038e-03    -1.224    -2.394    -1.170     19.16

------------------------------Saturation indices-------------------------------

  Phase               SI** log IAP   log K(289 K,   1 atm)

  Anhydrite        -0.59     -4.76   -4.17  CaSO4
  Antarcticite     -6.26     -2.66    3.59  CaCl2:6H2O
  Aphthitalite    -13.88    -21.66   -7.79  Na2SO4:3K2SO4
  Aragonite        -0.28     -8.56   -8.28  CaCO3
  Arcanite         -4.34     -6.26   -1.92  K2SO4
  Bischofite       -6.58     -1.89    4.69  MgCl2:6H2O
  Bloedite         -4.53     -6.93   -2.40  Na2Mg(SO4)2:4H2O
  Calcite          -0.13     -8.56   -8.43  CaCO3
  Carnallite       -8.10     -3.92    4.18  KMgCl3:6H2O
  CO2(g)           -1.94     -3.30   -1.35  CO2
  Dolomite          0.52    -16.35  -16.87  CaMg(CO3)2
  Epsomite         -2.11     -4.10   -1.99  MgSO4:7H2O
  Gypsum           -0.19     -4.79   -4.60  CaSO4:2H2O
  Halite           -1.90     -0.34    1.55  NaCl
  Hexahydrite      -2.43     -4.08   -1.65  MgSO4:6H2O
  Hydrohalite      -1.82     -0.38    1.45  NaCl:2H2O
  Hydromagnesite   -3.51    -39.70  -36.19  (MgCO3)3:Mg(OH)2:3H2O
  Ice(s)           -0.08     -0.02    0.07  H2O
  Ikaite           -1.87     -8.66   -6.80  CaCO3:6H2O
  Kalicinite       -4.75     -4.69    0.06  KHCO3
  Kieserite        -3.98     -4.00   -0.02  MgSO4:H2O
  Landsfordite     -2.73     -7.87   -5.15  MgCO3:5H2O
  Magnesite         0.10     -7.79   -7.89  MgCO3
  Meridianite      -2.49     -4.17   -1.67  MgSO4:11H2O
  MgCl2:12H2O      -5.95     -1.99    3.96  MgCl2:12H2O
  MgCl2:8H2O       -5.99     -1.92    4.07  MgCl2:8H2O
  Mirabilite       -1.37     -3.05   -1.68  Na2SO4:10H2O
  Na2CO3:7H2O      -6.14     -6.80   -0.66  Na2CO3:7H2O
  Nahcolite        -2.49     -3.00   -0.51  NaHCO3
  Natron           -5.68     -6.85   -1.18  Na2CO3:10H2O
  Nesquehonite     -2.57     -7.84   -5.27  MgCO3:3H2O
  Picromerite      -5.78    -10.34   -4.57  MgSO4:K2SO4:6H2O
  Sylvite          -2.83     -2.03    0.80  KCl
  Tachyhydrite    -23.82     -6.34   17.48  CaCl2:(MgCl2)2:12H2O
  Thenardite       -2.59     -2.88   -0.30  Na2SO4
  Trona            -8.60     -9.72   -1.12  Na3H(CO3)2:2H2O
  Vaterite         -0.72     -8.56   -7.84  CaCO3

**For a gas, SI = log10(fugacity). Fugacity = pressure * phi / 1 atm.
  For ideal gases, phi = 1.

------------------
End of simulation.
------------------

------------------------------------
Reading input data for simulation 2.
------------------------------------

-------------------------------
End of Run after 1.091 Seconds.
-------------------------------

