   Input file: C:\Users\Kagiso\PHREEQC-Python\C3_FREZ_eq_-002p0.pqi
  Output file: C:\Users\Kagiso\PHREEQC-Python\C3_FREZ_eq_-002p0.out
Database file: C:\Program Files\USGS\phreeqc-3.8.6-17100-x64\database\frezchem.dat

------------------
Reading data base.
------------------

	PITZER
	SOLUTION_MASTER_SPECIES
	SOLUTION_SPECIES
	PHASES
	PITZER
	EXCHANGE_MASTER_SPECIES
	EXCHANGE_SPECIES
	SURFACE_MASTER_SPECIES
	SURFACE_SPECIES
	END
------------------------------------
Reading input data for simulation 1.
------------------------------------

	TITLE C3 FREZCHEM sequential FC at -2.00 C
	SOLUTION 1
	    temp -2.00000000
	    pH 6.9723000000
	    units mol/kgw
	    water 1.000000000000
	    Na 9.39050000000000e-01
	    K 2.16190000000000e-02
	    Mg 1.16330000000000e-01
	    Ca 2.40860000000000e-02
	    Cl 1.14590000000000e+00
	    S(6) 5.96580000000000e-02
	    C(4) 3.93980000000000e-03
	EQUILIBRIUM_PHASES 1
	    Ice(s)       0.0 0.0
	    Mirabilite   0.0 0.0
	    Halite       0.0 0.0
	    Hydrohalite  0.0 0.0
	    Calcite      0.0 0.0
	    Gypsum       0.0 0.0
	SELECTED_OUTPUT 1
	    file C:/Users/Kagiso/PHREEQC-Python/C3_FREZ_eq_-002p0.txt
	    reset false
	    user_punch true
	USER_PUNCH 1
	    headings Temp_C pH Water_kg Alk_eq_kgw Mu aw Na_mol K_mol Mg_mol Ca_mol Cl_mol S6_mol C4_mol Na_m K_m Mg_m Ca_m Cl_m S6_m C4_m Na_act Cl_act SO4_act SI_Ice SI_Mirabilite SI_Halite SI_Hydrohalite SI_Calcite SI_Gypsum Ice_mol Mirabilite_mol Halite_mol Hydrohalite_mol Calcite_mol Gypsum_mol Iterations
	    10 PUNCH TC, -LA("H+"), TOT("water"), ALK, MU, ACT("H2O")
	    20 PUNCH TOTMOLE("Na"), TOTMOLE("K"), TOTMOLE("Mg"), TOTMOLE("Ca")
	    30 PUNCH TOTMOLE("Cl"), TOTMOLE("S(6)"), TOTMOLE("C(4)")
	    40 PUNCH TOT("Na"), TOT("K"), TOT("Mg"), TOT("Ca")
	    50 PUNCH TOT("Cl"), TOT("S(6)"), TOT("C(4)")
	    60 PUNCH ACT("Na+"), ACT("Cl-"), ACT("SO4-2")
	    70 PUNCH SI("Ice(s)"), SI("Mirabilite"), SI("Halite"), SI("Hydrohalite"), SI("Calcite"), SI("Gypsum")
	    80 PUNCH EQUI("Ice(s)"), EQUI("Mirabilite"), EQUI("Halite"), EQUI("Hydrohalite"), EQUI("Calcite"), EQUI("Gypsum")
	    90 PUNCH ITERATIONS
	END
-----
TITLE
-----

 C3 FREZCHEM sequential FC at -2.00 C

-------------------------------------------
Beginning of initial solution calculations.
-------------------------------------------

Initial solution 1.	

-----------------------------Solution composition------------------------------

	Elements           Molality       Moles

	C(4)              3.940e-03   3.940e-03
	Ca                2.409e-02   2.409e-02
	Cl                1.146e+00   1.146e+00
	K                 2.162e-02   2.162e-02
	Mg                1.163e-01   1.163e-01
	Na                9.390e-01   9.390e-01
	S(6)              5.966e-02   5.966e-02

----------------------------Description of solution----------------------------

                                       pH  =   6.972    
                                       pe  =   4.000    
      Specific Conductance (µS/cm,  -2°C)  = 41184
                          Density (g/cm³)  =   1.05501
                               Volume (L)  =   1.01687
                        Activity of water  =   0.963
                 Ionic strength (mol/kgw)  =   1.455e+00
                       Mass of water (kg)  =   1.000e+00
                 Total alkalinity (eq/kg)  =   3.372e-03
                       Total CO2 (mol/kg)  =   3.940e-03
                         Temperature (°C)  =  -2.00
                  Electrical balance (eq)  =  -2.709e-02
 Percent error, 100*(Cat-|An|)/(Cat+|An|)  =  -1.08
                               Iterations  =  13
                         Gamma iterations  =   4
                      Osmotic coefficient  =   0.91030
                         Density of water  =   0.99967
                                  Total H  = 1.110219e+02
                                  Total O  = 5.575917e+01

----------------------------Distribution of species----------------------------

                                                    Unscaled  Unscaled
                                Unscaled       Log       Log       Log    mole V
   Species          Molality    Activity  Molality  Activity     Gamma   cm³/mol

   H+              1.266e-07   1.066e-07    -6.897    -6.972    -0.075      0.00
   OH-             2.846e-08   8.517e-09    -7.546    -8.070    -0.524     -4.03
   H2O             5.551e+01   9.628e-01     1.744    -0.016     0.000     18.02
C(4)          3.940e-03
   HCO3-           3.351e-03   1.682e-03    -2.475    -2.774    -0.299     25.69
   CO2             5.779e-04   7.522e-04    -3.238    -3.124     0.114     39.57
   CO3-2           5.913e-06   3.449e-07    -5.228    -6.462    -1.234     -3.88
   MgCO3           4.643e-06   4.643e-06    -5.333    -5.333     0.000    -17.04
   CaCO3           1.330e-12   1.330e-12   -11.876   -11.876     0.000     (0)  
Ca            2.409e-02
   Ca+2            2.409e-02   4.520e-03    -1.618    -2.345    -0.727    -17.88
   CaCO3           1.330e-12   1.330e-12   -11.876   -11.876     0.000     (0)  
Cl            1.146e+00
   Cl-             1.146e+00   7.665e-01     0.059    -0.115    -0.175     17.25
K             2.162e-02
   K+              2.162e-02   1.145e-02    -1.665    -1.941    -0.276      8.93
Mg            1.163e-01
   Mg+2            1.163e-01   2.293e-02    -0.934    -1.640    -0.705    -19.24
   MgCO3           4.643e-06   4.643e-06    -5.333    -5.333     0.000    -17.04
   MgOH+           2.773e-08   2.408e-08    -7.557    -7.618    -0.061     (0)  
Na            9.390e-01
   Na+             9.390e-01   5.495e-01    -0.027    -0.260    -0.233     -1.83
S(6)          5.966e-02
   SO4-2           5.966e-02   3.665e-03    -1.224    -2.436    -1.212     14.42

------------------------------Saturation indices-------------------------------

  Phase               SI** log IAP   log K(271 K,   1 atm)

  Anhydrite        -0.73     -4.78   -4.05  CaSO4
  Antarcticite     -5.91     -2.67    3.23  CaCl2:6H2O
  Aphthitalite    -12.93    -21.91   -8.98  Na2SO4:3K2SO4
  Aragonite        -0.60     -8.81   -8.21  CaCO3
  Arcanite         -4.08     -6.32   -2.23  K2SO4
  Bischofite       -6.72     -1.97    4.75  MgCl2:6H2O
  Bloedite         -4.63     -7.10   -2.47  Na2Mg(SO4)2:4H2O
  Calcite          -0.43     -8.81   -8.38  CaCO3
  Carnallite       -7.88     -4.03    3.85  KMgCl3:6H2O
  CO2(g)           -2.05     -3.12   -1.07  CO2
  Dolomite         -0.52    -16.91  -16.39  CaMg(CO3)2
  Epsomite         -1.95     -4.19   -2.24  MgSO4:7H2O
  Gypsum           -0.14     -4.81   -4.67  CaSO4:2H2O
  Halite           -1.86     -0.38    1.49  NaCl
  Hexahydrite      -2.47     -4.17   -1.71  MgSO4:6H2O
  Hydrohalite      -1.63     -0.41    1.23  NaCl:2H2O
  Hydromagnesite   -7.23    -42.13  -34.90  (MgCO3)3:Mg(OH)2:3H2O
  Ice(s)           -0.01     -0.02   -0.01  H2O
  Ikaite           -1.65     -8.91   -7.26  CaCO3:6H2O
  Kalicinite       -4.52     -4.72   -0.19  KHCO3
  Kieserite        -4.73     -4.09    0.64  MgSO4:H2O
  Landsfordite     -3.01     -8.18   -5.17  MgCO3:5H2O
  Magnesite        -0.52     -8.10   -7.58  MgCO3
  Meridianite      -1.85     -4.26   -2.41  MgSO4:11H2O
  MgCl2:12H2O      -4.80     -2.07    2.73  MgCl2:12H2O
  MgCl2:8H2O       -5.82     -2.00    3.82  MgCl2:8H2O
  Mirabilite       -0.50     -3.12   -2.62  Na2SO4:10H2O
  Na2CO3:7H2O      -5.99     -7.10   -1.11  Na2CO3:7H2O
  Nahcolite        -2.29     -3.03   -0.75  NaHCO3
  Natron           -5.27     -7.15   -1.87  Na2CO3:10H2O
  Nesquehonite     -3.15     -8.15   -5.00  MgCO3:3H2O
  Picromerite      -5.39    -10.49   -5.10  MgSO4:K2SO4:6H2O
  Sylvite          -2.60     -2.06    0.55  KCl
  Tachyhydrite    -25.08     -6.51   18.56  CaCl2:(MgCl2)2:12H2O
  Thenardite       -2.65     -2.96   -0.31  Na2SO4
  Trona            -8.73    -10.05   -1.32  Na3H(CO3)2:2H2O
  Vaterite         -1.07     -8.81   -7.73  CaCO3

**For a gas, SI = log10(fugacity). Fugacity = pressure * phi / 1 atm.
  For ideal gases, phi = 1.

-----------------------------------------
Beginning of batch-reaction calculations.
-----------------------------------------

Reaction step 1.

Using solution 1.	
Using pure phase assemblage 1.	

-------------------------------Phase assemblage--------------------------------

                                                      Moles in assemblage
Phase               SI  log IAP  log K(T, P)   Initial       Final       Delta

Calcite          -0.43    -8.81     -8.38    0.000e+00           0   0.000e+00
Gypsum           -0.14    -4.81     -4.67    0.000e+00           0   0.000e+00
Halite           -1.86    -0.38      1.49    0.000e+00           0   0.000e+00
Hydrohalite      -1.63    -0.41      1.23    0.000e+00           0   0.000e+00
Ice(s)           -0.01    -0.02     -0.01    0.000e+00           0   0.000e+00
Mirabilite       -0.50    -3.12     -2.62    0.000e+00           0   0.000e+00

-----------------------------Solution composition------------------------------

	Elements           Molality       Moles

	C                 3.940e-03   3.940e-03
	Ca                2.409e-02   2.409e-02
	Cl                1.146e+00   1.146e+00
	K                 2.162e-02   2.162e-02
	Mg                1.163e-01   1.163e-01
	Na                9.390e-01   9.390e-01
	S                 5.966e-02   5.966e-02

----------------------------Description of solution----------------------------

                                       pH  =   6.972      Charge balance
                                       pe  =   4.000      Adjusted to redox equilibrium
      Specific Conductance (µS/cm,  -2°C)  = 41184
                          Density (g/cm³)  =   1.05501
                               Volume (L)  =   1.01687
                        Activity of water  =   0.963
                 Ionic strength (mol/kgw)  =   1.455e+00
                       Mass of water (kg)  =   1.000e+00
                 Total alkalinity (eq/kg)  =   3.372e-03
                       Total CO2 (mol/kg)  =   3.940e-03
                         Temperature (°C)  =  -2.00
                  Electrical balance (eq)  =  -2.709e-02
 Percent error, 100*(Cat-|An|)/(Cat+|An|)  =  -1.08
                               Iterations  =   1
                         Gamma iterations  =   1
                      Osmotic coefficient  =   0.91030
                         Density of water  =   0.99967
                                  Total H  = 1.110219e+02
                                  Total O  = 5.575917e+01

----------------------------Distribution of species----------------------------

                                                    Unscaled  Unscaled
                                Unscaled       Log       Log       Log    mole V
   Species          Molality    Activity  Molality  Activity     Gamma   cm³/mol

   H+              1.266e-07   1.066e-07    -6.897    -6.972    -0.075      0.00
   OH-             2.846e-08   8.517e-09    -7.546    -8.070    -0.524     -4.03
   H2O             5.551e+01   9.628e-01     1.744    -0.016     0.000     18.02
C(4)          3.940e-03
   HCO3-           3.351e-03   1.682e-03    -2.475    -2.774    -0.299     25.69
   CO2             5.779e-04   7.522e-04    -3.238    -3.124     0.114     39.57
   CO3-2           5.913e-06   3.449e-07    -5.228    -6.462    -1.234     -3.88
   MgCO3           4.643e-06   4.643e-06    -5.333    -5.333     0.000    -17.04
   CaCO3           1.330e-12   1.330e-12   -11.876   -11.876     0.000     (0)  
Ca            2.409e-02
   Ca+2            2.409e-02   4.520e-03    -1.618    -2.345    -0.727    -17.88
   CaCO3           1.330e-12   1.330e-12   -11.876   -11.876     0.000     (0)  
Cl            1.146e+00
   Cl-             1.146e+00   7.665e-01     0.059    -0.115    -0.175     17.25
K             2.162e-02
   K+              2.162e-02   1.145e-02    -1.665    -1.941    -0.276      8.93
Mg            1.163e-01
   Mg+2            1.163e-01   2.293e-02    -0.934    -1.640    -0.705    -19.24
   MgCO3           4.643e-06   4.643e-06    -5.333    -5.333     0.000    -17.04
   MgOH+           2.773e-08   2.408e-08    -7.557    -7.618    -0.061     (0)  
Na            9.390e-01
   Na+             9.390e-01   5.495e-01    -0.027    -0.260    -0.233     -1.83
S(6)          5.966e-02
   SO4-2           5.966e-02   3.665e-03    -1.224    -2.436    -1.212     14.42

------------------------------Saturation indices-------------------------------

  Phase               SI** log IAP   log K(271 K,   1 atm)

  Anhydrite        -0.73     -4.78   -4.05  CaSO4
  Antarcticite     -5.91     -2.67    3.23  CaCl2:6H2O
  Aphthitalite    -12.93    -21.91   -8.98  Na2SO4:3K2SO4
  Aragonite        -0.60     -8.81   -8.21  CaCO3
  Arcanite         -4.08     -6.32   -2.23  K2SO4
  Bischofite       -6.72     -1.97    4.75  MgCl2:6H2O
  Bloedite         -4.63     -7.10   -2.47  Na2Mg(SO4)2:4H2O
  Calcite          -0.43     -8.81   -8.38  CaCO3
  Carnallite       -7.88     -4.03    3.85  KMgCl3:6H2O
  CO2(g)           -2.05     -3.12   -1.07  CO2
  Dolomite         -0.52    -16.91  -16.39  CaMg(CO3)2
  Epsomite         -1.95     -4.19   -2.24  MgSO4:7H2O
  Gypsum           -0.14     -4.81   -4.67  CaSO4:2H2O
  Halite           -1.86     -0.38    1.49  NaCl
  Hexahydrite      -2.47     -4.17   -1.71  MgSO4:6H2O
  Hydrohalite      -1.63     -0.41    1.23  NaCl:2H2O
  Hydromagnesite   -7.23    -42.13  -34.90  (MgCO3)3:Mg(OH)2:3H2O
  Ice(s)           -0.01     -0.02   -0.01  H2O
  Ikaite           -1.65     -8.91   -7.26  CaCO3:6H2O
  Kalicinite       -4.52     -4.72   -0.19  KHCO3
  Kieserite        -4.73     -4.09    0.64  MgSO4:H2O
  Landsfordite     -3.01     -8.18   -5.17  MgCO3:5H2O
  Magnesite        -0.52     -8.10   -7.58  MgCO3
  Meridianite      -1.85     -4.26   -2.41  MgSO4:11H2O
  MgCl2:12H2O      -4.80     -2.07    2.73  MgCl2:12H2O
  MgCl2:8H2O       -5.82     -2.00    3.82  MgCl2:8H2O
  Mirabilite       -0.50     -3.12   -2.62  Na2SO4:10H2O
  Na2CO3:7H2O      -5.99     -7.10   -1.11  Na2CO3:7H2O
  Nahcolite        -2.29     -3.03   -0.75  NaHCO3
  Natron           -5.27     -7.15   -1.87  Na2CO3:10H2O
  Nesquehonite     -3.15     -8.15   -5.00  MgCO3:3H2O
  Picromerite      -5.39    -10.49   -5.10  MgSO4:K2SO4:6H2O
  Sylvite          -2.60     -2.06    0.55  KCl
  Tachyhydrite    -25.08     -6.51   18.56  CaCl2:(MgCl2)2:12H2O
  Thenardite       -2.65     -2.96   -0.31  Na2SO4
  Trona            -8.73    -10.05   -1.32  Na3H(CO3)2:2H2O
  Vaterite         -1.07     -8.81   -7.73  CaCO3

**For a gas, SI = log10(fugacity). Fugacity = pressure * phi / 1 atm.
  For ideal gases, phi = 1.

------------------
End of simulation.
------------------

------------------------------------
Reading input data for simulation 2.
------------------------------------

-------------------------------
End of Run after 1.096 Seconds.
-------------------------------

