   Input file: C:\Users\Kagiso\PHREEQC-Python\C3_FREZ_pre_+005p0.pqi
  Output file: C:\Users\Kagiso\PHREEQC-Python\C3_FREZ_pre_+005p0.out
Database file: C:\Program Files\USGS\phreeqc-3.8.6-17100-x64\database\frezchem.dat

------------------
Reading data base.
------------------

	PITZER
	SOLUTION_MASTER_SPECIES
	SOLUTION_SPECIES
	PHASES
	PITZER
	EXCHANGE_MASTER_SPECIES
	EXCHANGE_SPECIES
	SURFACE_MASTER_SPECIES
	SURFACE_SPECIES
	END
------------------------------------
Reading input data for simulation 1.
------------------------------------

	TITLE C3 FREZCHEM sequential FC at 5.00 C
	SOLUTION 1
	    temp 5.00000000
	    pH 6.9723000000
	    units mol/kgw
	    water 1.000000000000
	    Na 9.39050000000000e-01
	    K 2.16190000000000e-02
	    Mg 1.16330000000000e-01
	    Ca 2.40860000000000e-02
	    Cl 1.14590000000000e+00
	    S(6) 5.96580000000000e-02
	    C(4) 3.93980000000000e-03
	SELECTED_OUTPUT 1
	    file C:/Users/Kagiso/PHREEQC-Python/C3_FREZ_pre_+005p0.txt
	    reset false
	    user_punch true
	USER_PUNCH 1
	    headings Temp_C pH Water_kg Alk_eq_kgw Mu aw Na_mol K_mol Mg_mol Ca_mol Cl_mol S6_mol C4_mol Na_m K_m Mg_m Ca_m Cl_m S6_m C4_m Na_act Cl_act SO4_act SI_Ice SI_Mirabilite SI_Halite SI_Hydrohalite SI_Calcite SI_Gypsum Iterations
	    10 PUNCH TC, -LA("H+"), TOT("water"), ALK, MU, ACT("H2O")
	    20 PUNCH TOTMOLE("Na"), TOTMOLE("K"), TOTMOLE("Mg"), TOTMOLE("Ca")
	    30 PUNCH TOTMOLE("Cl"), TOTMOLE("S(6)"), TOTMOLE("C(4)")
	    40 PUNCH TOT("Na"), TOT("K"), TOT("Mg"), TOT("Ca")
	    50 PUNCH TOT("Cl"), TOT("S(6)"), TOT("C(4)")
	    60 PUNCH ACT("Na+"), ACT("Cl-"), ACT("SO4-2")
	    70 PUNCH SI("Ice(s)"), SI("Mirabilite"), SI("Halite"), SI("Hydrohalite"), SI("Calcite"), SI("Gypsum")
	    80 PUNCH ITERATIONS
	END
-----
TITLE
-----

 C3 FREZCHEM sequential FC at 5.00 C

-------------------------------------------
Beginning of initial solution calculations.
-------------------------------------------

Initial solution 1.	

-----------------------------Solution composition------------------------------

	Elements           Molality       Moles

	C(4)              3.940e-03   3.940e-03
	Ca                2.409e-02   2.409e-02
	Cl                1.146e+00   1.146e+00
	K                 2.162e-02   2.162e-02
	Mg                1.163e-01   1.163e-01
	Na                9.390e-01   9.390e-01
	S(6)              5.966e-02   5.966e-02

----------------------------Description of solution----------------------------

                                       pH  =   6.972    
                                       pe  =   4.000    
      Specific Conductance (µS/cm,   5°C)  = 51948
                          Density (g/cm³)  =   1.05367
                               Volume (L)  =   1.01817
                        Activity of water  =   0.962
                 Ionic strength (mol/kgw)  =   1.455e+00
                       Mass of water (kg)  =   1.000e+00
                 Total alkalinity (eq/kg)  =   3.477e-03
                       Total CO2 (mol/kg)  =   3.940e-03
                         Temperature (°C)  =   5.00
                  Electrical balance (eq)  =  -2.719e-02
 Percent error, 100*(Cat-|An|)/(Cat+|An|)  =  -1.08
                               Iterations  =  13
                         Gamma iterations  =   4
                      Osmotic coefficient  =   0.91921
                         Density of water  =   0.99996
                                  Total H  = 1.110220e+02
                                  Total O  = 5.575927e+01

----------------------------Distribution of species----------------------------

                                                    Unscaled  Unscaled
                                Unscaled       Log       Log       Log    mole V
   Species          Molality    Activity  Molality  Activity     Gamma   cm³/mol

   H+              1.287e-07   1.066e-07    -6.891    -6.972    -0.082      0.00
   OH-             5.292e-08   1.693e-08    -7.276    -7.771    -0.495     -3.01
   H2O             5.551e+01   9.625e-01     1.744    -0.017     0.000     18.02
C(4)          3.940e-03
   HCO3-           3.448e-03   1.718e-03    -2.462    -2.765    -0.303     26.68
   CO2             4.772e-04   6.245e-04    -3.321    -3.204     0.117     35.76
   CO3-2           7.724e-06   4.496e-07    -5.112    -6.347    -1.235     -1.73
   MgCO3           7.000e-06   7.000e-06    -5.155    -5.155     0.000    -17.06
   CaCO3           1.762e-12   1.762e-12   -11.754   -11.754     0.000     (0)  
Ca            2.409e-02
   Ca+2            2.409e-02   4.442e-03    -1.618    -2.352    -0.734    -17.22
   CaCO3           1.762e-12   1.762e-12   -11.754   -11.754     0.000     (0)  
Cl            1.146e+00
   Cl-             1.146e+00   7.809e-01     0.059    -0.107    -0.167     17.99
K             2.162e-02
   K+              2.162e-02   1.157e-02    -1.665    -1.937    -0.271      9.34
Mg            1.163e-01
   Mg+2            1.163e-01   2.423e-02    -0.934    -1.616    -0.681    -19.42
   MgCO3           7.000e-06   7.000e-06    -5.155    -5.155     0.000    -17.06
   MgOH+           6.094e-08   5.225e-08    -7.215    -7.282    -0.067     (0)  
Na            9.390e-01
   Na+             9.390e-01   5.590e-01    -0.027    -0.253    -0.225     -1.19
S(6)          5.966e-02
   SO4-2           5.966e-02   3.802e-03    -1.224    -2.420    -1.196     16.81

------------------------------Saturation indices-------------------------------

  Phase               SI** log IAP   log K(278 K,   1 atm)

  Anhydrite        -0.68     -4.77   -4.09  CaSO4
  Antarcticite     -6.03     -2.67    3.36  CaCl2:6H2O
  Aphthitalite    -13.29    -21.80   -8.51  Na2SO4:3K2SO4
  Aragonite        -0.46     -8.70   -8.24  CaCO3
  Arcanite         -4.19     -6.29   -2.11  K2SO4
  Bischofite       -6.67     -1.93    4.74  MgCl2:6H2O
  Bloedite         -4.58     -7.03   -2.44  Na2Mg(SO4)2:4H2O
  Calcite          -0.31     -8.70   -8.39  CaCO3
  Carnallite       -7.97     -3.97    3.99  KMgCl3:6H2O
  CO2(g)           -2.01     -3.20   -1.19  CO2
  Dolomite         -0.08    -16.66  -16.59  CaMg(CO3)2
  Epsomite         -2.01     -4.15   -2.14  MgSO4:7H2O
  Gypsum           -0.17     -4.81   -4.63  CaSO4:2H2O
  Halite           -1.88     -0.36    1.52  NaCl
  Hexahydrite      -2.45     -4.14   -1.69  MgSO4:6H2O
  Hydrohalite      -1.72     -0.39    1.32  NaCl:2H2O
  Hydromagnesite   -5.67    -41.10  -35.42  (MgCO3)3:Mg(OH)2:3H2O
  Ice(s)           -0.04     -0.02    0.02  H2O
  Ikaite           -1.73     -8.80   -7.07  CaCO3:6H2O
  Kalicinite       -4.61     -4.70   -0.09  KHCO3
  Kieserite        -4.39     -4.05    0.34  MgSO4:H2O
  Landsfordite     -2.84     -8.05   -5.21  MgCO3:5H2O
  Magnesite        -0.26     -7.96   -7.71  MgCO3
  Meridianite      -2.10     -4.22   -2.12  MgSO4:11H2O
  MgCl2:12H2O      -5.19     -2.03    3.16  MgCl2:12H2O
  MgCl2:8H2O       -5.89     -1.96    3.93  MgCl2:8H2O
  Mirabilite       -0.84     -3.09   -2.25  Na2SO4:10H2O
  Na2CO3:7H2O      -6.03     -6.97   -0.93  Na2CO3:7H2O
  Nahcolite        -2.36     -3.02   -0.65  NaHCO3
  Natron           -5.41     -7.02   -1.61  Na2CO3:10H2O
  Nesquehonite     -2.88     -8.01   -5.13  MgCO3:3H2O
  Picromerite      -5.56    -10.43   -4.87  MgSO4:K2SO4:6H2O
  Sylvite          -2.69     -2.04    0.65  KCl
  Tachyhydrite    -24.57     -6.43   18.14  CaCl2:(MgCl2)2:12H2O
  Thenardite       -2.62     -2.93   -0.30  Na2SO4
  Trona            -8.66     -9.90   -1.24  Na3H(CO3)2:2H2O
  Vaterite         -0.93     -8.70   -7.77  CaCO3

**For a gas, SI = log10(fugacity). Fugacity = pressure * phi / 1 atm.
  For ideal gases, phi = 1.

------------------
End of simulation.
------------------

------------------------------------
Reading input data for simulation 2.
------------------------------------

-------------------------------
End of Run after 1.044 Seconds.
-------------------------------

