   Input file: C:\Users\Kagiso\PHREEQC-Python\C3_FREZ_pre_-006p0.pqi
  Output file: C:\Users\Kagiso\PHREEQC-Python\C3_FREZ_pre_-006p0.out
Database file: C:\Program Files\USGS\phreeqc-3.8.6-17100-x64\database\frezchem.dat

------------------
Reading data base.
------------------

	PITZER
	SOLUTION_MASTER_SPECIES
	SOLUTION_SPECIES
	PHASES
	PITZER
	EXCHANGE_MASTER_SPECIES
	EXCHANGE_SPECIES
	SURFACE_MASTER_SPECIES
	SURFACE_SPECIES
	END
------------------------------------
Reading input data for simulation 1.
------------------------------------

	TITLE C3 FREZCHEM sequential FC at -6.00 C
	SOLUTION 1
	    temp -6.00000000
	    pH 6.9412000000
	    units mol/kgw
	    water 0.794730000000
	    Na 1.18159626539831e+00
	    K 2.72029494293659e-02
	    Mg 1.46376756885986e-01
	    Ca 3.03071483396877e-02
	    Cl 1.44187334063141e+00
	    S(6) 7.50670038881129e-02
	    C(4) 4.95740691807280e-03
	SELECTED_OUTPUT 1
	    file C:/Users/Kagiso/PHREEQC-Python/C3_FREZ_pre_-006p0.txt
	    reset false
	    user_punch true
	USER_PUNCH 1
	    headings Temp_C pH Water_kg Alk_eq_kgw Mu aw Na_mol K_mol Mg_mol Ca_mol Cl_mol S6_mol C4_mol Na_m K_m Mg_m Ca_m Cl_m S6_m C4_m Na_act Cl_act SO4_act SI_Ice SI_Mirabilite SI_Halite SI_Hydrohalite SI_Calcite SI_Gypsum Iterations
	    10 PUNCH TC, -LA("H+"), TOT("water"), ALK, MU, ACT("H2O")
	    20 PUNCH TOTMOLE("Na"), TOTMOLE("K"), TOTMOLE("Mg"), TOTMOLE("Ca")
	    30 PUNCH TOTMOLE("Cl"), TOTMOLE("S(6)"), TOTMOLE("C(4)")
	    40 PUNCH TOT("Na"), TOT("K"), TOT("Mg"), TOT("Ca")
	    50 PUNCH TOT("Cl"), TOT("S(6)"), TOT("C(4)")
	    60 PUNCH ACT("Na+"), ACT("Cl-"), ACT("SO4-2")
	    70 PUNCH SI("Ice(s)"), SI("Mirabilite"), SI("Halite"), SI("Hydrohalite"), SI("Calcite"), SI("Gypsum")
	    80 PUNCH ITERATIONS
	END
-----
TITLE
-----

 C3 FREZCHEM sequential FC at -6.00 C

-------------------------------------------
Beginning of initial solution calculations.
-------------------------------------------

Initial solution 1.	

-----------------------------Solution composition------------------------------

	Elements           Molality       Moles

	C(4)              4.957e-03   3.940e-03
	Ca                3.031e-02   2.409e-02
	Cl                1.442e+00   1.146e+00
	K                 2.720e-02   2.162e-02
	Mg                1.464e-01   1.163e-01
	Na                1.182e+00   9.390e-01
	S(6)              7.507e-02   5.966e-02

----------------------------Description of solution----------------------------

                                       pH  =   6.941    
                                       pe  =   4.000    
      Specific Conductance (µS/cm,  -6°C)  = 41764
                          Density (g/cm³)  =   1.06928
                               Volume (L)  =   0.81133
                        Activity of water  =   0.953
                 Ionic strength (mol/kgw)  =   1.831e+00
                       Mass of water (kg)  =   7.947e-01
                 Total alkalinity (eq/kg)  =   4.137e-03
                       Total CO2 (mol/kg)  =   4.957e-03
                         Temperature (°C)  =  -6.00
                  Electrical balance (eq)  =  -2.700e-02
 Percent error, 100*(Cat-|An|)/(Cat+|An|)  =  -1.08
                               Iterations  =  13
                         Gamma iterations  =   4
                      Osmotic coefficient  =   0.91979
                         Density of water  =   0.99908
                                  Total H  = 8.823308e+01
                                  Total O  = 4.436469e+01

----------------------------Distribution of species----------------------------

                                                    Unscaled  Unscaled
                                Unscaled       Log       Log       Log    mole V
   Species          Molality    Activity  Molality  Activity     Gamma   cm³/mol

   H+              1.229e-07   1.145e-07    -6.911    -6.941    -0.031      0.00
   OH-             2.179e-08   5.165e-09    -7.662    -8.287    -0.625     -4.29
   H2O             5.551e+01   9.530e-01     1.744    -0.021     0.000     18.03
C(4)          4.957e-03
   HCO3-           4.112e-03   1.993e-03    -2.386    -2.700    -0.314     26.16
   CO2             8.327e-04   1.112e-03    -3.080    -2.954     0.126     42.37
   CO3-2           7.052e-06   3.253e-07    -5.152    -6.488    -1.336     -4.33
   MgCO3           5.318e-06   5.318e-06    -5.274    -5.274     0.000    -17.03
   CaCO3           1.547e-12   1.547e-12   -11.811   -11.811     0.000     (0)  
Ca            3.031e-02
   Ca+2            3.031e-02   5.877e-03    -1.518    -2.231    -0.712    -18.37
   CaCO3           1.547e-12   1.547e-12   -11.811   -11.811     0.000     (0)  
Cl            1.442e+00
   Cl-             1.442e+00   9.605e-01     0.159    -0.017    -0.176     16.86
K             2.720e-02
   K+              2.720e-02   1.376e-02    -1.565    -1.861    -0.296      8.94
Mg            1.464e-01
   Mg+2            1.464e-01   2.928e-02    -0.835    -1.533    -0.699    -19.00
   MgCO3           5.318e-06   5.318e-06    -5.274    -5.274     0.000    -17.03
   MgOH+           2.201e-08   1.845e-08    -7.657    -7.734    -0.077     (0)  
Na            1.182e+00
   Na+             1.182e+00   6.726e-01     0.072    -0.172    -0.245     -2.03
S(6)          7.507e-02
   SO4-2           7.507e-02   3.674e-03    -1.125    -2.435    -1.310     13.42

------------------------------Saturation indices-------------------------------

  Phase               SI** log IAP   log K(267 K,   1 atm)

  Anhydrite        -0.63     -4.67   -4.04  CaSO4
  Antarcticite     -5.55     -2.39    3.16  CaCl2:6H2O
  Aphthitalite    -12.01    -21.25   -9.24  Na2SO4:3K2SO4
  Aragonite        -0.52     -8.72   -8.20  CaCO3
  Arcanite         -3.85     -6.16   -2.31  K2SO4
  Bischofite       -6.44     -1.69    4.75  MgCl2:6H2O
  Bloedite         -4.35     -6.83   -2.48  Na2Mg(SO4)2:4H2O
  Calcite          -0.35     -8.72   -8.37  CaCO3
  Carnallite       -7.33     -3.57    3.76  KMgCl3:6H2O
  CO2(g)           -1.95     -2.95   -1.00  CO2
  Dolomite         -0.46    -16.74  -16.28  CaMg(CO3)2
  Epsomite         -1.82     -4.11   -2.30  MgSO4:7H2O
  Gypsum           -0.01     -4.71   -4.70  CaSO4:2H2O
  Halite           -1.66     -0.19    1.47  NaCl
  Hexahydrite      -2.38     -4.09   -1.72  MgSO4:6H2O
  Hydrohalite      -1.40     -0.23    1.16  NaCl:2H2O
  Hydromagnesite   -7.64    -42.23  -34.60  (MgCO3)3:Mg(OH)2:3H2O
  Ice(s)            0.00     -0.02   -0.03  H2O
  Ikaite           -1.48     -8.84   -7.37  CaCO3:6H2O
  Kalicinite       -4.32     -4.56   -0.25  KHCO3
  Kieserite        -4.83     -3.99    0.84  MgSO4:H2O
  Landsfordite     -3.01     -8.13   -5.11  MgCO3:5H2O
  Magnesite        -0.52     -8.02   -7.51  MgCO3
  Meridianite      -1.63     -4.20   -2.57  MgSO4:11H2O
  MgCl2:12H2O      -4.32     -1.82    2.50  MgCl2:12H2O
  MgCl2:8H2O       -5.48     -1.74    3.75  MgCl2:8H2O
  Mirabilite       -0.16     -2.99   -2.83  Na2SO4:10H2O
  Na2CO3:7H2O      -5.77     -6.98   -1.21  Na2CO3:7H2O
  Nahcolite        -2.08     -2.87   -0.79  NaHCO3
  Natron           -5.02     -7.04   -2.02  Na2CO3:10H2O
  Nesquehonite     -3.17     -8.08   -4.92  MgCO3:3H2O
  Picromerite      -5.00    -10.25   -5.25  MgSO4:K2SO4:6H2O
  Sylvite          -2.36     -1.88    0.48  KCl
  Tachyhydrite    -24.46     -5.65   18.80  CaCl2:(MgCl2)2:12H2O
  Thenardite       -2.47     -2.78   -0.31  Na2SO4
  Trona            -8.38     -9.75   -1.36  Na3H(CO3)2:2H2O
  Vaterite         -1.01     -8.72   -7.71  CaCO3

**For a gas, SI = log10(fugacity). Fugacity = pressure * phi / 1 atm.
  For ideal gases, phi = 1.

------------------
End of simulation.
------------------

------------------------------------
Reading input data for simulation 2.
------------------------------------

-------------------------------
End of Run after 1.052 Seconds.
-------------------------------

