   Input file: C:\Users\Kagiso\PHREEQC-Python\C3_FREZ_eq_-023p0.pqi
  Output file: C:\Users\Kagiso\PHREEQC-Python\C3_FREZ_eq_-023p0.out
Database file: C:\Program Files\USGS\phreeqc-3.8.6-17100-x64\database\frezchem.dat

------------------
Reading data base.
------------------

	PITZER
	SOLUTION_MASTER_SPECIES
	SOLUTION_SPECIES
	PHASES
	PITZER
	EXCHANGE_MASTER_SPECIES
	EXCHANGE_SPECIES
	SURFACE_MASTER_SPECIES
	SURFACE_SPECIES
	END
------------------------------------
Reading input data for simulation 1.
------------------------------------

	TITLE C3 FREZCHEM sequential FC at -23.00 C
	SOLUTION 1
	    temp -23.00000000
	    pH 6.3172000000
	    units mol/kgw
	    water 0.223690000000
	    Na 3.76699897179132e+00
	    K 9.66471456032903e-02
	    Mg 5.20050069292324e-01
	    Ca 7.73794090035317e-02
	    Cl 5.12271447091958e+00
	    S(6) 2.19643256292190e-02
	    C(4) 1.65528186329295e-02
	EQUILIBRIUM_PHASES 1
	    Ice(s)       0.0 0.0
	    Mirabilite   0.0 0.0
	    Halite       0.0 0.0
	    Hydrohalite  0.0 0.0
	    Calcite      0.0 0.0
	    Gypsum       0.0 0.0
	SELECTED_OUTPUT 1
	    file C:/Users/Kagiso/PHREEQC-Python/C3_FREZ_eq_-023p0.txt
	    reset false
	    user_punch true
	USER_PUNCH 1
	    headings Temp_C pH Water_kg Alk_eq_kgw Mu aw Na_mol K_mol Mg_mol Ca_mol Cl_mol S6_mol C4_mol Na_m K_m Mg_m Ca_m Cl_m S6_m C4_m Na_act Cl_act SO4_act SI_Ice SI_Mirabilite SI_Halite SI_Hydrohalite SI_Calcite SI_Gypsum Ice_mol Mirabilite_mol Halite_mol Hydrohalite_mol Calcite_mol Gypsum_mol Iterations
	    10 PUNCH TC, -LA("H+"), TOT("water"), ALK, MU, ACT("H2O")
	    20 PUNCH TOTMOLE("Na"), TOTMOLE("K"), TOTMOLE("Mg"), TOTMOLE("Ca")
	    30 PUNCH TOTMOLE("Cl"), TOTMOLE("S(6)"), TOTMOLE("C(4)")
	    40 PUNCH TOT("Na"), TOT("K"), TOT("Mg"), TOT("Ca")
	    50 PUNCH TOT("Cl"), TOT("S(6)"), TOT("C(4)")
	    60 PUNCH ACT("Na+"), ACT("Cl-"), ACT("SO4-2")
	    70 PUNCH SI("Ice(s)"), SI("Mirabilite"), SI("Halite"), SI("Hydrohalite"), SI("Calcite"), SI("Gypsum")
	    80 PUNCH EQUI("Ice(s)"), EQUI("Mirabilite"), EQUI("Halite"), EQUI("Hydrohalite"), EQUI("Calcite"), EQUI("Gypsum")
	    90 PUNCH ITERATIONS
	END
-----
TITLE
-----

 C3 FREZCHEM sequential FC at -23.00 C

-------------------------------------------
Beginning of initial solution calculations.
-------------------------------------------

Initial solution 1.	

-----------------------------Solution composition------------------------------

	Elements           Molality       Moles

	C(4)              1.655e-02   3.703e-03
	Ca                7.738e-02   1.731e-02
	Cl                5.123e+00   1.146e+00
	K                 9.665e-02   2.162e-02
	Mg                5.201e-01   1.163e-01
	Na                3.767e+00   8.426e-01
	S(6)              2.196e-02   4.913e-03

----------------------------Description of solution----------------------------

                                       pH  =   6.317    
                                       pe  =   4.000    
      Specific Conductance (µS/cm, -23°C)  = 36611
                          Density (g/cm³)  =   1.21037
                               Volume (L)  =   0.23854
                        Activity of water  =   0.808
                 Ionic strength (mol/kgw)  =   5.737e+00
                       Mass of water (kg)  =   2.237e-01
                 Total alkalinity (eq/kg)  =   9.829e-03
                       Total CO2 (mol/kg)  =   1.655e-02
                         Temperature (°C)  = -23.00
                  Electrical balance (eq)  =  -2.639e-02
 Percent error, 100*(Cat-|An|)/(Cat+|An|)  =  -1.15
                               Iterations  =  18
                         Gamma iterations  =   5
                      Osmotic coefficient  =   1.23207
                         Density of water  =   0.99146
                                  Total H  = 2.483594e+01
                                  Total O  = 1.244613e+01

----------------------------Distribution of species----------------------------

                                                    Unscaled  Unscaled
                                Unscaled       Log       Log       Log    mole V
   Species          Molality    Activity  Molality  Activity     Gamma   cm³/mol

   H+              1.049e-07   4.817e-07    -6.979    -6.317     0.662      0.00
   OH-             7.931e-09   1.401e-10    -8.101    -9.854    -1.753     -5.98
   H2O             5.551e+01   8.077e-01     1.744    -0.093     0.000     18.17
C(4)          1.655e-02
   HCO3-           9.788e-03   3.320e-03    -2.009    -2.479    -0.470     41.81
   CO2             6.744e-03   2.057e-02    -2.171    -1.687     0.484     65.54
   MgCO3           1.461e-05   1.461e-05    -4.835    -4.835     0.000    -16.91
   CO3-2           5.572e-06   5.647e-08    -5.254    -7.248    -1.994      0.66
   CaCO3           1.704e-12   1.704e-12   -11.768   -11.768     0.000     (0)  
Ca            7.738e-02
   Ca+2            7.738e-02   6.664e-02    -1.111    -1.176    -0.065    -27.26
   CaCO3           1.704e-12   1.704e-12   -11.768   -11.768     0.000     (0)  
Cl            5.123e+00
   Cl-             5.123e+00   4.548e+00     0.710     0.658    -0.052     15.04
K             9.665e-02
   K+              9.665e-02   3.370e-02    -1.015    -1.472    -0.458     12.08
Mg            5.201e-01
   Mg+2            5.200e-01   5.638e-01    -0.284    -0.249     0.035    -19.59
   MgCO3           1.461e-05   1.461e-05    -4.835    -4.835     0.000    -16.91
   MgOH+           1.861e-08   9.946e-09    -7.730    -8.002    -0.272     (0)  
Na            3.767e+00
   Na+             3.767e+00   2.324e+00     0.576     0.366    -0.210     -2.41
S(6)          2.196e-02
   SO4-2           2.196e-02   3.049e-04    -1.658    -3.516    -1.858      3.88

------------------------------Saturation indices-------------------------------

  Phase               SI** log IAP   log K(250 K,   1 atm)

  Anhydrite        -0.66     -4.69   -4.03  CaSO4
  Antarcticite     -3.34     -0.42    2.92  CaCl2:6H2O
  Aphthitalite    -11.79    -22.16  -10.37  Na2SO4:3K2SO4
  Aragonite        -0.24     -8.42   -8.18  CaCO3
  Arcanite         -3.80     -6.46   -2.66  K2SO4
  Bischofite       -4.17      0.51    4.68  MgCl2:6H2O
  Bloedite         -4.38     -6.92   -2.54  Na2Mg(SO4)2:4H2O
  Calcite          -0.06     -8.42   -8.37  CaCO3
  Carnallite       -3.57     -0.30    3.27  KMgCl3:6H2O
  CO2(g)           -1.06     -1.69   -0.62  CO2
  Dolomite         -0.17    -15.92  -15.76  CaMg(CO3)2
  Epsomite         -1.84     -4.41   -2.57  MgSO4:7H2O
  Gypsum            0.01     -4.88   -4.89  CaSO4:2H2O
  Halite           -0.33      1.02    1.35  NaCl
  Hexahydrite      -2.55     -4.32   -1.77  MgSO4:6H2O
  Hydrohalite      -0.03      0.84    0.87  NaCl:2H2O
  Hydromagnesite   -9.55    -42.73  -33.17  (MgCO3)3:Mg(OH)2:3H2O
  Ice(s)            0.00     -0.09   -0.10  H2O
  Ikaite           -1.10     -8.98   -7.88  CaCO3:6H2O
  Kalicinite       -3.48     -3.95   -0.47  KHCO3
  Kieserite        -5.75     -3.86    1.89  MgSO4:H2O
  Landsfordite     -3.61     -7.96   -4.35  MgCO3:5H2O
  Magnesite        -0.33     -7.50   -7.16  MgCO3
  Meridianite      -1.53     -4.79   -3.26  MgSO4:11H2O
  MgCl2:12H2O      -1.78     -0.05    1.73  MgCl2:12H2O
  MgCl2:8H2O       -3.04      0.32    3.36  MgCl2:8H2O
  Mirabilite        0.04     -3.71   -3.75  Na2SO4:10H2O
  Na2CO3:7H2O      -5.53     -7.16   -1.63  Na2CO3:7H2O
  Nahcolite        -1.18     -2.11   -0.94  NaHCO3
  Natron           -4.85     -7.44   -2.59  Na2CO3:10H2O
  Nesquehonite     -3.35     -7.78   -4.42  MgCO3:3H2O
  Picromerite      -4.80    -10.78   -5.98  MgSO4:K2SO4:6H2O
  Sylvite          -0.98     -0.81    0.17  KCl
  Tachyhydrite    -18.67      1.16   19.83  CaCl2:(MgCl2)2:12H2O
  Thenardite       -2.46     -2.78   -0.33  Na2SO4
  Trona            -7.26     -8.81   -1.55  Na3H(CO3)2:2H2O
  Vaterite         -0.78     -8.42   -7.65  CaCO3

**For a gas, SI = log10(fugacity). Fugacity = pressure * phi / 1 atm.
  For ideal gases, phi = 1.

-----------------------------------------
Beginning of batch-reaction calculations.
-----------------------------------------

Reaction step 1.

WARNING: Maximum iterations exceeded, 200

WARNING: Numerical method failed with this set of convergence parameters.

WARNING: Trying smaller step size, pe step size 10, 5 ... 

WARNING: Maximum iterations exceeded, 400

WARNING: Numerical method failed with this set of convergence parameters.

WARNING: Trying reduced tolerance 1e-16 ...

WARNING: Maximum iterations exceeded, 400

WARNING: Numerical method failed with this set of convergence parameters.

WARNING: Trying increased tolerance 1e-14 ...

WARNING: Maximum iterations exceeded, 400

WARNING: Numerical method failed with this set of convergence parameters.

WARNING: Trying diagonal scaling ...

Using solution 1.	
Using pure phase assemblage 1.	

-------------------------------Phase assemblage--------------------------------

                                                      Moles in assemblage
Phase               SI  log IAP  log K(T, P)   Initial       Final       Delta

Calcite           0.00    -8.37     -8.37    0.000e+00   1.776e-06   1.776e-06
Gypsum            0.00    -4.89     -4.89    0.000e+00   9.136e-04   9.136e-04
Halite           -0.29     1.06      1.35    0.000e+00           0   0.000e+00
Hydrohalite       0.00     0.87      0.87    0.000e+00   8.245e-02   8.245e-02
Ice(s)            0.00    -0.10     -0.10    0.000e+00   1.064e+00   1.064e+00
Mirabilite       -0.04    -3.79     -3.75    0.000e+00           0   0.000e+00

-----------------------------Solution composition------------------------------

	Elements           Molality       Moles

	C                 1.837e-02   3.701e-03
	Ca                8.135e-02   1.639e-02
	Cl                5.277e+00   1.063e+00
	K                 1.073e-01   2.162e-02
	Mg                5.773e-01   1.163e-01
	Na                3.772e+00   7.602e-01
	S                 1.985e-02   4.000e-03

----------------------------Description of solution----------------------------

                                       pH  =   6.292      Charge balance
                                       pe  =   4.000      Adjusted to redox equilibrium
      Specific Conductance (µS/cm, -23°C)  = 36754
                          Density (g/cm³)  =   1.21444
                               Volume (L)  =   0.21541
                        Activity of water  =   0.799
                 Ionic strength (mol/kgw)  =   5.941e+00
                       Mass of water (kg)  =   2.015e-01
                 Total alkalinity (eq/kg)  =   1.089e-02
                       Total CO2 (mol/kg)  =   1.837e-02
                         Temperature (°C)  = -23.00
                  Electrical balance (eq)  =  -2.639e-02
 Percent error, 100*(Cat-|An|)/(Cat+|An|)  =  -1.24
                               Iterations  =   7 (1411 overall)
                         Gamma iterations  =   1
                      Osmotic coefficient  =   1.26132
                         Density of water  =   0.99146
                                  Total H  = 2.237385e+01
                                  Total O  = 1.121142e+01

----------------------------Distribution of species----------------------------

                                                    Unscaled  Unscaled
                                Unscaled       Log       Log       Log    mole V
   Species          Molality    Activity  Molality  Activity     Gamma   cm³/mol

   H+              1.046e-07   5.105e-07    -6.980    -6.292     0.688      0.00
   OH-             7.575e-09   1.308e-10    -8.121    -9.883    -1.763     -5.74
   H2O             5.551e+01   7.994e-01     1.744    -0.097     0.000     18.17
C(4)          1.837e-02
   HCO3-           1.084e-02   3.627e-03    -1.965    -2.440    -0.476     42.90
   CO2             7.497e-03   2.406e-02    -2.125    -1.619     0.506     65.54
   MgCO3           1.836e-05   1.836e-05    -4.736    -4.736     0.000    -16.91
   CO3-2           6.052e-06   5.822e-08    -5.218    -7.235    -2.017      1.60
   CaCO3           1.946e-12   1.946e-12   -11.711   -11.711     0.000     (0)  
Ca            8.135e-02
   Ca+2            8.135e-02   7.381e-02    -1.090    -1.132    -0.042    -27.48
   CaCO3           1.946e-12   1.946e-12   -11.711   -11.711     0.000     (0)  
Cl            5.277e+00
   Cl-             5.277e+00   4.906e+00     0.722     0.691    -0.032     15.19
K             1.073e-01
   K+              1.073e-01   3.652e-02    -0.969    -1.437    -0.468     12.35
Mg            5.773e-01
   Mg+2            5.773e-01   6.871e-01    -0.239    -0.163     0.076    -19.65
   MgCO3           1.836e-05   1.836e-05    -4.736    -4.736     0.000    -16.91
   MgOH+           2.190e-08   1.132e-08    -7.660    -7.946    -0.287     (0)  
Na            3.772e+00
   Na+             3.772e+00   2.358e+00     0.577     0.373    -0.204     -2.27
S(6)          1.985e-02
   SO4-2           1.985e-02   2.758e-04    -1.702    -3.559    -1.857      4.15

------------------------------Saturation indices-------------------------------

  Phase               SI** log IAP   log K(250 K,   1 atm)

  Anhydrite        -0.66     -4.69   -4.03  CaSO4
  Antarcticite     -3.25     -0.33    2.92  CaCl2:6H2O
  Aphthitalite    -11.75    -22.12  -10.37  Na2SO4:3K2SO4
  Aragonite        -0.18     -8.37   -8.18  CaCO3
  Arcanite         -3.78     -6.43   -2.66  K2SO4
  Bischofite       -4.04      0.64    4.68  MgCl2:6H2O
  Bloedite         -4.38     -6.93   -2.54  Na2Mg(SO4)2:4H2O
  Calcite           0.00     -8.37   -8.37  CaCO3
  Carnallite       -3.38     -0.11    3.27  KMgCl3:6H2O
  CO2(g)           -1.00     -1.62   -0.62  CO2
  Dolomite         -0.01    -15.76  -15.76  CaMg(CO3)2
  Epsomite         -1.83     -4.40   -2.57  MgSO4:7H2O
  Gypsum            0.00     -4.89   -4.89  CaSO4:2H2O
  Halite           -0.29      1.06    1.35  NaCl
  Hexahydrite      -2.54     -4.31   -1.77  MgSO4:6H2O
  Hydrohalite       0.00      0.87    0.87  NaCl:2H2O
  Hydromagnesite   -9.24    -42.42  -33.17  (MgCO3)3:Mg(OH)2:3H2O
  Ice(s)            0.00     -0.10   -0.10  H2O
  Ikaite           -1.07     -8.95   -7.88  CaCO3:6H2O
  Kalicinite       -3.40     -3.88   -0.47  KHCO3
  Kieserite        -5.71     -3.82    1.89  MgSO4:H2O
  Landsfordite     -3.53     -7.88   -4.35  MgCO3:5H2O
  Magnesite        -0.24     -7.40   -7.16  MgCO3
  Meridianite      -1.53     -4.79   -3.26  MgSO4:11H2O
  MgCl2:12H2O      -1.68      0.05    1.73  MgCl2:12H2O
  MgCl2:8H2O       -2.92      0.44    3.36  MgCl2:8H2O
  Mirabilite       -0.04     -3.79   -3.75  Na2SO4:10H2O
  Na2CO3:7H2O      -5.54     -7.17   -1.63  Na2CO3:7H2O
  Nahcolite        -1.13     -2.07   -0.94  NaHCO3
  Natron           -4.87     -7.46   -2.59  Na2CO3:10H2O
  Nesquehonite     -3.27     -7.69   -4.42  MgCO3:3H2O
  Picromerite      -4.76    -10.74   -5.98  MgSO4:K2SO4:6H2O
  Sylvite          -0.91     -0.75    0.17  KCl
  Tachyhydrite    -18.31      1.52   19.83  CaCl2:(MgCl2)2:12H2O
  Thenardite       -2.49     -2.81   -0.33  Na2SO4
  Trona            -7.20     -8.75   -1.55  Na3H(CO3)2:2H2O
  Vaterite         -0.72     -8.37   -7.65  CaCO3

**For a gas, SI = log10(fugacity). Fugacity = pressure * phi / 1 atm.
  For ideal gases, phi = 1.

------------------
End of simulation.
------------------

------------------------------------
Reading input data for simulation 2.
------------------------------------

-------------------------------
End of Run after 1.206 Seconds.
-------------------------------

