   Input file: C:\Users\Kagiso\PHREEQC-Python\C3_FREZ_pre_+017p0.pqi
  Output file: C:\Users\Kagiso\PHREEQC-Python\C3_FREZ_pre_+017p0.out
Database file: C:\Program Files\USGS\phreeqc-3.8.6-17100-x64\database\frezchem.dat

------------------
Reading data base.
------------------

	PITZER
	SOLUTION_MASTER_SPECIES
	SOLUTION_SPECIES
	PHASES
	PITZER
	EXCHANGE_MASTER_SPECIES
	EXCHANGE_SPECIES
	SURFACE_MASTER_SPECIES
	SURFACE_SPECIES
	END
------------------------------------
Reading input data for simulation 1.
------------------------------------

	TITLE C3 FREZCHEM sequential FC at 17.00 C
	SOLUTION 1
	    temp 17.00000000
	    pH 6.9723000000
	    units mol/kgw
	    water 1.000000000000
	    Na 9.39050000000000e-01
	    K 2.16190000000000e-02
	    Mg 1.16330000000000e-01
	    Ca 2.40860000000000e-02
	    Cl 1.14590000000000e+00
	    S(6) 5.96580000000000e-02
	    C(4) 3.93980000000000e-03
	SELECTED_OUTPUT 1
	    file C:/Users/Kagiso/PHREEQC-Python/C3_FREZ_pre_+017p0.txt
	    reset false
	    user_punch true
	USER_PUNCH 1
	    headings Temp_C pH Water_kg Alk_eq_kgw Mu aw Na_mol K_mol Mg_mol Ca_mol Cl_mol S6_mol C4_mol Na_m K_m Mg_m Ca_m Cl_m S6_m C4_m Na_act Cl_act SO4_act SI_Ice SI_Mirabilite SI_Halite SI_Hydrohalite SI_Calcite SI_Gypsum Iterations
	    10 PUNCH TC, -LA("H+"), TOT("water"), ALK, MU, ACT("H2O")
	    20 PUNCH TOTMOLE("Na"), TOTMOLE("K"), TOTMOLE("Mg"), TOTMOLE("Ca")
	    30 PUNCH TOTMOLE("Cl"), TOTMOLE("S(6)"), TOTMOLE("C(4)")
	    40 PUNCH TOT("Na"), TOT("K"), TOT("Mg"), TOT("Ca")
	    50 PUNCH TOT("Cl"), TOT("S(6)"), TOT("C(4)")
	    60 PUNCH ACT("Na+"), ACT("Cl-"), ACT("SO4-2")
	    70 PUNCH SI("Ice(s)"), SI("Mirabilite"), SI("Halite"), SI("Hydrohalite"), SI("Calcite"), SI("Gypsum")
	    80 PUNCH ITERATIONS
	END
-----
TITLE
-----

 C3 FREZCHEM sequential FC at 17.00 C

-------------------------------------------
Beginning of initial solution calculations.
-------------------------------------------

Initial solution 1.	

-----------------------------Solution composition------------------------------

	Elements           Molality       Moles

	C(4)              3.940e-03   3.940e-03
	Ca                2.409e-02   2.409e-02
	Cl                1.146e+00   1.146e+00
	K                 2.162e-02   2.162e-02
	Mg                1.163e-01   1.163e-01
	Na                9.390e-01   9.390e-01
	S(6)              5.966e-02   5.966e-02

----------------------------Description of solution----------------------------

                                       pH  =   6.972    
                                       pe  =   4.000    
      Specific Conductance (µS/cm,  17°C)  = 72372
                          Density (g/cm³)  =   1.05061
                               Volume (L)  =   1.02114
                        Activity of water  =   0.962
                 Ionic strength (mol/kgw)  =   1.455e+00
                       Mass of water (kg)  =   1.000e+00
                 Total alkalinity (eq/kg)  =   3.584e-03
                       Total CO2 (mol/kg)  =   3.940e-03
                         Temperature (°C)  =  17.00
                  Electrical balance (eq)  =  -2.730e-02
 Percent error, 100*(Cat-|An|)/(Cat+|An|)  =  -1.09
                               Iterations  =  13
                         Gamma iterations  =   4
                      Osmotic coefficient  =   0.93058
                         Density of water  =   0.99877
                                  Total H  = 1.110221e+02
                                  Total O  = 5.575937e+01

----------------------------Distribution of species----------------------------

                                                    Unscaled  Unscaled
                                Unscaled       Log       Log       Log    mole V
   Species          Molality    Activity  Molality  Activity     Gamma   cm³/mol

   OH-             1.396e-07   4.869e-08    -6.855    -7.313    -0.457     -1.88
   H+              1.320e-07   1.066e-07    -6.880    -6.972    -0.093      0.00
   H2O             5.551e+01   9.620e-01     1.744    -0.017     0.000     18.04
C(4)          3.940e-03
   HCO3-           3.535e-03   1.771e-03    -2.452    -2.752    -0.300     27.79
   CO2             3.804e-04   4.965e-04    -3.420    -3.304     0.116     31.24
   MgCO3           1.272e-05   1.272e-05    -4.896    -4.896     0.000    -17.08
   CO3-2           1.143e-05   6.516e-07    -4.942    -6.186    -1.244      0.58
   CaCO3           2.262e-12   2.262e-12   -11.646   -11.646     0.000     (0)  
Ca            2.409e-02
   Ca+2            2.409e-02   4.295e-03    -1.618    -2.367    -0.749    -16.50
   CaCO3           2.262e-12   2.262e-12   -11.646   -11.646     0.000     (0)  
Cl            1.146e+00
   Cl-             1.146e+00   7.974e-01     0.059    -0.098    -0.157     18.80
K             2.162e-02
   K+              2.162e-02   1.168e-02    -1.665    -1.933    -0.267      9.83
Mg            1.163e-01
   Mg+2            1.163e-01   2.580e-02    -0.934    -1.588    -0.654    -19.71
   MgCO3           1.272e-05   1.272e-05    -4.896    -4.896     0.000    -17.08
   MgOH+           2.101e-07   1.763e-07    -6.678    -6.754    -0.076     (0)  
Na            9.390e-01
   Na+             9.390e-01   5.703e-01    -0.027    -0.244    -0.217     -0.44
S(6)          5.966e-02
   SO4-2           5.966e-02   4.060e-03    -1.224    -2.391    -1.167     19.31

------------------------------Saturation indices-------------------------------

  Phase               SI** log IAP   log K(290 K,   1 atm)

  Anhydrite        -0.58     -4.76   -4.18  CaSO4
  Antarcticite     -6.28     -2.66    3.61  CaCl2:6H2O
  Aphthitalite    -13.93    -21.65   -7.72  Na2SO4:3K2SO4
  Aragonite        -0.26     -8.55   -8.29  CaCO3
  Arcanite         -4.35     -6.26   -1.90  K2SO4
  Bischofite       -6.57     -1.89    4.68  MgCl2:6H2O
  Bloedite         -4.53     -6.93   -2.40  Na2Mg(SO4)2:4H2O
  Calcite          -0.11     -8.55   -8.44  CaCO3
  Carnallite       -8.11     -3.92    4.19  KMgCl3:6H2O
  CO2(g)           -1.94     -3.30   -1.37  CO2
  Dolomite          0.56    -16.33  -16.89  CaMg(CO3)2
  Epsomite         -2.12     -4.10   -1.98  MgSO4:7H2O
  Gypsum           -0.19     -4.79   -4.60  CaSO4:2H2O
  Halite           -1.90     -0.34    1.56  NaCl
  Hexahydrite      -2.43     -4.08   -1.65  MgSO4:6H2O
  Hydrohalite      -1.83     -0.38    1.46  NaCl:2H2O
  Hydromagnesite   -3.33    -39.59  -36.25  (MgCO3)3:Mg(OH)2:3H2O
  Ice(s)           -0.09     -0.02    0.07  H2O
  Ikaite           -1.88     -8.65   -6.77  CaCO3:6H2O
  Kalicinite       -4.76     -4.68    0.08  KHCO3
  Kieserite        -3.95     -4.00   -0.04  MgSO4:H2O
  Landsfordite     -2.72     -7.86   -5.14  MgCO3:5H2O
  Magnesite         0.13     -7.77   -7.91  MgCO3
  Meridianite      -2.53     -4.16   -1.63  MgSO4:11H2O
  MgCl2:12H2O      -6.02     -1.99    4.03  MgCl2:12H2O
  MgCl2:8H2O       -6.00     -1.92    4.08  MgCl2:8H2O
  Mirabilite       -1.42     -3.05   -1.62  Na2SO4:10H2O
  Na2CO3:7H2O      -6.16     -6.79   -0.64  Na2CO3:7H2O
  Nahcolite        -2.50     -3.00   -0.50  NaHCO3
  Natron           -5.70     -6.84   -1.14  Na2CO3:10H2O
  Nesquehonite     -2.55     -7.82   -5.27  MgCO3:3H2O
  Picromerite      -5.79    -10.34   -4.55  MgSO4:K2SO4:6H2O
  Sylvite          -2.84     -2.03    0.81  KCl
  Tachyhydrite    -23.75     -6.34   17.42  CaCl2:(MgCl2)2:12H2O
  Thenardite       -2.58     -2.88   -0.29  Na2SO4
  Trona            -8.60     -9.70   -1.11  Na3H(CO3)2:2H2O
  Vaterite         -0.70     -8.55   -7.85  CaCO3

**For a gas, SI = log10(fugacity). Fugacity = pressure * phi / 1 atm.
  For ideal gases, phi = 1.

------------------
End of simulation.
------------------

------------------------------------
Reading input data for simulation 2.
------------------------------------

-------------------------------
End of Run after 1.046 Seconds.
-------------------------------

