   Input file: C:\Users\Kagiso\PHREEQC-Python\C3_FREZ_eq_-004p0.pqi
  Output file: C:\Users\Kagiso\PHREEQC-Python\C3_FREZ_eq_-004p0.out
Database file: C:\Program Files\USGS\phreeqc-3.8.6-17100-x64\database\frezchem.dat

------------------
Reading data base.
------------------

	PITZER
	SOLUTION_MASTER_SPECIES
	SOLUTION_SPECIES
	PHASES
	PITZER
	EXCHANGE_MASTER_SPECIES
	EXCHANGE_SPECIES
	SURFACE_MASTER_SPECIES
	SURFACE_SPECIES
	END
------------------------------------
Reading input data for simulation 1.
------------------------------------

	TITLE C3 FREZCHEM sequential FC at -4.00 C
	SOLUTION 1
	    temp -4.00000000
	    pH 6.9723000000
	    units mol/kgw
	    water 1.000000000000
	    Na 9.39050000000000e-01
	    K 2.16190000000000e-02
	    Mg 1.16330000000000e-01
	    Ca 2.40860000000000e-02
	    Cl 1.14590000000000e+00
	    S(6) 5.96580000000000e-02
	    C(4) 3.93980000000000e-03
	EQUILIBRIUM_PHASES 1
	    Ice(s)       0.0 0.0
	    Mirabilite   0.0 0.0
	    Halite       0.0 0.0
	    Hydrohalite  0.0 0.0
	    Calcite      0.0 0.0
	    Gypsum       0.0 0.0
	SELECTED_OUTPUT 1
	    file C:/Users/Kagiso/PHREEQC-Python/C3_FREZ_eq_-004p0.txt
	    reset false
	    user_punch true
	USER_PUNCH 1
	    headings Temp_C pH Water_kg Alk_eq_kgw Mu aw Na_mol K_mol Mg_mol Ca_mol Cl_mol S6_mol C4_mol Na_m K_m Mg_m Ca_m Cl_m S6_m C4_m Na_act Cl_act SO4_act SI_Ice SI_Mirabilite SI_Halite SI_Hydrohalite SI_Calcite SI_Gypsum Ice_mol Mirabilite_mol Halite_mol Hydrohalite_mol Calcite_mol Gypsum_mol Iterations
	    10 PUNCH TC, -LA("H+"), TOT("water"), ALK, MU, ACT("H2O")
	    20 PUNCH TOTMOLE("Na"), TOTMOLE("K"), TOTMOLE("Mg"), TOTMOLE("Ca")
	    30 PUNCH TOTMOLE("Cl"), TOTMOLE("S(6)"), TOTMOLE("C(4)")
	    40 PUNCH TOT("Na"), TOT("K"), TOT("Mg"), TOT("Ca")
	    50 PUNCH TOT("Cl"), TOT("S(6)"), TOT("C(4)")
	    60 PUNCH ACT("Na+"), ACT("Cl-"), ACT("SO4-2")
	    70 PUNCH SI("Ice(s)"), SI("Mirabilite"), SI("Halite"), SI("Hydrohalite"), SI("Calcite"), SI("Gypsum")
	    80 PUNCH EQUI("Ice(s)"), EQUI("Mirabilite"), EQUI("Halite"), EQUI("Hydrohalite"), EQUI("Calcite"), EQUI("Gypsum")
	    90 PUNCH ITERATIONS
	END
-----
TITLE
-----

 C3 FREZCHEM sequential FC at -4.00 C

-------------------------------------------
Beginning of initial solution calculations.
-------------------------------------------

Initial solution 1.	

-----------------------------Solution composition------------------------------

	Elements           Molality       Moles

	C(4)              3.940e-03   3.940e-03
	Ca                2.409e-02   2.409e-02
	Cl                1.146e+00   1.146e+00
	K                 2.162e-02   2.162e-02
	Mg                1.163e-01   1.163e-01
	Na                9.390e-01   9.390e-01
	S(6)              5.966e-02   5.966e-02

----------------------------Description of solution----------------------------

                                       pH  =   6.972    
                                       pe  =   4.000    
      Specific Conductance (µS/cm,  -4°C)  = 38281
                          Density (g/cm³)  =   1.05534
                               Volume (L)  =   1.01655
                        Activity of water  =   0.963
                 Ionic strength (mol/kgw)  =   1.455e+00
                       Mass of water (kg)  =   1.000e+00
                 Total alkalinity (eq/kg)  =   3.333e-03
                       Total CO2 (mol/kg)  =   3.940e-03
                         Temperature (°C)  =  -4.00
                  Electrical balance (eq)  =  -2.705e-02
 Percent error, 100*(Cat-|An|)/(Cat+|An|)  =  -1.08
                               Iterations  =  13
                         Gamma iterations  =   4
                      Osmotic coefficient  =   0.90741
                         Density of water  =   0.99941
                                  Total H  = 1.110219e+02
                                  Total O  = 5.575913e+01

----------------------------Distribution of species----------------------------

                                                    Unscaled  Unscaled
                                Unscaled       Log       Log       Log    mole V
   Species          Molality    Activity  Molality  Activity     Gamma   cm³/mol

   H+              1.260e-07   1.066e-07    -6.899    -6.972    -0.073      0.00
   OH-             2.366e-08   6.927e-09    -7.626    -8.159    -0.533     -4.39
   H2O             5.551e+01   9.629e-01     1.744    -0.016     0.000     18.03
C(4)          3.940e-03
   HCO3-           3.314e-03   1.671e-03    -2.480    -2.777    -0.297     25.34
   CO2             6.158e-04   7.997e-04    -3.211    -3.097     0.113     40.90
   CO3-2           5.445e-06   3.174e-07    -5.264    -6.498    -1.234     -4.65
   MgCO3           4.093e-06   4.093e-06    -5.388    -5.388     0.000    -17.04
   CaCO3           1.201e-12   1.201e-12   -11.920   -11.920     0.000     (0)  
Ca            2.409e-02
   Ca+2            2.409e-02   4.540e-03    -1.618    -2.343    -0.725    -18.12
   CaCO3           1.201e-12   1.201e-12   -11.920   -11.920     0.000     (0)  
Cl            1.146e+00
   Cl-             1.146e+00   7.617e-01     0.059    -0.118    -0.177     16.98
K             2.162e-02
   K+              2.162e-02   1.141e-02    -1.665    -1.943    -0.278      8.79
Mg            1.163e-01
   Mg+2            1.163e-01   2.253e-02    -0.934    -1.647    -0.713    -19.18
   MgCO3           4.093e-06   4.093e-06    -5.388    -5.388     0.000    -17.04
   MgOH+           2.194e-08   1.913e-08    -7.659    -7.718    -0.060     (0)  
Na            9.390e-01
   Na+             9.390e-01   5.464e-01    -0.027    -0.263    -0.235     -2.06
S(6)          5.966e-02
   SO4-2           5.966e-02   3.628e-03    -1.224    -2.440    -1.216     13.55

------------------------------Saturation indices-------------------------------

  Phase               SI** log IAP   log K(269 K,   1 atm)

  Anhydrite        -0.74     -4.78   -4.04  CaSO4
  Antarcticite     -5.87     -2.68    3.20  CaCl2:6H2O
  Aphthitalite    -12.83    -21.94   -9.11  Na2SO4:3K2SO4
  Aragonite        -0.63     -8.84   -8.21  CaCO3
  Arcanite         -4.05     -6.33   -2.27  K2SO4
  Bischofite       -6.73     -1.98    4.75  MgCl2:6H2O
  Bloedite         -4.64     -7.12   -2.48  Na2Mg(SO4)2:4H2O
  Calcite          -0.47     -8.84   -8.37  CaCO3
  Carnallite       -7.85     -4.04    3.80  KMgCl3:6H2O
  CO2(g)           -2.06     -3.10   -1.04  CO2
  Dolomite         -0.65    -16.99  -16.34  CaMg(CO3)2
  Epsomite         -1.93     -4.20   -2.27  MgSO4:7H2O
  Gypsum           -0.13     -4.82   -4.68  CaSO4:2H2O
  Halite           -1.86     -0.38    1.48  NaCl
  Hexahydrite      -2.47     -4.19   -1.71  MgSO4:6H2O
  Hydrohalite      -1.61     -0.41    1.20  NaCl:2H2O
  Hydromagnesite   -7.70    -42.45  -34.75  (MgCO3)3:Mg(OH)2:3H2O
  Ice(s)            0.00     -0.02   -0.02  H2O
  Ikaite           -1.63     -8.94   -7.31  CaCO3:6H2O
  Kalicinite       -4.50     -4.72   -0.22  KHCO3
  Kieserite        -4.84     -4.10    0.74  MgSO4:H2O
  Landsfordite     -3.08     -8.23   -5.15  MgCO3:5H2O
  Magnesite        -0.60     -8.15   -7.54  MgCO3
  Meridianite      -1.78     -4.27   -2.49  MgSO4:11H2O
  MgCl2:12H2O      -4.69     -2.08    2.61  MgCl2:12H2O
  MgCl2:8H2O       -5.80     -2.01    3.78  MgCl2:8H2O
  Mirabilite       -0.41     -3.13   -2.72  Na2SO4:10H2O
  Na2CO3:7H2O      -5.98     -7.14   -1.16  Na2CO3:7H2O
  Nahcolite        -2.27     -3.04   -0.77  NaHCO3
  Natron           -5.24     -7.19   -1.95  Na2CO3:10H2O
  Nesquehonite     -3.23     -8.19   -4.96  MgCO3:3H2O
  Picromerite      -5.34    -10.51   -5.17  MgSO4:K2SO4:6H2O
  Sylvite          -2.57     -2.06    0.51  KCl
  Tachyhydrite    -25.23     -6.54   18.68  CaCl2:(MgCl2)2:12H2O
  Thenardite       -2.65     -2.97   -0.31  Na2SO4
  Trona            -8.76    -10.10   -1.34  Na3H(CO3)2:2H2O
  Vaterite         -1.12     -8.84   -7.72  CaCO3

**For a gas, SI = log10(fugacity). Fugacity = pressure * phi / 1 atm.
  For ideal gases, phi = 1.

-----------------------------------------
Beginning of batch-reaction calculations.
-----------------------------------------

Reaction step 1.

WARNING: Maximum iterations exceeded, 200

WARNING: Numerical method failed with this set of convergence parameters.

WARNING: Trying smaller step size, pe step size 10, 5 ... 

WARNING: Maximum iterations exceeded, 400

WARNING: Numerical method failed with this set of convergence parameters.

WARNING: Trying reduced tolerance 1e-16 ...

WARNING: Maximum iterations exceeded, 400

WARNING: Numerical method failed with this set of convergence parameters.

WARNING: Trying increased tolerance 1e-14 ...

WARNING: Maximum iterations exceeded, 400

WARNING: Numerical method failed with this set of convergence parameters.

WARNING: Trying diagonal scaling ...

Using solution 1.	
Using pure phase assemblage 1.	

-------------------------------Phase assemblage--------------------------------

                                                      Moles in assemblage
Phase               SI  log IAP  log K(T, P)   Initial       Final       Delta

Calcite          -0.45    -8.83     -8.37    0.000e+00           0   0.000e+00
Gypsum           -0.12    -4.81     -4.68    0.000e+00           0   0.000e+00
Halite           -1.84    -0.36      1.48    0.000e+00           0   0.000e+00
Hydrohalite      -1.59    -0.40      1.20    0.000e+00           0   0.000e+00
Ice(s)            0.00    -0.02     -0.02    0.000e+00   1.100e+00   1.100e+00
Mirabilite       -0.39    -3.12     -2.72    0.000e+00           0   0.000e+00

-----------------------------Solution composition------------------------------

	Elements           Molality       Moles

	C                 4.019e-03   3.940e-03
	Ca                2.457e-02   2.409e-02
	Cl                1.169e+00   1.146e+00
	K                 2.206e-02   2.162e-02
	Mg                1.187e-01   1.163e-01
	Na                9.580e-01   9.390e-01
	S                 6.086e-02   5.966e-02

----------------------------Description of solution----------------------------

                                       pH  =   6.969      Charge balance
                                       pe  =   4.000      Adjusted to redox equilibrium
      Specific Conductance (µS/cm,  -4°C)  = 38843
                          Density (g/cm³)  =   1.05641
                               Volume (L)  =   0.99676
                        Activity of water  =   0.962
                 Ionic strength (mol/kgw)  =   1.485e+00
                       Mass of water (kg)  =   9.802e-01
                 Total alkalinity (eq/kg)  =   3.401e-03
                       Total CO2 (mol/kg)  =   4.019e-03
                         Temperature (°C)  =  -4.00
                  Electrical balance (eq)  =  -2.705e-02
 Percent error, 100*(Cat-|An|)/(Cat+|An|)  =  -1.08
                               Iterations  =  16 (1420 overall)
                         Gamma iterations  =   2
                      Osmotic coefficient  =   0.90853
                         Density of water  =   0.99942
                                  Total H  = 1.088211e+02
                                  Total O  = 5.465872e+01

----------------------------Distribution of species----------------------------

                                                    Unscaled  Unscaled
                                Unscaled       Log       Log       Log    mole V
   Species          Molality    Activity  Molality  Activity     Gamma   cm³/mol

   H+              1.260e-07   1.073e-07    -6.900    -6.969    -0.070      0.00
   OH-             2.383e-08   6.876e-09    -7.623    -8.163    -0.540     -4.35
   H2O             5.551e+01   9.622e-01     1.744    -0.017     0.000     18.03
C(4)          4.019e-03
   HCO3-           3.381e-03   1.698e-03    -2.471    -2.770    -0.299     25.43
   CO2             6.284e-04   8.187e-04    -3.202    -3.087     0.115     40.90
   CO3-2           5.605e-06   3.204e-07    -5.251    -6.494    -1.243     -4.56
   MgCO3           4.228e-06   4.228e-06    -5.374    -5.374     0.000    -17.04
   CaCO3           1.238e-12   1.238e-12   -11.907   -11.907     0.000     (0)  
Ca            2.457e-02
   Ca+2            2.457e-02   4.636e-03    -1.610    -2.334    -0.724    -18.11
   CaCO3           1.238e-12   1.238e-12   -11.907   -11.907     0.000     (0)  
Cl            1.169e+00
   Cl-             1.169e+00   7.774e-01     0.068    -0.109    -0.177     16.99
K             2.206e-02
   K+              2.206e-02   1.160e-02    -1.656    -1.935    -0.279      8.82
Mg            1.187e-01
   Mg+2            1.187e-01   2.305e-02    -0.926    -1.637    -0.712    -19.17
   MgCO3           4.228e-06   4.228e-06    -5.374    -5.374     0.000    -17.04
   MgOH+           2.235e-08   1.943e-08    -7.651    -7.712    -0.061     (0)  
Na            9.580e-01
   Na+             9.580e-01   5.566e-01    -0.019    -0.254    -0.236     -2.03
S(6)          6.086e-02
   SO4-2           6.086e-02   3.637e-03    -1.216    -2.439    -1.224     13.62

------------------------------Saturation indices-------------------------------

  Phase               SI** log IAP   log K(269 K,   1 atm)

  Anhydrite        -0.73     -4.77   -4.04  CaSO4
  Antarcticite     -5.85     -2.65    3.20  CaCl2:6H2O
  Aphthitalite    -12.77    -21.88   -9.11  Na2SO4:3K2SO4
  Aragonite        -0.62     -8.83   -8.21  CaCO3
  Arcanite         -4.04     -6.31   -2.27  K2SO4
  Bischofite       -6.71     -1.96    4.75  MgCl2:6H2O
  Bloedite         -4.62     -7.09   -2.48  Na2Mg(SO4)2:4H2O
  Calcite          -0.45     -8.83   -8.37  CaCO3
  Carnallite       -7.81     -4.00    3.80  KMgCl3:6H2O
  CO2(g)           -2.05     -3.09   -1.04  CO2
  Dolomite         -0.62    -16.96  -16.34  CaMg(CO3)2
  Epsomite         -1.92     -4.19   -2.27  MgSO4:7H2O
  Gypsum           -0.12     -4.81   -4.68  CaSO4:2H2O
  Halite           -1.84     -0.36    1.48  NaCl
  Hexahydrite      -2.46     -4.18   -1.71  MgSO4:6H2O
  Hydrohalite      -1.59     -0.40    1.20  NaCl:2H2O
  Hydromagnesite   -7.66    -42.41  -34.75  (MgCO3)3:Mg(OH)2:3H2O
  Ice(s)            0.00     -0.02   -0.02  H2O
  Ikaite           -1.62     -8.93   -7.31  CaCO3:6H2O
  Kalicinite       -4.49     -4.71   -0.22  KHCO3
  Kieserite        -4.83     -4.09    0.74  MgSO4:H2O
  Landsfordite     -3.07     -8.22   -5.15  MgCO3:5H2O
  Magnesite        -0.59     -8.13   -7.54  MgCO3
  Meridianite      -1.77     -4.26   -2.49  MgSO4:11H2O
  MgCl2:12H2O      -4.67     -2.06    2.61  MgCl2:12H2O
  MgCl2:8H2O       -5.77     -1.99    3.78  MgCl2:8H2O
  Mirabilite       -0.39     -3.12   -2.72  Na2SO4:10H2O
  Na2CO3:7H2O      -5.96     -7.12   -1.16  Na2CO3:7H2O
  Nahcolite        -2.25     -3.02   -0.77  NaHCO3
  Natron           -5.22     -7.17   -1.95  Na2CO3:10H2O
  Nesquehonite     -3.22     -8.18   -4.96  MgCO3:3H2O
  Picromerite      -5.31    -10.49   -5.17  MgSO4:K2SO4:6H2O
  Sylvite          -2.56     -2.04    0.51  KCl
  Tachyhydrite    -25.15     -6.47   18.68  CaCl2:(MgCl2)2:12H2O
  Thenardite       -2.64     -2.95   -0.31  Na2SO4
  Trona            -8.72    -10.06   -1.34  Na3H(CO3)2:2H2O
  Vaterite         -1.11     -8.83   -7.72  CaCO3

**For a gas, SI = log10(fugacity). Fugacity = pressure * phi / 1 atm.
  For ideal gases, phi = 1.

------------------
End of simulation.
------------------

------------------------------------
Reading input data for simulation 2.
------------------------------------

-------------------------------
End of Run after 1.196 Seconds.
-------------------------------

