   Input file: C:\Users\Kagiso\PHREEQC-Python\C5_FREZ_eq_+009p0.pqi
  Output file: C:\Users\Kagiso\PHREEQC-Python\C5_FREZ_eq_+009p0.out
Database file: C:\Program Files\USGS\phreeqc-3.8.6-17100-x64\database\frezchem.dat

------------------
Reading data base.
------------------

	PITZER
	SOLUTION_MASTER_SPECIES
	SOLUTION_SPECIES
	PHASES
	PITZER
	EXCHANGE_MASTER_SPECIES
	EXCHANGE_SPECIES
	SURFACE_MASTER_SPECIES
	SURFACE_SPECIES
	END
------------------------------------
Reading input data for simulation 1.
------------------------------------

	TITLE C5 FREZCHEM sequential FC at 9.00 C
	SOLUTION 1
	    temp 9.00000000
	    pH 7.3698000000
	    units mol/kgw
	    water 1.000000000000
	    Na 8.08490000000000e-01
	    K 1.44680000000000e-02
	    Mg 7.97710000000000e-02
	    Ca 1.38470000000000e-02
	    Cl 9.12980000000000e-01
	    S(6) 3.68060000000000e-02
	    C(4) 2.45460000000000e-03
	EQUILIBRIUM_PHASES 1
	    Ice(s)       0.0 0.0
	    Mirabilite   0.0 0.0
	    Halite       0.0 0.0
	    Hydrohalite  0.0 0.0
	    Calcite      0.0 0.0
	    Gypsum       0.0 0.0
	SELECTED_OUTPUT 1
	    file C:/Users/Kagiso/PHREEQC-Python/C5_FREZ_eq_+009p0.txt
	    reset false
	    user_punch true
	USER_PUNCH 1
	    headings Temp_C pH Water_kg Alk_eq_kgw Mu aw Na_mol K_mol Mg_mol Ca_mol Cl_mol S6_mol C4_mol Na_m K_m Mg_m Ca_m Cl_m S6_m C4_m Na_act Cl_act SO4_act SI_Ice SI_Mirabilite SI_Halite SI_Hydrohalite SI_Calcite SI_Gypsum Ice_mol Mirabilite_mol Halite_mol Hydrohalite_mol Calcite_mol Gypsum_mol Iterations
	    10 PUNCH TC, -LA("H+"), TOT("water"), ALK, MU, ACT("H2O")
	    20 PUNCH TOTMOLE("Na"), TOTMOLE("K"), TOTMOLE("Mg"), TOTMOLE("Ca")
	    30 PUNCH TOTMOLE("Cl"), TOTMOLE("S(6)"), TOTMOLE("C(4)")
	    40 PUNCH TOT("Na"), TOT("K"), TOT("Mg"), TOT("Ca")
	    50 PUNCH TOT("Cl"), TOT("S(6)"), TOT("C(4)")
	    60 PUNCH ACT("Na+"), ACT("Cl-"), ACT("SO4-2")
	    70 PUNCH SI("Ice(s)"), SI("Mirabilite"), SI("Halite"), SI("Hydrohalite"), SI("Calcite"), SI("Gypsum")
	    80 PUNCH EQUI("Ice(s)"), EQUI("Mirabilite"), EQUI("Halite"), EQUI("Hydrohalite"), EQUI("Calcite"), EQUI("Gypsum")
	    90 PUNCH ITERATIONS
	END
-----
TITLE
-----

 C5 FREZCHEM sequential FC at 9.00 C

-------------------------------------------
Beginning of initial solution calculations.
-------------------------------------------

Initial solution 1.	

-----------------------------Solution composition------------------------------

	Elements           Molality       Moles

	C(4)              2.455e-03   2.455e-03
	Ca                1.385e-02   1.385e-02
	Cl                9.130e-01   9.130e-01
	K                 1.447e-02   1.447e-02
	Mg                7.977e-02   7.977e-02
	Na                8.085e-01   8.085e-01
	S(6)              3.681e-02   3.681e-02

----------------------------Description of solution----------------------------

                                       pH  =   7.370    
                                       pe  =   4.000    
      Specific Conductance (µS/cm,   9°C)  = 49896
                          Density (g/cm³)  =   1.04211
                               Volume (L)  =   1.01495
                        Activity of water  =   0.970
                 Ionic strength (mol/kgw)  =   1.130e+00
                       Mass of water (kg)  =   1.000e+00
                 Total alkalinity (eq/kg)  =   2.350e-03
                       Total CO2 (mol/kg)  =   2.455e-03
                         Temperature (°C)  =   9.00
                  Electrical balance (eq)  =   2.125e-02
 Percent error, 100*(Cat-|An|)/(Cat+|An|)  =   1.06
                               Iterations  =  13
                         Gamma iterations  =   4
                      Osmotic coefficient  =   0.91537
                         Density of water  =   0.99978
                                  Total H  = 1.110209e+02
                                  Total O  = 5.566376e+01

----------------------------Distribution of species----------------------------

                                                    Unscaled  Unscaled
                                Unscaled       Log       Log       Log    mole V
   Species          Molality    Activity  Molality  Activity     Gamma   cm³/mol

   OH-             1.632e-07   6.157e-08    -6.787    -7.211    -0.423     -3.03
   H+              5.444e-08   4.268e-08    -7.264    -7.370    -0.106      0.00
   H2O             5.551e+01   9.697e-01     1.744    -0.013     0.000     18.02
C(4)          2.455e-03
   HCO3-           2.307e-03   1.202e-03    -2.637    -2.920    -0.283     26.30
   CO2             1.260e-04   1.573e-04    -3.900    -3.803     0.096     34.03
   CO3-2           1.150e-05   8.895e-07    -4.939    -6.051    -1.112     -1.66
   MgCO3           1.007e-05   1.007e-05    -4.997    -4.997     0.000    -17.07
   CaCO3           1.993e-12   1.993e-12   -11.700   -11.700     0.000     (0)  
Ca            1.385e-02
   Ca+2            1.385e-02   2.569e-03    -1.859    -2.590    -0.732    -17.06
   CaCO3           1.993e-12   1.993e-12   -11.700   -11.700     0.000     (0)  
Cl            9.130e-01
   Cl-             9.130e-01   6.233e-01    -0.040    -0.205    -0.166     18.18
K             1.447e-02
   K+              1.447e-02   8.075e-03    -1.840    -2.093    -0.253      9.32
Mg            7.977e-02
   Mg+2            7.976e-02   1.670e-02    -1.098    -1.777    -0.679    -19.69
   MgCO3           1.007e-05   1.007e-05    -4.997    -4.997     0.000    -17.07
   MgOH+           1.502e-07   1.346e-07    -6.823    -6.871    -0.048     (0)  
Na            8.085e-01
   Na+             8.085e-01   4.948e-01    -0.092    -0.306    -0.213     -1.10
S(6)          3.681e-02
   SO4-2           3.681e-02   2.912e-03    -1.434    -2.536    -1.102     17.06

------------------------------Saturation indices-------------------------------

  Phase               SI** log IAP   log K(282 K,   1 atm)

  Anhydrite        -1.01     -5.13   -4.12  CaSO4
  Antarcticite     -6.53     -3.08    3.44  CaCl2:6H2O
  Aphthitalite    -15.06    -23.31   -8.25  Na2SO4:3K2SO4
  Aragonite        -0.39     -8.64   -8.25  CaCO3
  Arcanite         -4.68     -6.72   -2.04  K2SO4
  Bischofite       -6.99     -2.27    4.72  MgCl2:6H2O
  Bloedite         -5.08     -7.51   -2.43  Na2Mg(SO4)2:4H2O
  Calcite          -0.23     -8.64   -8.41  CaCO3
  Carnallite       -8.63     -4.57    4.07  KMgCl3:6H2O
  CO2(g)           -2.55     -3.80   -1.25  CO2
  Dolomite          0.22    -16.47  -16.69  CaMg(CO3)2
  Epsomite         -2.32     -4.41   -2.09  MgSO4:7H2O
  Gypsum           -0.53     -5.15   -4.62  CaSO4:2H2O
  Halite           -2.04     -0.51    1.53  NaCl
  Hexahydrite      -2.72     -4.39   -1.67  MgSO4:6H2O
  Hydrohalite      -1.91     -0.54    1.37  NaCl:2H2O
  Hydromagnesite   -4.02    -39.72  -35.71  (MgCO3)3:Mg(OH)2:3H2O
  Ice(s)           -0.05     -0.01    0.04  H2O
  Ikaite           -1.75     -8.72   -6.97  CaCO3:6H2O
  Kalicinite       -4.97     -5.01   -0.04  KHCO3
  Kieserite        -4.52     -4.33    0.19  MgSO4:H2O
  Landsfordite     -2.70     -7.90   -5.19  MgCO3:5H2O
  Magnesite        -0.05     -7.83   -7.77  MgCO3
  Meridianite      -2.50     -4.46   -1.96  MgSO4:11H2O
  MgCl2:12H2O      -5.79     -2.35    3.44  MgCl2:12H2O
  MgCl2:8H2O       -6.28     -2.30    3.98  MgCl2:8H2O
  Mirabilite       -1.24     -3.28   -2.04  Na2SO4:10H2O
  Na2CO3:7H2O      -5.92     -6.76   -0.84  Na2CO3:7H2O
  Nahcolite        -2.62     -3.23   -0.60  NaHCO3
  Natron           -5.34     -6.80   -1.46  Na2CO3:10H2O
  Nesquehonite     -2.68     -7.87   -5.19  MgCO3:3H2O
  Picromerite      -6.36    -11.12   -4.75  MgSO4:K2SO4:6H2O
  Sylvite          -3.00     -2.30    0.71  KCl
  Tachyhydrite    -25.44     -7.54   17.90  CaCl2:(MgCl2)2:12H2O
  Thenardite       -2.85     -3.15   -0.30  Na2SO4
  Trona            -8.72     -9.91   -1.20  Na3H(CO3)2:2H2O
  Vaterite         -0.85     -8.64   -7.80  CaCO3

**For a gas, SI = log10(fugacity). Fugacity = pressure * phi / 1 atm.
  For ideal gases, phi = 1.

-----------------------------------------
Beginning of batch-reaction calculations.
-----------------------------------------

Reaction step 1.

Using solution 1.	
Using pure phase assemblage 1.	

-------------------------------Phase assemblage--------------------------------

                                                      Moles in assemblage
Phase               SI  log IAP  log K(T, P)   Initial       Final       Delta

Calcite          -0.23    -8.64     -8.41    0.000e+00           0   0.000e+00
Gypsum           -0.53    -5.15     -4.62    0.000e+00           0   0.000e+00
Halite           -2.04    -0.51      1.53    0.000e+00           0   0.000e+00
Hydrohalite      -1.91    -0.54      1.37    0.000e+00           0   0.000e+00
Ice(s)           -0.05    -0.01      0.04    0.000e+00           0   0.000e+00
Mirabilite       -1.24    -3.28     -2.04    0.000e+00           0   0.000e+00

-----------------------------Solution composition------------------------------

	Elements           Molality       Moles

	C                 2.455e-03   2.455e-03
	Ca                1.385e-02   1.385e-02
	Cl                9.130e-01   9.130e-01
	K                 1.447e-02   1.447e-02
	Mg                7.977e-02   7.977e-02
	Na                8.085e-01   8.085e-01
	S                 3.681e-02   3.681e-02

----------------------------Description of solution----------------------------

                                       pH  =   7.370      Charge balance
                                       pe  =   4.000      Adjusted to redox equilibrium
      Specific Conductance (µS/cm,   9°C)  = 49896
                          Density (g/cm³)  =   1.04211
                               Volume (L)  =   1.01495
                        Activity of water  =   0.970
                 Ionic strength (mol/kgw)  =   1.130e+00
                       Mass of water (kg)  =   1.000e+00
                 Total alkalinity (eq/kg)  =   2.350e-03
                       Total CO2 (mol/kg)  =   2.455e-03
                         Temperature (°C)  =   9.00
                  Electrical balance (eq)  =   2.125e-02
 Percent error, 100*(Cat-|An|)/(Cat+|An|)  =   1.06
                               Iterations  =   1
                         Gamma iterations  =   1
                      Osmotic coefficient  =   0.91537
                         Density of water  =   0.99978
                                  Total H  = 1.110209e+02
                                  Total O  = 5.566376e+01

----------------------------Distribution of species----------------------------

                                                    Unscaled  Unscaled
                                Unscaled       Log       Log       Log    mole V
   Species          Molality    Activity  Molality  Activity     Gamma   cm³/mol

   OH-             1.632e-07   6.157e-08    -6.787    -7.211    -0.423     -3.03
   H+              5.444e-08   4.268e-08    -7.264    -7.370    -0.106      0.00
   H2O             5.551e+01   9.697e-01     1.744    -0.013     0.000     18.02
C(4)          2.455e-03
   HCO3-           2.307e-03   1.202e-03    -2.637    -2.920    -0.283     26.30
   CO2             1.260e-04   1.573e-04    -3.900    -3.803     0.096     34.03
   CO3-2           1.150e-05   8.895e-07    -4.939    -6.051    -1.112     -1.66
   MgCO3           1.007e-05   1.007e-05    -4.997    -4.997     0.000    -17.07
   CaCO3           1.993e-12   1.993e-12   -11.700   -11.700     0.000     (0)  
Ca            1.385e-02
   Ca+2            1.385e-02   2.569e-03    -1.859    -2.590    -0.732    -17.06
   CaCO3           1.993e-12   1.993e-12   -11.700   -11.700     0.000     (0)  
Cl            9.130e-01
   Cl-             9.130e-01   6.233e-01    -0.040    -0.205    -0.166     18.18
K             1.447e-02
   K+              1.447e-02   8.075e-03    -1.840    -2.093    -0.253      9.32
Mg            7.977e-02
   Mg+2            7.976e-02   1.670e-02    -1.098    -1.777    -0.679    -19.69
   MgCO3           1.007e-05   1.007e-05    -4.997    -4.997     0.000    -17.07
   MgOH+           1.502e-07   1.346e-07    -6.823    -6.871    -0.048     (0)  
Na            8.085e-01
   Na+             8.085e-01   4.948e-01    -0.092    -0.306    -0.213     -1.10
S(6)          3.681e-02
   SO4-2           3.681e-02   2.912e-03    -1.434    -2.536    -1.102     17.06

------------------------------Saturation indices-------------------------------

  Phase               SI** log IAP   log K(282 K,   1 atm)

  Anhydrite        -1.01     -5.13   -4.12  CaSO4
  Antarcticite     -6.53     -3.08    3.44  CaCl2:6H2O
  Aphthitalite    -15.06    -23.31   -8.25  Na2SO4:3K2SO4
  Aragonite        -0.39     -8.64   -8.25  CaCO3
  Arcanite         -4.68     -6.72   -2.04  K2SO4
  Bischofite       -6.99     -2.27    4.72  MgCl2:6H2O
  Bloedite         -5.08     -7.51   -2.43  Na2Mg(SO4)2:4H2O
  Calcite          -0.23     -8.64   -8.41  CaCO3
  Carnallite       -8.63     -4.57    4.07  KMgCl3:6H2O
  CO2(g)           -2.55     -3.80   -1.25  CO2
  Dolomite          0.22    -16.47  -16.69  CaMg(CO3)2
  Epsomite         -2.32     -4.41   -2.09  MgSO4:7H2O
  Gypsum           -0.53     -5.15   -4.62  CaSO4:2H2O
  Halite           -2.04     -0.51    1.53  NaCl
  Hexahydrite      -2.72     -4.39   -1.67  MgSO4:6H2O
  Hydrohalite      -1.91     -0.54    1.37  NaCl:2H2O
  Hydromagnesite   -4.02    -39.72  -35.71  (MgCO3)3:Mg(OH)2:3H2O
  Ice(s)           -0.05     -0.01    0.04  H2O
  Ikaite           -1.75     -8.72   -6.97  CaCO3:6H2O
  Kalicinite       -4.97     -5.01   -0.04  KHCO3
  Kieserite        -4.52     -4.33    0.19  MgSO4:H2O
  Landsfordite     -2.70     -7.90   -5.19  MgCO3:5H2O
  Magnesite        -0.05     -7.83   -7.77  MgCO3
  Meridianite      -2.50     -4.46   -1.96  MgSO4:11H2O
  MgCl2:12H2O      -5.79     -2.35    3.44  MgCl2:12H2O
  MgCl2:8H2O       -6.28     -2.30    3.98  MgCl2:8H2O
  Mirabilite       -1.24     -3.28   -2.04  Na2SO4:10H2O
  Na2CO3:7H2O      -5.92     -6.76   -0.84  Na2CO3:7H2O
  Nahcolite        -2.62     -3.23   -0.60  NaHCO3
  Natron           -5.34     -6.80   -1.46  Na2CO3:10H2O
  Nesquehonite     -2.68     -7.87   -5.19  MgCO3:3H2O
  Picromerite      -6.36    -11.12   -4.75  MgSO4:K2SO4:6H2O
  Sylvite          -3.00     -2.30    0.71  KCl
  Tachyhydrite    -25.44     -7.54   17.90  CaCl2:(MgCl2)2:12H2O
  Thenardite       -2.85     -3.15   -0.30  Na2SO4
  Trona            -8.72     -9.91   -1.20  Na3H(CO3)2:2H2O
  Vaterite         -0.85     -8.64   -7.80  CaCO3

**For a gas, SI = log10(fugacity). Fugacity = pressure * phi / 1 atm.
  For ideal gases, phi = 1.

------------------
End of simulation.
------------------

------------------------------------
Reading input data for simulation 2.
------------------------------------

-------------------------------
End of Run after 1.116 Seconds.
-------------------------------

