   Input file: C:\Users\Kagiso\PHREEQC-Python\C5_FREZ_eq_+022p0.pqi
  Output file: C:\Users\Kagiso\PHREEQC-Python\C5_FREZ_eq_+022p0.out
Database file: C:\Program Files\USGS\phreeqc-3.8.6-17100-x64\database\frezchem.dat

------------------
Reading data base.
------------------

	PITZER
	SOLUTION_MASTER_SPECIES
	SOLUTION_SPECIES
	PHASES
	PITZER
	EXCHANGE_MASTER_SPECIES
	EXCHANGE_SPECIES
	SURFACE_MASTER_SPECIES
	SURFACE_SPECIES
	END
------------------------------------
Reading input data for simulation 1.
------------------------------------

	TITLE C5 FREZCHEM sequential FC at 22.00 C
	SOLUTION 1
	    temp 22.00000000
	    pH 7.3698000000
	    units mol/kgw
	    water 1.000000000000
	    Na 8.08490000000000e-01
	    K 1.44680000000000e-02
	    Mg 7.97710000000000e-02
	    Ca 1.38470000000000e-02
	    Cl 9.12980000000000e-01
	    S(6) 3.68060000000000e-02
	    C(4) 2.45460000000000e-03
	EQUILIBRIUM_PHASES 1
	    Ice(s)       0.0 0.0
	    Mirabilite   0.0 0.0
	    Halite       0.0 0.0
	    Hydrohalite  0.0 0.0
	    Calcite      0.0 0.0
	    Gypsum       0.0 0.0
	SELECTED_OUTPUT 1
	    file C:/Users/Kagiso/PHREEQC-Python/C5_FREZ_eq_+022p0.txt
	    reset false
	    user_punch true
	USER_PUNCH 1
	    headings Temp_C pH Water_kg Alk_eq_kgw Mu aw Na_mol K_mol Mg_mol Ca_mol Cl_mol S6_mol C4_mol Na_m K_m Mg_m Ca_m Cl_m S6_m C4_m Na_act Cl_act SO4_act SI_Ice SI_Mirabilite SI_Halite SI_Hydrohalite SI_Calcite SI_Gypsum Ice_mol Mirabilite_mol Halite_mol Hydrohalite_mol Calcite_mol Gypsum_mol Iterations
	    10 PUNCH TC, -LA("H+"), TOT("water"), ALK, MU, ACT("H2O")
	    20 PUNCH TOTMOLE("Na"), TOTMOLE("K"), TOTMOLE("Mg"), TOTMOLE("Ca")
	    30 PUNCH TOTMOLE("Cl"), TOTMOLE("S(6)"), TOTMOLE("C(4)")
	    40 PUNCH TOT("Na"), TOT("K"), TOT("Mg"), TOT("Ca")
	    50 PUNCH TOT("Cl"), TOT("S(6)"), TOT("C(4)")
	    60 PUNCH ACT("Na+"), ACT("Cl-"), ACT("SO4-2")
	    70 PUNCH SI("Ice(s)"), SI("Mirabilite"), SI("Halite"), SI("Hydrohalite"), SI("Calcite"), SI("Gypsum")
	    80 PUNCH EQUI("Ice(s)"), EQUI("Mirabilite"), EQUI("Halite"), EQUI("Hydrohalite"), EQUI("Calcite"), EQUI("Gypsum")
	    90 PUNCH ITERATIONS
	END
-----
TITLE
-----

 C5 FREZCHEM sequential FC at 22.00 C

-------------------------------------------
Beginning of initial solution calculations.
-------------------------------------------

Initial solution 1.	

-----------------------------Solution composition------------------------------

	Elements           Molality       Moles

	C(4)              2.455e-03   2.455e-03
	Ca                1.385e-02   1.385e-02
	Cl                9.130e-01   9.130e-01
	K                 1.447e-02   1.447e-02
	Mg                7.977e-02   7.977e-02
	Na                8.085e-01   8.085e-01
	S(6)              3.681e-02   3.681e-02

----------------------------Description of solution----------------------------

                                       pH  =   7.370    
                                       pe  =   4.000    
      Specific Conductance (µS/cm,  22°C)  = 69639
                          Density (g/cm³)  =   1.03871
                               Volume (L)  =   1.01828
                        Activity of water  =   0.969
                 Ionic strength (mol/kgw)  =   1.130e+00
                       Mass of water (kg)  =   1.000e+00
                 Total alkalinity (eq/kg)  =   2.388e-03
                       Total CO2 (mol/kg)  =   2.455e-03
                         Temperature (°C)  =  22.00
                  Electrical balance (eq)  =   2.121e-02
 Percent error, 100*(Cat-|An|)/(Cat+|An|)  =   1.06
                               Iterations  =  13
                         Gamma iterations  =   4
                      Osmotic coefficient  =   0.92446
                         Density of water  =   0.99777
                                  Total H  = 1.110209e+02
                                  Total O  = 5.566378e+01

----------------------------Distribution of species----------------------------

                                                    Unscaled  Unscaled
                                Unscaled       Log       Log       Log    mole V
   Species          Molality    Activity  Molality  Activity     Gamma   cm³/mol

   OH-             4.507e-07   1.827e-07    -6.346    -6.738    -0.392     -2.05
   H+              5.562e-08   4.268e-08    -7.255    -7.370    -0.115      0.00
   H2O             5.551e+01   9.694e-01     1.744    -0.014     0.000     18.06
C(4)          2.455e-03
   HCO3-           2.318e-03   1.225e-03    -2.635    -2.912    -0.277     27.41
   CO2             1.023e-04   1.262e-04    -3.990    -3.899     0.091     29.83
   MgCO3           1.796e-05   1.796e-05    -4.746    -4.746     0.000    -17.09
   CO3-2           1.682e-05   1.264e-06    -4.774    -5.898    -1.124      0.46
   CaCO3           2.336e-12   2.336e-12   -11.631   -11.631     0.000     (0)  
Ca            1.385e-02
   Ca+2            1.385e-02   2.475e-03    -1.859    -2.606    -0.748    -16.48
   CaCO3           2.336e-12   2.336e-12   -11.631   -11.631     0.000     (0)  
Cl            9.130e-01
   Cl-             9.130e-01   6.330e-01    -0.040    -0.199    -0.159     18.89
K             1.447e-02
   K+              1.447e-02   8.107e-03    -1.840    -2.091    -0.252      9.82
Mg            7.977e-02
   Mg+2            7.975e-02   1.750e-02    -1.098    -1.757    -0.659    -20.02
   MgCO3           1.796e-05   1.796e-05    -4.746    -4.746     0.000    -17.09
   MgOH+           5.392e-07   4.734e-07    -6.268    -6.325    -0.056     (0)  
Na            8.085e-01
   Na+             8.085e-01   5.013e-01    -0.092    -0.300    -0.208     -0.37
S(6)          3.681e-02
   SO4-2           3.681e-02   3.097e-03    -1.434    -2.509    -1.075     19.24

------------------------------Saturation indices-------------------------------

  Phase               SI** log IAP   log K(295 K,   1 atm)

  Anhydrite        -0.89     -5.12   -4.23  CaSO4
  Antarcticite     -6.81     -3.08    3.72  CaCl2:6H2O
  Aphthitalite    -15.80    -23.18   -7.39  Na2SO4:3K2SO4
  Aragonite        -0.19     -8.50   -8.32  CaCO3
  Arcanite         -4.87     -6.69   -1.82  K2SO4
  Bischofite       -6.89     -2.24    4.65  MgCl2:6H2O
  Bloedite         -5.05     -7.43   -2.38  Na2Mg(SO4)2:4H2O
  Calcite          -0.04     -8.50   -8.46  CaCO3
  Carnallite       -8.78     -4.53    4.25  KMgCl3:6H2O
  CO2(g)           -2.47     -3.90   -1.43  CO2
  Dolomite          0.85    -16.16  -17.01  CaMg(CO3)2
  Epsomite         -2.44     -4.36   -1.92  MgSO4:7H2O
  Gypsum           -0.55     -5.14   -4.60  CaSO4:2H2O
  Halite           -2.07     -0.50    1.57  NaCl
  Hexahydrite      -2.71     -4.35   -1.64  MgSO4:6H2O
  Hydrohalite      -2.03     -0.53    1.50  NaCl:2H2O
  Hydromagnesite   -1.66    -38.24  -36.58  (MgCO3)3:Mg(OH)2:3H2O
  Ice(s)           -0.10     -0.01    0.09  H2O
  Ikaite           -1.93     -8.59   -6.65  CaCO3:6H2O
  Kalicinite       -5.15     -5.00    0.15  KHCO3
  Kieserite        -4.13     -4.28   -0.15  MgSO4:H2O
  Landsfordite     -2.63     -7.72   -5.10  MgCO3:5H2O
  Magnesite         0.33     -7.66   -7.98  MgCO3
  Meridianite      -2.98     -4.41   -1.43  MgSO4:11H2O
  MgCl2:12H2O      -6.74     -2.32    4.43  MgCl2:12H2O
  MgCl2:8H2O       -6.40     -2.26    4.14  MgCl2:8H2O
  Mirabilite       -1.88     -3.24   -1.37  Na2SO4:10H2O
  Na2CO3:7H2O      -6.08     -6.59   -0.51  Na2CO3:7H2O
  Nahcolite        -2.78     -3.21   -0.43  NaHCO3
  Natron           -5.70     -6.63   -0.93  Na2CO3:10H2O
  Nesquehonite     -2.39     -7.70   -5.30  MgCO3:3H2O
  Picromerite      -6.60    -11.04   -4.44  MgSO4:K2SO4:6H2O
  Sylvite          -3.16     -2.29    0.87  KCl
  Tachyhydrite    -24.59     -7.47   17.12  CaCl2:(MgCl2)2:12H2O
  Thenardite       -2.82     -3.11   -0.29  Na2SO4
  Trona            -8.69     -9.74   -1.05  Na3H(CO3)2:2H2O
  Vaterite         -0.62     -8.50   -7.89  CaCO3

**For a gas, SI = log10(fugacity). Fugacity = pressure * phi / 1 atm.
  For ideal gases, phi = 1.

-----------------------------------------
Beginning of batch-reaction calculations.
-----------------------------------------

Reaction step 1.

Using solution 1.	
Using pure phase assemblage 1.	

-------------------------------Phase assemblage--------------------------------

                                                      Moles in assemblage
Phase               SI  log IAP  log K(T, P)   Initial       Final       Delta

Calcite          -0.04    -8.50     -8.46    0.000e+00           0   0.000e+00
Gypsum           -0.55    -5.14     -4.60    0.000e+00           0   0.000e+00
Halite           -2.07    -0.50      1.57    0.000e+00           0   0.000e+00
Hydrohalite      -2.03    -0.53      1.50    0.000e+00           0   0.000e+00
Ice(s)           -0.10    -0.01      0.09    0.000e+00           0   0.000e+00
Mirabilite       -1.88    -3.24     -1.37    0.000e+00           0   0.000e+00

-----------------------------Solution composition------------------------------

	Elements           Molality       Moles

	C                 2.455e-03   2.455e-03
	Ca                1.385e-02   1.385e-02
	Cl                9.130e-01   9.130e-01
	K                 1.447e-02   1.447e-02
	Mg                7.977e-02   7.977e-02
	Na                8.085e-01   8.085e-01
	S                 3.681e-02   3.681e-02

----------------------------Description of solution----------------------------

                                       pH  =   7.370      Charge balance
                                       pe  =   4.000      Adjusted to redox equilibrium
      Specific Conductance (µS/cm,  22°C)  = 69639
                          Density (g/cm³)  =   1.03871
                               Volume (L)  =   1.01828
                        Activity of water  =   0.969
                 Ionic strength (mol/kgw)  =   1.130e+00
                       Mass of water (kg)  =   1.000e+00
                 Total alkalinity (eq/kg)  =   2.388e-03
                       Total CO2 (mol/kg)  =   2.455e-03
                         Temperature (°C)  =  22.00
                  Electrical balance (eq)  =   2.121e-02
 Percent error, 100*(Cat-|An|)/(Cat+|An|)  =   1.06
                               Iterations  =   1
                         Gamma iterations  =   1
                      Osmotic coefficient  =   0.92446
                         Density of water  =   0.99777
                                  Total H  = 1.110209e+02
                                  Total O  = 5.566378e+01

----------------------------Distribution of species----------------------------

                                                    Unscaled  Unscaled
                                Unscaled       Log       Log       Log    mole V
   Species          Molality    Activity  Molality  Activity     Gamma   cm³/mol

   OH-             4.507e-07   1.827e-07    -6.346    -6.738    -0.392     -2.05
   H+              5.562e-08   4.268e-08    -7.255    -7.370    -0.115      0.00
   H2O             5.551e+01   9.694e-01     1.744    -0.014     0.000     18.06
C(4)          2.455e-03
   HCO3-           2.318e-03   1.225e-03    -2.635    -2.912    -0.277     27.41
   CO2             1.023e-04   1.262e-04    -3.990    -3.899     0.091     29.83
   MgCO3           1.796e-05   1.796e-05    -4.746    -4.746     0.000    -17.09
   CO3-2           1.682e-05   1.264e-06    -4.774    -5.898    -1.124      0.46
   CaCO3           2.336e-12   2.336e-12   -11.631   -11.631     0.000     (0)  
Ca            1.385e-02
   Ca+2            1.385e-02   2.475e-03    -1.859    -2.606    -0.748    -16.48
   CaCO3           2.336e-12   2.336e-12   -11.631   -11.631     0.000     (0)  
Cl            9.130e-01
   Cl-             9.130e-01   6.330e-01    -0.040    -0.199    -0.159     18.89
K             1.447e-02
   K+              1.447e-02   8.107e-03    -1.840    -2.091    -0.252      9.82
Mg            7.977e-02
   Mg+2            7.975e-02   1.750e-02    -1.098    -1.757    -0.659    -20.02
   MgCO3           1.796e-05   1.796e-05    -4.746    -4.746     0.000    -17.09
   MgOH+           5.392e-07   4.734e-07    -6.268    -6.325    -0.056     (0)  
Na            8.085e-01
   Na+             8.085e-01   5.013e-01    -0.092    -0.300    -0.208     -0.37
S(6)          3.681e-02
   SO4-2           3.681e-02   3.097e-03    -1.434    -2.509    -1.075     19.24

------------------------------Saturation indices-------------------------------

  Phase               SI** log IAP   log K(295 K,   1 atm)

  Anhydrite        -0.89     -5.12   -4.23  CaSO4
  Antarcticite     -6.81     -3.08    3.72  CaCl2:6H2O
  Aphthitalite    -15.80    -23.18   -7.39  Na2SO4:3K2SO4
  Aragonite        -0.19     -8.50   -8.32  CaCO3
  Arcanite         -4.87     -6.69   -1.82  K2SO4
  Bischofite       -6.89     -2.24    4.65  MgCl2:6H2O
  Bloedite         -5.05     -7.43   -2.38  Na2Mg(SO4)2:4H2O
  Calcite          -0.04     -8.50   -8.46  CaCO3
  Carnallite       -8.78     -4.53    4.25  KMgCl3:6H2O
  CO2(g)           -2.47     -3.90   -1.43  CO2
  Dolomite          0.85    -16.16  -17.01  CaMg(CO3)2
  Epsomite         -2.44     -4.36   -1.92  MgSO4:7H2O
  Gypsum           -0.55     -5.14   -4.60  CaSO4:2H2O
  Halite           -2.07     -0.50    1.57  NaCl
  Hexahydrite      -2.71     -4.35   -1.64  MgSO4:6H2O
  Hydrohalite      -2.03     -0.53    1.50  NaCl:2H2O
  Hydromagnesite   -1.66    -38.24  -36.58  (MgCO3)3:Mg(OH)2:3H2O
  Ice(s)           -0.10     -0.01    0.09  H2O
  Ikaite           -1.93     -8.59   -6.65  CaCO3:6H2O
  Kalicinite       -5.15     -5.00    0.15  KHCO3
  Kieserite        -4.13     -4.28   -0.15  MgSO4:H2O
  Landsfordite     -2.63     -7.72   -5.10  MgCO3:5H2O
  Magnesite         0.33     -7.66   -7.98  MgCO3
  Meridianite      -2.98     -4.41   -1.43  MgSO4:11H2O
  MgCl2:12H2O      -6.74     -2.32    4.43  MgCl2:12H2O
  MgCl2:8H2O       -6.40     -2.26    4.14  MgCl2:8H2O
  Mirabilite       -1.88     -3.24   -1.37  Na2SO4:10H2O
  Na2CO3:7H2O      -6.08     -6.59   -0.51  Na2CO3:7H2O
  Nahcolite        -2.78     -3.21   -0.43  NaHCO3
  Natron           -5.70     -6.63   -0.93  Na2CO3:10H2O
  Nesquehonite     -2.39     -7.70   -5.30  MgCO3:3H2O
  Picromerite      -6.60    -11.04   -4.44  MgSO4:K2SO4:6H2O
  Sylvite          -3.16     -2.29    0.87  KCl
  Tachyhydrite    -24.59     -7.47   17.12  CaCl2:(MgCl2)2:12H2O
  Thenardite       -2.82     -3.11   -0.29  Na2SO4
  Trona            -8.69     -9.74   -1.05  Na3H(CO3)2:2H2O
  Vaterite         -0.62     -8.50   -7.89  CaCO3

**For a gas, SI = log10(fugacity). Fugacity = pressure * phi / 1 atm.
  For ideal gases, phi = 1.

------------------
End of simulation.
------------------

------------------------------------
Reading input data for simulation 2.
------------------------------------

-------------------------------
End of Run after 1.105 Seconds.
-------------------------------

