   Input file: C:\Users\Kagiso\PHREEQC-Python\C5_FREZ_pre_+000p0.pqi
  Output file: C:\Users\Kagiso\PHREEQC-Python\C5_FREZ_pre_+000p0.out
Database file: C:\Program Files\USGS\phreeqc-3.8.6-17100-x64\database\frezchem.dat

------------------
Reading data base.
------------------

	PITZER
	SOLUTION_MASTER_SPECIES
	SOLUTION_SPECIES
	PHASES
	PITZER
	EXCHANGE_MASTER_SPECIES
	EXCHANGE_SPECIES
	SURFACE_MASTER_SPECIES
	SURFACE_SPECIES
	END
------------------------------------
Reading input data for simulation 1.
------------------------------------

	TITLE C5 FREZCHEM sequential FC at 0.00 C
	SOLUTION 1
	    temp 0.00000000
	    pH 7.3698000000
	    units mol/kgw
	    water 1.000000000000
	    Na 8.08490000000000e-01
	    K 1.44680000000000e-02
	    Mg 7.97710000000000e-02
	    Ca 1.38470000000000e-02
	    Cl 9.12980000000000e-01
	    S(6) 3.68060000000000e-02
	    C(4) 2.45460000000000e-03
	SELECTED_OUTPUT 1
	    file C:/Users/Kagiso/PHREEQC-Python/C5_FREZ_pre_+000p0.txt
	    reset false
	    user_punch true
	USER_PUNCH 1
	    headings Temp_C pH Water_kg Alk_eq_kgw Mu aw Na_mol K_mol Mg_mol Ca_mol Cl_mol S6_mol C4_mol Na_m K_m Mg_m Ca_m Cl_m S6_m C4_m Na_act Cl_act SO4_act SI_Ice SI_Mirabilite SI_Halite SI_Hydrohalite SI_Calcite SI_Gypsum Iterations
	    10 PUNCH TC, -LA("H+"), TOT("water"), ALK, MU, ACT("H2O")
	    20 PUNCH TOTMOLE("Na"), TOTMOLE("K"), TOTMOLE("Mg"), TOTMOLE("Ca")
	    30 PUNCH TOTMOLE("Cl"), TOTMOLE("S(6)"), TOTMOLE("C(4)")
	    40 PUNCH TOT("Na"), TOT("K"), TOT("Mg"), TOT("Ca")
	    50 PUNCH TOT("Cl"), TOT("S(6)"), TOT("C(4)")
	    60 PUNCH ACT("Na+"), ACT("Cl-"), ACT("SO4-2")
	    70 PUNCH SI("Ice(s)"), SI("Mirabilite"), SI("Halite"), SI("Hydrohalite"), SI("Calcite"), SI("Gypsum")
	    80 PUNCH ITERATIONS
	END
-----
TITLE
-----

 C5 FREZCHEM sequential FC at 0.00 C

-------------------------------------------
Beginning of initial solution calculations.
-------------------------------------------

Initial solution 1.	

-----------------------------Solution composition------------------------------

	Elements           Molality       Moles

	C(4)              2.455e-03   2.455e-03
	Ca                1.385e-02   1.385e-02
	Cl                9.130e-01   9.130e-01
	K                 1.447e-02   1.447e-02
	Mg                7.977e-02   7.977e-02
	Na                8.085e-01   8.085e-01
	S(6)              3.681e-02   3.681e-02

----------------------------Description of solution----------------------------

                                       pH  =   7.370    
                                       pe  =   4.000    
      Specific Conductance (µS/cm,   0°C)  = 37646
                          Density (g/cm³)  =   1.04370
                               Volume (L)  =   1.01341
                        Activity of water  =   0.970
                 Ionic strength (mol/kgw)  =   1.130e+00
                       Mass of water (kg)  =   1.000e+00
                 Total alkalinity (eq/kg)  =   2.312e-03
                       Total CO2 (mol/kg)  =   2.455e-03
                         Temperature (°C)  =   0.00
                  Electrical balance (eq)  =   2.129e-02
 Percent error, 100*(Cat-|An|)/(Cat+|An|)  =   1.07
                               Iterations  =  13
                         Gamma iterations  =   4
                      Osmotic coefficient  =   0.90618
                         Density of water  =   0.99984
                                  Total H  = 1.110209e+02
                                  Total O  = 5.566373e+01

----------------------------Distribution of species----------------------------

                                                    Unscaled  Unscaled
                                Unscaled       Log       Log       Log    mole V
   Species          Molality    Activity  Molality  Activity     Gamma   cm³/mol

   OH-             7.456e-08   2.622e-08    -7.128    -7.581    -0.454     -4.16
   H+              5.358e-08   4.268e-08    -7.271    -7.370    -0.099      0.00
   H2O             5.551e+01   9.700e-01     1.744    -0.013     0.000     18.02
C(4)          2.455e-03
   HCO3-           2.282e-03   1.188e-03    -2.642    -2.925    -0.283     25.06
   CO2             1.578e-04   1.981e-04    -3.802    -3.703     0.099     38.36
   CO3-2           8.429e-06   6.549e-07    -5.074    -6.184    -1.110     -4.16
   MgCO3           6.210e-06   6.210e-06    -5.207    -5.207     0.000    -17.05
   CaCO3           1.495e-12   1.495e-12   -11.825   -11.825     0.000     (0)  
Ca            1.385e-02
   Ca+2            1.385e-02   2.630e-03    -1.859    -2.580    -0.721    -17.74
   CaCO3           1.495e-12   1.495e-12   -11.825   -11.825     0.000     (0)  
Cl            9.130e-01
   Cl-             9.130e-01   6.116e-01    -0.040    -0.214    -0.174     17.34
K             1.447e-02
   K+              1.447e-02   8.005e-03    -1.840    -2.097    -0.257      8.83
Mg            7.977e-02
   Mg+2            7.976e-02   1.575e-02    -1.098    -1.803    -0.705    -19.44
   MgCO3           6.210e-06   6.210e-06    -5.207    -5.207     0.000    -17.05
   MgOH+           5.643e-08   5.130e-08    -7.249    -7.290    -0.041     (0)  
Na            8.085e-01
   Na+             8.085e-01   4.873e-01    -0.092    -0.312    -0.220     -1.86
S(6)          3.681e-02
   SO4-2           3.681e-02   2.795e-03    -1.434    -2.554    -1.120     14.39

------------------------------Saturation indices-------------------------------

  Phase               SI** log IAP   log K(273 K,   1 atm)

  Anhydrite        -1.07     -5.13   -4.06  CaSO4
  Antarcticite     -6.35     -3.09    3.27  CaCl2:6H2O
  Aphthitalite    -14.57    -23.42   -8.85  Na2SO4:3K2SO4
  Aragonite        -0.55     -8.76   -8.22  CaCO3
  Arcanite         -4.55     -6.75   -2.20  K2SO4
  Bischofite       -7.06     -2.31    4.75  MgCl2:6H2O
  Bloedite         -5.13     -7.59   -2.46  Na2Mg(SO4)2:4H2O
  Calcite          -0.38     -8.76   -8.38  CaCO3
  Carnallite       -8.51     -4.62    3.89  KMgCl3:6H2O
  CO2(g)           -2.59     -3.70   -1.11  CO2
  Dolomite         -0.30    -16.75  -16.45  CaMg(CO3)2
  Epsomite         -2.24     -4.45   -2.21  MgSO4:7H2O
  Gypsum           -0.50     -5.16   -4.66  CaSO4:2H2O
  Halite           -2.02     -0.53    1.50  NaCl
  Hexahydrite      -2.74     -4.44   -1.70  MgSO4:6H2O
  Hydrohalite      -1.81     -0.55    1.25  NaCl:2H2O
  Hydromagnesite   -5.91    -40.97  -35.05  (MgCO3)3:Mg(OH)2:3H2O
  Ice(s)           -0.01     -0.01    0.00  H2O
  Ikaite           -1.64     -8.84   -7.20  CaCO3:6H2O
  Kalicinite       -4.86     -5.02   -0.16  KHCO3
  Kieserite        -4.92     -4.37    0.55  MgSO4:H2O
  Landsfordite     -2.86     -8.05   -5.19  MgCO3:5H2O
  Magnesite        -0.37     -7.99   -7.62  MgCO3
  Meridianite      -2.18     -4.50   -2.32  MgSO4:11H2O
  MgCl2:12H2O      -5.24     -2.39    2.85  MgCl2:12H2O
  MgCl2:8H2O       -6.19     -2.34    3.85  MgCl2:8H2O
  Mirabilite       -0.80     -3.31   -2.51  Na2SO4:10H2O
  Na2CO3:7H2O      -5.84     -6.90   -1.06  Na2CO3:7H2O
  Nahcolite        -2.52     -3.24   -0.72  NaHCO3
  Natron           -5.14     -6.94   -1.80  Na2CO3:10H2O
  Nesquehonite     -2.98     -8.03   -5.04  MgCO3:3H2O
  Picromerite      -6.15    -11.18   -5.03  MgSO4:K2SO4:6H2O
  Sylvite          -2.89     -2.31    0.58  KCl
  Tachyhydrite    -26.07     -7.63   18.44  CaCl2:(MgCl2)2:12H2O
  Thenardite       -2.87     -3.18   -0.31  Na2SO4
  Trona            -8.78    -10.07   -1.30  Na3H(CO3)2:2H2O
  Vaterite         -1.02     -8.76   -7.74  CaCO3

**For a gas, SI = log10(fugacity). Fugacity = pressure * phi / 1 atm.
  For ideal gases, phi = 1.

------------------
End of simulation.
------------------

------------------------------------
Reading input data for simulation 2.
------------------------------------

-------------------------------
End of Run after 1.079 Seconds.
-------------------------------

