   Input file: C:\Users\Kagiso\PHREEQC-Python\C5_FREZ_pre_+013p0.pqi
  Output file: C:\Users\Kagiso\PHREEQC-Python\C5_FREZ_pre_+013p0.out
Database file: C:\Program Files\USGS\phreeqc-3.8.6-17100-x64\database\frezchem.dat

------------------
Reading data base.
------------------

	PITZER
	SOLUTION_MASTER_SPECIES
	SOLUTION_SPECIES
	PHASES
	PITZER
	EXCHANGE_MASTER_SPECIES
	EXCHANGE_SPECIES
	SURFACE_MASTER_SPECIES
	SURFACE_SPECIES
	END
------------------------------------
Reading input data for simulation 1.
------------------------------------

	TITLE C5 FREZCHEM sequential FC at 13.00 C
	SOLUTION 1
	    temp 13.00000000
	    pH 7.3698000000
	    units mol/kgw
	    water 1.000000000000
	    Na 8.08490000000000e-01
	    K 1.44680000000000e-02
	    Mg 7.97710000000000e-02
	    Ca 1.38470000000000e-02
	    Cl 9.12980000000000e-01
	    S(6) 3.68060000000000e-02
	    C(4) 2.45460000000000e-03
	SELECTED_OUTPUT 1
	    file C:/Users/Kagiso/PHREEQC-Python/C5_FREZ_pre_+013p0.txt
	    reset false
	    user_punch true
	USER_PUNCH 1
	    headings Temp_C pH Water_kg Alk_eq_kgw Mu aw Na_mol K_mol Mg_mol Ca_mol Cl_mol S6_mol C4_mol Na_m K_m Mg_m Ca_m Cl_m S6_m C4_m Na_act Cl_act SO4_act SI_Ice SI_Mirabilite SI_Halite SI_Hydrohalite SI_Calcite SI_Gypsum Iterations
	    10 PUNCH TC, -LA("H+"), TOT("water"), ALK, MU, ACT("H2O")
	    20 PUNCH TOTMOLE("Na"), TOTMOLE("K"), TOTMOLE("Mg"), TOTMOLE("Ca")
	    30 PUNCH TOTMOLE("Cl"), TOTMOLE("S(6)"), TOTMOLE("C(4)")
	    40 PUNCH TOT("Na"), TOT("K"), TOT("Mg"), TOT("Ca")
	    50 PUNCH TOT("Cl"), TOT("S(6)"), TOT("C(4)")
	    60 PUNCH ACT("Na+"), ACT("Cl-"), ACT("SO4-2")
	    70 PUNCH SI("Ice(s)"), SI("Mirabilite"), SI("Halite"), SI("Hydrohalite"), SI("Calcite"), SI("Gypsum")
	    80 PUNCH ITERATIONS
	END
-----
TITLE
-----

 C5 FREZCHEM sequential FC at 13.00 C

-------------------------------------------
Beginning of initial solution calculations.
-------------------------------------------

Initial solution 1.	

-----------------------------Solution composition------------------------------

	Elements           Molality       Moles

	C(4)              2.455e-03   2.455e-03
	Ca                1.385e-02   1.385e-02
	Cl                9.130e-01   9.130e-01
	K                 1.447e-02   1.447e-02
	Mg                7.977e-02   7.977e-02
	Na                8.085e-01   8.085e-01
	S(6)              3.681e-02   3.681e-02

----------------------------Description of solution----------------------------

                                       pH  =   7.370    
                                       pe  =   4.000    
      Specific Conductance (µS/cm,  13°C)  = 55728
                          Density (g/cm³)  =   1.04120
                               Volume (L)  =   1.01584
                        Activity of water  =   0.970
                 Ionic strength (mol/kgw)  =   1.130e+00
                       Mass of water (kg)  =   1.000e+00
                 Total alkalinity (eq/kg)  =   2.364e-03
                       Total CO2 (mol/kg)  =   2.455e-03
                         Temperature (°C)  =  13.00
                  Electrical balance (eq)  =   2.124e-02
 Percent error, 100*(Cat-|An|)/(Cat+|An|)  =   1.06
                               Iterations  =  12
                         Gamma iterations  =   4
                      Osmotic coefficient  =   0.91865
                         Density of water  =   0.99938
                                  Total H  = 1.110209e+02
                                  Total O  = 5.566377e+01

----------------------------Distribution of species----------------------------

                                                    Unscaled  Unscaled
                                Unscaled       Log       Log       Log    mole V
   Species          Molality    Activity  Molality  Activity     Gamma   cm³/mol

   OH-             2.262e-07   8.755e-08    -6.645    -7.058    -0.412     -2.67
   H+              5.481e-08   4.268e-08    -7.261    -7.370    -0.109      0.00
   H2O             5.551e+01   9.695e-01     1.744    -0.013     0.000     18.03
C(4)          2.455e-03
   HCO3-           2.313e-03   1.209e-03    -2.636    -2.917    -0.282     26.71
   CO2             1.166e-04   1.452e-04    -3.933    -3.838     0.095     32.54
   CO3-2           1.304e-05   1.002e-06    -4.885    -5.999    -1.114     -0.86
   MgCO3           1.221e-05   1.221e-05    -4.913    -4.913     0.000    -17.08
   CaCO3           2.156e-12   2.156e-12   -11.666   -11.666     0.000     (0)  
Ca            1.385e-02
   Ca+2            1.385e-02   2.541e-03    -1.859    -2.595    -0.736    -16.84
   CaCO3           2.156e-12   2.156e-12   -11.666   -11.666     0.000     (0)  
Cl            9.130e-01
   Cl-             9.130e-01   6.271e-01    -0.040    -0.203    -0.163     18.45
K             1.447e-02
   K+              1.447e-02   8.093e-03    -1.840    -2.092    -0.252      9.50
Mg            7.977e-02
   Mg+2            7.976e-02   1.703e-02    -1.098    -1.769    -0.671    -19.80
   MgCO3           1.221e-05   1.221e-05    -4.913    -4.913     0.000    -17.08
   MgOH+           2.263e-07   2.015e-07    -6.645    -6.696    -0.050     (0)  
Na            8.085e-01
   Na+             8.085e-01   4.973e-01    -0.092    -0.303    -0.211     -0.84
S(6)          3.681e-02
   SO4-2           3.681e-02   2.967e-03    -1.434    -2.528    -1.094     17.90

------------------------------Saturation indices-------------------------------

  Phase               SI** log IAP   log K(286 K,   1 atm)

  Anhydrite        -0.97     -5.12   -4.15  CaSO4
  Antarcticite     -6.61     -3.08    3.53  CaCl2:6H2O
  Aphthitalite    -15.28    -23.27   -7.98  Na2SO4:3K2SO4
  Aragonite        -0.32     -8.59   -8.27  CaCO3
  Arcanite         -4.74     -6.71   -1.97  K2SO4
  Bischofite       -6.96     -2.25    4.71  MgCl2:6H2O
  Bloedite         -5.07     -7.48   -2.41  Na2Mg(SO4)2:4H2O
  Calcite          -0.17     -8.59   -8.42  CaCO3
  Carnallite       -8.68     -4.55    4.13  KMgCl3:6H2O
  CO2(g)           -2.53     -3.84   -1.31  CO2
  Dolomite          0.43    -16.36  -16.79  CaMg(CO3)2
  Epsomite         -2.36     -4.39   -2.03  MgSO4:7H2O
  Gypsum           -0.54     -5.15   -4.61  CaSO4:2H2O
  Halite           -2.05     -0.51    1.54  NaCl
  Hexahydrite      -2.72     -4.38   -1.66  MgSO4:6H2O
  Hydrohalite      -1.95     -0.53    1.42  NaCl:2H2O
  Hydromagnesite   -3.24    -39.23  -35.98  (MgCO3)3:Mg(OH)2:3H2O
  Ice(s)           -0.07     -0.01    0.05  H2O
  Ikaite           -1.81     -8.67   -6.87  CaCO3:6H2O
  Kalicinite       -5.03     -5.01    0.02  KHCO3
  Kieserite        -4.37     -4.31    0.06  MgSO4:H2O
  Landsfordite     -2.67     -7.84   -5.17  MgCO3:5H2O
  Magnesite         0.07     -7.77   -7.84  MgCO3
  Meridianite      -2.65     -4.44   -1.80  MgSO4:11H2O
  MgCl2:12H2O      -6.07     -2.34    3.73  MgCl2:12H2O
  MgCl2:8H2O       -6.31     -2.28    4.03  MgCl2:8H2O
  Mirabilite       -1.44     -3.27   -1.83  Na2SO4:10H2O
  Na2CO3:7H2O      -5.96     -6.70   -0.74  Na2CO3:7H2O
  Nahcolite        -2.67     -3.22   -0.55  NaHCO3
  Natron           -5.44     -6.74   -1.30  Na2CO3:10H2O
  Nesquehonite     -2.57     -7.81   -5.24  MgCO3:3H2O
  Picromerite      -6.44    -11.09   -4.64  MgSO4:K2SO4:6H2O
  Sylvite          -3.05     -2.29    0.76  KCl
  Tachyhydrite    -25.17     -7.51   17.66  CaCl2:(MgCl2)2:12H2O
  Thenardite       -2.84     -3.13   -0.30  Na2SO4
  Trona            -8.70     -9.85   -1.15  Na3H(CO3)2:2H2O
  Vaterite         -0.77     -8.59   -7.82  CaCO3

**For a gas, SI = log10(fugacity). Fugacity = pressure * phi / 1 atm.
  For ideal gases, phi = 1.

------------------
End of simulation.
------------------

------------------------------------
Reading input data for simulation 2.
------------------------------------

-------------------------------
End of Run after 1.358 Seconds.
-------------------------------

