   Input file: C:\Users\Kagiso\PHREEQC-Python\C5_FREZ_eq_-013p0.pqi
  Output file: C:\Users\Kagiso\PHREEQC-Python\C5_FREZ_eq_-013p0.out
Database file: C:\Program Files\USGS\phreeqc-3.8.6-17100-x64\database\frezchem.dat

------------------
Reading data base.
------------------

	PITZER
	SOLUTION_MASTER_SPECIES
	SOLUTION_SPECIES
	PHASES
	PITZER
	EXCHANGE_MASTER_SPECIES
	EXCHANGE_SPECIES
	SURFACE_MASTER_SPECIES
	SURFACE_SPECIES
	END
------------------------------------
Reading input data for simulation 1.
------------------------------------

	TITLE C5 FREZCHEM sequential FC at -13.00 C
	SOLUTION 1
	    temp -13.00000000
	    pH 6.8498000000
	    units mol/kgw
	    water 0.290360000000
	    Na 2.61454745832759e+00
	    K 4.98277999724480e-02
	    Mg 2.74731367957019e-01
	    Ca 4.72000275520044e-02
	    Cl 3.14430362308858e+00
	    S(6) 4.18067226890756e-02
	    C(4) 7.96149607383937e-03
	EQUILIBRIUM_PHASES 1
	    Ice(s)       0.0 0.0
	    Mirabilite   0.0 0.0
	    Halite       0.0 0.0
	    Hydrohalite  0.0 0.0
	    Calcite      0.0 0.0
	    Gypsum       0.0 0.0
	SELECTED_OUTPUT 1
	    file C:/Users/Kagiso/PHREEQC-Python/C5_FREZ_eq_-013p0.txt
	    reset false
	    user_punch true
	USER_PUNCH 1
	    headings Temp_C pH Water_kg Alk_eq_kgw Mu aw Na_mol K_mol Mg_mol Ca_mol Cl_mol S6_mol C4_mol Na_m K_m Mg_m Ca_m Cl_m S6_m C4_m Na_act Cl_act SO4_act SI_Ice SI_Mirabilite SI_Halite SI_Hydrohalite SI_Calcite SI_Gypsum Ice_mol Mirabilite_mol Halite_mol Hydrohalite_mol Calcite_mol Gypsum_mol Iterations
	    10 PUNCH TC, -LA("H+"), TOT("water"), ALK, MU, ACT("H2O")
	    20 PUNCH TOTMOLE("Na"), TOTMOLE("K"), TOTMOLE("Mg"), TOTMOLE("Ca")
	    30 PUNCH TOTMOLE("Cl"), TOTMOLE("S(6)"), TOTMOLE("C(4)")
	    40 PUNCH TOT("Na"), TOT("K"), TOT("Mg"), TOT("Ca")
	    50 PUNCH TOT("Cl"), TOT("S(6)"), TOT("C(4)")
	    60 PUNCH ACT("Na+"), ACT("Cl-"), ACT("SO4-2")
	    70 PUNCH SI("Ice(s)"), SI("Mirabilite"), SI("Halite"), SI("Hydrohalite"), SI("Calcite"), SI("Gypsum")
	    80 PUNCH EQUI("Ice(s)"), EQUI("Mirabilite"), EQUI("Halite"), EQUI("Hydrohalite"), EQUI("Calcite"), EQUI("Gypsum")
	    90 PUNCH ITERATIONS
	END
-----
TITLE
-----

 C5 FREZCHEM sequential FC at -13.00 C

-------------------------------------------
Beginning of initial solution calculations.
-------------------------------------------

Initial solution 1.	

-----------------------------Solution composition------------------------------

	Elements           Molality       Moles

	C(4)              7.961e-03   2.312e-03
	Ca                4.720e-02   1.371e-02
	Cl                3.144e+00   9.130e-01
	K                 4.983e-02   1.447e-02
	Mg                2.747e-01   7.977e-02
	Na                2.615e+00   7.592e-01
	S(6)              4.181e-02   1.214e-02

----------------------------Description of solution----------------------------

                                       pH  =   6.850    
                                       pe  =   4.000    
      Specific Conductance (µS/cm, -13°C)  = 50774
                          Density (g/cm³)  =   1.13546
                               Volume (L)  =   0.30343
                        Activity of water  =   0.890
                 Ionic strength (mol/kgw)  =   3.635e+00
                       Mass of water (kg)  =   2.904e-01
                 Total alkalinity (eq/kg)  =   6.530e-03
                       Total CO2 (mol/kg)  =   7.961e-03
                         Temperature (°C)  = -13.00
                  Electrical balance (eq)  =   2.143e-02
 Percent error, 100*(Cat-|An|)/(Cat+|An|)  =   1.13
                               Iterations  =  16
                         Gamma iterations  =   5
                      Osmotic coefficient  =   1.04243
                         Density of water  =   0.99712
                                  Total H  = 3.223724e+01
                                  Total O  = 1.617275e+01

----------------------------Distribution of species----------------------------

                                                    Unscaled  Unscaled
                                Unscaled       Log       Log       Log    mole V
   Species          Molality    Activity  Molality  Activity     Gamma   cm³/mol

   H+              7.604e-08   1.413e-07    -7.119    -6.850     0.269      0.00
   OH-             2.404e-08   1.794e-09    -7.619    -8.746    -1.127     -3.80
   H2O             5.551e+01   8.904e-01     1.744    -0.050     0.000     18.07
C(4)          7.961e-03
   HCO3-           6.478e-03   2.670e-03    -2.189    -2.574    -0.385     31.51
   CO2             1.458e-03   2.622e-03    -2.836    -2.581     0.255     48.94
   MgCO3           1.347e-05   1.347e-05    -4.871    -4.871     0.000    -17.00
   CO3-2           1.241e-05   2.599e-07    -4.906    -6.585    -1.679     -1.78
   CaCO3           2.827e-12   2.827e-12   -11.549   -11.549     0.000     (0)  
Ca            4.720e-02
   Ca+2            4.720e-02   1.582e-02    -1.326    -1.801    -0.475    -20.24
   CaCO3           2.827e-12   2.827e-12   -11.549   -11.549     0.000     (0)  
Cl            3.144e+00
   Cl-             3.144e+00   2.312e+00     0.498     0.364    -0.134     16.44
K             4.983e-02
   K+              4.983e-02   2.178e-02    -1.303    -1.662    -0.359     10.03
Mg            2.747e-01
   Mg+2            2.747e-01   1.010e-01    -0.561    -0.996    -0.435    -18.58
   MgCO3           1.347e-05   1.347e-05    -4.871    -4.871     0.000    -17.00
   MgOH+           3.152e-08   2.205e-08    -7.501    -7.657    -0.155     (0)  
Na            2.615e+00
   Na+             2.615e+00   1.508e+00     0.417     0.178    -0.239     -1.84
S(6)          4.181e-02
   SO4-2           4.181e-02   9.684e-04    -1.379    -3.014    -1.635     12.28

------------------------------Saturation indices-------------------------------

  Phase               SI** log IAP   log K(260 K,   1 atm)

  Anhydrite        -0.79     -4.81   -4.02  CaSO4
  Antarcticite     -4.43     -1.38    3.05  CaCl2:6H2O
  Aphthitalite    -11.96    -21.67   -9.71  Na2SO4:3K2SO4
  Aragonite        -0.20     -8.39   -8.19  CaCO3
  Arcanite         -3.89     -6.34   -2.45  K2SO4
  Bischofite       -5.31     -0.57    4.73  MgCl2:6H2O
  Bloedite         -4.36     -6.87   -2.51  Na2Mg(SO4)2:4H2O
  Calcite          -0.02     -8.39   -8.36  CaCO3
  Carnallite       -5.44     -1.87    3.57  KMgCl3:6H2O
  CO2(g)           -1.72     -2.58   -0.86  CO2
  Dolomite          0.11    -15.97  -16.07  CaMg(CO3)2
  Epsomite         -1.96     -4.36   -2.41  MgSO4:7H2O
  Gypsum           -0.15     -4.92   -4.76  CaSO4:2H2O
  Halite           -0.88      0.54    1.43  NaCl
  Hexahydrite      -2.57     -4.31   -1.74  MgSO4:6H2O
  Hydrohalite      -0.61      0.44    1.05  NaCl:2H2O
  Hydromagnesite   -7.35    -41.38  -34.03  (MgCO3)3:Mg(OH)2:3H2O
  Ice(s)            0.00     -0.05   -0.05  H2O
  Ikaite           -1.12     -8.69   -7.57  CaCO3:6H2O
  Kalicinite       -3.89     -4.24   -0.34  KHCO3
  Kieserite        -5.29     -4.06    1.23  MgSO4:H2O
  Landsfordite     -2.92     -7.83   -4.91  MgCO3:5H2O
  Magnesite        -0.21     -7.58   -7.37  MgCO3
  Meridianite      -1.71     -4.56   -2.85  MgSO4:11H2O
  MgCl2:12H2O      -3.03     -0.87    2.16  MgCl2:12H2O
  MgCl2:8H2O       -4.28     -0.67    3.61  MgCl2:8H2O
  Mirabilite        0.04     -3.16   -3.20  Na2SO4:10H2O
  Na2CO3:7H2O      -5.20     -6.58   -1.38  Na2CO3:7H2O
  Nahcolite        -1.53     -2.40   -0.87  NaHCO3
  Natron           -4.47     -6.73   -2.26  Na2CO3:10H2O
  Nesquehonite     -3.00     -7.73   -4.74  MgCO3:3H2O
  Picromerite      -5.12    -10.65   -5.53  MgSO4:K2SO4:6H2O
  Sylvite          -1.66     -1.30    0.36  KCl
  Tachyhydrite    -21.44     -2.21   19.22  CaCl2:(MgCl2)2:12H2O
  Thenardite       -2.34     -2.66   -0.32  Na2SO4
  Trona            -7.28     -8.72   -1.44  Na3H(CO3)2:2H2O
  Vaterite         -0.70     -8.39   -7.68  CaCO3

**For a gas, SI = log10(fugacity). Fugacity = pressure * phi / 1 atm.
  For ideal gases, phi = 1.

-----------------------------------------
Beginning of batch-reaction calculations.
-----------------------------------------

Reaction step 1.

WARNING: Maximum iterations exceeded, 200

WARNING: Numerical method failed with this set of convergence parameters.

WARNING: Trying smaller step size, pe step size 10, 5 ... 

WARNING: Maximum iterations exceeded, 400

WARNING: Numerical method failed with this set of convergence parameters.

WARNING: Trying reduced tolerance 1e-16 ...

WARNING: Maximum iterations exceeded, 400

WARNING: Numerical method failed with this set of convergence parameters.

WARNING: Trying increased tolerance 1e-14 ...

WARNING: Maximum iterations exceeded, 400

WARNING: Numerical method failed with this set of convergence parameters.

WARNING: Trying diagonal scaling ...

Using solution 1.	
Using pure phase assemblage 1.	

-------------------------------Phase assemblage--------------------------------

                                                      Moles in assemblage
Phase               SI  log IAP  log K(T, P)   Initial       Final       Delta

Calcite           0.00    -8.36     -8.36    0.000e+00   1.912e-05   1.912e-05
Gypsum           -0.16    -4.92     -4.76    0.000e+00           0   0.000e+00
Halite           -0.81     0.62      1.43    0.000e+00           0   0.000e+00
Hydrohalite      -0.54     0.51      1.05    0.000e+00           0   0.000e+00
Ice(s)            0.00    -0.05     -0.05    0.000e+00   1.021e+00   1.021e+00
Mirabilite        0.00    -3.20     -3.20    0.000e+00   1.811e-03   1.811e-03

-----------------------------Solution composition------------------------------

	Elements           Molality       Moles

	C                 8.440e-03   2.293e-03
	Ca                5.038e-02   1.369e-02
	Cl                3.361e+00   9.130e-01
	K                 5.326e-02   1.447e-02
	Mg                2.937e-01   7.977e-02
	Na                2.781e+00   7.555e-01
	S                 3.802e-02   1.033e-02

----------------------------Description of solution----------------------------

                                       pH  =   6.795      Charge balance
                                       pe  =   4.000      Adjusted to redox equilibrium
      Specific Conductance (µS/cm, -13°C)  = 52642
                          Density (g/cm³)  =   1.14289
                               Volume (L)  =   0.28484
                        Activity of water  =   0.882
                 Ionic strength (mol/kgw)  =   3.865e+00
                       Mass of water (kg)  =   2.716e-01
                 Total alkalinity (eq/kg)  =   6.839e-03
                       Total CO2 (mol/kg)  =   8.440e-03
                         Temperature (°C)  = -13.00
                  Electrical balance (eq)  =   2.143e-02
 Percent error, 100*(Cat-|An|)/(Cat+|An|)  =   1.13
                               Iterations  =   9 (1413 overall)
                         Gamma iterations  =   1
                      Osmotic coefficient  =   1.06294
                         Density of water  =   0.99712
                                  Total H  = 3.015813e+01
                                  Total O  = 1.512589e+01

----------------------------Distribution of species----------------------------

                                                    Unscaled  Unscaled
                                Unscaled       Log       Log       Log    mole V
   Species          Molality    Activity  Molality  Activity     Gamma   cm³/mol

   H+              7.903e-08   1.604e-07    -7.102    -6.795     0.307      0.00
   OH-             2.363e-08   1.565e-09    -7.627    -8.806    -1.179     -3.51
   H2O             5.551e+01   8.815e-01     1.744    -0.055     0.000     18.07
C(4)          8.440e-03
   HCO3-           6.786e-03   2.742e-03    -2.168    -2.562    -0.394     32.38
   CO2             1.628e-03   3.087e-03    -2.788    -2.510     0.278     48.94
   MgCO3           1.458e-05   1.458e-05    -4.836    -4.836     0.000    -17.00
   CO3-2           1.213e-05   2.351e-07    -4.916    -6.629    -1.713     -1.01
   CaCO3           2.971e-12   2.971e-12   -11.527   -11.527     0.000     (0)  
Ca            5.038e-02
   Ca+2            5.038e-02   1.838e-02    -1.298    -1.736    -0.438    -20.31
   CaCO3           2.971e-12   2.971e-12   -11.527   -11.527     0.000     (0)  
Cl            3.361e+00
   Cl-             3.361e+00   2.534e+00     0.526     0.404    -0.123     16.55
K             5.326e-02
   K+              5.326e-02   2.299e-02    -1.274    -1.638    -0.365     10.25
Mg            2.937e-01
   Mg+2            2.937e-01   1.209e-01    -0.532    -0.918    -0.386    -18.55
   MgCO3           1.458e-05   1.458e-05    -4.836    -4.836     0.000    -17.00
   MgOH+           3.406e-08   2.302e-08    -7.468    -7.638    -0.170     (0)  
Na            2.781e+00
   Na+             2.781e+00   1.627e+00     0.444     0.211    -0.233     -1.70
S(6)          3.802e-02
   SO4-2           3.802e-02   8.325e-04    -1.420    -3.080    -1.660     12.64

------------------------------Saturation indices-------------------------------

  Phase               SI** log IAP   log K(260 K,   1 atm)

  Anhydrite        -0.79     -4.82   -4.02  CaSO4
  Antarcticite     -4.31     -1.26    3.05  CaCl2:6H2O
  Aphthitalite    -12.02    -21.73   -9.71  Na2SO4:3K2SO4
  Aragonite        -0.18     -8.36   -8.19  CaCO3
  Arcanite         -3.91     -6.36   -2.45  K2SO4
  Bischofite       -5.17     -0.44    4.73  MgCl2:6H2O
  Bloedite         -4.37     -6.87   -2.51  Na2Mg(SO4)2:4H2O
  Calcite           0.00     -8.36   -8.36  CaCO3
  Carnallite       -5.25     -1.67    3.57  KMgCl3:6H2O
  CO2(g)           -1.65     -2.51   -0.86  CO2
  Dolomite          0.16    -15.91  -16.07  CaMg(CO3)2
  Epsomite         -1.97     -4.38   -2.41  MgSO4:7H2O
  Gypsum           -0.16     -4.92   -4.76  CaSO4:2H2O
  Halite           -0.81      0.62    1.43  NaCl
  Hexahydrite      -2.59     -4.33   -1.74  MgSO4:6H2O
  Hydrohalite      -0.54      0.51    1.05  NaCl:2H2O
  Hydromagnesite   -7.30    -41.33  -34.03  (MgCO3)3:Mg(OH)2:3H2O
  Ice(s)            0.00     -0.05   -0.05  H2O
  Ikaite           -1.12     -8.69   -7.57  CaCO3:6H2O
  Kalicinite       -3.86     -4.20   -0.34  KHCO3
  Kieserite        -5.28     -4.05    1.23  MgSO4:H2O
  Landsfordite     -2.91     -7.82   -4.91  MgCO3:5H2O
  Magnesite        -0.18     -7.55   -7.37  MgCO3
  Meridianite      -1.75     -4.60   -2.85  MgSO4:11H2O
  MgCl2:12H2O      -2.93     -0.77    2.16  MgCl2:12H2O
  MgCl2:8H2O       -4.16     -0.55    3.61  MgCl2:8H2O
  Mirabilite        0.00     -3.20   -3.20  Na2SO4:10H2O
  Na2CO3:7H2O      -5.21     -6.59   -1.38  Na2CO3:7H2O
  Nahcolite        -1.48     -2.35   -0.87  NaHCO3
  Natron           -4.49     -6.75   -2.26  Na2CO3:10H2O
  Nesquehonite     -2.97     -7.71   -4.74  MgCO3:3H2O
  Picromerite      -5.15    -10.68   -5.53  MgSO4:K2SO4:6H2O
  Sylvite          -1.59     -1.23    0.36  KCl
  Tachyhydrite    -21.03     -1.81   19.22  CaCl2:(MgCl2)2:12H2O
  Thenardite       -2.34     -2.66   -0.32  Na2SO4
  Trona            -7.23     -8.67   -1.44  Na3H(CO3)2:2H2O
  Vaterite         -0.68     -8.36   -7.68  CaCO3

**For a gas, SI = log10(fugacity). Fugacity = pressure * phi / 1 atm.
  For ideal gases, phi = 1.

------------------
End of simulation.
------------------

------------------------------------
Reading input data for simulation 2.
------------------------------------

-------------------------------
End of Run after 1.331 Seconds.
-------------------------------

