   Input file: C:\Users\Kagiso\PHREEQC-Python\C5_FREZ_pre_-008p0.pqi
  Output file: C:\Users\Kagiso\PHREEQC-Python\C5_FREZ_pre_-008p0.out
Database file: C:\Program Files\USGS\phreeqc-3.8.6-17100-x64\database\frezchem.dat

------------------
Reading data base.
------------------

	PITZER
	SOLUTION_MASTER_SPECIES
	SOLUTION_SPECIES
	PHASES
	PITZER
	EXCHANGE_MASTER_SPECIES
	EXCHANGE_SPECIES
	SURFACE_MASTER_SPECIES
	SURFACE_SPECIES
	END
------------------------------------
Reading input data for simulation 1.
------------------------------------

	TITLE C5 FREZCHEM sequential FC at -8.00 C
	SOLUTION 1
	    temp -8.00000000
	    pH 7.2463000000
	    units mol/kgw
	    water 0.471830000000
	    Na 1.70580505690609e+00
	    K 3.06635864612254e-02
	    Mg 1.69067248797236e-01
	    Ca 2.93453150499120e-02
	    Cl 1.93497658054808e+00
	    S(6) 7.41453489604307e-02
	    C(4) 5.19954220799864e-03
	SELECTED_OUTPUT 1
	    file C:/Users/Kagiso/PHREEQC-Python/C5_FREZ_pre_-008p0.txt
	    reset false
	    user_punch true
	USER_PUNCH 1
	    headings Temp_C pH Water_kg Alk_eq_kgw Mu aw Na_mol K_mol Mg_mol Ca_mol Cl_mol S6_mol C4_mol Na_m K_m Mg_m Ca_m Cl_m S6_m C4_m Na_act Cl_act SO4_act SI_Ice SI_Mirabilite SI_Halite SI_Hydrohalite SI_Calcite SI_Gypsum Iterations
	    10 PUNCH TC, -LA("H+"), TOT("water"), ALK, MU, ACT("H2O")
	    20 PUNCH TOTMOLE("Na"), TOTMOLE("K"), TOTMOLE("Mg"), TOTMOLE("Ca")
	    30 PUNCH TOTMOLE("Cl"), TOTMOLE("S(6)"), TOTMOLE("C(4)")
	    40 PUNCH TOT("Na"), TOT("K"), TOT("Mg"), TOT("Ca")
	    50 PUNCH TOT("Cl"), TOT("S(6)"), TOT("C(4)")
	    60 PUNCH ACT("Na+"), ACT("Cl-"), ACT("SO4-2")
	    70 PUNCH SI("Ice(s)"), SI("Mirabilite"), SI("Halite"), SI("Hydrohalite"), SI("Calcite"), SI("Gypsum")
	    80 PUNCH ITERATIONS
	END
-----
TITLE
-----

 C5 FREZCHEM sequential FC at -8.00 C

-------------------------------------------
Beginning of initial solution calculations.
-------------------------------------------

Initial solution 1.	

-----------------------------Solution composition------------------------------

	Elements           Molality       Moles

	C(4)              5.200e-03   2.453e-03
	Ca                2.935e-02   1.385e-02
	Cl                1.935e+00   9.130e-01
	K                 3.066e-02   1.447e-02
	Mg                1.691e-01   7.977e-02
	Na                1.706e+00   8.048e-01
	S(6)              7.415e-02   3.498e-02

----------------------------Description of solution----------------------------

                                       pH  =   7.246    
                                       pe  =   4.000    
      Specific Conductance (µS/cm,  -8°C)  = 47612
                          Density (g/cm³)  =   1.09090
                               Volume (L)  =   0.48516
                        Activity of water  =   0.935
                 Ionic strength (mol/kgw)  =   2.383e+00
                       Mass of water (kg)  =   4.718e-01
                 Total alkalinity (eq/kg)  =   4.772e-03
                       Total CO2 (mol/kg)  =   5.200e-03
                         Temperature (°C)  =  -8.00
                  Electrical balance (eq)  =   2.135e-02
 Percent error, 100*(Cat-|An|)/(Cat+|An|)  =   1.07
                               Iterations  =  14
                         Gamma iterations  =   4
                      Osmotic coefficient  =   0.94906
                         Density of water  =   0.99865
                                  Total H  = 5.238413e+01
                                  Total O  = 2.633803e+01

----------------------------Distribution of species----------------------------

                                                    Unscaled  Unscaled
                                Unscaled       Log       Log       Log    mole V
   Species          Molality    Activity  Molality  Activity     Gamma   cm³/mol

   H+              5.018e-08   5.672e-08    -7.299    -7.246     0.053      0.00
   OH-             4.998e-08   8.238e-09    -7.301    -8.084    -0.783     -4.00
   H2O             5.551e+01   9.347e-01     1.744    -0.029     0.000     18.04
C(4)          5.200e-03
   HCO3-           4.710e-03   2.125e-03    -2.327    -2.673    -0.346     27.65
   CO2             4.585e-04   6.464e-04    -3.339    -3.190     0.149     43.99
   CO3-2           1.766e-05   6.443e-07    -4.753    -6.191    -1.438     -3.49
   MgCO3           1.343e-05   1.343e-05    -4.872    -4.872     0.000    -17.02
   CaCO3           3.198e-12   3.198e-12   -11.495   -11.495     0.000     (0)  
Ca            2.935e-02
   Ca+2            2.935e-02   6.365e-03    -1.532    -2.196    -0.664    -18.73
   CaCO3           3.198e-12   3.198e-12   -11.495   -11.495     0.000     (0)  
Cl            1.935e+00
   Cl-             1.935e+00   1.306e+00     0.287     0.116    -0.171     16.78
K             3.066e-02
   K+              3.066e-02   1.480e-02    -1.513    -1.830    -0.316      9.25
Mg            1.691e-01
   Mg+2            1.691e-01   3.827e-02    -0.772    -1.417    -0.645    -18.81
   MgCO3           1.343e-05   1.343e-05    -4.872    -4.872     0.000    -17.02
   MgOH+           4.780e-08   3.837e-08    -7.321    -7.416    -0.096     (0)  
Na            1.706e+00
   Na+             1.706e+00   9.640e-01     0.232    -0.016    -0.248     -1.92
S(6)          7.415e-02
   SO4-2           7.415e-02   2.723e-03    -1.130    -2.565    -1.435     13.45

------------------------------Saturation indices-------------------------------

  Phase               SI** log IAP   log K(265 K,   1 atm)

  Anhydrite        -0.73     -4.76   -4.03  CaSO4
  Antarcticite     -5.27     -2.14    3.13  CaCl2:6H2O
  Aphthitalite    -11.89    -21.27   -9.38  Na2SO4:3K2SO4
  Aragonite        -0.19     -8.39   -8.20  CaCO3
  Arcanite         -3.88     -6.22   -2.35  K2SO4
  Bischofite       -6.11     -1.36    4.75  MgCl2:6H2O
  Bloedite         -4.21     -6.70   -2.49  Na2Mg(SO4)2:4H2O
  Calcite          -0.02     -8.39   -8.37  CaCO3
  Carnallite       -6.78     -3.07    3.71  KMgCl3:6H2O
  CO2(g)           -2.23     -3.19   -0.96  CO2
  Dolomite          0.23    -16.00  -16.22  CaMg(CO3)2
  Epsomite         -1.86     -4.19   -2.33  MgSO4:7H2O
  Gypsum           -0.10     -4.82   -4.72  CaSO4:2H2O
  Halite           -1.36      0.10    1.46  NaCl
  Hexahydrite      -2.43     -4.16   -1.72  MgSO4:6H2O
  Hydrohalite      -1.09      0.04    1.13  NaCl:2H2O
  Hydromagnesite   -6.06    -40.50  -34.44  (MgCO3)3:Mg(OH)2:3H2O
  Ice(s)            0.00     -0.03   -0.03  H2O
  Ikaite           -1.14     -8.56   -7.42  CaCO3:6H2O
  Kalicinite       -4.23     -4.50   -0.27  KHCO3
  Kieserite        -4.95     -4.01    0.94  MgSO4:H2O
  Landsfordite     -2.68     -7.75   -5.07  MgCO3:5H2O
  Magnesite        -0.14     -7.61   -7.47  MgCO3
  Meridianite      -1.66     -4.30   -2.65  MgSO4:11H2O
  MgCl2:12H2O      -3.94     -1.54    2.40  MgCl2:12H2O
  MgCl2:8H2O       -5.13     -1.42    3.71  MgCl2:8H2O
  Mirabilite        0.05     -2.89   -2.94  Na2SO4:10H2O
  Na2CO3:7H2O      -5.17     -6.43   -1.26  Na2CO3:7H2O
  Nahcolite        -1.87     -2.69   -0.82  NaHCO3
  Natron           -4.43     -6.52   -2.09  Na2CO3:10H2O
  Nesquehonite     -2.83     -7.70   -4.87  MgCO3:3H2O
  Picromerite      -5.06    -10.38   -5.33  MgSO4:K2SO4:6H2O
  Sylvite          -2.16     -1.71    0.45  KCl
  Tachyhydrite    -23.61     -4.69   18.92  CaCl2:(MgCl2)2:12H2O
  Thenardite       -2.28     -2.60   -0.32  Na2SO4
  Trona            -7.58     -8.97   -1.38  Na3H(CO3)2:2H2O
  Vaterite         -0.68     -8.39   -7.70  CaCO3

**For a gas, SI = log10(fugacity). Fugacity = pressure * phi / 1 atm.
  For ideal gases, phi = 1.

------------------
End of simulation.
------------------

------------------------------------
Reading input data for simulation 2.
------------------------------------

-------------------------------
End of Run after 1.134 Seconds.
-------------------------------

