   Input file: C:\Users\Kagiso\PHREEQC-Python\C5_FREZ_pre_-022p0.pqi
  Output file: C:\Users\Kagiso\PHREEQC-Python\C5_FREZ_pre_-022p0.out
Database file: C:\Program Files\USGS\phreeqc-3.8.6-17100-x64\database\frezchem.dat

------------------
Reading data base.
------------------

	PITZER
	SOLUTION_MASTER_SPECIES
	SOLUTION_SPECIES
	PHASES
	PITZER
	EXCHANGE_MASTER_SPECIES
	EXCHANGE_SPECIES
	SURFACE_MASTER_SPECIES
	SURFACE_SPECIES
	END
------------------------------------
Reading input data for simulation 1.
------------------------------------

	TITLE C5 FREZCHEM sequential FC at -22.00 C
	SOLUTION 1
	    temp -22.00000000
	    pH 6.4785000000
	    units mol/kgw
	    water 0.187210000000
	    Na 3.96543988034827e+00
	    K 7.72821964638641e-02
	    Mg 4.26104374766305e-01
	    Ca 7.27151327386358e-02
	    Cl 4.87676940334384e+00
	    S(6) 2.00235030180012e-02
	    C(4) 1.18604775385930e-02
	SELECTED_OUTPUT 1
	    file C:/Users/Kagiso/PHREEQC-Python/C5_FREZ_pre_-022p0.txt
	    reset false
	    user_punch true
	USER_PUNCH 1
	    headings Temp_C pH Water_kg Alk_eq_kgw Mu aw Na_mol K_mol Mg_mol Ca_mol Cl_mol S6_mol C4_mol Na_m K_m Mg_m Ca_m Cl_m S6_m C4_m Na_act Cl_act SO4_act SI_Ice SI_Mirabilite SI_Halite SI_Hydrohalite SI_Calcite SI_Gypsum Iterations
	    10 PUNCH TC, -LA("H+"), TOT("water"), ALK, MU, ACT("H2O")
	    20 PUNCH TOTMOLE("Na"), TOTMOLE("K"), TOTMOLE("Mg"), TOTMOLE("Ca")
	    30 PUNCH TOTMOLE("Cl"), TOTMOLE("S(6)"), TOTMOLE("C(4)")
	    40 PUNCH TOT("Na"), TOT("K"), TOT("Mg"), TOT("Ca")
	    50 PUNCH TOT("Cl"), TOT("S(6)"), TOT("C(4)")
	    60 PUNCH ACT("Na+"), ACT("Cl-"), ACT("SO4-2")
	    70 PUNCH SI("Ice(s)"), SI("Mirabilite"), SI("Halite"), SI("Hydrohalite"), SI("Calcite"), SI("Gypsum")
	    80 PUNCH ITERATIONS
	END
-----
TITLE
-----

 C5 FREZCHEM sequential FC at -22.00 C

-------------------------------------------
Beginning of initial solution calculations.
-------------------------------------------

Initial solution 1.	

-----------------------------Solution composition------------------------------

	Elements           Molality       Moles

	C(4)              1.186e-02   2.220e-03
	Ca                7.272e-02   1.361e-02
	Cl                4.877e+00   9.130e-01
	K                 7.728e-02   1.447e-02
	Mg                4.261e-01   7.977e-02
	Na                3.965e+00   7.424e-01
	S(6)              2.002e-02   3.749e-03

----------------------------Description of solution----------------------------

                                       pH  =   6.479    
                                       pe  =   4.000    
      Specific Conductance (µS/cm, -22°C)  = 38997
                          Density (g/cm³)  =   1.20554
                               Volume (L)  =   0.19923
                        Activity of water  =   0.816
                 Ionic strength (mol/kgw)  =   5.502e+00
                       Mass of water (kg)  =   1.872e-01
                 Total alkalinity (eq/kg)  =   8.370e-03
                       Total CO2 (mol/kg)  =   1.186e-02
                         Temperature (°C)  = -22.00
                  Electrical balance (eq)  =   2.156e-02
 Percent error, 100*(Cat-|An|)/(Cat+|An|)  =   1.16
                               Iterations  =  18
                         Gamma iterations  =   5
                      Osmotic coefficient  =   1.19698
                         Density of water  =   0.99223
                                  Total H  = 2.078535e+01
                                  Total O  = 1.041289e+01

----------------------------Distribution of species----------------------------

                                                    Unscaled  Unscaled
                                Unscaled       Log       Log       Log    mole V
   Species          Molality    Activity  Molality  Activity     Gamma   cm³/mol

   H+              7.991e-08   3.323e-07    -7.097    -6.479     0.619      0.00
   OH-             1.363e-08   2.333e-10    -7.865    -9.632    -1.767     -5.60
   H2O             5.551e+01   8.156e-01     1.744    -0.089     0.000     18.16
C(4)          1.186e-02
   HCO3-           8.330e-03   2.798e-03    -2.079    -2.553    -0.474     40.26
   CO2             3.511e-03   1.117e-02    -2.455    -1.952     0.503     63.23
   MgCO3           1.339e-05   1.339e-05    -4.873    -4.873     0.000    -16.92
   CO3-2           6.445e-06   7.302e-08    -5.191    -7.137    -1.946      0.27
   CaCO3           1.938e-12   1.938e-12   -11.713   -11.713     0.000     (0)  
Ca            7.272e-02
   Ca+2            7.272e-02   5.560e-02    -1.138    -1.255    -0.117    -26.14
   CaCO3           1.938e-12   1.938e-12   -11.713   -11.713     0.000     (0)  
Cl            4.877e+00
   Cl-             4.877e+00   4.160e+00     0.688     0.619    -0.069     15.21
K             7.728e-02
   K+              7.728e-02   2.837e-02    -1.112    -1.547    -0.435     11.76
Mg            4.261e-01
   Mg+2            4.261e-01   3.952e-01    -0.370    -0.403    -0.033    -19.34
   MgCO3           1.339e-05   1.339e-05    -4.873    -4.873     0.000    -16.92
   MgOH+           2.100e-08   1.155e-08    -7.678    -7.937    -0.260     (0)  
Na            3.965e+00
   Na+             3.965e+00   2.433e+00     0.598     0.386    -0.212     -2.33
S(6)          2.002e-02
   SO4-2           2.002e-02   2.875e-04    -1.698    -3.541    -1.843      5.17

------------------------------Saturation indices-------------------------------

  Phase               SI** log IAP   log K(251 K,   1 atm)

  Anhydrite        -0.77     -4.80   -4.03  CaSO4
  Antarcticite     -3.48     -0.55    2.93  CaCl2:6H2O
  Aphthitalite    -12.37    -22.68  -10.31  Na2SO4:3K2SO4
  Aragonite        -0.21     -8.39   -8.18  CaCO3
  Arcanite         -4.00     -6.64   -2.64  K2SO4
  Bischofite       -4.38      0.30    4.69  MgCl2:6H2O
  Bloedite         -4.53     -7.07   -2.54  Na2Mg(SO4)2:4H2O
  Calcite          -0.03     -8.39   -8.37  CaCO3
  Carnallite       -3.93     -0.62    3.30  KMgCl3:6H2O
  CO2(g)           -1.30     -1.95   -0.65  CO2
  Dolomite         -0.14    -15.93  -15.79  CaMg(CO3)2
  Epsomite         -2.01     -4.56   -2.55  MgSO4:7H2O
  Gypsum           -0.10     -4.97   -4.87  CaSO4:2H2O
  Halite           -0.35      1.01    1.36  NaCl
  Hexahydrite      -2.71     -4.48   -1.77  MgSO4:6H2O
  Hydrohalite      -0.06      0.83    0.89  NaCl:2H2O
  Hydromagnesite   -9.29    -42.55  -33.26  (MgCO3)3:Mg(OH)2:3H2O
  Ice(s)            0.00     -0.09   -0.09  H2O
  Ikaite           -1.07     -8.92   -7.85  CaCO3:6H2O
  Kalicinite       -3.64     -4.10   -0.46  KHCO3
  Kieserite        -5.85     -4.03    1.82  MgSO4:H2O
  Landsfordite     -3.56     -7.98   -4.43  MgCO3:5H2O
  Magnesite        -0.36     -7.54   -7.18  MgCO3
  Meridianite      -1.70     -4.92   -3.22  MgSO4:11H2O
  MgCl2:12H2O      -2.00     -0.23    1.77  MgCl2:12H2O
  MgCl2:8H2O       -3.26      0.13    3.39  MgCl2:8H2O
  Mirabilite        0.04     -3.65   -3.69  Na2SO4:10H2O
  Na2CO3:7H2O      -5.38     -6.98   -1.61  Na2CO3:7H2O
  Nahcolite        -1.24     -2.17   -0.93  NaHCO3
  Natron           -4.69     -7.25   -2.56  Na2CO3:10H2O
  Nesquehonite     -3.35     -7.81   -4.46  MgCO3:3H2O
  Picromerite      -5.18    -11.11   -5.93  MgSO4:K2SO4:6H2O
  Sylvite          -1.12     -0.93    0.19  KCl
  Tachyhydrite    -19.18      0.59   19.77  CaCl2:(MgCl2)2:12H2O
  Thenardite       -2.44     -2.77   -0.33  Na2SO4
  Trona            -7.17     -8.71   -1.54  Na3H(CO3)2:2H2O
  Vaterite         -0.74     -8.39   -7.65  CaCO3

**For a gas, SI = log10(fugacity). Fugacity = pressure * phi / 1 atm.
  For ideal gases, phi = 1.

------------------
End of simulation.
------------------

------------------------------------
Reading input data for simulation 2.
------------------------------------

-------------------------------
End of Run after 1.082 Seconds.
-------------------------------

