   Input file: C:\Users\Kagiso\PHREEQC-Python\C5_FREZ_pre_-009p0.pqi
  Output file: C:\Users\Kagiso\PHREEQC-Python\C5_FREZ_pre_-009p0.out
Database file: C:\Program Files\USGS\phreeqc-3.8.6-17100-x64\database\frezchem.dat

------------------
Reading data base.
------------------

	PITZER
	SOLUTION_MASTER_SPECIES
	SOLUTION_SPECIES
	PHASES
	PITZER
	EXCHANGE_MASTER_SPECIES
	EXCHANGE_SPECIES
	SURFACE_MASTER_SPECIES
	SURFACE_SPECIES
	END
------------------------------------
Reading input data for simulation 1.
------------------------------------

	TITLE C5 FREZCHEM sequential FC at -9.00 C
	SOLUTION 1
	    temp -9.00000000
	    pH 7.1427000000
	    units mol/kgw
	    water 0.415710000000
	    Na 1.89759688244209e+00
	    K 3.48031079358206e-02
	    Mg 1.91890981693969e-01
	    Ca 3.32226792716076e-02
	    Cl 2.19619446248587e+00
	    S(6) 6.49082292944601e-02
	    C(4) 5.81679536215150e-03
	SELECTED_OUTPUT 1
	    file C:/Users/Kagiso/PHREEQC-Python/C5_FREZ_pre_-009p0.txt
	    reset false
	    user_punch true
	USER_PUNCH 1
	    headings Temp_C pH Water_kg Alk_eq_kgw Mu aw Na_mol K_mol Mg_mol Ca_mol Cl_mol S6_mol C4_mol Na_m K_m Mg_m Ca_m Cl_m S6_m C4_m Na_act Cl_act SO4_act SI_Ice SI_Mirabilite SI_Halite SI_Hydrohalite SI_Calcite SI_Gypsum Iterations
	    10 PUNCH TC, -LA("H+"), TOT("water"), ALK, MU, ACT("H2O")
	    20 PUNCH TOTMOLE("Na"), TOTMOLE("K"), TOTMOLE("Mg"), TOTMOLE("Ca")
	    30 PUNCH TOTMOLE("Cl"), TOTMOLE("S(6)"), TOTMOLE("C(4)")
	    40 PUNCH TOT("Na"), TOT("K"), TOT("Mg"), TOT("Ca")
	    50 PUNCH TOT("Cl"), TOT("S(6)"), TOT("C(4)")
	    60 PUNCH ACT("Na+"), ACT("Cl-"), ACT("SO4-2")
	    70 PUNCH SI("Ice(s)"), SI("Mirabilite"), SI("Halite"), SI("Hydrohalite"), SI("Calcite"), SI("Gypsum")
	    80 PUNCH ITERATIONS
	END
-----
TITLE
-----

 C5 FREZCHEM sequential FC at -9.00 C

-------------------------------------------
Beginning of initial solution calculations.
-------------------------------------------

Initial solution 1.	

-----------------------------Solution composition------------------------------

	Elements           Molality       Moles

	C(4)              5.817e-03   2.418e-03
	Ca                3.322e-02   1.381e-02
	Cl                2.196e+00   9.130e-01
	K                 3.480e-02   1.447e-02
	Mg                1.919e-01   7.977e-02
	Na                1.898e+00   7.888e-01
	S(6)              6.491e-02   2.698e-02

----------------------------Description of solution----------------------------

                                       pH  =   7.143    
                                       pe  =   4.000    
      Specific Conductance (µS/cm,  -9°C)  = 49295
                          Density (g/cm³)  =   1.10029
                               Volume (L)  =   0.42898
                        Activity of water  =   0.926
                 Ionic strength (mol/kgw)  =   2.647e+00
                       Mass of water (kg)  =   4.157e-01
                 Total alkalinity (eq/kg)  =   5.219e-03
                       Total CO2 (mol/kg)  =   5.817e-03
                         Temperature (°C)  =  -9.00
                  Electrical balance (eq)  =   2.137e-02
 Percent error, 100*(Cat-|An|)/(Cat+|An|)  =   1.09
                               Iterations  =  15
                         Gamma iterations  =   5
                      Osmotic coefficient  =   0.96870
                         Density of water  =   0.99840
                                  Total H  = 4.615369e+01
                                  Total O  = 2.319070e+01

----------------------------Distribution of species----------------------------

                                                    Unscaled  Unscaled
                                Unscaled       Log       Log       Log    mole V
   Species          Molality    Activity  Molality  Activity     Gamma   cm³/mol

   H+              5.748e-08   7.199e-08    -7.240    -7.143     0.098      0.00
   OH-             4.097e-08   5.757e-09    -7.388    -8.240    -0.852     -3.91
   H2O             5.551e+01   9.257e-01     1.744    -0.034     0.000     18.04
C(4)          5.817e-03
   HCO3-           5.159e-03   2.286e-03    -2.287    -2.641    -0.353     28.39
   CO2             6.279e-04   9.274e-04    -3.202    -3.033     0.169     44.87
   CO3-2           1.638e-05   5.231e-07    -4.786    -6.281    -1.496     -3.11
   MgCO3           1.339e-05   1.339e-05    -4.873    -4.873     0.000    -17.02
   CaCO3           3.134e-12   3.134e-12   -11.504   -11.504     0.000     (0)  
Ca            3.322e-02
   Ca+2            3.322e-02   7.849e-03    -1.479    -2.105    -0.627    -18.96
   CaCO3           3.134e-12   3.134e-12   -11.504   -11.504     0.000     (0)  
Cl            2.196e+00
   Cl-             2.196e+00   1.508e+00     0.342     0.178    -0.163     16.73
K             3.480e-02
   K+              3.480e-02   1.643e-02    -1.458    -1.784    -0.326      9.40
Mg            1.919e-01
   Mg+2            1.919e-01   4.757e-02    -0.717    -1.323    -0.606    -18.73
   MgCO3           1.339e-05   1.339e-05    -4.873    -4.873     0.000    -17.02
   MgOH+           4.241e-08   3.331e-08    -7.373    -7.477    -0.105     (0)  
Na            1.898e+00
   Na+             1.898e+00   1.074e+00     0.278     0.031    -0.247     -1.88
S(6)          6.491e-02
   SO4-2           6.491e-02   2.133e-03    -1.188    -2.671    -1.483     13.35

------------------------------Saturation indices-------------------------------

  Phase               SI** log IAP   log K(264 K,   1 atm)

  Anhydrite        -0.75     -4.78   -4.03  CaSO4
  Antarcticite     -5.06     -1.95    3.11  CaCl2:6H2O
  Aphthitalite    -11.88    -21.33   -9.44  Na2SO4:3K2SO4
  Aragonite        -0.19     -8.39   -8.20  CaCO3
  Arcanite         -3.87     -6.24   -2.37  K2SO4
  Bischofite       -5.91     -1.17    4.75  MgCl2:6H2O
  Bloedite         -4.24     -6.74   -2.49  Na2Mg(SO4)2:4H2O
  Calcite          -0.02     -8.39   -8.37  CaCO3
  Carnallite       -6.45     -2.77    3.68  KMgCl3:6H2O
  CO2(g)           -2.09     -3.03   -0.94  CO2
  Dolomite          0.20    -15.99  -16.19  CaMg(CO3)2
  Epsomite         -1.88     -4.23   -2.34  MgSO4:7H2O
  Gypsum           -0.12     -4.84   -4.72  CaSO4:2H2O
  Halite           -1.24      0.21    1.45  NaCl
  Hexahydrite      -2.47     -4.19   -1.73  MgSO4:6H2O
  Hydrohalite      -0.97      0.14    1.12  NaCl:2H2O
  Hydromagnesite   -6.36    -40.72  -34.36  (MgCO3)3:Mg(OH)2:3H2O
  Ice(s)            0.00     -0.03   -0.04  H2O
  Ikaite           -1.13     -8.59   -7.45  CaCO3:6H2O
  Kalicinite       -4.14     -4.43   -0.29  KHCO3
  Kieserite        -5.03     -4.03    1.00  MgSO4:H2O
  Landsfordite     -2.73     -7.77   -5.04  MgCO3:5H2O
  Magnesite        -0.16     -7.60   -7.45  MgCO3
  Meridianite      -1.67     -4.36   -2.69  MgSO4:11H2O
  MgCl2:12H2O      -3.72     -1.37    2.35  MgCl2:12H2O
  MgCl2:8H2O       -4.92     -1.23    3.69  MgCl2:8H2O
  Mirabilite        0.05     -2.94   -2.99  Na2SO4:10H2O
  Na2CO3:7H2O      -5.17     -6.45   -1.28  Na2CO3:7H2O
  Nahcolite        -1.78     -2.61   -0.83  NaHCO3
  Natron           -4.43     -6.55   -2.12  Na2CO3:10H2O
  Nesquehonite     -2.86     -7.70   -4.84  MgCO3:3H2O
  Picromerite      -5.07    -10.43   -5.37  MgSO4:K2SO4:6H2O
  Sylvite          -2.04     -1.61    0.43  KCl
  Tachyhydrite    -23.07     -4.08   18.98  CaCl2:(MgCl2)2:12H2O
  Thenardite       -2.29     -2.61   -0.32  Na2SO4
  Trona            -7.50     -8.90   -1.40  Na3H(CO3)2:2H2O
  Vaterite         -0.69     -8.39   -7.70  CaCO3

**For a gas, SI = log10(fugacity). Fugacity = pressure * phi / 1 atm.
  For ideal gases, phi = 1.

------------------
End of simulation.
------------------

------------------------------------
Reading input data for simulation 2.
------------------------------------

-------------------------------
End of Run after 1.133 Seconds.
-------------------------------

