   Input file: C:\Users\Kagiso\PHREEQC-Python\C5_FREZ_pre_+017p0.pqi
  Output file: C:\Users\Kagiso\PHREEQC-Python\C5_FREZ_pre_+017p0.out
Database file: C:\Program Files\USGS\phreeqc-3.8.6-17100-x64\database\frezchem.dat

------------------
Reading data base.
------------------

	PITZER
	SOLUTION_MASTER_SPECIES
	SOLUTION_SPECIES
	PHASES
	PITZER
	EXCHANGE_MASTER_SPECIES
	EXCHANGE_SPECIES
	SURFACE_MASTER_SPECIES
	SURFACE_SPECIES
	END
------------------------------------
Reading input data for simulation 1.
------------------------------------

	TITLE C5 FREZCHEM sequential FC at 17.00 C
	SOLUTION 1
	    temp 17.00000000
	    pH 7.3698000000
	    units mol/kgw
	    water 1.000000000000
	    Na 8.08490000000000e-01
	    K 1.44680000000000e-02
	    Mg 7.97710000000000e-02
	    Ca 1.38470000000000e-02
	    Cl 9.12980000000000e-01
	    S(6) 3.68060000000000e-02
	    C(4) 2.45460000000000e-03
	SELECTED_OUTPUT 1
	    file C:/Users/Kagiso/PHREEQC-Python/C5_FREZ_pre_+017p0.txt
	    reset false
	    user_punch true
	USER_PUNCH 1
	    headings Temp_C pH Water_kg Alk_eq_kgw Mu aw Na_mol K_mol Mg_mol Ca_mol Cl_mol S6_mol C4_mol Na_m K_m Mg_m Ca_m Cl_m S6_m C4_m Na_act Cl_act SO4_act SI_Ice SI_Mirabilite SI_Halite SI_Hydrohalite SI_Calcite SI_Gypsum Iterations
	    10 PUNCH TC, -LA("H+"), TOT("water"), ALK, MU, ACT("H2O")
	    20 PUNCH TOTMOLE("Na"), TOTMOLE("K"), TOTMOLE("Mg"), TOTMOLE("Ca")
	    30 PUNCH TOTMOLE("Cl"), TOTMOLE("S(6)"), TOTMOLE("C(4)")
	    40 PUNCH TOT("Na"), TOT("K"), TOT("Mg"), TOT("Ca")
	    50 PUNCH TOT("Cl"), TOT("S(6)"), TOT("C(4)")
	    60 PUNCH ACT("Na+"), ACT("Cl-"), ACT("SO4-2")
	    70 PUNCH SI("Ice(s)"), SI("Mirabilite"), SI("Halite"), SI("Hydrohalite"), SI("Calcite"), SI("Gypsum")
	    80 PUNCH ITERATIONS
	END
-----
TITLE
-----

 C5 FREZCHEM sequential FC at 17.00 C

-------------------------------------------
Beginning of initial solution calculations.
-------------------------------------------

Initial solution 1.	

-----------------------------Solution composition------------------------------

	Elements           Molality       Moles

	C(4)              2.455e-03   2.455e-03
	Ca                1.385e-02   1.385e-02
	Cl                9.130e-01   9.130e-01
	K                 1.447e-02   1.447e-02
	Mg                7.977e-02   7.977e-02
	Na                8.085e-01   8.085e-01
	S(6)              3.681e-02   3.681e-02

----------------------------Description of solution----------------------------

                                       pH  =   7.370    
                                       pe  =   4.000    
      Specific Conductance (µS/cm,  17°C)  = 61780
                          Density (g/cm³)  =   1.04017
                               Volume (L)  =   1.01685
                        Activity of water  =   0.969
                 Ionic strength (mol/kgw)  =   1.130e+00
                       Mass of water (kg)  =   1.000e+00
                 Total alkalinity (eq/kg)  =   2.375e-03
                       Total CO2 (mol/kg)  =   2.455e-03
                         Temperature (°C)  =  17.00
                  Electrical balance (eq)  =   2.123e-02
 Percent error, 100*(Cat-|An|)/(Cat+|An|)  =   1.06
                               Iterations  =  13
                         Gamma iterations  =   4
                      Osmotic coefficient  =   0.92149
                         Density of water  =   0.99877
                                  Total H  = 1.110209e+02
                                  Total O  = 5.566378e+01

----------------------------Distribution of species----------------------------

                                                    Unscaled  Unscaled
                                Unscaled       Log       Log       Log    mole V
   Species          Molality    Activity  Molality  Activity     Gamma   cm³/mol

   OH-             3.097e-07   1.225e-07    -6.509    -6.912    -0.403     -2.36
   H+              5.517e-08   4.268e-08    -7.258    -7.370    -0.112      0.00
   H2O             5.551e+01   9.695e-01     1.744    -0.013     0.000     18.04
C(4)          2.455e-03
   HCO3-           2.316e-03   1.217e-03    -2.635    -2.915    -0.280     27.05
   CO2             1.092e-04   1.355e-04    -3.962    -3.868     0.094     31.24
   CO3-2           1.467e-05   1.118e-06    -4.834    -5.952    -1.118     -0.20
   MgCO3           1.462e-05   1.462e-05    -4.835    -4.835     0.000    -17.08
   CaCO3           2.269e-12   2.269e-12   -11.644   -11.644     0.000     (0)  
Ca            1.385e-02
   Ca+2            1.385e-02   2.512e-03    -1.859    -2.600    -0.741    -16.66
   CaCO3           2.269e-12   2.269e-12   -11.644   -11.644     0.000     (0)  
Cl            9.130e-01
   Cl-             9.130e-01   6.302e-01    -0.040    -0.201    -0.161     18.67
K             1.447e-02
   K+              1.447e-02   8.103e-03    -1.840    -2.091    -0.252      9.65
Mg            7.977e-02
   Mg+2            7.976e-02   1.728e-02    -1.098    -1.762    -0.664    -19.90
   MgCO3           1.462e-05   1.462e-05    -4.835    -4.835     0.000    -17.08
   MgOH+           3.358e-07   2.972e-07    -6.474    -6.527    -0.053     (0)  
Na            8.085e-01
   Na+             8.085e-01   4.994e-01    -0.092    -0.302    -0.209     -0.61
S(6)          3.681e-02
   SO4-2           3.681e-02   3.023e-03    -1.434    -2.519    -1.085     18.58

------------------------------Saturation indices-------------------------------

  Phase               SI** log IAP   log K(290 K,   1 atm)

  Anhydrite        -0.94     -5.12   -4.18  CaSO4
  Antarcticite     -6.70     -3.08    3.61  CaCl2:6H2O
  Aphthitalite    -15.51    -23.23   -7.72  Na2SO4:3K2SO4
  Aragonite        -0.26     -8.55   -8.29  CaCO3
  Arcanite         -4.80     -6.70   -1.90  K2SO4
  Bischofite       -6.93     -2.24    4.68  MgCl2:6H2O
  Bloedite         -5.06     -7.46   -2.40  Na2Mg(SO4)2:4H2O
  Calcite          -0.11     -8.55   -8.44  CaCO3
  Carnallite       -8.73     -4.54    4.19  KMgCl3:6H2O
  CO2(g)           -2.50     -3.87   -1.37  CO2
  Dolomite          0.63    -16.27  -16.89  CaMg(CO3)2
  Epsomite         -2.40     -4.38   -1.98  MgSO4:7H2O
  Gypsum           -0.54     -5.15   -4.60  CaSO4:2H2O
  Halite           -2.06     -0.50    1.56  NaCl
  Hexahydrite      -2.71     -4.36   -1.65  MgSO4:6H2O
  Hydrohalite      -1.99     -0.53    1.46  NaCl:2H2O
  Hydromagnesite   -2.52    -38.77  -36.25  (MgCO3)3:Mg(OH)2:3H2O
  Ice(s)           -0.08     -0.01    0.07  H2O
  Ikaite           -1.86     -8.63   -6.77  CaCO3:6H2O
  Kalicinite       -5.08     -5.01    0.08  KHCO3
  Kieserite        -4.25     -4.30   -0.04  MgSO4:H2O
  Landsfordite     -2.64     -7.78   -5.14  MgCO3:5H2O
  Magnesite         0.19     -7.71   -7.91  MgCO3
  Meridianite      -2.80     -4.43   -1.63  MgSO4:11H2O
  MgCl2:12H2O      -6.36     -2.33    4.03  MgCl2:12H2O
  MgCl2:8H2O       -6.35     -2.27    4.08  MgCl2:8H2O
  Mirabilite       -1.63     -3.26   -1.62  Na2SO4:10H2O
  Na2CO3:7H2O      -6.01     -6.65   -0.64  Na2CO3:7H2O
  Nahcolite        -2.72     -3.22   -0.50  NaHCO3
  Natron           -5.55     -6.69   -1.14  Na2CO3:10H2O
  Nesquehonite     -2.48     -7.75   -5.27  MgCO3:3H2O
  Picromerite      -6.52    -11.06   -4.55  MgSO4:K2SO4:6H2O
  Sylvite          -3.10     -2.29    0.81  KCl
  Tachyhydrite    -24.91     -7.49   17.42  CaCl2:(MgCl2)2:12H2O
  Thenardite       -2.83     -3.12   -0.29  Na2SO4
  Trona            -8.69     -9.80   -1.11  Na3H(CO3)2:2H2O
  Vaterite         -0.70     -8.55   -7.85  CaCO3

**For a gas, SI = log10(fugacity). Fugacity = pressure * phi / 1 atm.
  For ideal gases, phi = 1.

------------------
End of simulation.
------------------

------------------------------------
Reading input data for simulation 2.
------------------------------------

-------------------------------
End of Run after 1.508 Seconds.
-------------------------------

