   Input file: C:\Users\Kagiso\PHREEQC-Python\C5_FREZ_pre_-005p0.pqi
  Output file: C:\Users\Kagiso\PHREEQC-Python\C5_FREZ_pre_-005p0.out
Database file: C:\Program Files\USGS\phreeqc-3.8.6-17100-x64\database\frezchem.dat

------------------
Reading data base.
------------------

	PITZER
	SOLUTION_MASTER_SPECIES
	SOLUTION_SPECIES
	PHASES
	PITZER
	EXCHANGE_MASTER_SPECIES
	EXCHANGE_SPECIES
	SURFACE_MASTER_SPECIES
	SURFACE_SPECIES
	END
------------------------------------
Reading input data for simulation 1.
------------------------------------

	TITLE C5 FREZCHEM sequential FC at -5.00 C
	SOLUTION 1
	    temp -5.00000000
	    pH 7.3321000000
	    units mol/kgw
	    water 0.794710000000
	    Na 1.01733965849178e+00
	    K 1.82053830957205e-02
	    Mg 1.00377496193580e-01
	    Ca 1.74239659750097e-02
	    Cl 1.14882158271571e+00
	    S(6) 4.63137496696908e-02
	    C(4) 3.08867385587195e-03
	SELECTED_OUTPUT 1
	    file C:/Users/Kagiso/PHREEQC-Python/C5_FREZ_pre_-005p0.txt
	    reset false
	    user_punch true
	USER_PUNCH 1
	    headings Temp_C pH Water_kg Alk_eq_kgw Mu aw Na_mol K_mol Mg_mol Ca_mol Cl_mol S6_mol C4_mol Na_m K_m Mg_m Ca_m Cl_m S6_m C4_m Na_act Cl_act SO4_act SI_Ice SI_Mirabilite SI_Halite SI_Hydrohalite SI_Calcite SI_Gypsum Iterations
	    10 PUNCH TC, -LA("H+"), TOT("water"), ALK, MU, ACT("H2O")
	    20 PUNCH TOTMOLE("Na"), TOTMOLE("K"), TOTMOLE("Mg"), TOTMOLE("Ca")
	    30 PUNCH TOTMOLE("Cl"), TOTMOLE("S(6)"), TOTMOLE("C(4)")
	    40 PUNCH TOT("Na"), TOT("K"), TOT("Mg"), TOT("Ca")
	    50 PUNCH TOT("Cl"), TOT("S(6)"), TOT("C(4)")
	    60 PUNCH ACT("Na+"), ACT("Cl-"), ACT("SO4-2")
	    70 PUNCH SI("Ice(s)"), SI("Mirabilite"), SI("Halite"), SI("Hydrohalite"), SI("Calcite"), SI("Gypsum")
	    80 PUNCH ITERATIONS
	END
-----
TITLE
-----

 C5 FREZCHEM sequential FC at -5.00 C

-------------------------------------------
Beginning of initial solution calculations.
-------------------------------------------

Initial solution 1.	

-----------------------------Solution composition------------------------------

	Elements           Molality       Moles

	C(4)              3.089e-03   2.455e-03
	Ca                1.742e-02   1.385e-02
	Cl                1.149e+00   9.130e-01
	K                 1.821e-02   1.447e-02
	Mg                1.004e-01   7.977e-02
	Na                1.017e+00   8.085e-01
	S(6)              4.631e-02   3.681e-02

----------------------------Description of solution----------------------------

                                       pH  =   7.332    
                                       pe  =   4.000    
      Specific Conductance (µS/cm,  -5°C)  = 37360
                          Density (g/cm³)  =   1.05526
                               Volume (L)  =   0.80776
                        Activity of water  =   0.962
                 Ionic strength (mol/kgw)  =   1.422e+00
                       Mass of water (kg)  =   7.947e-01
                 Total alkalinity (eq/kg)  =   2.870e-03
                       Total CO2 (mol/kg)  =   3.089e-03
                         Temperature (°C)  =  -5.00
                  Electrical balance (eq)  =   2.132e-02
 Percent error, 100*(Cat-|An|)/(Cat+|An|)  =   1.07
                               Iterations  =  12
                         Gamma iterations  =   4
                      Osmotic coefficient  =   0.90924
                         Density of water  =   0.99926
                                  Total H  = 8.822984e+01
                                  Total O  = 4.426820e+01

----------------------------Distribution of species----------------------------

                                                    Unscaled  Unscaled
                                Unscaled       Log       Log       Log    mole V
   Species          Molality    Activity  Molality  Activity     Gamma   cm³/mol

   H+              5.422e-08   4.655e-08    -7.266    -7.332    -0.066      0.00
   OH-             4.997e-08   1.427e-08    -7.301    -7.846    -0.544     -4.64
   H2O             5.551e+01   9.622e-01     1.744    -0.017     0.000     18.03
C(4)          3.089e-03
   HCO3-           2.838e-03   1.422e-03    -2.547    -2.847    -0.300     25.04
   CO2             2.344e-04   3.081e-04    -3.630    -3.511     0.119     41.62
   CO3-2           9.462e-06   5.945e-07    -5.024    -6.226    -1.202     -5.18
   MgCO3           6.475e-06   6.475e-06    -5.189    -5.189     0.000    -17.03
   CaCO3           1.630e-12   1.630e-12   -11.788   -11.788     0.000     (0)  
Ca            1.742e-02
   Ca+2            1.742e-02   3.336e-03    -1.759    -2.477    -0.718    -18.25
   CaCO3           1.630e-12   1.630e-12   -11.788   -11.788     0.000     (0)  
Cl            1.149e+00
   Cl-             1.149e+00   7.585e-01     0.060    -0.120    -0.180     16.82
K             1.821e-02
   K+              1.821e-02   9.636e-03    -1.740    -2.016    -0.276      8.69
Mg            1.004e-01
   Mg+2            1.004e-01   1.927e-02    -0.998    -1.715    -0.717    -19.16
   MgCO3           6.475e-06   6.475e-06    -5.189    -5.189     0.000    -17.03
   MgOH+           3.754e-08   3.362e-08    -7.425    -7.473    -0.048     (0)  
Na            1.017e+00
   Na+             1.017e+00   5.945e-01     0.007    -0.226    -0.233     -2.20
S(6)          4.631e-02
   SO4-2           4.631e-02   2.820e-03    -1.334    -2.550    -1.215     12.99

------------------------------Saturation indices-------------------------------

  Phase               SI** log IAP   log K(268 K,   1 atm)

  Anhydrite        -0.99     -5.03   -4.04  CaSO4
  Antarcticite     -6.00     -2.82    3.18  CaCl2:6H2O
  Aphthitalite    -13.57    -22.75   -9.18  Na2SO4:3K2SO4
  Aragonite        -0.50     -8.70   -8.20  CaCO3
  Arcanite         -4.29     -6.58   -2.29  K2SO4
  Bischofite       -6.81     -2.06    4.75  MgCl2:6H2O
  Bloedite         -4.85     -7.33   -2.48  Na2Mg(SO4)2:4H2O
  Calcite          -0.33     -8.70   -8.37  CaCO3
  Carnallite       -7.97     -4.19    3.78  KMgCl3:6H2O
  CO2(g)           -2.49     -3.51   -1.02  CO2
  Dolomite         -0.33    -16.64  -16.31  CaMg(CO3)2
  Epsomite         -2.10     -4.38   -2.28  MgSO4:7H2O
  Gypsum           -0.37     -5.06   -4.69  CaSO4:2H2O
  Halite           -1.82     -0.35    1.47  NaCl
  Hexahydrite      -2.65     -4.37   -1.72  MgSO4:6H2O
  Hydrohalite      -1.56     -0.38    1.18  NaCl:2H2O
  Hydromagnesite   -6.61    -41.28  -34.67  (MgCO3)3:Mg(OH)2:3H2O
  Ice(s)            0.00     -0.02   -0.02  H2O
  Ikaite           -1.46     -8.80   -7.34  CaCO3:6H2O
  Kalicinite       -4.63     -4.86   -0.23  KHCO3
  Kieserite        -5.07     -4.28    0.79  MgSO4:H2O
  Landsfordite     -2.89     -8.02   -5.13  MgCO3:5H2O
  Magnesite        -0.42     -7.94   -7.52  MgCO3
  Meridianite      -1.92     -4.45   -2.53  MgSO4:11H2O
  MgCl2:12H2O      -4.71     -2.16    2.56  MgCl2:12H2O
  MgCl2:8H2O       -5.85     -2.09    3.77  MgCl2:8H2O
  Mirabilite       -0.39     -3.17   -2.78  Na2SO4:10H2O
  Na2CO3:7H2O      -5.61     -6.79   -1.18  Na2CO3:7H2O
  Nahcolite        -2.29     -3.07   -0.78  NaHCO3
  Natron           -4.86     -6.84   -1.98  Na2CO3:10H2O
  Nesquehonite     -3.05     -7.99   -4.94  MgCO3:3H2O
  Picromerite      -5.74    -10.95   -5.21  MgSO4:K2SO4:6H2O
  Sylvite          -2.63     -2.14    0.50  KCl
  Tachyhydrite    -25.57     -6.83   18.74  CaCl2:(MgCl2)2:12H2O
  Thenardite       -2.69     -3.00   -0.31  Na2SO4
  Trona            -8.43     -9.78   -1.35  Na3H(CO3)2:2H2O
  Vaterite         -0.99     -8.70   -7.72  CaCO3

**For a gas, SI = log10(fugacity). Fugacity = pressure * phi / 1 atm.
  For ideal gases, phi = 1.

------------------
End of simulation.
------------------

------------------------------------
Reading input data for simulation 2.
------------------------------------

-------------------------------
End of Run after 1.066 Seconds.
-------------------------------

