   Input file: C:\Users\Kagiso\PHREEQC-Python\C5_FREZ_eq_-015p0.pqi
  Output file: C:\Users\Kagiso\PHREEQC-Python\C5_FREZ_eq_-015p0.out
Database file: C:\Program Files\USGS\phreeqc-3.8.6-17100-x64\database\frezchem.dat

------------------
Reading data base.
------------------

	PITZER
	SOLUTION_MASTER_SPECIES
	SOLUTION_SPECIES
	PHASES
	PITZER
	EXCHANGE_MASTER_SPECIES
	EXCHANGE_SPECIES
	SURFACE_MASTER_SPECIES
	SURFACE_SPECIES
	END
------------------------------------
Reading input data for simulation 1.
------------------------------------

	TITLE C5 FREZCHEM sequential FC at -15.00 C
	SOLUTION 1
	    temp -15.00000000
	    pH 6.7445000000
	    units mol/kgw
	    water 0.255670000000
	    Na 2.94379473540110e+00
	    K 5.65885712050690e-02
	    Mg 3.12007666132123e-01
	    Ca 5.34634489771972e-02
	    Cl 3.57093127860132e+00
	    S(6) 3.47299252943247e-02
	    C(4) 8.90249149294012e-03
	EQUILIBRIUM_PHASES 1
	    Ice(s)       0.0 0.0
	    Mirabilite   0.0 0.0
	    Halite       0.0 0.0
	    Hydrohalite  0.0 0.0
	    Calcite      0.0 0.0
	    Gypsum       0.0 0.0
	SELECTED_OUTPUT 1
	    file C:/Users/Kagiso/PHREEQC-Python/C5_FREZ_eq_-015p0.txt
	    reset false
	    user_punch true
	USER_PUNCH 1
	    headings Temp_C pH Water_kg Alk_eq_kgw Mu aw Na_mol K_mol Mg_mol Ca_mol Cl_mol S6_mol C4_mol Na_m K_m Mg_m Ca_m Cl_m S6_m C4_m Na_act Cl_act SO4_act SI_Ice SI_Mirabilite SI_Halite SI_Hydrohalite SI_Calcite SI_Gypsum Ice_mol Mirabilite_mol Halite_mol Hydrohalite_mol Calcite_mol Gypsum_mol Iterations
	    10 PUNCH TC, -LA("H+"), TOT("water"), ALK, MU, ACT("H2O")
	    20 PUNCH TOTMOLE("Na"), TOTMOLE("K"), TOTMOLE("Mg"), TOTMOLE("Ca")
	    30 PUNCH TOTMOLE("Cl"), TOTMOLE("S(6)"), TOTMOLE("C(4)")
	    40 PUNCH TOT("Na"), TOT("K"), TOT("Mg"), TOT("Ca")
	    50 PUNCH TOT("Cl"), TOT("S(6)"), TOT("C(4)")
	    60 PUNCH ACT("Na+"), ACT("Cl-"), ACT("SO4-2")
	    70 PUNCH SI("Ice(s)"), SI("Mirabilite"), SI("Halite"), SI("Hydrohalite"), SI("Calcite"), SI("Gypsum")
	    80 PUNCH EQUI("Ice(s)"), EQUI("Mirabilite"), EQUI("Halite"), EQUI("Hydrohalite"), EQUI("Calcite"), EQUI("Gypsum")
	    90 PUNCH ITERATIONS
	END
-----
TITLE
-----

 C5 FREZCHEM sequential FC at -15.00 C

-------------------------------------------
Beginning of initial solution calculations.
-------------------------------------------

Initial solution 1.	

-----------------------------Solution composition------------------------------

	Elements           Molality       Moles

	C(4)              8.902e-03   2.276e-03
	Ca                5.346e-02   1.367e-02
	Cl                3.571e+00   9.130e-01
	K                 5.659e-02   1.447e-02
	Mg                3.120e-01   7.977e-02
	Na                2.944e+00   7.526e-01
	S(6)              3.473e-02   8.879e-03

----------------------------Description of solution----------------------------

                                       pH  =   6.745    
                                       pe  =   4.000    
      Specific Conductance (µS/cm, -15°C)  = 49370
                          Density (g/cm³)  =   1.15179
                               Volume (L)  =   0.26860
                        Activity of water  =   0.873
                 Ionic strength (mol/kgw)  =   4.090e+00
                       Mass of water (kg)  =   2.557e-01
                 Total alkalinity (eq/kg)  =   6.999e-03
                       Total CO2 (mol/kg)  =   8.902e-03
                         Temperature (°C)  = -15.00
                  Electrical balance (eq)  =   2.146e-02
 Percent error, 100*(Cat-|An|)/(Cat+|An|)  =   1.14
                               Iterations  =  16
                         Gamma iterations  =   5
                      Osmotic coefficient  =   1.07776
                         Density of water  =   0.99630
                                  Total H  = 2.838590e+01
                                  Total O  = 1.423392e+01

----------------------------Distribution of species----------------------------

                                                    Unscaled  Unscaled
                                Unscaled       Log       Log       Log    mole V
   Species          Molality    Activity  Molality  Activity     Gamma   cm³/mol

   H+              8.029e-08   1.801e-07    -7.095    -6.745     0.351      0.00
   OH-             2.012e-08   1.092e-09    -7.696    -8.962    -1.265     -3.93
   H2O             5.551e+01   8.733e-01     1.744    -0.059     0.000     18.08
C(4)          8.902e-03
   HCO3-           6.950e-03   2.756e-03    -2.158    -2.560    -0.402     33.19
   CO2             1.928e-03   3.859e-03    -2.715    -2.414     0.301     51.38
   MgCO3           1.351e-05   1.351e-05    -4.869    -4.869     0.000    -16.98
   CO3-2           1.079e-05   1.913e-07    -4.967    -6.718    -1.751     -1.22
   CaCO3           2.646e-12   2.646e-12   -11.577   -11.577     0.000     (0)  
Ca            5.346e-02
   Ca+2            5.346e-02   2.147e-02    -1.272    -1.668    -0.396    -21.12
   CaCO3           2.646e-12   2.646e-12   -11.577   -11.577     0.000     (0)  
Cl            3.571e+00
   Cl-             3.571e+00   2.717e+00     0.553     0.434    -0.119     16.24
K             5.659e-02
   K+              5.659e-02   2.385e-02    -1.247    -1.622    -0.375     10.37
Mg            3.120e-01
   Mg+2            3.120e-01   1.408e-01    -0.506    -0.851    -0.346    -18.60
   MgCO3           1.351e-05   1.351e-05    -4.869    -4.869     0.000    -16.98
   MgOH+           2.851e-08   1.878e-08    -7.545    -7.726    -0.181     (0)  
Na            2.944e+00
   Na+             2.944e+00   1.720e+00     0.469     0.236    -0.233     -1.87
S(6)          3.473e-02
   SO4-2           3.473e-02   7.035e-04    -1.459    -3.153    -1.693     11.33

------------------------------Saturation indices-------------------------------

  Phase               SI** log IAP   log K(258 K,   1 atm)

  Anhydrite        -0.80     -4.82   -4.02  CaSO4
  Antarcticite     -4.18     -1.15    3.02  CaCl2:6H2O
  Aphthitalite    -12.03    -21.87   -9.84  Na2SO4:3K2SO4
  Aragonite        -0.20     -8.39   -8.19  CaCO3
  Arcanite         -3.91     -6.40   -2.49  K2SO4
  Bischofite       -5.06     -0.34    4.73  MgCl2:6H2O
  Bloedite         -4.41     -6.92   -2.51  Na2Mg(SO4)2:4H2O
  Calcite          -0.02     -8.39   -8.36  CaCO3
  Carnallite       -5.04     -1.52    3.52  KMgCl3:6H2O
  CO2(g)           -1.60     -2.41   -0.81  CO2
  Dolomite          0.05    -15.96  -16.01  CaMg(CO3)2
  Epsomite         -1.98     -4.42   -2.44  MgSO4:7H2O
  Gypsum           -0.16     -4.94   -4.78  CaSO4:2H2O
  Halite           -0.74      0.67    1.41  NaCl
  Hexahydrite      -2.61     -4.36   -1.75  MgSO4:6H2O
  Hydrohalite      -0.46      0.55    1.01  NaCl:2H2O
  Hydromagnesite   -7.79    -41.66  -33.87  (MgCO3)3:Mg(OH)2:3H2O
  Ice(s)            0.00     -0.06   -0.06  H2O
  Ikaite           -1.11     -8.74   -7.63  CaCO3:6H2O
  Kalicinite       -3.81     -4.18   -0.37  KHCO3
  Kieserite        -5.41     -4.06    1.35  MgSO4:H2O
  Landsfordite     -3.03     -7.86   -4.83  MgCO3:5H2O
  Magnesite        -0.24     -7.57   -7.33  MgCO3
  Meridianite      -1.72     -4.65   -2.93  MgSO4:11H2O
  MgCl2:12H2O      -2.76     -0.69    2.07  MgCl2:12H2O
  MgCl2:8H2O       -4.02     -0.45    3.56  MgCl2:8H2O
  Mirabilite        0.04     -3.27   -3.31  Na2SO4:10H2O
  Na2CO3:7H2O      -5.23     -6.66   -1.43  Na2CO3:7H2O
  Nahcolite        -1.44     -2.32   -0.88  NaHCO3
  Natron           -4.51     -6.84   -2.33  Na2CO3:10H2O
  Nesquehonite     -3.07     -7.75   -4.68  MgCO3:3H2O
  Picromerite      -5.14    -10.75   -5.61  MgSO4:K2SO4:6H2O
  Sylvite          -1.51     -1.19    0.32  KCl
  Tachyhydrite    -20.82     -1.47   19.35  CaCl2:(MgCl2)2:12H2O
  Thenardite       -2.36     -2.68   -0.32  Na2SO4
  Trona            -7.23     -8.69   -1.46  Na3H(CO3)2:2H2O
  Vaterite         -0.71     -8.39   -7.67  CaCO3

**For a gas, SI = log10(fugacity). Fugacity = pressure * phi / 1 atm.
  For ideal gases, phi = 1.

-----------------------------------------
Beginning of batch-reaction calculations.
-----------------------------------------

Reaction step 1.

WARNING: Maximum iterations exceeded, 200

WARNING: Numerical method failed with this set of convergence parameters.

WARNING: Trying smaller step size, pe step size 10, 5 ... 

WARNING: Maximum iterations exceeded, 400

WARNING: Numerical method failed with this set of convergence parameters.

WARNING: Trying reduced tolerance 1e-16 ...

WARNING: Maximum iterations exceeded, 400

WARNING: Numerical method failed with this set of convergence parameters.

WARNING: Trying increased tolerance 1e-14 ...

WARNING: Maximum iterations exceeded, 400

WARNING: Numerical method failed with this set of convergence parameters.

WARNING: Trying diagonal scaling ...

Using solution 1.	
Using pure phase assemblage 1.	

-------------------------------Phase assemblage--------------------------------

                                                      Moles in assemblage
Phase               SI  log IAP  log K(T, P)   Initial       Final       Delta

Calcite           0.00    -8.36     -8.36    0.000e+00   1.406e-05   1.406e-05
Gypsum           -0.16    -4.94     -4.78    0.000e+00           0   0.000e+00
Halite           -0.68     0.73      1.41    0.000e+00           0   0.000e+00
Hydrohalite      -0.41     0.61      1.01    0.000e+00           0   0.000e+00
Ice(s)            0.00    -0.06     -0.06    0.000e+00   7.530e-01   7.530e-01
Mirabilite        0.00    -3.31     -3.31    0.000e+00   1.178e-03   1.178e-03

-----------------------------Solution composition------------------------------

	Elements           Molality       Moles

	C                 9.351e-03   2.262e-03
	Ca                5.645e-02   1.365e-02
	Cl                3.774e+00   9.130e-01
	K                 5.981e-02   1.447e-02
	Mg                3.298e-01   7.977e-02
	Na                3.102e+00   7.503e-01
	S                 3.184e-02   7.702e-03

----------------------------Description of solution----------------------------

                                       pH  =   6.698      Charge balance
                                       pe  =   4.000      Adjusted to redox equilibrium
      Specific Conductance (µS/cm, -15°C)  = 50801
                          Density (g/cm³)  =   1.15868
                               Volume (L)  =   0.25497
                        Activity of water  =   0.864
                 Ionic strength (mol/kgw)  =   4.308e+00
                       Mass of water (kg)  =   2.419e-01
                 Total alkalinity (eq/kg)  =   7.281e-03
                       Total CO2 (mol/kg)  =   9.351e-03
                         Temperature (°C)  = -15.00
                  Electrical balance (eq)  =   2.146e-02
 Percent error, 100*(Cat-|An|)/(Cat+|An|)  =   1.14
                               Iterations  =   9 (1413 overall)
                         Gamma iterations  =   1
                      Osmotic coefficient  =   1.09811
                         Density of water  =   0.99630
                                  Total H  = 2.685640e+01
                                  Total O  = 1.346441e+01

----------------------------Distribution of species----------------------------

                                                    Unscaled  Unscaled
                                Unscaled       Log       Log       Log    mole V
   Species          Molality    Activity  Molality  Activity     Gamma   cm³/mol

   H+              8.209e-08   2.003e-07    -7.086    -6.698     0.387      0.00
   OH-             2.008e-08   9.719e-10    -7.697    -9.012    -1.315     -3.66
   H2O             5.551e+01   8.644e-01     1.744    -0.063     0.000     18.08
C(4)          9.351e-03
   HCO3-           7.231e-03   2.810e-03    -2.141    -2.551    -0.411     34.06
   CO2             2.096e-03   4.420e-03    -2.679    -2.355     0.324     51.38
   MgCO3           1.466e-05   1.466e-05    -4.834    -4.834     0.000    -16.98
   CO3-2           1.055e-05   1.753e-07    -4.977    -6.756    -1.779     -0.45
   CaCO3           2.788e-12   2.788e-12   -11.555   -11.555     0.000     (0)  
Ca            5.645e-02
   Ca+2            5.645e-02   2.469e-02    -1.248    -1.608    -0.359    -21.22
   CaCO3           2.788e-12   2.788e-12   -11.555   -11.555     0.000     (0)  
Cl            3.774e+00
   Cl-             3.774e+00   2.946e+00     0.577     0.469    -0.108     16.35
K             5.981e-02
   K+              5.981e-02   2.492e-02    -1.223    -1.603    -0.380     10.59
Mg            3.298e-01
   Mg+2            3.298e-01   1.668e-01    -0.482    -0.778    -0.296    -18.58
   MgCO3           1.466e-05   1.466e-05    -4.834    -4.834     0.000    -16.98
   MgOH+           3.107e-08   1.980e-08    -7.508    -7.703    -0.196     (0)  
Na            3.102e+00
   Na+             3.102e+00   1.841e+00     0.492     0.265    -0.227     -1.74
S(6)          3.184e-02
   SO4-2           3.184e-02   6.165e-04    -1.497    -3.210    -1.713     11.65

------------------------------Saturation indices-------------------------------

  Phase               SI** log IAP   log K(258 K,   1 atm)

  Anhydrite        -0.80     -4.82   -4.02  CaSO4
  Antarcticite     -4.07     -1.05    3.02  CaCl2:6H2O
  Aphthitalite    -12.09    -21.93   -9.84  Na2SO4:3K2SO4
  Aragonite        -0.18     -8.36   -8.19  CaCO3
  Arcanite         -3.93     -6.42   -2.49  K2SO4
  Bischofite       -4.95     -0.22    4.73  MgCl2:6H2O
  Bloedite         -4.41     -6.92   -2.51  Na2Mg(SO4)2:4H2O
  Calcite           0.00     -8.36   -8.36  CaCO3
  Carnallite       -4.87     -1.35    3.52  KMgCl3:6H2O
  CO2(g)           -1.54     -2.35   -0.81  CO2
  Dolomite          0.11    -15.90  -16.01  CaMg(CO3)2
  Epsomite         -1.99     -4.43   -2.44  MgSO4:7H2O
  Gypsum           -0.16     -4.94   -4.78  CaSO4:2H2O
  Halite           -0.68      0.73    1.41  NaCl
  Hexahydrite      -2.62     -4.37   -1.75  MgSO4:6H2O
  Hydrohalite      -0.41      0.61    1.01  NaCl:2H2O
  Hydromagnesite   -7.73    -41.59  -33.87  (MgCO3)3:Mg(OH)2:3H2O
  Ice(s)            0.00     -0.06   -0.06  H2O
  Ikaite           -1.11     -8.74   -7.63  CaCO3:6H2O
  Kalicinite       -3.79     -4.15   -0.37  KHCO3
  Kieserite        -5.40     -4.05    1.35  MgSO4:H2O
  Landsfordite     -3.02     -7.85   -4.83  MgCO3:5H2O
  Magnesite        -0.20     -7.53   -7.33  MgCO3
  Meridianite      -1.75     -4.68   -2.93  MgSO4:11H2O
  MgCl2:12H2O      -2.67     -0.60    2.07  MgCl2:12H2O
  MgCl2:8H2O       -3.91     -0.35    3.56  MgCl2:8H2O
  Mirabilite        0.00     -3.31   -3.31  Na2SO4:10H2O
  Na2CO3:7H2O      -5.24     -6.67   -1.43  Na2CO3:7H2O
  Nahcolite        -1.40     -2.29   -0.88  NaHCO3
  Natron           -4.53     -6.86   -2.33  Na2CO3:10H2O
  Nesquehonite     -3.04     -7.72   -4.68  MgCO3:3H2O
  Picromerite      -5.17    -10.78   -5.61  MgSO4:K2SO4:6H2O
  Sylvite          -1.46     -1.13    0.32  KCl
  Tachyhydrite    -20.45     -1.11   19.35  CaCl2:(MgCl2)2:12H2O
  Thenardite       -2.36     -2.68   -0.32  Na2SO4
  Trona            -7.18     -8.64   -1.46  Na3H(CO3)2:2H2O
  Vaterite         -0.69     -8.36   -7.67  CaCO3

**For a gas, SI = log10(fugacity). Fugacity = pressure * phi / 1 atm.
  For ideal gases, phi = 1.

------------------
End of simulation.
------------------

------------------------------------
Reading input data for simulation 2.
------------------------------------

-------------------------------
End of Run after 1.199 Seconds.
-------------------------------

