   Input file: C:\Users\Kagiso\PHREEQC-Python\C5_FREZ_pre_+024p0.pqi
  Output file: C:\Users\Kagiso\PHREEQC-Python\C5_FREZ_pre_+024p0.out
Database file: C:\Program Files\USGS\phreeqc-3.8.6-17100-x64\database\frezchem.dat

------------------
Reading data base.
------------------

	PITZER
	SOLUTION_MASTER_SPECIES
	SOLUTION_SPECIES
	PHASES
	PITZER
	EXCHANGE_MASTER_SPECIES
	EXCHANGE_SPECIES
	SURFACE_MASTER_SPECIES
	SURFACE_SPECIES
	END
------------------------------------
Reading input data for simulation 1.
------------------------------------

	TITLE C5 FREZCHEM sequential FC at 24.00 C
	SOLUTION 1
	    temp 24.00000000
	    pH 7.3698000000
	    units mol/kgw
	    water 1.000000000000
	    Na 8.08490000000000e-01
	    K 1.44680000000000e-02
	    Mg 7.97710000000000e-02
	    Ca 1.38470000000000e-02
	    Cl 9.12980000000000e-01
	    S(6) 3.68060000000000e-02
	    C(4) 2.45460000000000e-03
	SELECTED_OUTPUT 1
	    file C:/Users/Kagiso/PHREEQC-Python/C5_FREZ_pre_+024p0.txt
	    reset false
	    user_punch true
	USER_PUNCH 1
	    headings Temp_C pH Water_kg Alk_eq_kgw Mu aw Na_mol K_mol Mg_mol Ca_mol Cl_mol S6_mol C4_mol Na_m K_m Mg_m Ca_m Cl_m S6_m C4_m Na_act Cl_act SO4_act SI_Ice SI_Mirabilite SI_Halite SI_Hydrohalite SI_Calcite SI_Gypsum Iterations
	    10 PUNCH TC, -LA("H+"), TOT("water"), ALK, MU, ACT("H2O")
	    20 PUNCH TOTMOLE("Na"), TOTMOLE("K"), TOTMOLE("Mg"), TOTMOLE("Ca")
	    30 PUNCH TOTMOLE("Cl"), TOTMOLE("S(6)"), TOTMOLE("C(4)")
	    40 PUNCH TOT("Na"), TOT("K"), TOT("Mg"), TOT("Ca")
	    50 PUNCH TOT("Cl"), TOT("S(6)"), TOT("C(4)")
	    60 PUNCH ACT("Na+"), ACT("Cl-"), ACT("SO4-2")
	    70 PUNCH SI("Ice(s)"), SI("Mirabilite"), SI("Halite"), SI("Hydrohalite"), SI("Calcite"), SI("Gypsum")
	    80 PUNCH ITERATIONS
	END
-----
TITLE
-----

 C5 FREZCHEM sequential FC at 24.00 C

-------------------------------------------
Beginning of initial solution calculations.
-------------------------------------------

Initial solution 1.	

-----------------------------Solution composition------------------------------

	Elements           Molality       Moles

	C(4)              2.455e-03   2.455e-03
	Ca                1.385e-02   1.385e-02
	Cl                9.130e-01   9.130e-01
	K                 1.447e-02   1.447e-02
	Mg                7.977e-02   7.977e-02
	Na                8.085e-01   8.085e-01
	S(6)              3.681e-02   3.681e-02

----------------------------Description of solution----------------------------

                                       pH  =   7.370    
                                       pe  =   4.000    
      Specific Conductance (µS/cm,  24°C)  = 72870
                          Density (g/cm³)  =   1.03808
                               Volume (L)  =   1.01890
                        Activity of water  =   0.969
                 Ionic strength (mol/kgw)  =   1.130e+00
                       Mass of water (kg)  =   1.000e+00
                 Total alkalinity (eq/kg)  =   2.393e-03
                       Total CO2 (mol/kg)  =   2.455e-03
                         Temperature (°C)  =  24.00
                  Electrical balance (eq)  =   2.121e-02
 Percent error, 100*(Cat-|An|)/(Cat+|An|)  =   1.06
                               Iterations  =  13
                         Gamma iterations  =   4
                      Osmotic coefficient  =   0.92548
                         Density of water  =   0.99729
                                  Total H  = 1.110209e+02
                                  Total O  = 5.566379e+01

----------------------------Distribution of species----------------------------

                                                    Unscaled  Unscaled
                                Unscaled       Log       Log       Log    mole V
   Species          Molality    Activity  Molality  Activity     Gamma   cm³/mol

   OH-             5.212e-07   2.131e-07    -6.283    -6.671    -0.388     -1.95
   H+              5.579e-08   4.268e-08    -7.253    -7.370    -0.116      0.00
   H2O             5.551e+01   9.693e-01     1.744    -0.014     0.000     18.06
C(4)          2.455e-03
   HCO3-           2.317e-03   1.228e-03    -2.635    -2.911    -0.276     27.53
   CO2             1.001e-04   1.231e-04    -4.000    -3.910     0.090     29.33
   MgCO3           1.938e-05   1.938e-05    -4.713    -4.713     0.000    -17.09
   CO3-2           1.772e-05   1.322e-06    -4.752    -5.879    -1.127      0.68
   CaCO3           2.340e-12   2.340e-12   -11.631   -11.631     0.000     (0)  
Ca            1.385e-02
   Ca+2            1.385e-02   2.460e-03    -1.859    -2.609    -0.750    -16.42
   CaCO3           2.340e-12   2.340e-12   -11.631   -11.631     0.000     (0)  
Cl            9.130e-01
   Cl-             9.130e-01   6.338e-01    -0.040    -0.198    -0.159     18.97
K             1.447e-02
   K+              1.447e-02   8.106e-03    -1.840    -2.091    -0.252      9.88
Mg            7.977e-02
   Mg+2            7.975e-02   1.756e-02    -1.098    -1.756    -0.657    -20.07
   MgCO3           1.938e-05   1.938e-05    -4.713    -4.713     0.000    -17.09
   MgOH+           6.477e-07   5.669e-07    -6.189    -6.247    -0.058     (0)  
Na            8.085e-01
   Na+             8.085e-01   5.019e-01    -0.092    -0.299    -0.207     -0.28
S(6)          3.681e-02
   SO4-2           3.681e-02   3.127e-03    -1.434    -2.505    -1.071     19.46

------------------------------Saturation indices-------------------------------

  Phase               SI** log IAP   log K(297 K,   1 atm)

  Anhydrite        -0.86     -5.11   -4.25  CaSO4
  Antarcticite     -6.85     -3.09    3.77  CaCl2:6H2O
  Aphthitalite    -15.91    -23.17   -7.25  Na2SO4:3K2SO4
  Aragonite        -0.16     -8.49   -8.33  CaCO3
  Arcanite         -4.90     -6.69   -1.79  K2SO4
  Bischofite       -6.87     -2.23    4.64  MgCl2:6H2O
  Bloedite         -5.04     -7.42   -2.38  Na2Mg(SO4)2:4H2O
  Calcite          -0.01     -8.49   -8.47  CaCO3
  Carnallite       -8.80     -4.52    4.28  KMgCl3:6H2O
  CO2(g)           -2.45     -3.91   -1.46  CO2
  Dolomite          0.94    -16.12  -17.06  CaMg(CO3)2
  Epsomite         -2.46     -4.36   -1.89  MgSO4:7H2O
  Gypsum           -0.54     -5.14   -4.60  CaSO4:2H2O
  Halite           -2.07     -0.50    1.57  NaCl
  Hexahydrite      -2.71     -4.34   -1.63  MgSO4:6H2O
  Hydrohalite      -2.04     -0.52    1.52  NaCl:2H2O
  Hydromagnesite   -1.34    -38.04  -36.71  (MgCO3)3:Mg(OH)2:3H2O
  Ice(s)           -0.11     -0.01    0.10  H2O
  Ikaite           -1.96     -8.57   -6.61  CaCO3:6H2O
  Kalicinite       -5.18     -5.00    0.18  KHCO3
  Kieserite        -4.09     -4.27   -0.19  MgSO4:H2O
  Landsfordite     -2.62     -7.70   -5.08  MgCO3:5H2O
  Magnesite         0.38     -7.63   -8.01  MgCO3
  Meridianite      -3.06     -4.41   -1.35  MgSO4:11H2O
  MgCl2:12H2O      -6.90     -2.31    4.59  MgCl2:12H2O
  MgCl2:8H2O       -6.42     -2.26    4.16  MgCl2:8H2O
  Mirabilite       -1.97     -3.24   -1.27  Na2SO4:10H2O
  Na2CO3:7H2O      -6.11     -6.57   -0.46  Na2CO3:7H2O
  Nahcolite        -2.80     -3.21   -0.41  NaHCO3
  Natron           -5.77     -6.61   -0.85  Na2CO3:10H2O
  Nesquehonite     -2.36     -7.67   -5.31  MgCO3:3H2O
  Picromerite      -6.63    -11.03   -4.40  MgSO4:K2SO4:6H2O
  Sylvite          -3.18     -2.29    0.89  KCl
  Tachyhydrite    -24.47     -7.47   16.99  CaCl2:(MgCl2)2:12H2O
  Thenardite       -2.81     -3.10   -0.29  Na2SO4
  Trona            -8.69     -9.71   -1.03  Na3H(CO3)2:2H2O
  Vaterite         -0.58     -8.49   -7.91  CaCO3

**For a gas, SI = log10(fugacity). Fugacity = pressure * phi / 1 atm.
  For ideal gases, phi = 1.

------------------
End of simulation.
------------------

------------------------------------
Reading input data for simulation 2.
------------------------------------

-------------------------------
End of Run after 1.232 Seconds.
-------------------------------

