   Input file: C:\Users\Kagiso\PHREEQC-Python\C5_FREZ_pre_-018p0.pqi
  Output file: C:\Users\Kagiso\PHREEQC-Python\C5_FREZ_pre_-018p0.out
Database file: C:\Program Files\USGS\phreeqc-3.8.6-17100-x64\database\frezchem.dat

------------------
Reading data base.
------------------

	PITZER
	SOLUTION_MASTER_SPECIES
	SOLUTION_SPECIES
	PHASES
	PITZER
	EXCHANGE_MASTER_SPECIES
	EXCHANGE_SPECIES
	SURFACE_MASTER_SPECIES
	SURFACE_SPECIES
	END
------------------------------------
Reading input data for simulation 1.
------------------------------------

	TITLE C5 FREZCHEM sequential FC at -18.00 C
	SOLUTION 1
	    temp -18.00000000
	    pH 6.6155000000
	    units mol/kgw
	    water 0.219310000000
	    Na 3.40486069946651e+00
	    K 6.59705439788427e-02
	    Mg 3.63736263736264e-01
	    Ca 6.21631480552642e-02
	    Cl 4.16296566504035e+00
	    S(6) 2.70097122794218e-02
	    C(4) 1.02161324153025e-02
	SELECTED_OUTPUT 1
	    file C:/Users/Kagiso/PHREEQC-Python/C5_FREZ_pre_-018p0.txt
	    reset false
	    user_punch true
	USER_PUNCH 1
	    headings Temp_C pH Water_kg Alk_eq_kgw Mu aw Na_mol K_mol Mg_mol Ca_mol Cl_mol S6_mol C4_mol Na_m K_m Mg_m Ca_m Cl_m S6_m C4_m Na_act Cl_act SO4_act SI_Ice SI_Mirabilite SI_Halite SI_Hydrohalite SI_Calcite SI_Gypsum Iterations
	    10 PUNCH TC, -LA("H+"), TOT("water"), ALK, MU, ACT("H2O")
	    20 PUNCH TOTMOLE("Na"), TOTMOLE("K"), TOTMOLE("Mg"), TOTMOLE("Ca")
	    30 PUNCH TOTMOLE("Cl"), TOTMOLE("S(6)"), TOTMOLE("C(4)")
	    40 PUNCH TOT("Na"), TOT("K"), TOT("Mg"), TOT("Ca")
	    50 PUNCH TOT("Cl"), TOT("S(6)"), TOT("C(4)")
	    60 PUNCH ACT("Na+"), ACT("Cl-"), ACT("SO4-2")
	    70 PUNCH SI("Ice(s)"), SI("Mirabilite"), SI("Halite"), SI("Hydrohalite"), SI("Calcite"), SI("Gypsum")
	    80 PUNCH ITERATIONS
	END
-----
TITLE
-----

 C5 FREZCHEM sequential FC at -18.00 C

-------------------------------------------
Beginning of initial solution calculations.
-------------------------------------------

Initial solution 1.	

-----------------------------Solution composition------------------------------

	Elements           Molality       Moles

	C(4)              1.022e-02   2.241e-03
	Ca                6.216e-02   1.363e-02
	Cl                4.163e+00   9.130e-01
	K                 6.597e-02   1.447e-02
	Mg                3.637e-01   7.977e-02
	Na                3.405e+00   7.467e-01
	S(6)              2.701e-02   5.924e-03

----------------------------Description of solution----------------------------

                                       pH  =   6.615    
                                       pe  =   4.000    
      Specific Conductance (µS/cm, -18°C)  = 45668
                          Density (g/cm³)  =   1.17520
                               Volume (L)  =   0.23195
                        Activity of water  =   0.848
                 Ionic strength (mol/kgw)  =   4.726e+00
                       Mass of water (kg)  =   2.193e-01
                 Total alkalinity (eq/kg)  =   7.592e-03
                       Total CO2 (mol/kg)  =   1.022e-02
                         Temperature (°C)  = -18.00
                  Electrical balance (eq)  =   2.150e-02
 Percent error, 100*(Cat-|An|)/(Cat+|An|)  =   1.15
                               Iterations  =  16
                         Gamma iterations  =   5
                      Osmotic coefficient  =   1.12959
                         Density of water  =   0.99480
                                  Total H  = 2.434914e+01
                                  Total O  = 1.220358e+01

----------------------------Distribution of species----------------------------

                                                    Unscaled  Unscaled
                                Unscaled       Log       Log       Log    mole V
   Species          Molality    Activity  Molality  Activity     Gamma   cm³/mol

   H+              8.234e-08   2.424e-07    -7.084    -6.615     0.469      0.00
   OH-             1.642e-08   5.490e-10    -7.785    -9.260    -1.476     -4.38
   H2O             5.551e+01   8.481e-01     1.744    -0.072     0.000     18.11
C(4)          1.022e-02
   HCO3-           7.548e-03   2.808e-03    -2.122    -2.552    -0.429     35.93
   CO2             2.646e-03   6.323e-03    -2.577    -2.199     0.378     55.71
   MgCO3           1.351e-05   1.351e-05    -4.869    -4.869     0.000    -16.96
   CO3-2           8.684e-06   1.246e-07    -5.061    -6.905    -1.843     -0.49
   CaCO3           2.352e-12   2.352e-12   -11.629   -11.629     0.000     (0)  
Ca            6.216e-02
   Ca+2            6.216e-02   3.285e-02    -1.206    -1.483    -0.277    -22.85
   CaCO3           2.352e-12   2.352e-12   -11.629   -11.629     0.000     (0)  
Cl            4.163e+00
   Cl-             4.163e+00   3.331e+00     0.619     0.523    -0.097     15.87
K             6.597e-02
   K+              6.597e-02   2.629e-02    -1.181    -1.580    -0.400     10.92
Mg            3.637e-01
   Mg+2            3.637e-01   2.238e-01    -0.439    -0.650    -0.211    -18.77
   MgCO3           1.351e-05   1.351e-05    -4.869    -4.869     0.000    -16.96
   MgOH+           2.498e-08   1.513e-08    -7.602    -7.820    -0.218     (0)  
Na            3.405e+00
   Na+             3.405e+00   2.032e+00     0.532     0.308    -0.224     -2.00
S(6)          2.701e-02
   SO4-2           2.701e-02   4.630e-04    -1.568    -3.334    -1.766      9.29

------------------------------Saturation indices-------------------------------

  Phase               SI** log IAP   log K(255 K,   1 atm)

  Anhydrite        -0.80     -4.82   -4.02  CaSO4
  Antarcticite     -3.85     -0.87    2.98  CaCl2:6H2O
  Aphthitalite    -12.16    -22.20  -10.04  Na2SO4:3K2SO4
  Aragonite        -0.20     -8.39   -8.18  CaCO3
  Arcanite         -3.94     -6.49   -2.55  K2SO4
  Bischofite       -4.75     -0.03    4.71  MgCl2:6H2O
  Bloedite         -4.46     -6.99   -2.53  Na2Mg(SO4)2:4H2O
  Calcite          -0.02     -8.39   -8.36  CaCO3
  Carnallite       -4.52     -1.09    3.43  KMgCl3:6H2O
  CO2(g)           -1.45     -2.20   -0.74  CO2
  Dolomite         -0.03    -15.94  -15.92  CaMg(CO3)2
  Epsomite         -2.00     -4.49   -2.49  MgSO4:7H2O
  Gypsum           -0.14     -4.96   -4.82  CaSO4:2H2O
  Halite           -0.56      0.83    1.39  NaCl
  Hexahydrite      -2.66     -4.41   -1.75  MgSO4:6H2O
  Hydrohalite      -0.27      0.69    0.96  NaCl:2H2O
  Hydromagnesite   -8.44    -42.05  -33.61  (MgCO3)3:Mg(OH)2:3H2O
  Ice(s)            0.00     -0.07   -0.08  H2O
  Ikaite           -1.10     -8.82   -7.72  CaCO3:6H2O
  Kalicinite       -3.72     -4.13   -0.41  KHCO3
  Kieserite        -5.60     -4.06    1.54  MgSO4:H2O
  Landsfordite     -3.23     -7.91   -4.68  MgCO3:5H2O
  Magnesite        -0.29     -7.55   -7.27  MgCO3
  Meridianite      -1.72     -4.77   -3.05  MgSO4:11H2O
  MgCl2:12H2O      -2.40     -0.46    1.94  MgCl2:12H2O
  MgCl2:8H2O       -3.67     -0.18    3.49  MgCl2:8H2O
  Mirabilite        0.04     -3.43   -3.48  Na2SO4:10H2O
  Na2CO3:7H2O      -5.28     -6.79   -1.51  Na2CO3:7H2O
  Nahcolite        -1.34     -2.24   -0.91  NaHCO3
  Natron           -4.57     -7.00   -2.43  Na2CO3:10H2O
  Nesquehonite     -3.18     -7.77   -4.59  MgCO3:3H2O
  Picromerite      -5.16    -10.91   -5.75  MgSO4:K2SO4:6H2O
  Sylvite          -1.32     -1.06    0.27  KCl
  Tachyhydrite    -20.03     -0.51   19.53  CaCl2:(MgCl2)2:12H2O
  Thenardite       -2.39     -2.72   -0.32  Na2SO4
  Trona            -7.18     -8.68   -1.50  Na3H(CO3)2:2H2O
  Vaterite         -0.72     -8.39   -7.66  CaCO3

**For a gas, SI = log10(fugacity). Fugacity = pressure * phi / 1 atm.
  For ideal gases, phi = 1.

------------------
End of simulation.
------------------

------------------------------------
Reading input data for simulation 2.
------------------------------------

-------------------------------
End of Run after 1.077 Seconds.
-------------------------------

