   Input file: C:\Users\Kagiso\PHREEQC-Python\C5_FREZ_initial.pqi
  Output file: C:\Users\Kagiso\PHREEQC-Python\C5_FREZ_initial.out
Database file: C:\Program Files\USGS\phreeqc-3.8.6-17100-x64\database\frezchem.dat

------------------
Reading data base.
------------------

	PITZER
	SOLUTION_MASTER_SPECIES
	SOLUTION_SPECIES
	PHASES
	PITZER
	EXCHANGE_MASTER_SPECIES
	EXCHANGE_SPECIES
	SURFACE_MASTER_SPECIES
	SURFACE_SPECIES
	END
------------------------------------
Reading input data for simulation 1.
------------------------------------

	TITLE C5 initial brine - FREZCHEM
	SOLUTION 1
	    temp 25.00
	    pH 8.10000000
	    units mg/L
	    density 1.04708000
	    Na 18400.0000000000
	    K 560.0000000000
	    Mg 1919.7000000000
	    Ca 560.0000000000
	    Cl 32039.0000000000
	    S(6) 3500.0000000000 as SO4
	    Alkalinity 176.9000000000 as HCO3
	SELECTED_OUTPUT 1
	    file C:/Users/Kagiso/PHREEQC-Python/C5_FREZ_initial_selected.txt
	    reset false
	    user_punch true
	USER_PUNCH 1
	    headings Temp_C pH Water_kg Alk_eq_kgw Mu aw Na_mol K_mol Mg_mol Ca_mol Cl_mol S6_mol C4_mol Na_m K_m Mg_m Ca_m Cl_m S6_m C4_m Na_act Cl_act SO4_act SI_Ice SI_Mirabilite SI_Halite SI_Hydrohalite SI_Calcite SI_Gypsum Iterations
	    10 PUNCH TC, -LA("H+"), TOT("water"), ALK, MU, ACT("H2O")
	    20 PUNCH TOTMOLE("Na"), TOTMOLE("K"), TOTMOLE("Mg"), TOTMOLE("Ca")
	    30 PUNCH TOTMOLE("Cl"), TOTMOLE("S(6)"), TOTMOLE("C(4)")
	    40 PUNCH TOT("Na"), TOT("K"), TOT("Mg"), TOT("Ca")
	    50 PUNCH TOT("Cl"), TOT("S(6)"), TOT("C(4)")
	    60 PUNCH ACT("Na+"), ACT("Cl-"), ACT("SO4-2")
	    70 PUNCH SI("Ice(s)"), SI("Mirabilite"), SI("Halite"), SI("Hydrohalite"), SI("Calcite"), SI("Gypsum")
	    80 PUNCH ITERATIONS
	END
-----
TITLE
-----

 C5 initial brine - FREZCHEM

-------------------------------------------
Beginning of initial solution calculations.
-------------------------------------------

Initial solution 1.	

-----------------------------Solution composition------------------------------

	Elements           Molality       Moles

	Alkalinity        2.929e-03   2.929e-03
	Ca                1.411e-02   1.411e-02
	Cl                9.130e-01   9.130e-01
	K                 1.447e-02   1.447e-02
	Mg                7.977e-02   7.977e-02
	Na                8.085e-01   8.085e-01
	S(6)              3.681e-02   3.681e-02

----------------------------Description of solution----------------------------

                                       pH  =   8.100    
                                       pe  =   4.000    
      Specific Conductance (µS/cm,  25°C)  = 74511
                          Density (g/cm³)  =   1.03778
                               Volume (L)  =   1.01922
                        Activity of water  =   0.969
                 Ionic strength (mol/kgw)  =   1.131e+00
                       Mass of water (kg)  =   1.000e+00
                    Total carbon (mol/kg)  =   2.721e-03
                       Total CO2 (mol/kg)  =   2.721e-03
                         Temperature (°C)  =  25.00
                  Electrical balance (eq)  =   2.121e-02
 Percent error, 100*(Cat-|An|)/(Cat+|An|)  =   1.06
                               Iterations  =  15
                         Gamma iterations  =   4
                      Osmotic coefficient  =   0.92589
                         Density of water  =   0.99704
                                  Total H  = 1.110211e+02
                                  Total O  = 5.566467e+01

----------------------------Distribution of species----------------------------

                                                    Unscaled  Unscaled
                                Unscaled       Log       Log       Log    mole V
   Species          Molality    Activity  Molality  Activity     Gamma   cm³/mol

   OH-             3.009e-06   1.235e-06    -5.522    -5.908    -0.387     -1.90
   H+              1.040e-08   7.943e-09    -7.983    -8.100    -0.117      0.00
   H2O             5.551e+01   9.693e-01     1.744    -0.014     0.000     18.07
C(4)          2.721e-03
   HCO3-           2.482e-03   1.316e-03    -2.605    -2.881    -0.275     27.59
   MgCO3           1.155e-04   1.155e-04    -3.937    -3.937     0.000    -17.09
   CO3-2           1.046e-04   7.772e-06    -3.980    -5.109    -1.129      0.78
   CO2             1.975e-05   2.425e-05    -4.705    -4.615     0.089     29.09
   CaCO3           1.370e-11   1.370e-11   -10.863   -10.863     0.000     (0)  
Ca            1.411e-02
   Ca+2            1.411e-02   2.498e-03    -1.850    -2.602    -0.752    -16.39
   CaCO3           1.370e-11   1.370e-11   -10.863   -10.863     0.000     (0)  
Cl            9.130e-01
   Cl-             9.130e-01   6.342e-01    -0.040    -0.198    -0.158     19.00
K             1.447e-02
   K+              1.447e-02   8.105e-03    -1.840    -2.091    -0.252      9.91
Mg            7.977e-02
   Mg+2            7.965e-02   1.754e-02    -1.099    -1.756    -0.657    -20.10
   MgCO3           1.155e-04   1.155e-04    -3.937    -3.937     0.000    -17.09
   MgOH+           3.804e-06   3.322e-06    -5.420    -5.479    -0.059     (0)  
Na            8.085e-01
   Na+             8.085e-01   5.021e-01    -0.092    -0.299    -0.207     -0.24
S(6)          3.681e-02
   SO4-2           3.681e-02   3.141e-03    -1.434    -2.503    -1.069     19.56

------------------------------Saturation indices-------------------------------

  Phase               SI** log IAP   log K(298 K,   1 atm)

  Anhydrite        -0.85     -5.11   -4.26  CaSO4
  Antarcticite     -6.87     -3.08    3.79  CaCl2:6H2O
  Aphthitalite    -15.97    -23.16   -7.19  Na2SO4:3K2SO4
  Aragonite         0.62     -7.71   -8.34  CaCO3
  Arcanite         -4.91     -6.69   -1.78  K2SO4
  Bischofite       -6.86     -2.23    4.63  MgCl2:6H2O
  Bloedite         -5.04     -7.41   -2.37  Na2Mg(SO4)2:4H2O
  Calcite           0.77     -7.71   -8.48  CaCO3
  Carnallite       -8.81     -4.52    4.29  KMgCl3:6H2O
  CO2(g)           -3.15     -4.62   -1.47  CO2
  Dolomite          2.51    -14.58  -17.08  CaMg(CO3)2
  Epsomite         -2.47     -4.35   -1.88  MgSO4:7H2O
  Gypsum           -0.54     -5.13   -4.60  CaSO4:2H2O
  Halite           -2.07     -0.50    1.58  NaCl
  Hexahydrite      -2.71     -4.34   -1.63  MgSO4:6H2O
  Hydrohalite      -2.05     -0.52    1.52  NaCl:2H2O
  Hydromagnesite    2.56    -34.21  -36.77  (MgCO3)3:Mg(OH)2:3H2O
  Ice(s)           -0.12     -0.01    0.10  H2O
  Ikaite           -1.21     -7.79   -6.59  CaCO3:6H2O
  Kalicinite       -5.16     -4.97    0.19  KHCO3
  Kieserite        -4.07     -4.27   -0.20  MgSO4:H2O
  Landsfordite     -1.86     -6.93   -5.08  MgCO3:5H2O
  Magnesite         1.16     -6.87   -8.03  MgCO3
  Meridianite      -3.10     -4.41   -1.31  MgSO4:11H2O
  MgCl2:12H2O      -6.98     -2.31    4.67  MgCl2:12H2O
  MgCl2:8H2O       -6.43     -2.26    4.17  MgCl2:8H2O
  Mirabilite       -2.02     -3.24   -1.22  Na2SO4:10H2O
  Na2CO3:7H2O      -5.37     -5.80   -0.44  Na2CO3:7H2O
  Nahcolite        -2.78     -3.18   -0.40  NaHCO3
  Natron           -5.04     -5.84   -0.80  Na2CO3:10H2O
  Nesquehonite     -1.59     -6.91   -5.31  MgCO3:3H2O
  Picromerite      -6.65    -11.03   -4.38  MgSO4:K2SO4:6H2O
  Sylvite          -3.19     -2.29    0.90  KCl
  Tachyhydrite    -24.40     -7.46   16.93  CaCl2:(MgCl2)2:12H2O
  Thenardite       -2.81     -3.10   -0.29  Na2SO4
  Trona            -7.90     -8.91   -1.02  Na3H(CO3)2:2H2O
  Vaterite          0.20     -7.71   -7.91  CaCO3

**For a gas, SI = log10(fugacity). Fugacity = pressure * phi / 1 atm.
  For ideal gases, phi = 1.

------------------
End of simulation.
------------------

------------------------------------
Reading input data for simulation 2.
------------------------------------

-------------------------------
End of Run after 1.053 Seconds.
-------------------------------

