   Input file: C:\Users\Kagiso\PHREEQC-Python\C5_FREZ_pre_+012p0.pqi
  Output file: C:\Users\Kagiso\PHREEQC-Python\C5_FREZ_pre_+012p0.out
Database file: C:\Program Files\USGS\phreeqc-3.8.6-17100-x64\database\frezchem.dat

------------------
Reading data base.
------------------

	PITZER
	SOLUTION_MASTER_SPECIES
	SOLUTION_SPECIES
	PHASES
	PITZER
	EXCHANGE_MASTER_SPECIES
	EXCHANGE_SPECIES
	SURFACE_MASTER_SPECIES
	SURFACE_SPECIES
	END
------------------------------------
Reading input data for simulation 1.
------------------------------------

	TITLE C5 FREZCHEM sequential FC at 12.00 C
	SOLUTION 1
	    temp 12.00000000
	    pH 7.3698000000
	    units mol/kgw
	    water 1.000000000000
	    Na 8.08490000000000e-01
	    K 1.44680000000000e-02
	    Mg 7.97710000000000e-02
	    Ca 1.38470000000000e-02
	    Cl 9.12980000000000e-01
	    S(6) 3.68060000000000e-02
	    C(4) 2.45460000000000e-03
	SELECTED_OUTPUT 1
	    file C:/Users/Kagiso/PHREEQC-Python/C5_FREZ_pre_+012p0.txt
	    reset false
	    user_punch true
	USER_PUNCH 1
	    headings Temp_C pH Water_kg Alk_eq_kgw Mu aw Na_mol K_mol Mg_mol Ca_mol Cl_mol S6_mol C4_mol Na_m K_m Mg_m Ca_m Cl_m S6_m C4_m Na_act Cl_act SO4_act SI_Ice SI_Mirabilite SI_Halite SI_Hydrohalite SI_Calcite SI_Gypsum Iterations
	    10 PUNCH TC, -LA("H+"), TOT("water"), ALK, MU, ACT("H2O")
	    20 PUNCH TOTMOLE("Na"), TOTMOLE("K"), TOTMOLE("Mg"), TOTMOLE("Ca")
	    30 PUNCH TOTMOLE("Cl"), TOTMOLE("S(6)"), TOTMOLE("C(4)")
	    40 PUNCH TOT("Na"), TOT("K"), TOT("Mg"), TOT("Ca")
	    50 PUNCH TOT("Cl"), TOT("S(6)"), TOT("C(4)")
	    60 PUNCH ACT("Na+"), ACT("Cl-"), ACT("SO4-2")
	    70 PUNCH SI("Ice(s)"), SI("Mirabilite"), SI("Halite"), SI("Hydrohalite"), SI("Calcite"), SI("Gypsum")
	    80 PUNCH ITERATIONS
	END
-----
TITLE
-----

 C5 FREZCHEM sequential FC at 12.00 C

-------------------------------------------
Beginning of initial solution calculations.
-------------------------------------------

Initial solution 1.	

-----------------------------Solution composition------------------------------

	Elements           Molality       Moles

	C(4)              2.455e-03   2.455e-03
	Ca                1.385e-02   1.385e-02
	Cl                9.130e-01   9.130e-01
	K                 1.447e-02   1.447e-02
	Mg                7.977e-02   7.977e-02
	Na                8.085e-01   8.085e-01
	S(6)              3.681e-02   3.681e-02

----------------------------Description of solution----------------------------

                                       pH  =   7.370    
                                       pe  =   4.000    
      Specific Conductance (µS/cm,  12°C)  = 54249
                          Density (g/cm³)  =   1.04144
                               Volume (L)  =   1.01561
                        Activity of water  =   0.970
                 Ionic strength (mol/kgw)  =   1.130e+00
                       Mass of water (kg)  =   1.000e+00
                 Total alkalinity (eq/kg)  =   2.361e-03
                       Total CO2 (mol/kg)  =   2.455e-03
                         Temperature (°C)  =  12.00
                  Electrical balance (eq)  =   2.124e-02
 Percent error, 100*(Cat-|An|)/(Cat+|An|)  =   1.06
                               Iterations  =  12
                         Gamma iterations  =   4
                      Osmotic coefficient  =   0.91787
                         Density of water  =   0.99950
                                  Total H  = 1.110209e+02
                                  Total O  = 5.566377e+01

----------------------------Distribution of species----------------------------

                                                    Unscaled  Unscaled
                                Unscaled       Log       Log       Log    mole V
   Species          Molality    Activity  Molality  Activity     Gamma   cm³/mol

   OH-             2.088e-07   8.029e-08    -6.680    -7.095    -0.415     -2.75
   H+              5.472e-08   4.268e-08    -7.262    -7.370    -0.108      0.00
   H2O             5.551e+01   9.696e-01     1.744    -0.013     0.000     18.03
C(4)          2.455e-03
   HCO3-           2.312e-03   1.208e-03    -2.636    -2.918    -0.282     26.61
   CO2             1.187e-04   1.479e-04    -3.925    -3.830     0.095     32.89
   CO3-2           1.265e-05   9.737e-07    -4.898    -6.012    -1.114     -1.04
   MgCO3           1.165e-05   1.165e-05    -4.934    -4.934     0.000    -17.07
   CaCO3           2.120e-12   2.120e-12   -11.674   -11.674     0.000     (0)  
Ca            1.385e-02
   Ca+2            1.385e-02   2.548e-03    -1.859    -2.594    -0.735    -16.90
   CaCO3           2.120e-12   2.120e-12   -11.674   -11.674     0.000     (0)  
Cl            9.130e-01
   Cl-             9.130e-01   6.262e-01    -0.040    -0.203    -0.164     18.39
K             1.447e-02
   K+              1.447e-02   8.089e-03    -1.840    -2.092    -0.253      9.46
Mg            7.977e-02
   Mg+2            7.976e-02   1.695e-02    -1.098    -1.771    -0.673    -19.77
   MgCO3           1.165e-05   1.165e-05    -4.934    -4.934     0.000    -17.07
   MgOH+           2.045e-07   1.824e-07    -6.689    -6.739    -0.050     (0)  
Na            8.085e-01
   Na+             8.085e-01   4.968e-01    -0.092    -0.304    -0.212     -0.90
S(6)          3.681e-02
   SO4-2           3.681e-02   2.953e-03    -1.434    -2.530    -1.096     17.71

------------------------------Saturation indices-------------------------------

  Phase               SI** log IAP   log K(285 K,   1 atm)

  Anhydrite        -0.98     -5.12   -4.14  CaSO4
  Antarcticite     -6.59     -3.08    3.51  CaCl2:6H2O
  Aphthitalite    -15.23    -23.28   -8.05  Na2SO4:3K2SO4
  Aragonite        -0.34     -8.61   -8.26  CaCO3
  Arcanite         -4.73     -6.71   -1.99  K2SO4
  Bischofite       -6.97     -2.26    4.71  MgCl2:6H2O
  Bloedite         -5.07     -7.49   -2.42  Na2Mg(SO4)2:4H2O
  Calcite          -0.19     -8.61   -8.42  CaCO3
  Carnallite       -8.67     -4.55    4.12  KMgCl3:6H2O
  CO2(g)           -2.53     -3.83   -1.30  CO2
  Dolomite          0.38    -16.39  -16.77  CaMg(CO3)2
  Epsomite         -2.35     -4.39   -2.05  MgSO4:7H2O
  Gypsum           -0.54     -5.15   -4.61  CaSO4:2H2O
  Halite           -2.05     -0.51    1.54  NaCl
  Hexahydrite      -2.72     -4.38   -1.67  MgSO4:6H2O
  Hydrohalite      -1.94     -0.53    1.41  NaCl:2H2O
  Hydromagnesite   -3.43    -39.35  -35.92  (MgCO3)3:Mg(OH)2:3H2O
  Ice(s)           -0.06     -0.01    0.05  H2O
  Ikaite           -1.79     -8.69   -6.89  CaCO3:6H2O
  Kalicinite       -5.01     -5.01    0.00  KHCO3
  Kieserite        -4.41     -4.31    0.09  MgSO4:H2O
  Landsfordite     -2.67     -7.85   -5.18  MgCO3:5H2O
  Magnesite         0.04     -7.78   -7.82  MgCO3
  Meridianite      -2.61     -4.45   -1.84  MgSO4:11H2O
  MgCl2:12H2O      -5.99     -2.34    3.66  MgCl2:12H2O
  MgCl2:8H2O       -6.30     -2.28    4.02  MgCl2:8H2O
  Mirabilite       -1.39     -3.27   -1.88  Na2SO4:10H2O
  Na2CO3:7H2O      -5.95     -6.71   -0.76  Na2CO3:7H2O
  Nahcolite        -2.66     -3.22   -0.56  NaHCO3
  Natron           -5.41     -6.75   -1.34  Na2CO3:10H2O
  Nesquehonite     -2.60     -7.82   -5.23  MgCO3:3H2O
  Picromerite      -6.43    -11.10   -4.67  MgSO4:K2SO4:6H2O
  Sylvite          -3.04     -2.30    0.75  KCl
  Tachyhydrite    -25.23     -7.52   17.72  CaCl2:(MgCl2)2:12H2O
  Thenardite       -2.84     -3.14   -0.30  Na2SO4
  Trona            -8.71     -9.87   -1.16  Na3H(CO3)2:2H2O
  Vaterite         -0.79     -8.61   -7.82  CaCO3

**For a gas, SI = log10(fugacity). Fugacity = pressure * phi / 1 atm.
  For ideal gases, phi = 1.

------------------
End of simulation.
------------------

------------------------------------
Reading input data for simulation 2.
------------------------------------

-------------------------------
End of Run after 1.267 Seconds.
-------------------------------

