   Input file: C:\Users\Kagiso\PHREEQC-Python\C5_FREZ_eq_-016p0.pqi
  Output file: C:\Users\Kagiso\PHREEQC-Python\C5_FREZ_eq_-016p0.out
Database file: C:\Program Files\USGS\phreeqc-3.8.6-17100-x64\database\frezchem.dat

------------------
Reading data base.
------------------

	PITZER
	SOLUTION_MASTER_SPECIES
	SOLUTION_SPECIES
	PHASES
	PITZER
	EXCHANGE_MASTER_SPECIES
	EXCHANGE_SPECIES
	SURFACE_MASTER_SPECIES
	SURFACE_SPECIES
	END
------------------------------------
Reading input data for simulation 1.
------------------------------------

	TITLE C5 FREZCHEM sequential FC at -16.00 C
	SOLUTION 1
	    temp -16.00000000
	    pH 6.6982000000
	    units mol/kgw
	    water 0.241890000000
	    Na 3.10174046053991e+00
	    K 5.98123113812063e-02
	    Mg 3.29782132374220e-01
	    Ca 5.64512795072140e-02
	    Cl 3.77436024639299e+00
	    S(6) 3.18392657819670e-02
	    C(4) 9.35135805531440e-03
	EQUILIBRIUM_PHASES 1
	    Ice(s)       0.0 0.0
	    Mirabilite   0.0 0.0
	    Halite       0.0 0.0
	    Hydrohalite  0.0 0.0
	    Calcite      0.0 0.0
	    Gypsum       0.0 0.0
	SELECTED_OUTPUT 1
	    file C:/Users/Kagiso/PHREEQC-Python/C5_FREZ_eq_-016p0.txt
	    reset false
	    user_punch true
	USER_PUNCH 1
	    headings Temp_C pH Water_kg Alk_eq_kgw Mu aw Na_mol K_mol Mg_mol Ca_mol Cl_mol S6_mol C4_mol Na_m K_m Mg_m Ca_m Cl_m S6_m C4_m Na_act Cl_act SO4_act SI_Ice SI_Mirabilite SI_Halite SI_Hydrohalite SI_Calcite SI_Gypsum Ice_mol Mirabilite_mol Halite_mol Hydrohalite_mol Calcite_mol Gypsum_mol Iterations
	    10 PUNCH TC, -LA("H+"), TOT("water"), ALK, MU, ACT("H2O")
	    20 PUNCH TOTMOLE("Na"), TOTMOLE("K"), TOTMOLE("Mg"), TOTMOLE("Ca")
	    30 PUNCH TOTMOLE("Cl"), TOTMOLE("S(6)"), TOTMOLE("C(4)")
	    40 PUNCH TOT("Na"), TOT("K"), TOT("Mg"), TOT("Ca")
	    50 PUNCH TOT("Cl"), TOT("S(6)"), TOT("C(4)")
	    60 PUNCH ACT("Na+"), ACT("Cl-"), ACT("SO4-2")
	    70 PUNCH SI("Ice(s)"), SI("Mirabilite"), SI("Halite"), SI("Hydrohalite"), SI("Calcite"), SI("Gypsum")
	    80 PUNCH EQUI("Ice(s)"), EQUI("Mirabilite"), EQUI("Halite"), EQUI("Hydrohalite"), EQUI("Calcite"), EQUI("Gypsum")
	    90 PUNCH ITERATIONS
	END
-----
TITLE
-----

 C5 FREZCHEM sequential FC at -16.00 C

-------------------------------------------
Beginning of initial solution calculations.
-------------------------------------------

Initial solution 1.	

-----------------------------Solution composition------------------------------

	Elements           Molality       Moles

	C(4)              9.351e-03   2.262e-03
	Ca                5.645e-02   1.366e-02
	Cl                3.774e+00   9.130e-01
	K                 5.981e-02   1.447e-02
	Mg                3.298e-01   7.977e-02
	Na                3.102e+00   7.503e-01
	S(6)              3.184e-02   7.702e-03

----------------------------Description of solution----------------------------

                                       pH  =   6.698    
                                       pe  =   4.000    
      Specific Conductance (µS/cm, -16°C)  = 48314
                          Density (g/cm³)  =   1.15972
                               Volume (L)  =   0.25474
                        Activity of water  =   0.865
                 Ionic strength (mol/kgw)  =   4.308e+00
                       Mass of water (kg)  =   2.419e-01
                 Total alkalinity (eq/kg)  =   7.206e-03
                       Total CO2 (mol/kg)  =   9.351e-03
                         Temperature (°C)  = -16.00
                  Electrical balance (eq)  =   2.147e-02
 Percent error, 100*(Cat-|An|)/(Cat+|An|)  =   1.14
                               Iterations  =  16
                         Gamma iterations  =   5
                      Osmotic coefficient  =   1.09519
                         Density of water  =   0.99584
                                  Total H  = 2.685602e+01
                                  Total O  = 1.346421e+01

----------------------------Distribution of species----------------------------

                                                    Unscaled  Unscaled
                                Unscaled       Log       Log       Log    mole V
   Species          Molality    Activity  Molality  Activity     Gamma   cm³/mol

   H+              8.147e-08   2.004e-07    -7.089    -6.698     0.391      0.00
   OH-             1.866e-08   8.630e-10    -7.729    -9.064    -1.335     -4.04
   H2O             5.551e+01   8.648e-01     1.744    -0.063     0.000     18.09
C(4)          9.351e-03
   HCO3-           7.159e-03   2.782e-03    -2.145    -2.556    -0.411     34.07
   CO2             2.169e-03   4.592e-03    -2.664    -2.338     0.326     52.72
   MgCO3           1.352e-05   1.352e-05    -4.869    -4.869     0.000    -16.98
   CO3-2           1.004e-05   1.652e-07    -4.998    -6.782    -1.784     -0.96
   CaCO3           2.550e-12   2.550e-12   -11.593   -11.593     0.000     (0)  
Ca            5.645e-02
   Ca+2            5.645e-02   2.483e-02    -1.248    -1.605    -0.357    -21.64
   CaCO3           2.550e-12   2.550e-12   -11.593   -11.593     0.000     (0)  
Cl            3.774e+00
   Cl-             3.774e+00   2.921e+00     0.577     0.466    -0.111     16.13
K             5.981e-02
   K+              5.981e-02   2.475e-02    -1.223    -1.606    -0.383     10.55
Mg            3.298e-01
   Mg+2            3.298e-01   1.650e-01    -0.482    -0.782    -0.301    -18.63
   MgCO3           1.352e-05   1.352e-05    -4.869    -4.869     0.000    -16.98
   MgOH+           2.725e-08   1.743e-08    -7.565    -7.759    -0.194     (0)  
Na            3.102e+00
   Na+             3.102e+00   1.825e+00     0.492     0.261    -0.230     -1.91
S(6)          3.184e-02
   SO4-2           3.184e-02   6.076e-04    -1.497    -3.216    -1.719     10.73

------------------------------Saturation indices-------------------------------

  Phase               SI** log IAP   log K(257 K,   1 atm)

  Anhydrite        -0.80     -4.82   -4.02  CaSO4
  Antarcticite     -4.06     -1.05    3.01  CaCl2:6H2O
  Aphthitalite    -12.07    -21.98   -9.91  Na2SO4:3K2SO4
  Aragonite        -0.20     -8.39   -8.19  CaCO3
  Arcanite         -3.92     -6.43   -2.51  K2SO4
  Bischofite       -4.95     -0.23    4.72  MgCl2:6H2O
  Bloedite         -4.43     -6.95   -2.52  Na2Mg(SO4)2:4H2O
  Calcite          -0.02     -8.39   -8.36  CaCO3
  Carnallite       -4.86     -1.37    3.49  KMgCl3:6H2O
  CO2(g)           -1.55     -2.34   -0.79  CO2
  Dolomite          0.03    -15.95  -15.98  CaMg(CO3)2
  Epsomite         -1.99     -4.44   -2.46  MgSO4:7H2O
  Gypsum           -0.15     -4.95   -4.79  CaSO4:2H2O
  Halite           -0.68      0.73    1.41  NaCl
  Hexahydrite      -2.63     -4.38   -1.75  MgSO4:6H2O
  Hydrohalite      -0.40      0.60    1.00  NaCl:2H2O
  Hydromagnesite   -8.01    -41.79  -33.78  (MgCO3)3:Mg(OH)2:3H2O
  Ice(s)            0.00     -0.06   -0.07  H2O
  Ikaite           -1.10     -8.77   -7.66  CaCO3:6H2O
  Kalicinite       -3.78     -4.16   -0.38  KHCO3
  Kieserite        -5.48     -4.06    1.41  MgSO4:H2O
  Landsfordite     -3.10     -7.88   -4.78  MgCO3:5H2O
  Magnesite        -0.26     -7.56   -7.31  MgCO3
  Meridianite      -1.72     -4.69   -2.97  MgSO4:11H2O
  MgCl2:12H2O      -2.63     -0.61    2.02  MgCl2:12H2O
  MgCl2:8H2O       -3.90     -0.36    3.54  MgCl2:8H2O
  Mirabilite        0.04     -3.32   -3.37  Na2SO4:10H2O
  Na2CO3:7H2O      -5.24     -6.70   -1.46  Na2CO3:7H2O
  Nahcolite        -1.40     -2.29   -0.89  NaHCO3
  Natron           -4.53     -6.89   -2.36  Na2CO3:10H2O
  Nesquehonite     -3.10     -7.75   -4.65  MgCO3:3H2O
  Picromerite      -5.15    -10.81   -5.66  MgSO4:K2SO4:6H2O
  Sylvite          -1.45     -1.14    0.30  KCl
  Tachyhydrite    -20.54     -1.13   19.41  CaCl2:(MgCl2)2:12H2O
  Thenardite       -2.37     -2.69   -0.32  Na2SO4
  Trona            -7.21     -8.68   -1.47  Na3H(CO3)2:2H2O
  Vaterite         -0.72     -8.39   -7.67  CaCO3

**For a gas, SI = log10(fugacity). Fugacity = pressure * phi / 1 atm.
  For ideal gases, phi = 1.

-----------------------------------------
Beginning of batch-reaction calculations.
-----------------------------------------

Reaction step 1.

WARNING: Maximum iterations exceeded, 200

WARNING: Numerical method failed with this set of convergence parameters.

WARNING: Trying smaller step size, pe step size 10, 5 ... 

WARNING: Maximum iterations exceeded, 400

WARNING: Numerical method failed with this set of convergence parameters.

WARNING: Trying reduced tolerance 1e-16 ...

WARNING: Maximum iterations exceeded, 400

WARNING: Numerical method failed with this set of convergence parameters.

WARNING: Trying increased tolerance 1e-14 ...

WARNING: Maximum iterations exceeded, 400

WARNING: Numerical method failed with this set of convergence parameters.

WARNING: Trying diagonal scaling ...

Using solution 1.	
Using pure phase assemblage 1.	

-------------------------------Phase assemblage--------------------------------

                                                      Moles in assemblage
Phase               SI  log IAP  log K(T, P)   Initial       Final       Delta

Calcite           0.00    -8.36     -8.36    0.000e+00   1.177e-05   1.177e-05
Gypsum           -0.16    -4.95     -4.79    0.000e+00           0   0.000e+00
Halite           -0.62     0.79      1.41    0.000e+00           0   0.000e+00
Hydrohalite      -0.34     0.65      1.00    0.000e+00           0   0.000e+00
Ice(s)            0.00    -0.07     -0.07    0.000e+00   6.570e-01   6.570e-01
Mirabilite        0.00    -3.37     -3.37    0.000e+00   9.700e-04   9.700e-04

-----------------------------Solution composition------------------------------

	Elements           Molality       Moles

	C                 9.789e-03   2.250e-03
	Ca                5.935e-02   1.364e-02
	Cl                3.972e+00   9.130e-01
	K                 6.294e-02   1.447e-02
	Mg                3.470e-01   7.977e-02
	Na                3.255e+00   7.483e-01
	S                 2.928e-02   6.732e-03

----------------------------Description of solution----------------------------

                                       pH  =   6.655      Charge balance
                                       pe  =   4.000      Adjusted to redox equilibrium
      Specific Conductance (µS/cm, -16°C)  = 49567
                          Density (g/cm³)  =   1.16635
                               Volume (L)  =   0.24287
                        Activity of water  =   0.856
                 Ionic strength (mol/kgw)  =   4.520e+00
                       Mass of water (kg)  =   2.299e-01
                 Total alkalinity (eq/kg)  =   7.480e-03
                       Total CO2 (mol/kg)  =   9.789e-03
                         Temperature (°C)  = -16.00
                  Electrical balance (eq)  =   2.147e-02
 Percent error, 100*(Cat-|An|)/(Cat+|An|)  =   1.14
                               Iterations  =  12 (1416 overall)
                         Gamma iterations  =   2
                      Osmotic coefficient  =   1.11546
                         Density of water  =   0.99584
                                  Total H  = 2.552259e+01
                                  Total O  = 1.279358e+01

----------------------------Distribution of species----------------------------

                                                    Unscaled  Unscaled
                                Unscaled       Log       Log       Log    mole V
   Species          Molality    Activity  Molality  Activity     Gamma   cm³/mol

   H+              8.280e-08   2.211e-07    -7.082    -6.655     0.427      0.00
   OH-             1.874e-08   7.740e-10    -7.727    -9.111    -1.384     -3.78
   H2O             5.551e+01   8.560e-01     1.744    -0.068     0.000     18.09
C(4)          9.789e-03
   HCO3-           7.431e-03   2.828e-03    -2.129    -2.548    -0.420     34.95
   CO2             2.333e-03   5.205e-03    -2.632    -2.284     0.349     52.72
   MgCO3           1.468e-05   1.468e-05    -4.833    -4.833     0.000    -16.98
   CO3-2           9.821e-06   1.522e-07    -5.008    -6.818    -1.810     -0.19
   CaCO3           2.691e-12   2.691e-12   -11.570   -11.570     0.000     (0)  
Ca            5.935e-02
   Ca+2            5.935e-02   2.844e-02    -1.227    -1.546    -0.320    -21.75
   CaCO3           2.691e-12   2.691e-12   -11.570   -11.570     0.000     (0)  
Cl            3.972e+00
   Cl-             3.972e+00   3.154e+00     0.599     0.499    -0.100     16.24
K             6.294e-02
   K+              6.294e-02   2.575e-02    -1.201    -1.589    -0.388     10.76
Mg            3.470e-01
   Mg+2            3.470e-01   1.945e-01    -0.460    -0.711    -0.251    -18.63
   MgCO3           1.468e-05   1.468e-05    -4.833    -4.833     0.000    -16.98
   MgOH+           2.976e-08   1.843e-08    -7.526    -7.734    -0.208     (0)  
Na            3.255e+00
   Na+             3.255e+00   1.947e+00     0.513     0.289    -0.223     -1.78
S(6)          2.928e-02
   SO4-2           2.928e-02   5.367e-04    -1.533    -3.270    -1.737     11.04

------------------------------Saturation indices-------------------------------

  Phase               SI** log IAP   log K(257 K,   1 atm)

  Anhydrite        -0.79     -4.82   -4.02  CaSO4
  Antarcticite     -3.96     -0.95    3.01  CaCl2:6H2O
  Aphthitalite    -12.13    -22.04   -9.91  Na2SO4:3K2SO4
  Aragonite        -0.18     -8.36   -8.19  CaCO3
  Arcanite         -3.94     -6.45   -2.51  K2SO4
  Bischofite       -4.84     -0.12    4.72  MgCl2:6H2O
  Bloedite         -4.42     -6.94   -2.52  Na2Mg(SO4)2:4H2O
  Calcite           0.00     -8.36   -8.36  CaCO3
  Carnallite       -4.70     -1.21    3.49  KMgCl3:6H2O
  CO2(g)           -1.49     -2.28   -0.79  CO2
  Dolomite          0.09    -15.89  -15.98  CaMg(CO3)2
  Epsomite         -2.00     -4.45   -2.46  MgSO4:7H2O
  Gypsum           -0.16     -4.95   -4.79  CaSO4:2H2O
  Halite           -0.62      0.79    1.41  NaCl
  Hexahydrite      -2.64     -4.39   -1.75  MgSO4:6H2O
  Hydrohalite      -0.34      0.65    1.00  NaCl:2H2O
  Hydromagnesite   -7.94    -41.72  -33.78  (MgCO3)3:Mg(OH)2:3H2O
  Ice(s)            0.00     -0.07   -0.07  H2O
  Ikaite           -1.11     -8.77   -7.66  CaCO3:6H2O
  Kalicinite       -3.76     -4.14   -0.38  KHCO3
  Kieserite        -5.46     -4.05    1.41  MgSO4:H2O
  Landsfordite     -3.08     -7.87   -4.78  MgCO3:5H2O
  Magnesite        -0.22     -7.53   -7.31  MgCO3
  Meridianite      -1.75     -4.72   -2.97  MgSO4:11H2O
  MgCl2:12H2O      -2.55     -0.52    2.02  MgCl2:12H2O
  MgCl2:8H2O       -3.79     -0.25    3.54  MgCl2:8H2O
  Mirabilite        0.00     -3.37   -3.37  Na2SO4:10H2O
  Na2CO3:7H2O      -5.25     -6.71   -1.46  Na2CO3:7H2O
  Nahcolite        -1.37     -2.26   -0.89  NaHCO3
  Natron           -4.55     -6.91   -2.36  Na2CO3:10H2O
  Nesquehonite     -3.08     -7.73   -4.65  MgCO3:3H2O
  Picromerite      -5.18    -10.84   -5.66  MgSO4:K2SO4:6H2O
  Sylvite          -1.39     -1.09    0.30  KCl
  Tachyhydrite    -20.19     -0.79   19.41  CaCl2:(MgCl2)2:12H2O
  Thenardite       -2.37     -2.69   -0.32  Na2SO4
  Trona            -7.16     -8.63   -1.47  Na3H(CO3)2:2H2O
  Vaterite         -0.69     -8.36   -7.67  CaCO3

**For a gas, SI = log10(fugacity). Fugacity = pressure * phi / 1 atm.
  For ideal gases, phi = 1.

------------------
End of simulation.
------------------

------------------------------------
Reading input data for simulation 2.
------------------------------------

-------------------------------
End of Run after 1.244 Seconds.
-------------------------------

