   Input file: C:\Users\Kagiso\PHREEQC-Python\C5_FREZ_pre_-013p0.pqi
  Output file: C:\Users\Kagiso\PHREEQC-Python\C5_FREZ_pre_-013p0.out
Database file: C:\Program Files\USGS\phreeqc-3.8.6-17100-x64\database\frezchem.dat

------------------
Reading data base.
------------------

	PITZER
	SOLUTION_MASTER_SPECIES
	SOLUTION_SPECIES
	PHASES
	PITZER
	EXCHANGE_MASTER_SPECIES
	EXCHANGE_SPECIES
	SURFACE_MASTER_SPECIES
	SURFACE_SPECIES
	END
------------------------------------
Reading input data for simulation 1.
------------------------------------

	TITLE C5 FREZCHEM sequential FC at -13.00 C
	SOLUTION 1
	    temp -13.00000000
	    pH 6.8498000000
	    units mol/kgw
	    water 0.290360000000
	    Na 2.61454745832759e+00
	    K 4.98277999724480e-02
	    Mg 2.74731367957019e-01
	    Ca 4.72000275520044e-02
	    Cl 3.14430362308858e+00
	    S(6) 4.18067226890756e-02
	    C(4) 7.96149607383937e-03
	SELECTED_OUTPUT 1
	    file C:/Users/Kagiso/PHREEQC-Python/C5_FREZ_pre_-013p0.txt
	    reset false
	    user_punch true
	USER_PUNCH 1
	    headings Temp_C pH Water_kg Alk_eq_kgw Mu aw Na_mol K_mol Mg_mol Ca_mol Cl_mol S6_mol C4_mol Na_m K_m Mg_m Ca_m Cl_m S6_m C4_m Na_act Cl_act SO4_act SI_Ice SI_Mirabilite SI_Halite SI_Hydrohalite SI_Calcite SI_Gypsum Iterations
	    10 PUNCH TC, -LA("H+"), TOT("water"), ALK, MU, ACT("H2O")
	    20 PUNCH TOTMOLE("Na"), TOTMOLE("K"), TOTMOLE("Mg"), TOTMOLE("Ca")
	    30 PUNCH TOTMOLE("Cl"), TOTMOLE("S(6)"), TOTMOLE("C(4)")
	    40 PUNCH TOT("Na"), TOT("K"), TOT("Mg"), TOT("Ca")
	    50 PUNCH TOT("Cl"), TOT("S(6)"), TOT("C(4)")
	    60 PUNCH ACT("Na+"), ACT("Cl-"), ACT("SO4-2")
	    70 PUNCH SI("Ice(s)"), SI("Mirabilite"), SI("Halite"), SI("Hydrohalite"), SI("Calcite"), SI("Gypsum")
	    80 PUNCH ITERATIONS
	END
-----
TITLE
-----

 C5 FREZCHEM sequential FC at -13.00 C

-------------------------------------------
Beginning of initial solution calculations.
-------------------------------------------

Initial solution 1.	

-----------------------------Solution composition------------------------------

	Elements           Molality       Moles

	C(4)              7.961e-03   2.312e-03
	Ca                4.720e-02   1.371e-02
	Cl                3.144e+00   9.130e-01
	K                 4.983e-02   1.447e-02
	Mg                2.747e-01   7.977e-02
	Na                2.615e+00   7.592e-01
	S(6)              4.181e-02   1.214e-02

----------------------------Description of solution----------------------------

                                       pH  =   6.850    
                                       pe  =   4.000    
      Specific Conductance (µS/cm, -13°C)  = 50774
                          Density (g/cm³)  =   1.13546
                               Volume (L)  =   0.30343
                        Activity of water  =   0.890
                 Ionic strength (mol/kgw)  =   3.635e+00
                       Mass of water (kg)  =   2.904e-01
                 Total alkalinity (eq/kg)  =   6.530e-03
                       Total CO2 (mol/kg)  =   7.961e-03
                         Temperature (°C)  = -13.00
                  Electrical balance (eq)  =   2.143e-02
 Percent error, 100*(Cat-|An|)/(Cat+|An|)  =   1.13
                               Iterations  =  16
                         Gamma iterations  =   5
                      Osmotic coefficient  =   1.04243
                         Density of water  =   0.99712
                                  Total H  = 3.223724e+01
                                  Total O  = 1.617275e+01

----------------------------Distribution of species----------------------------

                                                    Unscaled  Unscaled
                                Unscaled       Log       Log       Log    mole V
   Species          Molality    Activity  Molality  Activity     Gamma   cm³/mol

   H+              7.604e-08   1.413e-07    -7.119    -6.850     0.269      0.00
   OH-             2.404e-08   1.794e-09    -7.619    -8.746    -1.127     -3.80
   H2O             5.551e+01   8.904e-01     1.744    -0.050     0.000     18.07
C(4)          7.961e-03
   HCO3-           6.478e-03   2.670e-03    -2.189    -2.574    -0.385     31.51
   CO2             1.458e-03   2.622e-03    -2.836    -2.581     0.255     48.94
   MgCO3           1.347e-05   1.347e-05    -4.871    -4.871     0.000    -17.00
   CO3-2           1.241e-05   2.599e-07    -4.906    -6.585    -1.679     -1.78
   CaCO3           2.827e-12   2.827e-12   -11.549   -11.549     0.000     (0)  
Ca            4.720e-02
   Ca+2            4.720e-02   1.582e-02    -1.326    -1.801    -0.475    -20.24
   CaCO3           2.827e-12   2.827e-12   -11.549   -11.549     0.000     (0)  
Cl            3.144e+00
   Cl-             3.144e+00   2.312e+00     0.498     0.364    -0.134     16.44
K             4.983e-02
   K+              4.983e-02   2.178e-02    -1.303    -1.662    -0.359     10.03
Mg            2.747e-01
   Mg+2            2.747e-01   1.010e-01    -0.561    -0.996    -0.435    -18.58
   MgCO3           1.347e-05   1.347e-05    -4.871    -4.871     0.000    -17.00
   MgOH+           3.152e-08   2.205e-08    -7.501    -7.657    -0.155     (0)  
Na            2.615e+00
   Na+             2.615e+00   1.508e+00     0.417     0.178    -0.239     -1.84
S(6)          4.181e-02
   SO4-2           4.181e-02   9.684e-04    -1.379    -3.014    -1.635     12.28

------------------------------Saturation indices-------------------------------

  Phase               SI** log IAP   log K(260 K,   1 atm)

  Anhydrite        -0.79     -4.81   -4.02  CaSO4
  Antarcticite     -4.43     -1.38    3.05  CaCl2:6H2O
  Aphthitalite    -11.96    -21.67   -9.71  Na2SO4:3K2SO4
  Aragonite        -0.20     -8.39   -8.19  CaCO3
  Arcanite         -3.89     -6.34   -2.45  K2SO4
  Bischofite       -5.31     -0.57    4.73  MgCl2:6H2O
  Bloedite         -4.36     -6.87   -2.51  Na2Mg(SO4)2:4H2O
  Calcite          -0.02     -8.39   -8.36  CaCO3
  Carnallite       -5.44     -1.87    3.57  KMgCl3:6H2O
  CO2(g)           -1.72     -2.58   -0.86  CO2
  Dolomite          0.11    -15.97  -16.07  CaMg(CO3)2
  Epsomite         -1.96     -4.36   -2.41  MgSO4:7H2O
  Gypsum           -0.15     -4.92   -4.76  CaSO4:2H2O
  Halite           -0.88      0.54    1.43  NaCl
  Hexahydrite      -2.57     -4.31   -1.74  MgSO4:6H2O
  Hydrohalite      -0.61      0.44    1.05  NaCl:2H2O
  Hydromagnesite   -7.35    -41.38  -34.03  (MgCO3)3:Mg(OH)2:3H2O
  Ice(s)            0.00     -0.05   -0.05  H2O
  Ikaite           -1.12     -8.69   -7.57  CaCO3:6H2O
  Kalicinite       -3.89     -4.24   -0.34  KHCO3
  Kieserite        -5.29     -4.06    1.23  MgSO4:H2O
  Landsfordite     -2.92     -7.83   -4.91  MgCO3:5H2O
  Magnesite        -0.21     -7.58   -7.37  MgCO3
  Meridianite      -1.71     -4.56   -2.85  MgSO4:11H2O
  MgCl2:12H2O      -3.03     -0.87    2.16  MgCl2:12H2O
  MgCl2:8H2O       -4.28     -0.67    3.61  MgCl2:8H2O
  Mirabilite        0.04     -3.16   -3.20  Na2SO4:10H2O
  Na2CO3:7H2O      -5.20     -6.58   -1.38  Na2CO3:7H2O
  Nahcolite        -1.53     -2.40   -0.87  NaHCO3
  Natron           -4.47     -6.73   -2.26  Na2CO3:10H2O
  Nesquehonite     -3.00     -7.73   -4.74  MgCO3:3H2O
  Picromerite      -5.12    -10.65   -5.53  MgSO4:K2SO4:6H2O
  Sylvite          -1.66     -1.30    0.36  KCl
  Tachyhydrite    -21.44     -2.21   19.22  CaCl2:(MgCl2)2:12H2O
  Thenardite       -2.34     -2.66   -0.32  Na2SO4
  Trona            -7.28     -8.72   -1.44  Na3H(CO3)2:2H2O
  Vaterite         -0.70     -8.39   -7.68  CaCO3

**For a gas, SI = log10(fugacity). Fugacity = pressure * phi / 1 atm.
  For ideal gases, phi = 1.

------------------
End of simulation.
------------------

------------------------------------
Reading input data for simulation 2.
------------------------------------

-------------------------------
End of Run after 1.072 Seconds.
-------------------------------

