   Input file: C:\Users\Kagiso\PHREEQC-Python\C5_FREZ_pre_-003p0.pqi
  Output file: C:\Users\Kagiso\PHREEQC-Python\C5_FREZ_pre_-003p0.out
Database file: C:\Program Files\USGS\phreeqc-3.8.6-17100-x64\database\frezchem.dat

------------------
Reading data base.
------------------

	PITZER
	SOLUTION_MASTER_SPECIES
	SOLUTION_SPECIES
	PHASES
	PITZER
	EXCHANGE_MASTER_SPECIES
	EXCHANGE_SPECIES
	SURFACE_MASTER_SPECIES
	SURFACE_SPECIES
	END
------------------------------------
Reading input data for simulation 1.
------------------------------------

	TITLE C5 FREZCHEM sequential FC at -3.00 C
	SOLUTION 1
	    temp -3.00000000
	    pH 7.3698000000
	    units mol/kgw
	    water 1.000000000000
	    Na 8.08490000000000e-01
	    K 1.44680000000000e-02
	    Mg 7.97710000000000e-02
	    Ca 1.38470000000000e-02
	    Cl 9.12980000000000e-01
	    S(6) 3.68060000000000e-02
	    C(4) 2.45460000000000e-03
	SELECTED_OUTPUT 1
	    file C:/Users/Kagiso/PHREEQC-Python/C5_FREZ_pre_-003p0.txt
	    reset false
	    user_punch true
	USER_PUNCH 1
	    headings Temp_C pH Water_kg Alk_eq_kgw Mu aw Na_mol K_mol Mg_mol Ca_mol Cl_mol S6_mol C4_mol Na_m K_m Mg_m Ca_m Cl_m S6_m C4_m Na_act Cl_act SO4_act SI_Ice SI_Mirabilite SI_Halite SI_Hydrohalite SI_Calcite SI_Gypsum Iterations
	    10 PUNCH TC, -LA("H+"), TOT("water"), ALK, MU, ACT("H2O")
	    20 PUNCH TOTMOLE("Na"), TOTMOLE("K"), TOTMOLE("Mg"), TOTMOLE("Ca")
	    30 PUNCH TOTMOLE("Cl"), TOTMOLE("S(6)"), TOTMOLE("C(4)")
	    40 PUNCH TOT("Na"), TOT("K"), TOT("Mg"), TOT("Ca")
	    50 PUNCH TOT("Cl"), TOT("S(6)"), TOT("C(4)")
	    60 PUNCH ACT("Na+"), ACT("Cl-"), ACT("SO4-2")
	    70 PUNCH SI("Ice(s)"), SI("Mirabilite"), SI("Halite"), SI("Hydrohalite"), SI("Calcite"), SI("Gypsum")
	    80 PUNCH ITERATIONS
	END
-----
TITLE
-----

 C5 FREZCHEM sequential FC at -3.00 C

-------------------------------------------
Beginning of initial solution calculations.
-------------------------------------------

Initial solution 1.	

-----------------------------Solution composition------------------------------

	Elements           Molality       Moles

	C(4)              2.455e-03   2.455e-03
	Ca                1.385e-02   1.385e-02
	Cl                9.130e-01   9.130e-01
	K                 1.447e-02   1.447e-02
	Mg                7.977e-02   7.977e-02
	Na                8.085e-01   8.085e-01
	S(6)              3.681e-02   3.681e-02

----------------------------Description of solution----------------------------

                                       pH  =   7.370    
                                       pe  =   4.000    
      Specific Conductance (µS/cm,  -3°C)  = 33851
                          Density (g/cm³)  =   1.04407
                               Volume (L)  =   1.01305
                        Activity of water  =   0.970
                 Ionic strength (mol/kgw)  =   1.130e+00
                       Mass of water (kg)  =   1.000e+00
                 Total alkalinity (eq/kg)  =   2.294e-03
                       Total CO2 (mol/kg)  =   2.455e-03
                         Temperature (°C)  =  -3.00
                  Electrical balance (eq)  =   2.131e-02
 Percent error, 100*(Cat-|An|)/(Cat+|An|)  =   1.07
                               Iterations  =  13
                         Gamma iterations  =   4
                      Osmotic coefficient  =   0.90252
                         Density of water  =   0.99955
                                  Total H  = 1.110209e+02
                                  Total O  = 5.566371e+01

----------------------------Distribution of species----------------------------

                                                    Unscaled  Unscaled
                                Unscaled       Log       Log       Log    mole V
   Species          Molality    Activity  Molality  Activity     Gamma   cm³/mol

   OH-             5.651e-08   1.934e-08    -7.248    -7.714    -0.466     -4.67
   H+              5.328e-08   4.268e-08    -7.273    -7.370    -0.096      0.00
   H2O             5.551e+01   9.701e-01     1.744    -0.013     0.000     18.02
C(4)          2.455e-03
   HCO3-           2.269e-03   1.185e-03    -2.644    -2.926    -0.282     24.52
   CO2             1.730e-04   2.178e-04    -3.762    -3.662     0.100     40.22
   CO3-2           7.528e-06   5.843e-07    -5.123    -6.233    -1.110     -5.28
   MgCO3           5.207e-06   5.207e-06    -5.283    -5.283     0.000    -17.04
   CaCO3           1.307e-12   1.307e-12   -11.884   -11.884     0.000     (0)  
Ca            1.385e-02
   Ca+2            1.385e-02   2.650e-03    -1.859    -2.577    -0.718    -18.04
   CaCO3           1.307e-12   1.307e-12   -11.884   -11.884     0.000     (0)  
Cl            9.130e-01
   Cl-             9.130e-01   6.068e-01    -0.040    -0.217    -0.177     16.97
K             1.447e-02
   K+              1.447e-02   7.971e-03    -1.840    -2.099    -0.259      8.62
Mg            7.977e-02
   Mg+2            7.977e-02   1.537e-02    -1.098    -1.813    -0.715    -19.34
   MgCO3           5.207e-06   5.207e-06    -5.283    -5.283     0.000    -17.04
   MgOH+           4.001e-08   3.654e-08    -7.398    -7.437    -0.039     (0)  
Na            8.085e-01
   Na+             8.085e-01   4.842e-01    -0.092    -0.315    -0.223     -2.19
S(6)          3.681e-02
   SO4-2           3.681e-02   2.759e-03    -1.434    -2.559    -1.125     13.17

------------------------------Saturation indices-------------------------------

  Phase               SI** log IAP   log K(270 K,   1 atm)

  Anhydrite        -1.09     -5.14   -4.05  CaSO4
  Antarcticite     -6.30     -3.09    3.21  CaCl2:6H2O
  Aphthitalite    -14.41    -23.46   -9.05  Na2SO4:3K2SO4
  Aragonite        -0.60     -8.81   -8.21  CaCO3
  Arcanite         -4.50     -6.76   -2.25  K2SO4
  Bischofite       -7.08     -2.33    4.75  MgCl2:6H2O
  Bloedite         -5.14     -7.61   -2.47  Na2Mg(SO4)2:4H2O
  Calcite          -0.43     -8.81   -8.38  CaCO3
  Carnallite       -8.47     -4.64    3.83  KMgCl3:6H2O
  CO2(g)           -2.61     -3.66   -1.05  CO2
  Dolomite         -0.49    -16.86  -16.37  CaMg(CO3)2
  Epsomite         -2.21     -4.46   -2.25  MgSO4:7H2O
  Gypsum           -0.48     -5.16   -4.68  CaSO4:2H2O
  Halite           -2.01     -0.53    1.48  NaCl
  Hexahydrite      -2.74     -4.45   -1.71  MgSO4:6H2O
  Hydrohalite      -1.77     -0.56    1.21  NaCl:2H2O
  Hydromagnesite   -6.59    -41.42  -34.83  (MgCO3)3:Mg(OH)2:3H2O
  Ice(s)           -0.00     -0.01   -0.01  H2O
  Ikaite           -1.60     -8.89   -7.28  CaCO3:6H2O
  Kalicinite       -4.82     -5.02   -0.21  KHCO3
  Kieserite        -5.07     -4.39    0.69  MgSO4:H2O
  Landsfordite     -2.95     -8.11   -5.16  MgCO3:5H2O
  Magnesite        -0.49     -8.05   -7.56  MgCO3
  Meridianite      -2.07     -4.52   -2.45  MgSO4:11H2O
  MgCl2:12H2O      -5.08     -2.41    2.67  MgCl2:12H2O
  MgCl2:8H2O       -6.15     -2.35    3.80  MgCl2:8H2O
  Mirabilite       -0.65     -3.32   -2.67  Na2SO4:10H2O
  Na2CO3:7H2O      -5.82     -6.96   -1.13  Na2CO3:7H2O
  Nahcolite        -2.48     -3.24   -0.76  NaHCO3
  Natron           -5.08     -7.00   -1.91  Na2CO3:10H2O
  Nesquehonite     -3.10     -8.09   -4.98  MgCO3:3H2O
  Picromerite      -6.07    -11.21   -5.14  MgSO4:K2SO4:6H2O
  Sylvite          -2.85     -2.32    0.53  KCl
  Tachyhydrite    -26.29     -7.66   18.62  CaCl2:(MgCl2)2:12H2O
  Thenardite       -2.88     -3.19   -0.31  Na2SO4
  Trona            -8.80    -10.13   -1.33  Na3H(CO3)2:2H2O
  Vaterite         -1.08     -8.81   -7.73  CaCO3

**For a gas, SI = log10(fugacity). Fugacity = pressure * phi / 1 atm.
  For ideal gases, phi = 1.

------------------
End of simulation.
------------------

------------------------------------
Reading input data for simulation 2.
------------------------------------

-------------------------------
End of Run after 1.339 Seconds.
-------------------------------

