   Input file: C:\Users\Kagiso\PHREEQC-Python\C5_FREZ_eq_+008p0.pqi
  Output file: C:\Users\Kagiso\PHREEQC-Python\C5_FREZ_eq_+008p0.out
Database file: C:\Program Files\USGS\phreeqc-3.8.6-17100-x64\database\frezchem.dat

------------------
Reading data base.
------------------

	PITZER
	SOLUTION_MASTER_SPECIES
	SOLUTION_SPECIES
	PHASES
	PITZER
	EXCHANGE_MASTER_SPECIES
	EXCHANGE_SPECIES
	SURFACE_MASTER_SPECIES
	SURFACE_SPECIES
	END
------------------------------------
Reading input data for simulation 1.
------------------------------------

	TITLE C5 FREZCHEM sequential FC at 8.00 C
	SOLUTION 1
	    temp 8.00000000
	    pH 7.3698000000
	    units mol/kgw
	    water 1.000000000000
	    Na 8.08490000000000e-01
	    K 1.44680000000000e-02
	    Mg 7.97710000000000e-02
	    Ca 1.38470000000000e-02
	    Cl 9.12980000000000e-01
	    S(6) 3.68060000000000e-02
	    C(4) 2.45460000000000e-03
	EQUILIBRIUM_PHASES 1
	    Ice(s)       0.0 0.0
	    Mirabilite   0.0 0.0
	    Halite       0.0 0.0
	    Hydrohalite  0.0 0.0
	    Calcite      0.0 0.0
	    Gypsum       0.0 0.0
	SELECTED_OUTPUT 1
	    file C:/Users/Kagiso/PHREEQC-Python/C5_FREZ_eq_+008p0.txt
	    reset false
	    user_punch true
	USER_PUNCH 1
	    headings Temp_C pH Water_kg Alk_eq_kgw Mu aw Na_mol K_mol Mg_mol Ca_mol Cl_mol S6_mol C4_mol Na_m K_m Mg_m Ca_m Cl_m S6_m C4_m Na_act Cl_act SO4_act SI_Ice SI_Mirabilite SI_Halite SI_Hydrohalite SI_Calcite SI_Gypsum Ice_mol Mirabilite_mol Halite_mol Hydrohalite_mol Calcite_mol Gypsum_mol Iterations
	    10 PUNCH TC, -LA("H+"), TOT("water"), ALK, MU, ACT("H2O")
	    20 PUNCH TOTMOLE("Na"), TOTMOLE("K"), TOTMOLE("Mg"), TOTMOLE("Ca")
	    30 PUNCH TOTMOLE("Cl"), TOTMOLE("S(6)"), TOTMOLE("C(4)")
	    40 PUNCH TOT("Na"), TOT("K"), TOT("Mg"), TOT("Ca")
	    50 PUNCH TOT("Cl"), TOT("S(6)"), TOT("C(4)")
	    60 PUNCH ACT("Na+"), ACT("Cl-"), ACT("SO4-2")
	    70 PUNCH SI("Ice(s)"), SI("Mirabilite"), SI("Halite"), SI("Hydrohalite"), SI("Calcite"), SI("Gypsum")
	    80 PUNCH EQUI("Ice(s)"), EQUI("Mirabilite"), EQUI("Halite"), EQUI("Hydrohalite"), EQUI("Calcite"), EQUI("Gypsum")
	    90 PUNCH ITERATIONS
	END
-----
TITLE
-----

 C5 FREZCHEM sequential FC at 8.00 C

-------------------------------------------
Beginning of initial solution calculations.
-------------------------------------------

Initial solution 1.	

-----------------------------Solution composition------------------------------

	Elements           Molality       Moles

	C(4)              2.455e-03   2.455e-03
	Ca                1.385e-02   1.385e-02
	Cl                9.130e-01   9.130e-01
	K                 1.447e-02   1.447e-02
	Mg                7.977e-02   7.977e-02
	Na                8.085e-01   8.085e-01
	S(6)              3.681e-02   3.681e-02

----------------------------Description of solution----------------------------

                                       pH  =   7.370    
                                       pe  =   4.000    
      Specific Conductance (µS/cm,   8°C)  = 48474
                          Density (g/cm³)  =   1.04232
                               Volume (L)  =   1.01475
                        Activity of water  =   0.970
                 Ionic strength (mol/kgw)  =   1.130e+00
                       Mass of water (kg)  =   1.000e+00
                 Total alkalinity (eq/kg)  =   2.347e-03
                       Total CO2 (mol/kg)  =   2.455e-03
                         Temperature (°C)  =   8.00
                  Electrical balance (eq)  =   2.126e-02
 Percent error, 100*(Cat-|An|)/(Cat+|An|)  =   1.06
                               Iterations  =  13
                         Gamma iterations  =   4
                      Osmotic coefficient  =   0.91447
                         Density of water  =   0.99985
                                  Total H  = 1.110209e+02
                                  Total O  = 5.566376e+01

----------------------------Distribution of species----------------------------

                                                    Unscaled  Unscaled
                                Unscaled       Log       Log       Log    mole V
   Species          Molality    Activity  Molality  Activity     Gamma   cm³/mol

   OH-             1.501e-07   5.624e-08    -6.824    -7.250    -0.426     -3.14
   H+              5.435e-08   4.268e-08    -7.265    -7.370    -0.105      0.00
   H2O             5.551e+01   9.697e-01     1.744    -0.013     0.000     18.02
C(4)          2.455e-03
   HCO3-           2.305e-03   1.200e-03    -2.637    -2.921    -0.283     26.19
   CO2             1.287e-04   1.608e-04    -3.890    -3.794     0.097     34.44
   CO3-2           1.114e-05   8.620e-07    -4.953    -6.065    -1.111     -1.88
   MgCO3           9.575e-06   9.575e-06    -5.019    -5.019     0.000    -17.07
   CaCO3           1.946e-12   1.946e-12   -11.711   -11.711     0.000     (0)  
Ca            1.385e-02
   Ca+2            1.385e-02   2.576e-03    -1.859    -2.589    -0.730    -17.12
   CaCO3           1.946e-12   1.946e-12   -11.711   -11.711     0.000     (0)  
Cl            9.130e-01
   Cl-             9.130e-01   6.222e-01    -0.040    -0.206    -0.167     18.11
K             1.447e-02
   K+              1.447e-02   8.070e-03    -1.840    -2.093    -0.254      9.28
Mg            7.977e-02
   Mg+2            7.976e-02   1.661e-02    -1.098    -1.780    -0.681    -19.66
   MgCO3           9.575e-06   9.575e-06    -5.019    -5.019     0.000    -17.07
   MgOH+           1.352e-07   1.214e-07    -6.869    -6.916    -0.047     (0)  
Na            8.085e-01
   Na+             8.085e-01   4.941e-01    -0.092    -0.306    -0.214     -1.17
S(6)          3.681e-02
   SO4-2           3.681e-02   2.898e-03    -1.434    -2.538    -1.104     16.82

------------------------------Saturation indices-------------------------------

  Phase               SI** log IAP   log K(281 K,   1 atm)

  Anhydrite        -1.02     -5.13   -4.11  CaSO4
  Antarcticite     -6.51     -3.08    3.42  CaCl2:6H2O
  Aphthitalite    -15.01    -23.32   -8.32  Na2SO4:3K2SO4
  Aragonite        -0.41     -8.65   -8.25  CaCO3
  Arcanite         -4.67     -6.72   -2.05  K2SO4
  Bischofite       -7.00     -2.27    4.73  MgCl2:6H2O
  Bloedite         -5.09     -7.52   -2.43  Na2Mg(SO4)2:4H2O
  Calcite          -0.25     -8.65   -8.40  CaCO3
  Carnallite       -8.62     -4.57    4.05  KMgCl3:6H2O
  CO2(g)           -2.55     -3.79   -1.24  CO2
  Dolomite          0.17    -16.50  -16.66  CaMg(CO3)2
  Epsomite         -2.31     -4.41   -2.10  MgSO4:7H2O
  Gypsum           -0.53     -5.15   -4.62  CaSO4:2H2O
  Halite           -2.04     -0.51    1.53  NaCl
  Hexahydrite      -2.72     -4.40   -1.68  MgSO4:6H2O
  Hydrohalite      -1.90     -0.54    1.36  NaCl:2H2O
  Hydromagnesite   -4.22    -39.85  -35.64  (MgCO3)3:Mg(OH)2:3H2O
  Ice(s)           -0.05     -0.01    0.03  H2O
  Ikaite           -1.74     -8.73   -6.99  CaCO3:6H2O
  Kalicinite       -4.96     -5.01   -0.05  KHCO3
  Kieserite        -4.56     -4.33    0.23  MgSO4:H2O
  Landsfordite     -2.71     -7.91   -5.20  MgCO3:5H2O
  Magnesite        -0.09     -7.84   -7.76  MgCO3
  Meridianite      -2.47     -4.46   -2.00  MgSO4:11H2O
  MgCl2:12H2O      -5.72     -2.35    3.37  MgCl2:12H2O
  MgCl2:8H2O       -6.27     -2.30    3.97  MgCl2:8H2O
  Mirabilite       -1.19     -3.28   -2.09  Na2SO4:10H2O
  Na2CO3:7H2O      -5.91     -6.77   -0.86  Na2CO3:7H2O
  Nahcolite        -2.61     -3.23   -0.61  NaHCO3
  Natron           -5.31     -6.81   -1.50  Na2CO3:10H2O
  Nesquehonite     -2.71     -7.88   -5.18  MgCO3:3H2O
  Picromerite      -6.34    -11.12   -4.78  MgSO4:K2SO4:6H2O
  Sylvite          -2.99     -2.30    0.69  KCl
  Tachyhydrite    -25.50     -7.55   17.96  CaCl2:(MgCl2)2:12H2O
  Thenardite       -2.85     -3.15   -0.30  Na2SO4
  Trona            -8.72     -9.93   -1.21  Na3H(CO3)2:2H2O
  Vaterite         -0.86     -8.65   -7.79  CaCO3

**For a gas, SI = log10(fugacity). Fugacity = pressure * phi / 1 atm.
  For ideal gases, phi = 1.

-----------------------------------------
Beginning of batch-reaction calculations.
-----------------------------------------

Reaction step 1.

Using solution 1.	
Using pure phase assemblage 1.	

-------------------------------Phase assemblage--------------------------------

                                                      Moles in assemblage
Phase               SI  log IAP  log K(T, P)   Initial       Final       Delta

Calcite          -0.25    -8.65     -8.40    0.000e+00           0   0.000e+00
Gypsum           -0.53    -5.15     -4.62    0.000e+00           0   0.000e+00
Halite           -2.04    -0.51      1.53    0.000e+00           0   0.000e+00
Hydrohalite      -1.90    -0.54      1.36    0.000e+00           0   0.000e+00
Ice(s)           -0.05    -0.01      0.03    0.000e+00           0   0.000e+00
Mirabilite       -1.19    -3.28     -2.09    0.000e+00           0   0.000e+00

-----------------------------Solution composition------------------------------

	Elements           Molality       Moles

	C                 2.455e-03   2.455e-03
	Ca                1.385e-02   1.385e-02
	Cl                9.130e-01   9.130e-01
	K                 1.447e-02   1.447e-02
	Mg                7.977e-02   7.977e-02
	Na                8.085e-01   8.085e-01
	S                 3.681e-02   3.681e-02

----------------------------Description of solution----------------------------

                                       pH  =   7.370      Charge balance
                                       pe  =   4.000      Adjusted to redox equilibrium
      Specific Conductance (µS/cm,   8°C)  = 48474
                          Density (g/cm³)  =   1.04232
                               Volume (L)  =   1.01475
                        Activity of water  =   0.970
                 Ionic strength (mol/kgw)  =   1.130e+00
                       Mass of water (kg)  =   1.000e+00
                 Total alkalinity (eq/kg)  =   2.347e-03
                       Total CO2 (mol/kg)  =   2.455e-03
                         Temperature (°C)  =   8.00
                  Electrical balance (eq)  =   2.126e-02
 Percent error, 100*(Cat-|An|)/(Cat+|An|)  =   1.06
                               Iterations  =   1
                         Gamma iterations  =   1
                      Osmotic coefficient  =   0.91447
                         Density of water  =   0.99985
                                  Total H  = 1.110209e+02
                                  Total O  = 5.566376e+01

----------------------------Distribution of species----------------------------

                                                    Unscaled  Unscaled
                                Unscaled       Log       Log       Log    mole V
   Species          Molality    Activity  Molality  Activity     Gamma   cm³/mol

   OH-             1.501e-07   5.624e-08    -6.824    -7.250    -0.426     -3.14
   H+              5.435e-08   4.268e-08    -7.265    -7.370    -0.105      0.00
   H2O             5.551e+01   9.697e-01     1.744    -0.013     0.000     18.02
C(4)          2.455e-03
   HCO3-           2.305e-03   1.200e-03    -2.637    -2.921    -0.283     26.19
   CO2             1.287e-04   1.608e-04    -3.890    -3.794     0.097     34.44
   CO3-2           1.114e-05   8.620e-07    -4.953    -6.065    -1.111     -1.88
   MgCO3           9.575e-06   9.575e-06    -5.019    -5.019     0.000    -17.07
   CaCO3           1.946e-12   1.946e-12   -11.711   -11.711     0.000     (0)  
Ca            1.385e-02
   Ca+2            1.385e-02   2.576e-03    -1.859    -2.589    -0.730    -17.12
   CaCO3           1.946e-12   1.946e-12   -11.711   -11.711     0.000     (0)  
Cl            9.130e-01
   Cl-             9.130e-01   6.222e-01    -0.040    -0.206    -0.167     18.11
K             1.447e-02
   K+              1.447e-02   8.070e-03    -1.840    -2.093    -0.254      9.28
Mg            7.977e-02
   Mg+2            7.976e-02   1.661e-02    -1.098    -1.780    -0.681    -19.66
   MgCO3           9.575e-06   9.575e-06    -5.019    -5.019     0.000    -17.07
   MgOH+           1.352e-07   1.214e-07    -6.869    -6.916    -0.047     (0)  
Na            8.085e-01
   Na+             8.085e-01   4.941e-01    -0.092    -0.306    -0.214     -1.17
S(6)          3.681e-02
   SO4-2           3.681e-02   2.898e-03    -1.434    -2.538    -1.104     16.82

------------------------------Saturation indices-------------------------------

  Phase               SI** log IAP   log K(281 K,   1 atm)

  Anhydrite        -1.02     -5.13   -4.11  CaSO4
  Antarcticite     -6.51     -3.08    3.42  CaCl2:6H2O
  Aphthitalite    -15.01    -23.32   -8.32  Na2SO4:3K2SO4
  Aragonite        -0.41     -8.65   -8.25  CaCO3
  Arcanite         -4.67     -6.72   -2.05  K2SO4
  Bischofite       -7.00     -2.27    4.73  MgCl2:6H2O
  Bloedite         -5.09     -7.52   -2.43  Na2Mg(SO4)2:4H2O
  Calcite          -0.25     -8.65   -8.40  CaCO3
  Carnallite       -8.62     -4.57    4.05  KMgCl3:6H2O
  CO2(g)           -2.55     -3.79   -1.24  CO2
  Dolomite          0.17    -16.50  -16.66  CaMg(CO3)2
  Epsomite         -2.31     -4.41   -2.10  MgSO4:7H2O
  Gypsum           -0.53     -5.15   -4.62  CaSO4:2H2O
  Halite           -2.04     -0.51    1.53  NaCl
  Hexahydrite      -2.72     -4.40   -1.68  MgSO4:6H2O
  Hydrohalite      -1.90     -0.54    1.36  NaCl:2H2O
  Hydromagnesite   -4.22    -39.85  -35.64  (MgCO3)3:Mg(OH)2:3H2O
  Ice(s)           -0.05     -0.01    0.03  H2O
  Ikaite           -1.74     -8.73   -6.99  CaCO3:6H2O
  Kalicinite       -4.96     -5.01   -0.05  KHCO3
  Kieserite        -4.56     -4.33    0.23  MgSO4:H2O
  Landsfordite     -2.71     -7.91   -5.20  MgCO3:5H2O
  Magnesite        -0.09     -7.84   -7.76  MgCO3
  Meridianite      -2.47     -4.46   -2.00  MgSO4:11H2O
  MgCl2:12H2O      -5.72     -2.35    3.37  MgCl2:12H2O
  MgCl2:8H2O       -6.27     -2.30    3.97  MgCl2:8H2O
  Mirabilite       -1.19     -3.28   -2.09  Na2SO4:10H2O
  Na2CO3:7H2O      -5.91     -6.77   -0.86  Na2CO3:7H2O
  Nahcolite        -2.61     -3.23   -0.61  NaHCO3
  Natron           -5.31     -6.81   -1.50  Na2CO3:10H2O
  Nesquehonite     -2.71     -7.88   -5.18  MgCO3:3H2O
  Picromerite      -6.34    -11.12   -4.78  MgSO4:K2SO4:6H2O
  Sylvite          -2.99     -2.30    0.69  KCl
  Tachyhydrite    -25.50     -7.55   17.96  CaCl2:(MgCl2)2:12H2O
  Thenardite       -2.85     -3.15   -0.30  Na2SO4
  Trona            -8.72     -9.93   -1.21  Na3H(CO3)2:2H2O
  Vaterite         -0.86     -8.65   -7.79  CaCO3

**For a gas, SI = log10(fugacity). Fugacity = pressure * phi / 1 atm.
  For ideal gases, phi = 1.

------------------
End of simulation.
------------------

------------------------------------
Reading input data for simulation 2.
------------------------------------

-------------------------------
End of Run after 1.192 Seconds.
-------------------------------

