   Input file: C:\Users\Kagiso\PHREEQC-Python\C5_FREZ_eq_+019p0.pqi
  Output file: C:\Users\Kagiso\PHREEQC-Python\C5_FREZ_eq_+019p0.out
Database file: C:\Program Files\USGS\phreeqc-3.8.6-17100-x64\database\frezchem.dat

------------------
Reading data base.
------------------

	PITZER
	SOLUTION_MASTER_SPECIES
	SOLUTION_SPECIES
	PHASES
	PITZER
	EXCHANGE_MASTER_SPECIES
	EXCHANGE_SPECIES
	SURFACE_MASTER_SPECIES
	SURFACE_SPECIES
	END
------------------------------------
Reading input data for simulation 1.
------------------------------------

	TITLE C5 FREZCHEM sequential FC at 19.00 C
	SOLUTION 1
	    temp 19.00000000
	    pH 7.3698000000
	    units mol/kgw
	    water 1.000000000000
	    Na 8.08490000000000e-01
	    K 1.44680000000000e-02
	    Mg 7.97710000000000e-02
	    Ca 1.38470000000000e-02
	    Cl 9.12980000000000e-01
	    S(6) 3.68060000000000e-02
	    C(4) 2.45460000000000e-03
	EQUILIBRIUM_PHASES 1
	    Ice(s)       0.0 0.0
	    Mirabilite   0.0 0.0
	    Halite       0.0 0.0
	    Hydrohalite  0.0 0.0
	    Calcite      0.0 0.0
	    Gypsum       0.0 0.0
	SELECTED_OUTPUT 1
	    file C:/Users/Kagiso/PHREEQC-Python/C5_FREZ_eq_+019p0.txt
	    reset false
	    user_punch true
	USER_PUNCH 1
	    headings Temp_C pH Water_kg Alk_eq_kgw Mu aw Na_mol K_mol Mg_mol Ca_mol Cl_mol S6_mol C4_mol Na_m K_m Mg_m Ca_m Cl_m S6_m C4_m Na_act Cl_act SO4_act SI_Ice SI_Mirabilite SI_Halite SI_Hydrohalite SI_Calcite SI_Gypsum Ice_mol Mirabilite_mol Halite_mol Hydrohalite_mol Calcite_mol Gypsum_mol Iterations
	    10 PUNCH TC, -LA("H+"), TOT("water"), ALK, MU, ACT("H2O")
	    20 PUNCH TOTMOLE("Na"), TOTMOLE("K"), TOTMOLE("Mg"), TOTMOLE("Ca")
	    30 PUNCH TOTMOLE("Cl"), TOTMOLE("S(6)"), TOTMOLE("C(4)")
	    40 PUNCH TOT("Na"), TOT("K"), TOT("Mg"), TOT("Ca")
	    50 PUNCH TOT("Cl"), TOT("S(6)"), TOT("C(4)")
	    60 PUNCH ACT("Na+"), ACT("Cl-"), ACT("SO4-2")
	    70 PUNCH SI("Ice(s)"), SI("Mirabilite"), SI("Halite"), SI("Hydrohalite"), SI("Calcite"), SI("Gypsum")
	    80 PUNCH EQUI("Ice(s)"), EQUI("Mirabilite"), EQUI("Halite"), EQUI("Hydrohalite"), EQUI("Calcite"), EQUI("Gypsum")
	    90 PUNCH ITERATIONS
	END
-----
TITLE
-----

 C5 FREZCHEM sequential FC at 19.00 C

-------------------------------------------
Beginning of initial solution calculations.
-------------------------------------------

Initial solution 1.	

-----------------------------Solution composition------------------------------

	Elements           Molality       Moles

	C(4)              2.455e-03   2.455e-03
	Ca                1.385e-02   1.385e-02
	Cl                9.130e-01   9.130e-01
	K                 1.447e-02   1.447e-02
	Mg                7.977e-02   7.977e-02
	Na                8.085e-01   8.085e-01
	S(6)              3.681e-02   3.681e-02

----------------------------Description of solution----------------------------

                                       pH  =   7.370    
                                       pe  =   4.000    
      Specific Conductance (µS/cm,  19°C)  = 64886
                          Density (g/cm³)  =   1.03961
                               Volume (L)  =   1.01740
                        Activity of water  =   0.969
                 Ionic strength (mol/kgw)  =   1.130e+00
                       Mass of water (kg)  =   1.000e+00
                 Total alkalinity (eq/kg)  =   2.381e-03
                       Total CO2 (mol/kg)  =   2.455e-03
                         Temperature (°C)  =  19.00
                  Electrical balance (eq)  =   2.122e-02
 Percent error, 100*(Cat-|An|)/(Cat+|An|)  =   1.06
                               Iterations  =  13
                         Gamma iterations  =   4
                      Osmotic coefficient  =   0.92275
                         Density of water  =   0.99840
                                  Total H  = 1.110209e+02
                                  Total O  = 5.566378e+01

----------------------------Distribution of species----------------------------

                                                    Unscaled  Unscaled
                                Unscaled       Log       Log       Log    mole V
   Species          Molality    Activity  Molality  Activity     Gamma   cm³/mol

   OH-             3.606e-07   1.442e-07    -6.443    -6.841    -0.398     -2.23
   H+              5.535e-08   4.268e-08    -7.257    -7.370    -0.113      0.00
   H2O             5.551e+01   9.694e-01     1.744    -0.013     0.000     18.04
C(4)          2.455e-03
   HCO3-           2.317e-03   1.220e-03    -2.635    -2.914    -0.279     27.20
   CO2             1.062e-04   1.314e-04    -3.974    -3.881     0.093     30.65
   MgCO3           1.591e-05   1.591e-05    -4.798    -4.798     0.000    -17.08
   CO3-2           1.552e-05   1.176e-06    -4.809    -5.929    -1.120      0.08
   CaCO3           2.306e-12   2.306e-12   -11.637   -11.637     0.000     (0)  
Ca            1.385e-02
   Ca+2            1.385e-02   2.497e-03    -1.859    -2.603    -0.744    -16.58
   CaCO3           2.306e-12   2.306e-12   -11.637   -11.637     0.000     (0)  
Cl            9.130e-01
   Cl-             9.130e-01   6.314e-01    -0.040    -0.200    -0.160     18.77
K             1.447e-02
   K+              1.447e-02   8.106e-03    -1.840    -2.091    -0.252      9.72
Mg            7.977e-02
   Mg+2            7.975e-02   1.738e-02    -1.098    -1.760    -0.662    -19.95
   MgCO3           1.591e-05   1.591e-05    -4.798    -4.798     0.000    -17.08
   MgOH+           4.069e-07   3.590e-07    -6.390    -6.445    -0.054     (0)  
Na            8.085e-01
   Na+             8.085e-01   5.002e-01    -0.092    -0.301    -0.209     -0.51
S(6)          3.681e-02
   SO4-2           3.681e-02   3.053e-03    -1.434    -2.515    -1.081     18.87

------------------------------Saturation indices-------------------------------

  Phase               SI** log IAP   log K(292 K,   1 atm)

  Anhydrite        -0.92     -5.12   -4.20  CaSO4
  Antarcticite     -6.74     -3.08    3.66  CaCl2:6H2O
  Aphthitalite    -15.62    -23.21   -7.59  Na2SO4:3K2SO4
  Aragonite        -0.23     -8.53   -8.30  CaCO3
  Arcanite         -4.83     -6.70   -1.87  K2SO4
  Bischofite       -6.91     -2.24    4.67  MgCl2:6H2O
  Bloedite         -5.05     -7.45   -2.39  Na2Mg(SO4)2:4H2O
  Calcite          -0.08     -8.53   -8.45  CaCO3
  Carnallite       -8.75     -4.53    4.22  KMgCl3:6H2O
  CO2(g)           -2.49     -3.88   -1.39  CO2
  Dolomite          0.72    -16.22  -16.94  CaMg(CO3)2
  Epsomite         -2.41     -4.37   -1.96  MgSO4:7H2O
  Gypsum           -0.55     -5.14   -4.60  CaSO4:2H2O
  Halite           -2.06     -0.50    1.56  NaCl
  Hexahydrite      -2.71     -4.36   -1.64  MgSO4:6H2O
  Hydrohalite      -2.00     -0.53    1.48  NaCl:2H2O
  Hydromagnesite   -2.17    -38.55  -36.38  (MgCO3)3:Mg(OH)2:3H2O
  Ice(s)           -0.09     -0.01    0.08  H2O
  Ikaite           -1.89     -8.61   -6.72  CaCO3:6H2O
  Kalicinite       -5.11     -5.00    0.10  KHCO3
  Kieserite        -4.20     -4.29   -0.09  MgSO4:H2O
  Landsfordite     -2.64     -7.76   -5.12  MgCO3:5H2O
  Magnesite         0.25     -7.69   -7.94  MgCO3
  Meridianite      -2.87     -4.42   -1.55  MgSO4:11H2O
  MgCl2:12H2O      -6.51     -2.32    4.19  MgCl2:12H2O
  MgCl2:8H2O       -6.37     -2.27    4.10  MgCl2:8H2O
  Mirabilite       -1.73     -3.25   -1.52  Na2SO4:10H2O
  Na2CO3:7H2O      -6.04     -6.63   -0.59  Na2CO3:7H2O
  Nahcolite        -2.74     -3.21   -0.47  NaHCO3
  Natron           -5.61     -6.67   -1.06  Na2CO3:10H2O
  Nesquehonite     -2.44     -7.73   -5.29  MgCO3:3H2O
  Picromerite      -6.55    -11.05   -4.50  MgSO4:K2SO4:6H2O
  Sylvite          -3.12     -2.29    0.83  KCl
  Tachyhydrite    -24.78     -7.48   17.30  CaCl2:(MgCl2)2:12H2O
  Thenardite       -2.82     -3.12   -0.29  Na2SO4
  Trona            -8.69     -9.77   -1.08  Na3H(CO3)2:2H2O
  Vaterite         -0.67     -8.53   -7.87  CaCO3

**For a gas, SI = log10(fugacity). Fugacity = pressure * phi / 1 atm.
  For ideal gases, phi = 1.

-----------------------------------------
Beginning of batch-reaction calculations.
-----------------------------------------

Reaction step 1.

Using solution 1.	
Using pure phase assemblage 1.	

-------------------------------Phase assemblage--------------------------------

                                                      Moles in assemblage
Phase               SI  log IAP  log K(T, P)   Initial       Final       Delta

Calcite          -0.08    -8.53     -8.45    0.000e+00           0   0.000e+00
Gypsum           -0.55    -5.14     -4.60    0.000e+00           0   0.000e+00
Halite           -2.06    -0.50      1.56    0.000e+00           0   0.000e+00
Hydrohalite      -2.00    -0.53      1.48    0.000e+00           0   0.000e+00
Ice(s)           -0.09    -0.01      0.08    0.000e+00           0   0.000e+00
Mirabilite       -1.73    -3.25     -1.52    0.000e+00           0   0.000e+00

-----------------------------Solution composition------------------------------

	Elements           Molality       Moles

	C                 2.455e-03   2.455e-03
	Ca                1.385e-02   1.385e-02
	Cl                9.130e-01   9.130e-01
	K                 1.447e-02   1.447e-02
	Mg                7.977e-02   7.977e-02
	Na                8.085e-01   8.085e-01
	S                 3.681e-02   3.681e-02

----------------------------Description of solution----------------------------

                                       pH  =   7.370      Charge balance
                                       pe  =   4.000      Adjusted to redox equilibrium
      Specific Conductance (µS/cm,  19°C)  = 64886
                          Density (g/cm³)  =   1.03961
                               Volume (L)  =   1.01740
                        Activity of water  =   0.969
                 Ionic strength (mol/kgw)  =   1.130e+00
                       Mass of water (kg)  =   1.000e+00
                 Total alkalinity (eq/kg)  =   2.381e-03
                       Total CO2 (mol/kg)  =   2.455e-03
                         Temperature (°C)  =  19.00
                  Electrical balance (eq)  =   2.122e-02
 Percent error, 100*(Cat-|An|)/(Cat+|An|)  =   1.06
                               Iterations  =   1
                         Gamma iterations  =   1
                      Osmotic coefficient  =   0.92275
                         Density of water  =   0.99840
                                  Total H  = 1.110209e+02
                                  Total O  = 5.566378e+01

----------------------------Distribution of species----------------------------

                                                    Unscaled  Unscaled
                                Unscaled       Log       Log       Log    mole V
   Species          Molality    Activity  Molality  Activity     Gamma   cm³/mol

   OH-             3.606e-07   1.442e-07    -6.443    -6.841    -0.398     -2.23
   H+              5.535e-08   4.268e-08    -7.257    -7.370    -0.113      0.00
   H2O             5.551e+01   9.694e-01     1.744    -0.013     0.000     18.04
C(4)          2.455e-03
   HCO3-           2.317e-03   1.220e-03    -2.635    -2.914    -0.279     27.20
   CO2             1.062e-04   1.314e-04    -3.974    -3.881     0.093     30.65
   MgCO3           1.591e-05   1.591e-05    -4.798    -4.798     0.000    -17.08
   CO3-2           1.552e-05   1.176e-06    -4.809    -5.929    -1.120      0.08
   CaCO3           2.306e-12   2.306e-12   -11.637   -11.637     0.000     (0)  
Ca            1.385e-02
   Ca+2            1.385e-02   2.497e-03    -1.859    -2.603    -0.744    -16.58
   CaCO3           2.306e-12   2.306e-12   -11.637   -11.637     0.000     (0)  
Cl            9.130e-01
   Cl-             9.130e-01   6.314e-01    -0.040    -0.200    -0.160     18.77
K             1.447e-02
   K+              1.447e-02   8.106e-03    -1.840    -2.091    -0.252      9.72
Mg            7.977e-02
   Mg+2            7.975e-02   1.738e-02    -1.098    -1.760    -0.662    -19.95
   MgCO3           1.591e-05   1.591e-05    -4.798    -4.798     0.000    -17.08
   MgOH+           4.069e-07   3.590e-07    -6.390    -6.445    -0.054     (0)  
Na            8.085e-01
   Na+             8.085e-01   5.002e-01    -0.092    -0.301    -0.209     -0.51
S(6)          3.681e-02
   SO4-2           3.681e-02   3.053e-03    -1.434    -2.515    -1.081     18.87

------------------------------Saturation indices-------------------------------

  Phase               SI** log IAP   log K(292 K,   1 atm)

  Anhydrite        -0.92     -5.12   -4.20  CaSO4
  Antarcticite     -6.74     -3.08    3.66  CaCl2:6H2O
  Aphthitalite    -15.62    -23.21   -7.59  Na2SO4:3K2SO4
  Aragonite        -0.23     -8.53   -8.30  CaCO3
  Arcanite         -4.83     -6.70   -1.87  K2SO4
  Bischofite       -6.91     -2.24    4.67  MgCl2:6H2O
  Bloedite         -5.05     -7.45   -2.39  Na2Mg(SO4)2:4H2O
  Calcite          -0.08     -8.53   -8.45  CaCO3
  Carnallite       -8.75     -4.53    4.22  KMgCl3:6H2O
  CO2(g)           -2.49     -3.88   -1.39  CO2
  Dolomite          0.72    -16.22  -16.94  CaMg(CO3)2
  Epsomite         -2.41     -4.37   -1.96  MgSO4:7H2O
  Gypsum           -0.55     -5.14   -4.60  CaSO4:2H2O
  Halite           -2.06     -0.50    1.56  NaCl
  Hexahydrite      -2.71     -4.36   -1.64  MgSO4:6H2O
  Hydrohalite      -2.00     -0.53    1.48  NaCl:2H2O
  Hydromagnesite   -2.17    -38.55  -36.38  (MgCO3)3:Mg(OH)2:3H2O
  Ice(s)           -0.09     -0.01    0.08  H2O
  Ikaite           -1.89     -8.61   -6.72  CaCO3:6H2O
  Kalicinite       -5.11     -5.00    0.10  KHCO3
  Kieserite        -4.20     -4.29   -0.09  MgSO4:H2O
  Landsfordite     -2.64     -7.76   -5.12  MgCO3:5H2O
  Magnesite         0.25     -7.69   -7.94  MgCO3
  Meridianite      -2.87     -4.42   -1.55  MgSO4:11H2O
  MgCl2:12H2O      -6.51     -2.32    4.19  MgCl2:12H2O
  MgCl2:8H2O       -6.37     -2.27    4.10  MgCl2:8H2O
  Mirabilite       -1.73     -3.25   -1.52  Na2SO4:10H2O
  Na2CO3:7H2O      -6.04     -6.63   -0.59  Na2CO3:7H2O
  Nahcolite        -2.74     -3.21   -0.47  NaHCO3
  Natron           -5.61     -6.67   -1.06  Na2CO3:10H2O
  Nesquehonite     -2.44     -7.73   -5.29  MgCO3:3H2O
  Picromerite      -6.55    -11.05   -4.50  MgSO4:K2SO4:6H2O
  Sylvite          -3.12     -2.29    0.83  KCl
  Tachyhydrite    -24.78     -7.48   17.30  CaCl2:(MgCl2)2:12H2O
  Thenardite       -2.82     -3.12   -0.29  Na2SO4
  Trona            -8.69     -9.77   -1.08  Na3H(CO3)2:2H2O
  Vaterite         -0.67     -8.53   -7.87  CaCO3

**For a gas, SI = log10(fugacity). Fugacity = pressure * phi / 1 atm.
  For ideal gases, phi = 1.

------------------
End of simulation.
------------------

------------------------------------
Reading input data for simulation 2.
------------------------------------

-------------------------------
End of Run after 1.197 Seconds.
-------------------------------

