   Input file: C:\Users\Kagiso\PHREEQC-Python\C5_FREZ_eq_+005p0.pqi
  Output file: C:\Users\Kagiso\PHREEQC-Python\C5_FREZ_eq_+005p0.out
Database file: C:\Program Files\USGS\phreeqc-3.8.6-17100-x64\database\frezchem.dat

------------------
Reading data base.
------------------

	PITZER
	SOLUTION_MASTER_SPECIES
	SOLUTION_SPECIES
	PHASES
	PITZER
	EXCHANGE_MASTER_SPECIES
	EXCHANGE_SPECIES
	SURFACE_MASTER_SPECIES
	SURFACE_SPECIES
	END
------------------------------------
Reading input data for simulation 1.
------------------------------------

	TITLE C5 FREZCHEM sequential FC at 5.00 C
	SOLUTION 1
	    temp 5.00000000
	    pH 7.3698000000
	    units mol/kgw
	    water 1.000000000000
	    Na 8.08490000000000e-01
	    K 1.44680000000000e-02
	    Mg 7.97710000000000e-02
	    Ca 1.38470000000000e-02
	    Cl 9.12980000000000e-01
	    S(6) 3.68060000000000e-02
	    C(4) 2.45460000000000e-03
	EQUILIBRIUM_PHASES 1
	    Ice(s)       0.0 0.0
	    Mirabilite   0.0 0.0
	    Halite       0.0 0.0
	    Hydrohalite  0.0 0.0
	    Calcite      0.0 0.0
	    Gypsum       0.0 0.0
	SELECTED_OUTPUT 1
	    file C:/Users/Kagiso/PHREEQC-Python/C5_FREZ_eq_+005p0.txt
	    reset false
	    user_punch true
	USER_PUNCH 1
	    headings Temp_C pH Water_kg Alk_eq_kgw Mu aw Na_mol K_mol Mg_mol Ca_mol Cl_mol S6_mol C4_mol Na_m K_m Mg_m Ca_m Cl_m S6_m C4_m Na_act Cl_act SO4_act SI_Ice SI_Mirabilite SI_Halite SI_Hydrohalite SI_Calcite SI_Gypsum Ice_mol Mirabilite_mol Halite_mol Hydrohalite_mol Calcite_mol Gypsum_mol Iterations
	    10 PUNCH TC, -LA("H+"), TOT("water"), ALK, MU, ACT("H2O")
	    20 PUNCH TOTMOLE("Na"), TOTMOLE("K"), TOTMOLE("Mg"), TOTMOLE("Ca")
	    30 PUNCH TOTMOLE("Cl"), TOTMOLE("S(6)"), TOTMOLE("C(4)")
	    40 PUNCH TOT("Na"), TOT("K"), TOT("Mg"), TOT("Ca")
	    50 PUNCH TOT("Cl"), TOT("S(6)"), TOT("C(4)")
	    60 PUNCH ACT("Na+"), ACT("Cl-"), ACT("SO4-2")
	    70 PUNCH SI("Ice(s)"), SI("Mirabilite"), SI("Halite"), SI("Hydrohalite"), SI("Calcite"), SI("Gypsum")
	    80 PUNCH EQUI("Ice(s)"), EQUI("Mirabilite"), EQUI("Halite"), EQUI("Hydrohalite"), EQUI("Calcite"), EQUI("Gypsum")
	    90 PUNCH ITERATIONS
	END
-----
TITLE
-----

 C5 FREZCHEM sequential FC at 5.00 C

-------------------------------------------
Beginning of initial solution calculations.
-------------------------------------------

Initial solution 1.	

-----------------------------Solution composition------------------------------

	Elements           Molality       Moles

	C(4)              2.455e-03   2.455e-03
	Ca                1.385e-02   1.385e-02
	Cl                9.130e-01   9.130e-01
	K                 1.447e-02   1.447e-02
	Mg                7.977e-02   7.977e-02
	Na                8.085e-01   8.085e-01
	S(6)              3.681e-02   3.681e-02

----------------------------Description of solution----------------------------

                                       pH  =   7.370    
                                       pe  =   4.000    
      Specific Conductance (µS/cm,   5°C)  = 44297
                          Density (g/cm³)  =   1.04290
                               Volume (L)  =   1.01419
                        Activity of water  =   0.970
                 Ionic strength (mol/kgw)  =   1.130e+00
                       Mass of water (kg)  =   1.000e+00
                 Total alkalinity (eq/kg)  =   2.335e-03
                       Total CO2 (mol/kg)  =   2.455e-03
                         Temperature (°C)  =   5.00
                  Electrical balance (eq)  =   2.127e-02
 Percent error, 100*(Cat-|An|)/(Cat+|An|)  =   1.06
                               Iterations  =  13
                         Gamma iterations  =   4
                      Osmotic coefficient  =   0.91160
                         Density of water  =   0.99996
                                  Total H  = 1.110209e+02
                                  Total O  = 5.566375e+01

----------------------------Distribution of species----------------------------

                                                    Unscaled  Unscaled
                                Unscaled       Log       Log       Log    mole V
   Species          Molality    Activity  Molality  Activity     Gamma   cm³/mol

   OH-             1.162e-07   4.259e-08    -6.935    -7.371    -0.436     -3.48
   H+              5.406e-08   4.268e-08    -7.267    -7.370    -0.103      0.00
   H2O             5.551e+01   9.698e-01     1.744    -0.013     0.000     18.02
C(4)          2.455e-03
   HCO3-           2.298e-03   1.195e-03    -2.639    -2.923    -0.284     25.81
   CO2             1.380e-04   1.727e-04    -3.860    -3.763     0.097     35.76
   CO3-2           1.007e-05   7.814e-07    -4.997    -6.107    -1.110     -2.63
   MgCO3           8.191e-06   8.191e-06    -5.087    -5.087     0.000    -17.06
   CaCO3           1.790e-12   1.790e-12   -11.747   -11.747     0.000     (0)  
Ca            1.385e-02
   Ca+2            1.385e-02   2.596e-03    -1.859    -2.586    -0.727    -17.33
   CaCO3           1.790e-12   1.790e-12   -11.747   -11.747     0.000     (0)  
Cl            9.130e-01
   Cl-             9.130e-01   6.186e-01    -0.040    -0.209    -0.169     17.86
K             1.447e-02
   K+              1.447e-02   8.050e-03    -1.840    -2.094    -0.255      9.12
Mg            7.977e-02
   Mg+2            7.976e-02   1.631e-02    -1.098    -1.788    -0.689    -19.58
   MgCO3           8.191e-06   8.191e-06    -5.087    -5.087     0.000    -17.06
   MgOH+           9.815e-08   8.853e-08    -7.008    -7.053    -0.045     (0)  
Na            8.085e-01
   Na+             8.085e-01   4.919e-01    -0.092    -0.308    -0.216     -1.41
S(6)          3.681e-02
   SO4-2           3.681e-02   2.859e-03    -1.434    -2.544    -1.110     16.03

------------------------------Saturation indices-------------------------------

  Phase               SI** log IAP   log K(278 K,   1 atm)

  Anhydrite        -1.04     -5.13   -4.09  CaSO4
  Antarcticite     -6.45     -3.08    3.36  CaCl2:6H2O
  Aphthitalite    -14.84    -23.36   -8.51  Na2SO4:3K2SO4
  Aragonite        -0.46     -8.69   -8.24  CaCO3
  Arcanite         -4.63     -6.73   -2.11  K2SO4
  Bischofite       -7.02     -2.28    4.74  MgCl2:6H2O
  Bloedite         -5.10     -7.54   -2.44  Na2Mg(SO4)2:4H2O
  Calcite          -0.30     -8.69   -8.39  CaCO3
  Carnallite       -8.58     -4.59    3.99  KMgCl3:6H2O
  CO2(g)           -2.57     -3.76   -1.19  CO2
  Dolomite         -0.00    -16.59  -16.59  CaMg(CO3)2
  Epsomite         -2.28     -4.42   -2.14  MgSO4:7H2O
  Gypsum           -0.52     -5.16   -4.63  CaSO4:2H2O
  Halite           -2.03     -0.52    1.52  NaCl
  Hexahydrite      -2.73     -4.41   -1.69  MgSO4:6H2O
  Hydrohalite      -1.87     -0.54    1.32  NaCl:2H2O
  Hydromagnesite   -4.83    -40.25  -35.42  (MgCO3)3:Mg(OH)2:3H2O
  Ice(s)           -0.03     -0.01    0.02  H2O
  Ikaite           -1.70     -8.77   -7.07  CaCO3:6H2O
  Kalicinite       -4.92     -5.02   -0.09  KHCO3
  Kieserite        -4.68     -4.34    0.34  MgSO4:H2O
  Landsfordite     -2.76     -7.96   -5.21  MgCO3:5H2O
  Magnesite        -0.19     -7.89   -7.71  MgCO3
  Meridianite      -2.36     -4.48   -2.12  MgSO4:11H2O
  MgCl2:12H2O      -5.53     -2.36    3.16  MgCl2:12H2O
  MgCl2:8H2O       -6.24     -2.31    3.93  MgCl2:8H2O
  Mirabilite       -1.05     -3.29   -2.25  Na2SO4:10H2O
  Na2CO3:7H2O      -5.88     -6.82   -0.93  Na2CO3:7H2O
  Nahcolite        -2.58     -3.23   -0.65  NaHCO3
  Natron           -5.24     -6.86   -1.61  Na2CO3:10H2O
  Nesquehonite     -2.80     -7.93   -5.13  MgCO3:3H2O
  Picromerite      -6.27    -11.14   -4.87  MgSO4:K2SO4:6H2O
  Sylvite          -2.95     -2.30    0.65  KCl
  Tachyhydrite    -25.71     -7.57   18.14  CaCl2:(MgCl2)2:12H2O
  Thenardite       -2.86     -3.16   -0.30  Na2SO4
  Trona            -8.74     -9.98   -1.24  Na3H(CO3)2:2H2O
  Vaterite         -0.92     -8.69   -7.77  CaCO3

**For a gas, SI = log10(fugacity). Fugacity = pressure * phi / 1 atm.
  For ideal gases, phi = 1.

-----------------------------------------
Beginning of batch-reaction calculations.
-----------------------------------------

Reaction step 1.

Using solution 1.	
Using pure phase assemblage 1.	

-------------------------------Phase assemblage--------------------------------

                                                      Moles in assemblage
Phase               SI  log IAP  log K(T, P)   Initial       Final       Delta

Calcite          -0.30    -8.69     -8.39    0.000e+00           0   0.000e+00
Gypsum           -0.52    -5.16     -4.63    0.000e+00           0   0.000e+00
Halite           -2.03    -0.52      1.52    0.000e+00           0   0.000e+00
Hydrohalite      -1.87    -0.54      1.32    0.000e+00           0   0.000e+00
Ice(s)           -0.03    -0.01      0.02    0.000e+00           0   0.000e+00
Mirabilite       -1.05    -3.29     -2.25    0.000e+00           0   0.000e+00

-----------------------------Solution composition------------------------------

	Elements           Molality       Moles

	C                 2.455e-03   2.455e-03
	Ca                1.385e-02   1.385e-02
	Cl                9.130e-01   9.130e-01
	K                 1.447e-02   1.447e-02
	Mg                7.977e-02   7.977e-02
	Na                8.085e-01   8.085e-01
	S                 3.681e-02   3.681e-02

----------------------------Description of solution----------------------------

                                       pH  =   7.370      Charge balance
                                       pe  =   4.000      Adjusted to redox equilibrium
      Specific Conductance (µS/cm,   5°C)  = 44297
                          Density (g/cm³)  =   1.04290
                               Volume (L)  =   1.01419
                        Activity of water  =   0.970
                 Ionic strength (mol/kgw)  =   1.130e+00
                       Mass of water (kg)  =   1.000e+00
                 Total alkalinity (eq/kg)  =   2.335e-03
                       Total CO2 (mol/kg)  =   2.455e-03
                         Temperature (°C)  =   5.00
                  Electrical balance (eq)  =   2.127e-02
 Percent error, 100*(Cat-|An|)/(Cat+|An|)  =   1.06
                               Iterations  =   1
                         Gamma iterations  =   1
                      Osmotic coefficient  =   0.91160
                         Density of water  =   0.99996
                                  Total H  = 1.110209e+02
                                  Total O  = 5.566375e+01

----------------------------Distribution of species----------------------------

                                                    Unscaled  Unscaled
                                Unscaled       Log       Log       Log    mole V
   Species          Molality    Activity  Molality  Activity     Gamma   cm³/mol

   OH-             1.162e-07   4.259e-08    -6.935    -7.371    -0.436     -3.48
   H+              5.406e-08   4.268e-08    -7.267    -7.370    -0.103      0.00
   H2O             5.551e+01   9.698e-01     1.744    -0.013     0.000     18.02
C(4)          2.455e-03
   HCO3-           2.298e-03   1.195e-03    -2.639    -2.923    -0.284     25.81
   CO2             1.380e-04   1.727e-04    -3.860    -3.763     0.097     35.76
   CO3-2           1.007e-05   7.814e-07    -4.997    -6.107    -1.110     -2.63
   MgCO3           8.191e-06   8.191e-06    -5.087    -5.087     0.000    -17.06
   CaCO3           1.790e-12   1.790e-12   -11.747   -11.747     0.000     (0)  
Ca            1.385e-02
   Ca+2            1.385e-02   2.596e-03    -1.859    -2.586    -0.727    -17.33
   CaCO3           1.790e-12   1.790e-12   -11.747   -11.747     0.000     (0)  
Cl            9.130e-01
   Cl-             9.130e-01   6.186e-01    -0.040    -0.209    -0.169     17.86
K             1.447e-02
   K+              1.447e-02   8.050e-03    -1.840    -2.094    -0.255      9.12
Mg            7.977e-02
   Mg+2            7.976e-02   1.631e-02    -1.098    -1.788    -0.689    -19.58
   MgCO3           8.191e-06   8.191e-06    -5.087    -5.087     0.000    -17.06
   MgOH+           9.815e-08   8.853e-08    -7.008    -7.053    -0.045     (0)  
Na            8.085e-01
   Na+             8.085e-01   4.919e-01    -0.092    -0.308    -0.216     -1.41
S(6)          3.681e-02
   SO4-2           3.681e-02   2.859e-03    -1.434    -2.544    -1.110     16.03

------------------------------Saturation indices-------------------------------

  Phase               SI** log IAP   log K(278 K,   1 atm)

  Anhydrite        -1.04     -5.13   -4.09  CaSO4
  Antarcticite     -6.45     -3.08    3.36  CaCl2:6H2O
  Aphthitalite    -14.84    -23.36   -8.51  Na2SO4:3K2SO4
  Aragonite        -0.46     -8.69   -8.24  CaCO3
  Arcanite         -4.63     -6.73   -2.11  K2SO4
  Bischofite       -7.02     -2.28    4.74  MgCl2:6H2O
  Bloedite         -5.10     -7.54   -2.44  Na2Mg(SO4)2:4H2O
  Calcite          -0.30     -8.69   -8.39  CaCO3
  Carnallite       -8.58     -4.59    3.99  KMgCl3:6H2O
  CO2(g)           -2.57     -3.76   -1.19  CO2
  Dolomite         -0.00    -16.59  -16.59  CaMg(CO3)2
  Epsomite         -2.28     -4.42   -2.14  MgSO4:7H2O
  Gypsum           -0.52     -5.16   -4.63  CaSO4:2H2O
  Halite           -2.03     -0.52    1.52  NaCl
  Hexahydrite      -2.73     -4.41   -1.69  MgSO4:6H2O
  Hydrohalite      -1.87     -0.54    1.32  NaCl:2H2O
  Hydromagnesite   -4.83    -40.25  -35.42  (MgCO3)3:Mg(OH)2:3H2O
  Ice(s)           -0.03     -0.01    0.02  H2O
  Ikaite           -1.70     -8.77   -7.07  CaCO3:6H2O
  Kalicinite       -4.92     -5.02   -0.09  KHCO3
  Kieserite        -4.68     -4.34    0.34  MgSO4:H2O
  Landsfordite     -2.76     -7.96   -5.21  MgCO3:5H2O
  Magnesite        -0.19     -7.89   -7.71  MgCO3
  Meridianite      -2.36     -4.48   -2.12  MgSO4:11H2O
  MgCl2:12H2O      -5.53     -2.36    3.16  MgCl2:12H2O
  MgCl2:8H2O       -6.24     -2.31    3.93  MgCl2:8H2O
  Mirabilite       -1.05     -3.29   -2.25  Na2SO4:10H2O
  Na2CO3:7H2O      -5.88     -6.82   -0.93  Na2CO3:7H2O
  Nahcolite        -2.58     -3.23   -0.65  NaHCO3
  Natron           -5.24     -6.86   -1.61  Na2CO3:10H2O
  Nesquehonite     -2.80     -7.93   -5.13  MgCO3:3H2O
  Picromerite      -6.27    -11.14   -4.87  MgSO4:K2SO4:6H2O
  Sylvite          -2.95     -2.30    0.65  KCl
  Tachyhydrite    -25.71     -7.57   18.14  CaCl2:(MgCl2)2:12H2O
  Thenardite       -2.86     -3.16   -0.30  Na2SO4
  Trona            -8.74     -9.98   -1.24  Na3H(CO3)2:2H2O
  Vaterite         -0.92     -8.69   -7.77  CaCO3

**For a gas, SI = log10(fugacity). Fugacity = pressure * phi / 1 atm.
  For ideal gases, phi = 1.

------------------
End of simulation.
------------------

------------------------------------
Reading input data for simulation 2.
------------------------------------

-------------------------------
End of Run after 1.106 Seconds.
-------------------------------

