   Input file: C:\Users\Kagiso\PHREEQC-Python\C5_FREZ_pre_-023p0.pqi
  Output file: C:\Users\Kagiso\PHREEQC-Python\C5_FREZ_pre_-023p0.out
Database file: C:\Program Files\USGS\phreeqc-3.8.6-17100-x64\database\frezchem.dat

------------------
Reading data base.
------------------

	PITZER
	SOLUTION_MASTER_SPECIES
	SOLUTION_SPECIES
	PHASES
	PITZER
	EXCHANGE_MASTER_SPECIES
	EXCHANGE_SPECIES
	SURFACE_MASTER_SPECIES
	SURFACE_SPECIES
	END
------------------------------------
Reading input data for simulation 1.
------------------------------------

	TITLE C5 FREZCHEM sequential FC at -23.00 C
	SOLUTION 1
	    temp -23.00000000
	    pH 6.4487000000
	    units mol/kgw
	    water 0.181020000000
	    Na 4.09695061319191e+00
	    K 7.99248701800906e-02
	    Mg 4.40675063528892e-01
	    Ca 7.51961109269694e-02
	    Cl 5.04353110153574e+00
	    S(6) 1.86725223732184e-02
	    C(4) 1.22610761241852e-02
	SELECTED_OUTPUT 1
	    file C:/Users/Kagiso/PHREEQC-Python/C5_FREZ_pre_-023p0.txt
	    reset false
	    user_punch true
	USER_PUNCH 1
	    headings Temp_C pH Water_kg Alk_eq_kgw Mu aw Na_mol K_mol Mg_mol Ca_mol Cl_mol S6_mol C4_mol Na_m K_m Mg_m Ca_m Cl_m S6_m C4_m Na_act Cl_act SO4_act SI_Ice SI_Mirabilite SI_Halite SI_Hydrohalite SI_Calcite SI_Gypsum Iterations
	    10 PUNCH TC, -LA("H+"), TOT("water"), ALK, MU, ACT("H2O")
	    20 PUNCH TOTMOLE("Na"), TOTMOLE("K"), TOTMOLE("Mg"), TOTMOLE("Ca")
	    30 PUNCH TOTMOLE("Cl"), TOTMOLE("S(6)"), TOTMOLE("C(4)")
	    40 PUNCH TOT("Na"), TOT("K"), TOT("Mg"), TOT("Ca")
	    50 PUNCH TOT("Cl"), TOT("S(6)"), TOT("C(4)")
	    60 PUNCH ACT("Na+"), ACT("Cl-"), ACT("SO4-2")
	    70 PUNCH SI("Ice(s)"), SI("Mirabilite"), SI("Halite"), SI("Hydrohalite"), SI("Calcite"), SI("Gypsum")
	    80 PUNCH ITERATIONS
	END
-----
TITLE
-----

 C5 FREZCHEM sequential FC at -23.00 C

-------------------------------------------
Beginning of initial solution calculations.
-------------------------------------------

Initial solution 1.	

-----------------------------Solution composition------------------------------

	Elements           Molality       Moles

	C(4)              1.226e-02   2.220e-03
	Ca                7.520e-02   1.361e-02
	Cl                5.044e+00   9.130e-01
	K                 7.992e-02   1.447e-02
	Mg                4.407e-01   7.977e-02
	Na                4.097e+00   7.416e-01
	S(6)              1.867e-02   3.380e-03

----------------------------Description of solution----------------------------

                                       pH  =   6.449    
                                       pe  =   4.000    
      Specific Conductance (µS/cm, -23°C)  = 37163
                          Density (g/cm³)  =   1.21320
                               Volume (L)  =   0.19282
                        Activity of water  =   0.808
                 Ionic strength (mol/kgw)  =   5.684e+00
                       Mass of water (kg)  =   1.810e-01
                 Total alkalinity (eq/kg)  =   8.591e-03
                       Total CO2 (mol/kg)  =   1.226e-02
                         Temperature (°C)  = -23.00
                  Electrical balance (eq)  =   2.157e-02
 Percent error, 100*(Cat-|An|)/(Cat+|An|)  =   1.16
                               Iterations  =  18
                         Gamma iterations  =   5
                      Osmotic coefficient  =   1.21358
                         Density of water  =   0.99146
                                  Total H  = 2.009813e+01
                                  Total O  = 1.006780e+01

----------------------------Distribution of species----------------------------

                                                    Unscaled  Unscaled
                                Unscaled       Log       Log       Log    mole V
   Species          Molality    Activity  Molality  Activity     Gamma   cm³/mol

   H+              7.871e-08   3.559e-07    -7.104    -6.449     0.655      0.00
   OH-             1.317e-08   1.896e-10    -7.880    -9.722    -1.842     -6.05
   H2O             5.551e+01   8.077e-01     1.744    -0.093     0.000     18.17
C(4)          1.226e-02
   HCO3-           8.552e-03   2.790e-03    -2.068    -2.554    -0.486     41.52
   CO2             3.690e-03   1.277e-02    -2.433    -1.894     0.539     65.54
   MgCO3           1.334e-05   1.334e-05    -4.875    -4.875     0.000    -16.91
   CO3-2           5.978e-06   6.424e-08    -5.223    -7.192    -1.969      0.41
   CaCO3           1.834e-12   1.834e-12   -11.737   -11.737     0.000     (0)  
Ca            7.520e-02
   Ca+2            7.520e-02   6.306e-02    -1.124    -1.200    -0.076    -27.20
   CaCO3           1.834e-12   1.834e-12   -11.737   -11.737     0.000     (0)  
Cl            5.044e+00
   Cl-             5.044e+00   4.368e+00     0.703     0.640    -0.062     15.01
K             7.992e-02
   K+              7.992e-02   2.869e-02    -1.097    -1.542    -0.445     12.01
Mg            4.407e-01
   Mg+2            4.407e-01   4.525e-01    -0.356    -0.344     0.011    -19.57
   MgCO3           1.334e-05   1.334e-05    -4.875    -4.875     0.000    -16.91
   MgOH+           2.007e-08   1.080e-08    -7.698    -7.966    -0.269     (0)  
Na            4.097e+00
   Na+             4.097e+00   2.531e+00     0.612     0.403    -0.209     -2.45
S(6)          1.867e-02
   SO4-2           1.867e-02   2.581e-04    -1.729    -3.588    -1.859      3.81

------------------------------Saturation indices-------------------------------

  Phase               SI** log IAP   log K(250 K,   1 atm)

  Anhydrite        -0.76     -4.79   -4.03  CaSO4
  Antarcticite     -3.40     -0.48    2.92  CaCl2:6H2O
  Aphthitalite    -12.43    -22.80  -10.37  Na2SO4:3K2SO4
  Aragonite        -0.21     -8.39   -8.18  CaCO3
  Arcanite         -4.01     -6.67   -2.66  K2SO4
  Bischofite       -4.30      0.38    4.68  MgCl2:6H2O
  Bloedite         -4.54     -7.09   -2.54  Na2Mg(SO4)2:4H2O
  Calcite          -0.03     -8.39   -8.37  CaCO3
  Carnallite       -3.79     -0.52    3.27  KMgCl3:6H2O
  CO2(g)           -1.27     -1.89   -0.62  CO2
  Dolomite         -0.17    -15.93  -15.76  CaMg(CO3)2
  Epsomite         -2.01     -4.58   -2.57  MgSO4:7H2O
  Gypsum           -0.09     -4.97   -4.89  CaSO4:2H2O
  Halite           -0.31      1.04    1.35  NaCl
  Hexahydrite      -2.72     -4.49   -1.77  MgSO4:6H2O
  Hydrohalite      -0.01      0.86    0.87  NaCl:2H2O
  Hydromagnesite   -9.50    -42.68  -33.17  (MgCO3)3:Mg(OH)2:3H2O
  Ice(s)            0.00     -0.09   -0.10  H2O
  Ikaite           -1.07     -8.95   -7.88  CaCO3:6H2O
  Kalicinite       -3.62     -4.10   -0.47  KHCO3
  Kieserite        -5.91     -4.03    1.89  MgSO4:H2O
  Landsfordite     -3.65     -8.00   -4.35  MgCO3:5H2O
  Magnesite        -0.37     -7.54   -7.16  MgCO3
  Meridianite      -1.69     -4.95   -3.26  MgSO4:11H2O
  MgCl2:12H2O      -1.91     -0.18    1.73  MgCl2:12H2O
  MgCl2:8H2O       -3.17      0.19    3.36  MgCl2:8H2O
  Mirabilite        0.04     -3.71   -3.75  Na2SO4:10H2O
  Na2CO3:7H2O      -5.40     -7.03   -1.63  Na2CO3:7H2O
  Nahcolite        -1.21     -2.15   -0.94  NaHCO3
  Natron           -4.72     -7.31   -2.59  Na2CO3:10H2O
  Nesquehonite     -3.39     -7.81   -4.42  MgCO3:3H2O
  Picromerite      -5.18    -11.16   -5.98  MgSO4:K2SO4:6H2O
  Sylvite          -1.07     -0.90    0.17  KCl
  Tachyhydrite    -18.99      0.84   19.83  CaCl2:(MgCl2)2:12H2O
  Thenardite       -2.45     -2.78   -0.33  Na2SO4
  Trona            -7.17     -8.72   -1.55  Na3H(CO3)2:2H2O
  Vaterite         -0.74     -8.39   -7.65  CaCO3

**For a gas, SI = log10(fugacity). Fugacity = pressure * phi / 1 atm.
  For ideal gases, phi = 1.

------------------
End of simulation.
------------------

------------------------------------
Reading input data for simulation 2.
------------------------------------

-----------------------------
End of Run after 1.1 Seconds.
-----------------------------

