   Input file: C:\Users\Kagiso\PHREEQC-Python\C5_FREZ_pre_-011p0.pqi
  Output file: C:\Users\Kagiso\PHREEQC-Python\C5_FREZ_pre_-011p0.out
Database file: C:\Program Files\USGS\phreeqc-3.8.6-17100-x64\database\frezchem.dat

------------------
Reading data base.
------------------

	PITZER
	SOLUTION_MASTER_SPECIES
	SOLUTION_SPECIES
	PHASES
	PITZER
	EXCHANGE_MASTER_SPECIES
	EXCHANGE_SPECIES
	SURFACE_MASTER_SPECIES
	SURFACE_SPECIES
	END
------------------------------------
Reading input data for simulation 1.
------------------------------------

	TITLE C5 FREZCHEM sequential FC at -11.00 C
	SOLUTION 1
	    temp -11.00000000
	    pH 6.9782000000
	    units mol/kgw
	    water 0.339680000000
	    Na 2.26613283089967e+00
	    K 4.25930287329251e-02
	    Mg 2.34841615638248e-01
	    Ca 4.04851625058879e-02
	    Cl 2.68776495525200e+00
	    S(6) 5.13394959962317e-02
	    C(4) 6.94329957607160e-03
	SELECTED_OUTPUT 1
	    file C:/Users/Kagiso/PHREEQC-Python/C5_FREZ_pre_-011p0.txt
	    reset false
	    user_punch true
	USER_PUNCH 1
	    headings Temp_C pH Water_kg Alk_eq_kgw Mu aw Na_mol K_mol Mg_mol Ca_mol Cl_mol S6_mol C4_mol Na_m K_m Mg_m Ca_m Cl_m S6_m C4_m Na_act Cl_act SO4_act SI_Ice SI_Mirabilite SI_Halite SI_Hydrohalite SI_Calcite SI_Gypsum Iterations
	    10 PUNCH TC, -LA("H+"), TOT("water"), ALK, MU, ACT("H2O")
	    20 PUNCH TOTMOLE("Na"), TOTMOLE("K"), TOTMOLE("Mg"), TOTMOLE("Ca")
	    30 PUNCH TOTMOLE("Cl"), TOTMOLE("S(6)"), TOTMOLE("C(4)")
	    40 PUNCH TOT("Na"), TOT("K"), TOT("Mg"), TOT("Ca")
	    50 PUNCH TOT("Cl"), TOT("S(6)"), TOT("C(4)")
	    60 PUNCH ACT("Na+"), ACT("Cl-"), ACT("SO4-2")
	    70 PUNCH SI("Ice(s)"), SI("Mirabilite"), SI("Halite"), SI("Hydrohalite"), SI("Calcite"), SI("Gypsum")
	    80 PUNCH ITERATIONS
	END
-----
TITLE
-----

 C5 FREZCHEM sequential FC at -11.00 C

-------------------------------------------
Beginning of initial solution calculations.
-------------------------------------------

Initial solution 1.	

-----------------------------Solution composition------------------------------

	Elements           Molality       Moles

	C(4)              6.943e-03   2.359e-03
	Ca                4.049e-02   1.375e-02
	Cl                2.688e+00   9.130e-01
	K                 4.259e-02   1.447e-02
	Mg                2.348e-01   7.977e-02
	Na                2.266e+00   7.698e-01
	S(6)              5.134e-02   1.744e-02

----------------------------Description of solution----------------------------

                                       pH  =   6.978    
                                       pe  =   4.000    
      Specific Conductance (µS/cm, -11°C)  = 50916
                          Density (g/cm³)  =   1.11834
                               Volume (L)  =   0.35285
                        Activity of water  =   0.908
                 Ionic strength (mol/kgw)  =   3.155e+00
                       Mass of water (kg)  =   3.397e-01
                 Total alkalinity (eq/kg)  =   5.953e-03
                       Total CO2 (mol/kg)  =   6.943e-03
                         Temperature (°C)  = -11.00
                  Electrical balance (eq)  =   2.139e-02
 Percent error, 100*(Cat-|An|)/(Cat+|An|)  =   1.11
                               Iterations  =  16
                         Gamma iterations  =   5
                      Osmotic coefficient  =   1.00624
                         Density of water  =   0.99782
                                  Total H  = 3.771280e+01
                                  Total O  = 1.893188e+01

----------------------------Distribution of species----------------------------

                                                    Unscaled  Unscaled
                                Unscaled       Log       Log       Log    mole V
   Species          Molality    Activity  Molality  Activity     Gamma   cm³/mol

   H+              6.870e-08   1.051e-07    -7.163    -6.978     0.185      0.00
   OH-             3.019e-08   3.091e-09    -7.520    -8.510    -0.990     -3.80
   H2O             5.551e+01   9.079e-01     1.744    -0.042     0.000     18.06
C(4)          6.943e-03
   HCO3-           5.898e-03   2.521e-03    -2.229    -2.598    -0.369     29.92
   CO2             1.018e-03   1.655e-03    -2.992    -2.781     0.211     46.79
   CO3-2           1.425e-05   3.616e-07    -4.846    -6.442    -1.595     -2.41
   MgCO3           1.341e-05   1.341e-05    -4.873    -4.873     0.000    -17.01
   CaCO3           2.991e-12   2.991e-12   -11.524   -11.524     0.000     (0)  
Ca            4.049e-02
   Ca+2            4.049e-02   1.137e-02    -1.393    -1.944    -0.551    -19.53
   CaCO3           2.991e-12   2.991e-12   -11.524   -11.524     0.000     (0)  
Cl            2.688e+00
   Cl-             2.688e+00   1.909e+00     0.429     0.281    -0.149     16.60
K             4.259e-02
   K+              4.259e-02   1.932e-02    -1.371    -1.714    -0.343      9.71
Mg            2.348e-01
   Mg+2            2.348e-01   7.058e-02    -0.629    -1.151    -0.522    -18.62
   MgCO3           1.341e-05   1.341e-05    -4.873    -4.873     0.000    -17.01
   MgOH+           3.569e-08   2.652e-08    -7.448    -7.576    -0.129     (0)  
Na            2.266e+00
   Na+             2.266e+00   1.293e+00     0.355     0.112    -0.244     -1.84
S(6)          5.134e-02
   SO4-2           5.134e-02   1.394e-03    -1.290    -2.856    -1.566     12.95

------------------------------Saturation indices-------------------------------

  Phase               SI** log IAP   log K(262 K,   1 atm)

  Anhydrite        -0.78     -4.80   -4.02  CaSO4
  Antarcticite     -4.72     -1.63    3.08  CaCl2:6H2O
  Aphthitalite    -11.91    -21.48   -9.58  Na2SO4:3K2SO4
  Aragonite        -0.19     -8.39   -8.19  CaCO3
  Arcanite         -3.88     -6.28   -2.41  K2SO4
  Bischofite       -5.58     -0.84    4.74  MgCl2:6H2O
  Bloedite         -4.31     -6.81   -2.50  Na2Mg(SO4)2:4H2O
  Calcite          -0.02     -8.39   -8.37  CaCO3
  Carnallite       -5.90     -2.27    3.63  KMgCl3:6H2O
  CO2(g)           -1.88     -2.78   -0.90  CO2
  Dolomite          0.15    -15.98  -16.13  CaMg(CO3)2
  Epsomite         -1.93     -4.30   -2.38  MgSO4:7H2O
  Gypsum           -0.14     -4.88   -4.74  CaSO4:2H2O
  Halite           -1.05      0.39    1.44  NaCl
  Hexahydrite      -2.53     -4.26   -1.73  MgSO4:6H2O
  Hydrohalite      -0.77      0.31    1.08  NaCl:2H2O
  Hydromagnesite   -6.88    -41.08  -34.20  (MgCO3)3:Mg(OH)2:3H2O
  Ice(s)            0.00     -0.04   -0.05  H2O
  Ikaite           -1.13     -8.64   -7.51  CaCO3:6H2O
  Kalicinite       -4.00     -4.31   -0.31  KHCO3
  Kieserite        -5.16     -4.05    1.11  MgSO4:H2O
  Landsfordite     -2.82     -7.80   -4.98  MgCO3:5H2O
  Magnesite        -0.18     -7.59   -7.41  MgCO3
  Meridianite      -1.70     -4.47   -2.77  MgSO4:11H2O
  MgCl2:12H2O      -3.35     -1.09    2.25  MgCl2:12H2O
  MgCl2:8H2O       -4.58     -0.93    3.65  MgCl2:8H2O
  Mirabilite        0.04     -3.05   -3.10  Na2SO4:10H2O
  Na2CO3:7H2O      -5.18     -6.51   -1.33  Na2CO3:7H2O
  Nahcolite        -1.64     -2.49   -0.85  NaHCO3
  Natron           -4.44     -6.64   -2.19  Na2CO3:10H2O
  Nesquehonite     -2.93     -7.72   -4.79  MgCO3:3H2O
  Picromerite      -5.10    -10.54   -5.45  MgSO4:K2SO4:6H2O
  Sylvite          -1.83     -1.43    0.40  KCl
  Tachyhydrite    -22.17     -3.07   19.10  CaCl2:(MgCl2)2:12H2O
  Thenardite       -2.31     -2.63   -0.32  Na2SO4
  Trona            -7.37     -8.79   -1.42  Na3H(CO3)2:2H2O
  Vaterite         -0.70     -8.39   -7.69  CaCO3

**For a gas, SI = log10(fugacity). Fugacity = pressure * phi / 1 atm.
  For ideal gases, phi = 1.

------------------
End of simulation.
------------------

------------------------------------
Reading input data for simulation 2.
------------------------------------

-------------------------------
End of Run after 1.062 Seconds.
-------------------------------

