   Input file: C:\Users\Kagiso\PHREEQC-Python\C5_FREZ_pre_+023p0.pqi
  Output file: C:\Users\Kagiso\PHREEQC-Python\C5_FREZ_pre_+023p0.out
Database file: C:\Program Files\USGS\phreeqc-3.8.6-17100-x64\database\frezchem.dat

------------------
Reading data base.
------------------

	PITZER
	SOLUTION_MASTER_SPECIES
	SOLUTION_SPECIES
	PHASES
	PITZER
	EXCHANGE_MASTER_SPECIES
	EXCHANGE_SPECIES
	SURFACE_MASTER_SPECIES
	SURFACE_SPECIES
	END
------------------------------------
Reading input data for simulation 1.
------------------------------------

	TITLE C5 FREZCHEM sequential FC at 23.00 C
	SOLUTION 1
	    temp 23.00000000
	    pH 7.3698000000
	    units mol/kgw
	    water 1.000000000000
	    Na 8.08490000000000e-01
	    K 1.44680000000000e-02
	    Mg 7.97710000000000e-02
	    Ca 1.38470000000000e-02
	    Cl 9.12980000000000e-01
	    S(6) 3.68060000000000e-02
	    C(4) 2.45460000000000e-03
	SELECTED_OUTPUT 1
	    file C:/Users/Kagiso/PHREEQC-Python/C5_FREZ_pre_+023p0.txt
	    reset false
	    user_punch true
	USER_PUNCH 1
	    headings Temp_C pH Water_kg Alk_eq_kgw Mu aw Na_mol K_mol Mg_mol Ca_mol Cl_mol S6_mol C4_mol Na_m K_m Mg_m Ca_m Cl_m S6_m C4_m Na_act Cl_act SO4_act SI_Ice SI_Mirabilite SI_Halite SI_Hydrohalite SI_Calcite SI_Gypsum Iterations
	    10 PUNCH TC, -LA("H+"), TOT("water"), ALK, MU, ACT("H2O")
	    20 PUNCH TOTMOLE("Na"), TOTMOLE("K"), TOTMOLE("Mg"), TOTMOLE("Ca")
	    30 PUNCH TOTMOLE("Cl"), TOTMOLE("S(6)"), TOTMOLE("C(4)")
	    40 PUNCH TOT("Na"), TOT("K"), TOT("Mg"), TOT("Ca")
	    50 PUNCH TOT("Cl"), TOT("S(6)"), TOT("C(4)")
	    60 PUNCH ACT("Na+"), ACT("Cl-"), ACT("SO4-2")
	    70 PUNCH SI("Ice(s)"), SI("Mirabilite"), SI("Halite"), SI("Hydrohalite"), SI("Calcite"), SI("Gypsum")
	    80 PUNCH ITERATIONS
	END
-----
TITLE
-----

 C5 FREZCHEM sequential FC at 23.00 C

-------------------------------------------
Beginning of initial solution calculations.
-------------------------------------------

Initial solution 1.	

-----------------------------Solution composition------------------------------

	Elements           Molality       Moles

	C(4)              2.455e-03   2.455e-03
	Ca                1.385e-02   1.385e-02
	Cl                9.130e-01   9.130e-01
	K                 1.447e-02   1.447e-02
	Mg                7.977e-02   7.977e-02
	Na                8.085e-01   8.085e-01
	S(6)              3.681e-02   3.681e-02

----------------------------Description of solution----------------------------

                                       pH  =   7.370    
                                       pe  =   4.000    
      Specific Conductance (µS/cm,  23°C)  = 71249
                          Density (g/cm³)  =   1.03840
                               Volume (L)  =   1.01858
                        Activity of water  =   0.969
                 Ionic strength (mol/kgw)  =   1.130e+00
                       Mass of water (kg)  =   1.000e+00
                 Total alkalinity (eq/kg)  =   2.390e-03
                       Total CO2 (mol/kg)  =   2.455e-03
                         Temperature (°C)  =  23.00
                  Electrical balance (eq)  =   2.121e-02
 Percent error, 100*(Cat-|An|)/(Cat+|An|)  =   1.06
                               Iterations  =  13
                         Gamma iterations  =   4
                      Osmotic coefficient  =   0.92498
                         Density of water  =   0.99754
                                  Total H  = 1.110209e+02
                                  Total O  = 5.566379e+01

----------------------------Distribution of species----------------------------

                                                    Unscaled  Unscaled
                                Unscaled       Log       Log       Log    mole V
   Species          Molality    Activity  Molality  Activity     Gamma   cm³/mol

   OH-             4.848e-07   1.974e-07    -6.314    -6.705    -0.390     -2.00
   H+              5.570e-08   4.268e-08    -7.254    -7.370    -0.116      0.00
   H2O             5.551e+01   9.693e-01     1.744    -0.014     0.000     18.06
C(4)          2.455e-03
   HCO3-           2.318e-03   1.226e-03    -2.635    -2.911    -0.276     27.47
   CO2             1.011e-04   1.246e-04    -3.995    -3.905     0.091     29.58
   MgCO3           1.866e-05   1.866e-05    -4.729    -4.729     0.000    -17.09
   CO3-2           1.727e-05   1.293e-06    -4.763    -5.888    -1.126      0.57
   CaCO3           2.340e-12   2.340e-12   -11.631   -11.631     0.000     (0)  
Ca            1.385e-02
   Ca+2            1.385e-02   2.467e-03    -1.859    -2.608    -0.749    -16.45
   CaCO3           2.340e-12   2.340e-12   -11.631   -11.631     0.000     (0)  
Cl            9.130e-01
   Cl-             9.130e-01   6.334e-01    -0.040    -0.198    -0.159     18.93
K             1.447e-02
   K+              1.447e-02   8.107e-03    -1.840    -2.091    -0.252      9.85
Mg            7.977e-02
   Mg+2            7.975e-02   1.753e-02    -1.098    -1.756    -0.658    -20.05
   MgCO3           1.866e-05   1.866e-05    -4.729    -4.729     0.000    -17.09
   MgOH+           5.912e-07   5.183e-07    -6.228    -6.285    -0.057     (0)  
Na            8.085e-01
   Na+             8.085e-01   5.016e-01    -0.092    -0.300    -0.207     -0.32
S(6)          3.681e-02
   SO4-2           3.681e-02   3.112e-03    -1.434    -2.507    -1.073     19.36

------------------------------Saturation indices-------------------------------

  Phase               SI** log IAP   log K(296 K,   1 atm)

  Anhydrite        -0.87     -5.11   -4.24  CaSO4
  Antarcticite     -6.83     -3.09    3.74  CaCl2:6H2O
  Aphthitalite    -15.85    -23.17   -7.32  Na2SO4:3K2SO4
  Aragonite        -0.17     -8.50   -8.32  CaCO3
  Arcanite         -4.88     -6.69   -1.81  K2SO4
  Bischofite       -6.88     -2.23    4.64  MgCl2:6H2O
  Bloedite         -5.04     -7.42   -2.38  Na2Mg(SO4)2:4H2O
  Calcite          -0.03     -8.50   -8.47  CaCO3
  Carnallite       -8.79     -4.52    4.27  KMgCl3:6H2O
  CO2(g)           -2.46     -3.90   -1.44  CO2
  Dolomite          0.90    -16.14  -17.04  CaMg(CO3)2
  Epsomite         -2.45     -4.36   -1.91  MgSO4:7H2O
  Gypsum           -0.54     -5.14   -4.60  CaSO4:2H2O
  Halite           -2.07     -0.50    1.57  NaCl
  Hexahydrite      -2.71     -4.34   -1.63  MgSO4:6H2O
  Hydrohalite      -2.03     -0.53    1.51  NaCl:2H2O
  Hydromagnesite   -1.50    -38.14  -36.64  (MgCO3)3:Mg(OH)2:3H2O
  Ice(s)           -0.11     -0.01    0.09  H2O
  Ikaite           -1.95     -8.58   -6.63  CaCO3:6H2O
  Kalicinite       -5.16     -5.00    0.16  KHCO3
  Kieserite        -4.10     -4.28   -0.17  MgSO4:H2O
  Landsfordite     -2.62     -7.71   -5.09  MgCO3:5H2O
  Magnesite         0.36     -7.64   -8.00  MgCO3
  Meridianite      -3.02     -4.41   -1.39  MgSO4:11H2O
  MgCl2:12H2O      -6.82     -2.32    4.51  MgCl2:12H2O
  MgCl2:8H2O       -6.41     -2.26    4.15  MgCl2:8H2O
  Mirabilite       -1.92     -3.24   -1.32  Na2SO4:10H2O
  Na2CO3:7H2O      -6.10     -6.58   -0.49  Na2CO3:7H2O
  Nahcolite        -2.79     -3.21   -0.42  NaHCO3
  Natron           -5.73     -6.62   -0.89  Na2CO3:10H2O
  Nesquehonite     -2.38     -7.69   -5.31  MgCO3:3H2O
  Picromerite      -6.62    -11.03   -4.42  MgSO4:K2SO4:6H2O
  Sylvite          -3.17     -2.29    0.88  KCl
  Tachyhydrite    -24.53     -7.47   17.05  CaCl2:(MgCl2)2:12H2O
  Thenardite       -2.82     -3.11   -0.29  Na2SO4
  Trona            -8.69     -9.73   -1.04  Na3H(CO3)2:2H2O
  Vaterite         -0.60     -8.50   -7.90  CaCO3

**For a gas, SI = log10(fugacity). Fugacity = pressure * phi / 1 atm.
  For ideal gases, phi = 1.

------------------
End of simulation.
------------------

------------------------------------
Reading input data for simulation 2.
------------------------------------

-----------------------------
End of Run after 1.1 Seconds.
-----------------------------

