   Input file: C:\Users\Kagiso\PHREEQC-Python\C5_FREZ_pre_+007p0.pqi
  Output file: C:\Users\Kagiso\PHREEQC-Python\C5_FREZ_pre_+007p0.out
Database file: C:\Program Files\USGS\phreeqc-3.8.6-17100-x64\database\frezchem.dat

------------------
Reading data base.
------------------

	PITZER
	SOLUTION_MASTER_SPECIES
	SOLUTION_SPECIES
	PHASES
	PITZER
	EXCHANGE_MASTER_SPECIES
	EXCHANGE_SPECIES
	SURFACE_MASTER_SPECIES
	SURFACE_SPECIES
	END
------------------------------------
Reading input data for simulation 1.
------------------------------------

	TITLE C5 FREZCHEM sequential FC at 7.00 C
	SOLUTION 1
	    temp 7.00000000
	    pH 7.3698000000
	    units mol/kgw
	    water 1.000000000000
	    Na 8.08490000000000e-01
	    K 1.44680000000000e-02
	    Mg 7.97710000000000e-02
	    Ca 1.38470000000000e-02
	    Cl 9.12980000000000e-01
	    S(6) 3.68060000000000e-02
	    C(4) 2.45460000000000e-03
	SELECTED_OUTPUT 1
	    file C:/Users/Kagiso/PHREEQC-Python/C5_FREZ_pre_+007p0.txt
	    reset false
	    user_punch true
	USER_PUNCH 1
	    headings Temp_C pH Water_kg Alk_eq_kgw Mu aw Na_mol K_mol Mg_mol Ca_mol Cl_mol S6_mol C4_mol Na_m K_m Mg_m Ca_m Cl_m S6_m C4_m Na_act Cl_act SO4_act SI_Ice SI_Mirabilite SI_Halite SI_Hydrohalite SI_Calcite SI_Gypsum Iterations
	    10 PUNCH TC, -LA("H+"), TOT("water"), ALK, MU, ACT("H2O")
	    20 PUNCH TOTMOLE("Na"), TOTMOLE("K"), TOTMOLE("Mg"), TOTMOLE("Ca")
	    30 PUNCH TOTMOLE("Cl"), TOTMOLE("S(6)"), TOTMOLE("C(4)")
	    40 PUNCH TOT("Na"), TOT("K"), TOT("Mg"), TOT("Ca")
	    50 PUNCH TOT("Cl"), TOT("S(6)"), TOT("C(4)")
	    60 PUNCH ACT("Na+"), ACT("Cl-"), ACT("SO4-2")
	    70 PUNCH SI("Ice(s)"), SI("Mirabilite"), SI("Halite"), SI("Hydrohalite"), SI("Calcite"), SI("Gypsum")
	    80 PUNCH ITERATIONS
	END
-----
TITLE
-----

 C5 FREZCHEM sequential FC at 7.00 C

-------------------------------------------
Beginning of initial solution calculations.
-------------------------------------------

Initial solution 1.	

-----------------------------Solution composition------------------------------

	Elements           Molality       Moles

	C(4)              2.455e-03   2.455e-03
	Ca                1.385e-02   1.385e-02
	Cl                9.130e-01   9.130e-01
	K                 1.447e-02   1.447e-02
	Mg                7.977e-02   7.977e-02
	Na                8.085e-01   8.085e-01
	S(6)              3.681e-02   3.681e-02

----------------------------Description of solution----------------------------

                                       pH  =   7.370    
                                       pe  =   4.000    
      Specific Conductance (µS/cm,   7°C)  = 47067
                          Density (g/cm³)  =   1.04252
                               Volume (L)  =   1.01455
                        Activity of water  =   0.970
                 Ionic strength (mol/kgw)  =   1.130e+00
                       Mass of water (kg)  =   1.000e+00
                 Total alkalinity (eq/kg)  =   2.343e-03
                       Total CO2 (mol/kg)  =   2.455e-03
                         Temperature (°C)  =   7.00
                  Electrical balance (eq)  =   2.126e-02
 Percent error, 100*(Cat-|An|)/(Cat+|An|)  =   1.06
                               Iterations  =  13
                         Gamma iterations  =   4
                      Osmotic coefficient  =   0.91354
                         Density of water  =   0.99990
                                  Total H  = 1.110209e+02
                                  Total O  = 5.566375e+01

----------------------------Distribution of species----------------------------

                                                    Unscaled  Unscaled
                                Unscaled       Log       Log       Log    mole V
   Species          Molality    Activity  Molality  Activity     Gamma   cm³/mol

   OH-             1.380e-07   5.132e-08    -6.860    -7.290    -0.430     -3.24
   H+              5.425e-08   4.268e-08    -7.266    -7.370    -0.104      0.00
   H2O             5.551e+01   9.697e-01     1.744    -0.013     0.000     18.02
C(4)          2.455e-03
   HCO3-           2.303e-03   1.199e-03    -2.638    -2.921    -0.284     26.07
   CO2             1.316e-04   1.645e-04    -3.881    -3.784     0.097     34.86
   CO3-2           1.077e-05   8.348e-07    -4.968    -6.078    -1.111     -2.12
   MgCO3           9.097e-06   9.097e-06    -5.041    -5.041     0.000    -17.07
   CaCO3           1.896e-12   1.896e-12   -11.722   -11.722     0.000     (0)  
Ca            1.385e-02
   Ca+2            1.385e-02   2.583e-03    -1.859    -2.588    -0.729    -17.19
   CaCO3           1.896e-12   1.896e-12   -11.722   -11.722     0.000     (0)  
Cl            9.130e-01
   Cl-             9.130e-01   6.210e-01    -0.040    -0.207    -0.167     18.03
K             1.447e-02
   K+              1.447e-02   8.064e-03    -1.840    -2.093    -0.254      9.23
Mg            7.977e-02
   Mg+2            7.976e-02   1.651e-02    -1.098    -1.782    -0.684    -19.64
   MgCO3           9.097e-06   9.097e-06    -5.041    -5.041     0.000    -17.07
   MgOH+           1.216e-07   1.094e-07    -6.915    -6.961    -0.046     (0)  
Na            8.085e-01
   Na+             8.085e-01   4.934e-01    -0.092    -0.307    -0.214     -1.25
S(6)          3.681e-02
   SO4-2           3.681e-02   2.885e-03    -1.434    -2.540    -1.106     16.57

------------------------------Saturation indices-------------------------------

  Phase               SI** log IAP   log K(280 K,   1 atm)

  Anhydrite        -1.02     -5.13   -4.10  CaSO4
  Antarcticite     -6.49     -3.08    3.40  CaCl2:6H2O
  Aphthitalite    -14.95    -23.33   -8.38  Na2SO4:3K2SO4
  Aragonite        -0.42     -8.67   -8.24  CaCO3
  Arcanite         -4.66     -6.73   -2.07  K2SO4
  Bischofite       -7.01     -2.28    4.73  MgCl2:6H2O
  Bloedite         -5.09     -7.53   -2.44  Na2Mg(SO4)2:4H2O
  Calcite          -0.27     -8.67   -8.40  CaCO3
  Carnallite       -8.61     -4.58    4.03  KMgCl3:6H2O
  CO2(g)           -2.56     -3.78   -1.22  CO2
  Dolomite          0.11    -16.53  -16.64  CaMg(CO3)2
  Epsomite         -2.30     -4.42   -2.11  MgSO4:7H2O
  Gypsum           -0.53     -5.15   -4.63  CaSO4:2H2O
  Halite           -2.04     -0.51    1.52  NaCl
  Hexahydrite      -2.72     -4.40   -1.68  MgSO4:6H2O
  Hydrohalite      -1.89     -0.54    1.35  NaCl:2H2O
  Hydromagnesite   -4.42    -39.98  -35.57  (MgCO3)3:Mg(OH)2:3H2O
  Ice(s)           -0.04     -0.01    0.03  H2O
  Ikaite           -1.73     -8.75   -7.02  CaCO3:6H2O
  Kalicinite       -4.95     -5.01   -0.07  KHCO3
  Kieserite        -4.60     -4.34    0.26  MgSO4:H2O
  Landsfordite     -2.73     -7.93   -5.20  MgCO3:5H2O
  Magnesite        -0.12     -7.86   -7.74  MgCO3
  Meridianite      -2.43     -4.47   -2.04  MgSO4:11H2O
  MgCl2:12H2O      -5.66     -2.36    3.30  MgCl2:12H2O
  MgCl2:8H2O       -6.26     -2.30    3.95  MgCl2:8H2O
  Mirabilite       -1.14     -3.29   -2.14  Na2SO4:10H2O
  Na2CO3:7H2O      -5.90     -6.79   -0.88  Na2CO3:7H2O
  Nahcolite        -2.60     -3.23   -0.63  NaHCO3
  Natron           -5.29     -6.83   -1.54  Na2CO3:10H2O
  Nesquehonite     -2.74     -7.90   -5.16  MgCO3:3H2O
  Picromerite      -6.32    -11.13   -4.81  MgSO4:K2SO4:6H2O
  Sylvite          -2.98     -2.30    0.68  KCl
  Tachyhydrite    -25.57     -7.55   18.02  CaCl2:(MgCl2)2:12H2O
  Thenardite       -2.85     -3.15   -0.30  Na2SO4
  Trona            -8.73     -9.95   -1.22  Na3H(CO3)2:2H2O
  Vaterite         -0.88     -8.67   -7.78  CaCO3

**For a gas, SI = log10(fugacity). Fugacity = pressure * phi / 1 atm.
  For ideal gases, phi = 1.

------------------
End of simulation.
------------------

------------------------------------
Reading input data for simulation 2.
------------------------------------

-------------------------------
End of Run after 1.069 Seconds.
-------------------------------

