   Input file: C:\Users\Kagiso\PHREEQC-Python\C5_FREZ_eq_-024p0.pqi
  Output file: C:\Users\Kagiso\PHREEQC-Python\C5_FREZ_eq_-024p0.out
Database file: C:\Program Files\USGS\phreeqc-3.8.6-17100-x64\database\frezchem.dat

------------------
Reading data base.
------------------

	PITZER
	SOLUTION_MASTER_SPECIES
	SOLUTION_SPECIES
	PHASES
	PITZER
	EXCHANGE_MASTER_SPECIES
	EXCHANGE_SPECIES
	SURFACE_MASTER_SPECIES
	SURFACE_SPECIES
	END
------------------------------------
Reading input data for simulation 1.
------------------------------------

	TITLE C5 FREZCHEM sequential FC at -24.00 C
	SOLUTION 1
	    temp -24.00000000
	    pH 6.3137000000
	    units mol/kgw
	    water 0.126640000000
	    Na 3.77013581806696e+00
	    K 1.14245104232470e-01
	    Mg 6.29903663929248e-01
	    Ca 9.81285533796589e-02
	    Cl 5.12318382817435e+00
	    S(6) 1.84049273531270e-02
	    C(4) 1.64576753000632e-02
	EQUILIBRIUM_PHASES 1
	    Ice(s)       0.0 0.0
	    Mirabilite   0.0 0.0
	    Halite       0.0 0.0
	    Hydrohalite  0.0 0.0
	    Calcite      0.0 0.0
	    Gypsum       0.0 0.0
	SELECTED_OUTPUT 1
	    file C:/Users/Kagiso/PHREEQC-Python/C5_FREZ_eq_-024p0.txt
	    reset false
	    user_punch true
	USER_PUNCH 1
	    headings Temp_C pH Water_kg Alk_eq_kgw Mu aw Na_mol K_mol Mg_mol Ca_mol Cl_mol S6_mol C4_mol Na_m K_m Mg_m Ca_m Cl_m S6_m C4_m Na_act Cl_act SO4_act SI_Ice SI_Mirabilite SI_Halite SI_Hydrohalite SI_Calcite SI_Gypsum Ice_mol Mirabilite_mol Halite_mol Hydrohalite_mol Calcite_mol Gypsum_mol Iterations
	    10 PUNCH TC, -LA("H+"), TOT("water"), ALK, MU, ACT("H2O")
	    20 PUNCH TOTMOLE("Na"), TOTMOLE("K"), TOTMOLE("Mg"), TOTMOLE("Ca")
	    30 PUNCH TOTMOLE("Cl"), TOTMOLE("S(6)"), TOTMOLE("C(4)")
	    40 PUNCH TOT("Na"), TOT("K"), TOT("Mg"), TOT("Ca")
	    50 PUNCH TOT("Cl"), TOT("S(6)"), TOT("C(4)")
	    60 PUNCH ACT("Na+"), ACT("Cl-"), ACT("SO4-2")
	    70 PUNCH SI("Ice(s)"), SI("Mirabilite"), SI("Halite"), SI("Hydrohalite"), SI("Calcite"), SI("Gypsum")
	    80 PUNCH EQUI("Ice(s)"), EQUI("Mirabilite"), EQUI("Halite"), EQUI("Hydrohalite"), EQUI("Calcite"), EQUI("Gypsum")
	    90 PUNCH ITERATIONS
	END
-----
TITLE
-----

 C5 FREZCHEM sequential FC at -24.00 C

-------------------------------------------
Beginning of initial solution calculations.
-------------------------------------------

Initial solution 1.	

-----------------------------Solution composition------------------------------

	Elements           Molality       Moles

	C(4)              1.646e-02   2.084e-03
	Ca                9.813e-02   1.243e-02
	Cl                5.123e+00   6.488e-01
	K                 1.142e-01   1.447e-02
	Mg                6.299e-01   7.977e-02
	Na                3.770e+00   4.774e-01
	S(6)              1.840e-02   2.331e-03

----------------------------Description of solution----------------------------

                                       pH  =   6.314    
                                       pe  =   4.000    
      Specific Conductance (µS/cm, -24°C)  = 33749
                          Density (g/cm³)  =   1.21754
                               Volume (L)  =   0.13466
                        Activity of water  =   0.800
                 Ionic strength (mol/kgw)  =   6.002e+00
                       Mass of water (kg)  =   1.266e-01
                 Total alkalinity (eq/kg)  =   1.005e-02
                       Total CO2 (mol/kg)  =   1.646e-02
                         Temperature (°C)  = -24.00
                  Electrical balance (eq)  =   2.158e-02
 Percent error, 100*(Cat-|An|)/(Cat+|An|)  =   1.62
                               Iterations  =  19
                         Gamma iterations  =   6
                      Osmotic coefficient  =   1.26886
                         Density of water  =   0.99065
                                  Total H  = 1.406066e+01
                                  Total O  = 7.044459e+00

----------------------------Distribution of species----------------------------

                                                    Unscaled  Unscaled
                                Unscaled       Log       Log       Log    mole V
   Species          Molality    Activity  Molality  Activity     Gamma   cm³/mol

   H+              1.054e-07   4.856e-07    -6.977    -6.314     0.663      0.00
   OH-             7.383e-09   1.208e-10    -8.132    -9.918    -1.786     -6.39
   H2O             5.551e+01   7.998e-01     1.744    -0.097     0.000     18.19
C(4)          1.646e-02
   HCO3-           1.000e-02   3.355e-03    -2.000    -2.474    -0.474     43.66
   CO2             6.433e-03   2.246e-02    -2.192    -1.649     0.543     68.06
   MgCO3           1.557e-05   1.557e-05    -4.808    -4.808     0.000    -16.90
   CO3-2           5.611e-06   5.344e-08    -5.251    -7.272    -2.021      1.22
   CaCO3           1.721e-12   1.721e-12   -11.764   -11.764     0.000     (0)  
Ca            9.813e-02
   Ca+2            9.813e-02   7.519e-02    -1.008    -1.124    -0.116    -28.55
   CaCO3           1.721e-12   1.721e-12   -11.764   -11.764     0.000     (0)  
Cl            5.123e+00
   Cl-             5.123e+00   4.961e+00     0.710     0.696    -0.014     14.89
K             1.142e-01
   K+              1.142e-01   3.815e-02    -0.942    -1.419    -0.476     12.47
Mg            6.299e-01
   Mg+2            6.299e-01   6.414e-01    -0.201    -0.193     0.008    -19.89
   MgCO3           1.557e-05   1.557e-05    -4.808    -4.808     0.000    -16.90
   MgOH+           1.942e-08   9.814e-09    -7.712    -8.008    -0.297     (0)  
Na            3.770e+00
   Na+             3.770e+00   2.279e+00     0.576     0.358    -0.219     -2.49
S(6)          1.840e-02
   SO4-2           1.840e-02   2.661e-04    -1.735    -3.575    -1.840      2.47

------------------------------Saturation indices-------------------------------

  Phase               SI** log IAP   log K(249 K,   1 atm)

  Anhydrite        -0.66     -4.70   -4.04  CaSO4
  Antarcticite     -3.22     -0.31    2.91  CaCl2:6H2O
  Aphthitalite    -11.66    -22.10  -10.44  Na2SO4:3K2SO4
  Aragonite        -0.21     -8.40   -8.18  CaCO3
  Arcanite         -3.73     -6.41   -2.68  K2SO4
  Bischofite       -4.05      0.62    4.67  MgCl2:6H2O
  Bloedite         -4.47     -7.02   -2.55  Na2Mg(SO4)2:4H2O
  Calcite          -0.03     -8.40   -8.37  CaCO3
  Carnallite       -3.34     -0.11    3.24  KMgCl3:6H2O
  CO2(g)           -1.05     -1.65   -0.60  CO2
  Dolomite         -0.14    -15.86  -15.72  CaMg(CO3)2
  Epsomite         -1.86     -4.45   -2.59  MgSO4:7H2O
  Gypsum            0.01     -4.89   -4.90  CaSO4:2H2O
  Halite           -0.29      1.05    1.34  NaCl
  Hexahydrite      -2.58     -4.35   -1.77  MgSO4:6H2O
  Hydrohalite       0.01      0.86    0.85  NaCl:2H2O
  Hydromagnesite   -9.63    -42.71  -33.09  (MgCO3)3:Mg(OH)2:3H2O
  Ice(s)            0.00     -0.10   -0.10  H2O
  Ikaite           -1.07     -8.98   -7.91  CaCO3:6H2O
  Kalicinite       -3.41     -3.89   -0.49  KHCO3
  Kieserite        -5.83     -3.86    1.96  MgSO4:H2O
  Landsfordite     -3.67     -7.95   -4.28  MgCO3:5H2O
  Magnesite        -0.32     -7.46   -7.14  MgCO3
  Meridianite      -1.54     -4.83   -3.30  MgSO4:11H2O
  MgCl2:12H2O      -1.66      0.03    1.69  MgCl2:12H2O
  MgCl2:8H2O       -2.91      0.42    3.33  MgCl2:8H2O
  Mirabilite       -0.03     -3.83   -3.80  Na2SO4:10H2O
  Na2CO3:7H2O      -5.58     -7.24   -1.66  Na2CO3:7H2O
  Nahcolite        -1.18     -2.12   -0.94  NaHCO3
  Natron           -4.90     -7.53   -2.62  Na2CO3:10H2O
  Nesquehonite     -3.37     -7.76   -4.39  MgCO3:3H2O
  Picromerite      -4.73    -10.76   -6.03  MgSO4:K2SO4:6H2O
  Sylvite          -0.87     -0.72    0.15  KCl
  Tachyhydrite    -18.39      1.50   19.89  CaCl2:(MgCl2)2:12H2O
  Thenardite       -2.53     -2.86   -0.33  Na2SO4
  Trona            -7.30     -8.87   -1.56  Na3H(CO3)2:2H2O
  Vaterite         -0.75     -8.40   -7.65  CaCO3

**For a gas, SI = log10(fugacity). Fugacity = pressure * phi / 1 atm.
  For ideal gases, phi = 1.

-----------------------------------------
Beginning of batch-reaction calculations.
-----------------------------------------

Reaction step 1.

WARNING: Maximum iterations exceeded, 200

WARNING: Numerical method failed with this set of convergence parameters.

WARNING: Trying smaller step size, pe step size 10, 5 ... 

WARNING: Maximum iterations exceeded, 400

WARNING: Numerical method failed with this set of convergence parameters.

WARNING: Trying reduced tolerance 1e-16 ...

WARNING: Maximum iterations exceeded, 400

WARNING: Numerical method failed with this set of convergence parameters.

WARNING: Trying increased tolerance 1e-14 ...

WARNING: Maximum iterations exceeded, 400

WARNING: Numerical method failed with this set of convergence parameters.

WARNING: Trying diagonal scaling ...

Using solution 1.	
Using pure phase assemblage 1.	

-------------------------------Phase assemblage--------------------------------

                                                      Moles in assemblage
Phase               SI  log IAP  log K(T, P)   Initial       Final       Delta

Calcite           0.00    -8.37     -8.37    0.000e+00   1.028e-04   1.028e-04
Gypsum            0.00    -4.90     -4.90    0.000e+00   9.951e-04   9.951e-04
Halite           -0.29     1.05      1.34    0.000e+00           0   0.000e+00
Hydrohalite      -0.00     0.85      0.85    0.000e+00   1.924e-01   1.924e-01
Ice(s)            0.00    -0.10     -0.10    0.000e+00   1.738e+00   1.738e+00
Mirabilite       -0.26    -4.06     -3.80    0.000e+00           0   0.000e+00

-----------------------------Solution composition------------------------------

	Elements           Molality       Moles

	C                 2.242e-02   1.981e-03
	Ca                1.282e-01   1.133e-02
	Cl                5.165e+00   4.564e-01
	K                 1.637e-01   1.447e-02
	Mg                9.028e-01   7.977e-02
	Na                3.226e+00   2.851e-01
	S                 1.512e-02   1.336e-03

----------------------------Description of solution----------------------------

                                       pH  =   6.208      Charge balance
                                       pe  =   4.000      Adjusted to redox equilibrium
      Specific Conductance (µS/cm, -24°C)  = 32024
                          Density (g/cm³)  =   1.21765
                               Volume (L)  =   0.09386
                        Activity of water  =   0.792
                 Ionic strength (mol/kgw)  =   6.376e+00
                       Mass of water (kg)  =   8.836e-02
                 Total alkalinity (eq/kg)  =   1.207e-02
                       Total CO2 (mol/kg)  =   2.242e-02
                         Temperature (°C)  = -24.00
                  Electrical balance (eq)  =   2.158e-02
 Percent error, 100*(Cat-|An|)/(Cat+|An|)  =   2.29
                               Iterations  =   7 (1411 overall)
                         Gamma iterations  =   1
                      Osmotic coefficient  =   1.34780
                         Density of water  =   0.99065
                                  Total H  = 9.810894e+00
                                  Total O  = 4.915286e+00

----------------------------Distribution of species----------------------------

                                                    Unscaled  Unscaled
                                Unscaled       Log       Log       Log    mole V
   Species          Molality    Activity  Molality  Activity     Gamma   cm³/mol

   H+              1.373e-07   6.195e-07    -6.862    -6.208     0.654      0.00
   OH-             4.060e-09   9.372e-11    -8.391   -10.028    -1.637     -5.94
   H2O             5.551e+01   7.916e-01     1.744    -0.101     0.000     18.19
C(4)          2.242e-02
   HCO3-           1.202e-02   4.190e-03    -1.920    -2.378    -0.458     45.76
   CO2             1.038e-02   3.616e-02    -1.984    -1.442     0.542     68.06
   MgCO3           2.070e-05   2.070e-05    -4.684    -4.684     0.000    -16.90
   CO3-2           6.227e-06   5.233e-08    -5.206    -7.281    -2.076      3.01
   CaCO3           1.837e-12   1.837e-12   -11.736   -11.736     0.000     (0)  
Ca            1.282e-01
   Ca+2            1.282e-01   8.192e-02    -0.892    -1.087    -0.195    -29.00
   CaCO3           1.837e-12   1.837e-12   -11.736   -11.736     0.000     (0)  
Cl            5.165e+00
   Cl-             5.165e+00   5.914e+00     0.713     0.772     0.059     15.17
K             1.637e-01
   K+              1.637e-01   5.029e-02    -0.786    -1.299    -0.513     13.00
Mg            9.028e-01
   Mg+2            9.028e-01   8.711e-01    -0.044    -0.060    -0.016    -20.03
   MgCO3           2.070e-05   2.070e-05    -4.684    -4.684     0.000    -16.90
   MgOH+           2.216e-08   1.034e-08    -7.654    -7.985    -0.331     (0)  
Na            3.226e+00
   Na+             3.226e+00   1.911e+00     0.509     0.281    -0.227     -2.23
S(6)          1.512e-02
   SO4-2           1.512e-02   2.449e-04    -1.821    -3.611    -1.791      2.96

------------------------------Saturation indices-------------------------------

  Phase               SI** log IAP   log K(249 K,   1 atm)

  Anhydrite        -0.66     -4.70   -4.04  CaSO4
  Antarcticite     -3.06     -0.15    2.91  CaCl2:6H2O
  Aphthitalite    -11.23    -21.67  -10.44  Na2SO4:3K2SO4
  Aragonite        -0.19     -8.37   -8.18  CaCO3
  Arcanite         -3.53     -6.21   -2.68  K2SO4
  Bischofite       -3.79      0.87    4.67  MgCl2:6H2O
  Bloedite         -4.58     -7.13   -2.55  Na2Mg(SO4)2:4H2O
  Calcite           0.00     -8.37   -8.37  CaCO3
  Carnallite       -2.89      0.35    3.24  KMgCl3:6H2O
  CO2(g)           -0.84     -1.44   -0.60  CO2
  Dolomite          0.01    -15.71  -15.72  CaMg(CO3)2
  Epsomite         -1.79     -4.38   -2.59  MgSO4:7H2O
  Gypsum            0.00     -4.90   -4.90  CaSO4:2H2O
  Halite           -0.29      1.05    1.34  NaCl
  Hexahydrite      -2.51     -4.28   -1.77  MgSO4:6H2O
  Hydrohalite      -0.00      0.85    0.85  NaCl:2H2O
  Hydromagnesite   -9.36    -42.44  -33.09  (MgCO3)3:Mg(OH)2:3H2O
  Ice(s)            0.00     -0.10   -0.10  H2O
  Ikaite           -1.06     -8.98   -7.91  CaCO3:6H2O
  Kalicinite       -3.19     -3.68   -0.49  KHCO3
  Kieserite        -5.73     -3.77    1.96  MgSO4:H2O
  Landsfordite     -3.57     -7.85   -4.28  MgCO3:5H2O
  Magnesite        -0.20     -7.34   -7.14  MgCO3
  Meridianite      -1.49     -4.79   -3.30  MgSO4:11H2O
  MgCl2:12H2O      -1.43      0.27    1.69  MgCl2:12H2O
  MgCl2:8H2O       -2.66      0.67    3.33  MgCl2:8H2O
  Mirabilite       -0.26     -4.06   -3.80  Na2SO4:10H2O
  Na2CO3:7H2O      -5.77     -7.43   -1.66  Na2CO3:7H2O
  Nahcolite        -1.16     -2.10   -0.94  NaHCO3
  Natron           -5.11     -7.73   -2.62  Na2CO3:10H2O
  Nesquehonite     -3.26     -7.65   -4.39  MgCO3:3H2O
  Picromerite      -4.46    -10.49   -6.03  MgSO4:K2SO4:6H2O
  Sylvite          -0.67     -0.53    0.15  KCl
  Tachyhydrite    -17.68      2.21   19.89  CaCl2:(MgCl2)2:12H2O
  Thenardite       -2.72     -3.05   -0.33  Na2SO4
  Trona            -7.45     -9.02   -1.56  Na3H(CO3)2:2H2O
  Vaterite         -0.72     -8.37   -7.65  CaCO3

**For a gas, SI = log10(fugacity). Fugacity = pressure * phi / 1 atm.
  For ideal gases, phi = 1.

------------------
End of simulation.
------------------

------------------------------------
Reading input data for simulation 2.
------------------------------------

------------------------------
End of Run after 1.38 Seconds.
------------------------------

