   Input file: C:\Users\Kagiso\PHREEQC-Python\C5_FREZ_eq_+011p0.pqi
  Output file: C:\Users\Kagiso\PHREEQC-Python\C5_FREZ_eq_+011p0.out
Database file: C:\Program Files\USGS\phreeqc-3.8.6-17100-x64\database\frezchem.dat

------------------
Reading data base.
------------------

	PITZER
	SOLUTION_MASTER_SPECIES
	SOLUTION_SPECIES
	PHASES
	PITZER
	EXCHANGE_MASTER_SPECIES
	EXCHANGE_SPECIES
	SURFACE_MASTER_SPECIES
	SURFACE_SPECIES
	END
------------------------------------
Reading input data for simulation 1.
------------------------------------

	TITLE C5 FREZCHEM sequential FC at 11.00 C
	SOLUTION 1
	    temp 11.00000000
	    pH 7.3698000000
	    units mol/kgw
	    water 1.000000000000
	    Na 8.08490000000000e-01
	    K 1.44680000000000e-02
	    Mg 7.97710000000000e-02
	    Ca 1.38470000000000e-02
	    Cl 9.12980000000000e-01
	    S(6) 3.68060000000000e-02
	    C(4) 2.45460000000000e-03
	EQUILIBRIUM_PHASES 1
	    Ice(s)       0.0 0.0
	    Mirabilite   0.0 0.0
	    Halite       0.0 0.0
	    Hydrohalite  0.0 0.0
	    Calcite      0.0 0.0
	    Gypsum       0.0 0.0
	SELECTED_OUTPUT 1
	    file C:/Users/Kagiso/PHREEQC-Python/C5_FREZ_eq_+011p0.txt
	    reset false
	    user_punch true
	USER_PUNCH 1
	    headings Temp_C pH Water_kg Alk_eq_kgw Mu aw Na_mol K_mol Mg_mol Ca_mol Cl_mol S6_mol C4_mol Na_m K_m Mg_m Ca_m Cl_m S6_m C4_m Na_act Cl_act SO4_act SI_Ice SI_Mirabilite SI_Halite SI_Hydrohalite SI_Calcite SI_Gypsum Ice_mol Mirabilite_mol Halite_mol Hydrohalite_mol Calcite_mol Gypsum_mol Iterations
	    10 PUNCH TC, -LA("H+"), TOT("water"), ALK, MU, ACT("H2O")
	    20 PUNCH TOTMOLE("Na"), TOTMOLE("K"), TOTMOLE("Mg"), TOTMOLE("Ca")
	    30 PUNCH TOTMOLE("Cl"), TOTMOLE("S(6)"), TOTMOLE("C(4)")
	    40 PUNCH TOT("Na"), TOT("K"), TOT("Mg"), TOT("Ca")
	    50 PUNCH TOT("Cl"), TOT("S(6)"), TOT("C(4)")
	    60 PUNCH ACT("Na+"), ACT("Cl-"), ACT("SO4-2")
	    70 PUNCH SI("Ice(s)"), SI("Mirabilite"), SI("Halite"), SI("Hydrohalite"), SI("Calcite"), SI("Gypsum")
	    80 PUNCH EQUI("Ice(s)"), EQUI("Mirabilite"), EQUI("Halite"), EQUI("Hydrohalite"), EQUI("Calcite"), EQUI("Gypsum")
	    90 PUNCH ITERATIONS
	END
-----
TITLE
-----

 C5 FREZCHEM sequential FC at 11.00 C

-------------------------------------------
Beginning of initial solution calculations.
-------------------------------------------

Initial solution 1.	

-----------------------------Solution composition------------------------------

	Elements           Molality       Moles

	C(4)              2.455e-03   2.455e-03
	Ca                1.385e-02   1.385e-02
	Cl                9.130e-01   9.130e-01
	K                 1.447e-02   1.447e-02
	Mg                7.977e-02   7.977e-02
	Na                8.085e-01   8.085e-01
	S(6)              3.681e-02   3.681e-02

----------------------------Description of solution----------------------------

                                       pH  =   7.370    
                                       pe  =   4.000    
      Specific Conductance (µS/cm,  11°C)  = 52783
                          Density (g/cm³)  =   1.04167
                               Volume (L)  =   1.01538
                        Activity of water  =   0.970
                 Ionic strength (mol/kgw)  =   1.130e+00
                       Mass of water (kg)  =   1.000e+00
                 Total alkalinity (eq/kg)  =   2.357e-03
                       Total CO2 (mol/kg)  =   2.455e-03
                         Temperature (°C)  =  11.00
                  Electrical balance (eq)  =   2.124e-02
 Percent error, 100*(Cat-|An|)/(Cat+|An|)  =   1.06
                               Iterations  =  12
                         Gamma iterations  =   4
                      Osmotic coefficient  =   0.91707
                         Density of water  =   0.99960
                                  Total H  = 1.110209e+02
                                  Total O  = 5.566376e+01

----------------------------Distribution of species----------------------------

                                                    Unscaled  Unscaled
                                Unscaled       Log       Log       Log    mole V
   Species          Molality    Activity  Molality  Activity     Gamma   cm³/mol

   OH-             1.925e-07   7.357e-08    -6.716    -7.133    -0.418     -2.84
   H+              5.462e-08   4.268e-08    -7.263    -7.370    -0.107      0.00
   H2O             5.551e+01   9.696e-01     1.744    -0.013     0.000     18.02
C(4)          2.455e-03
   HCO3-           2.310e-03   1.206e-03    -2.636    -2.919    -0.282     26.51
   CO2             1.210e-04   1.509e-04    -3.917    -3.821     0.096     33.26
   CO3-2           1.226e-05   9.454e-07    -4.912    -6.024    -1.113     -1.24
   MgCO3           1.111e-05   1.111e-05    -4.954    -4.954     0.000    -17.07
   CaCO3           2.080e-12   2.080e-12   -11.682   -11.682     0.000     (0)  
Ca            1.385e-02
   Ca+2            1.385e-02   2.555e-03    -1.859    -2.593    -0.734    -16.95
   CaCO3           2.080e-12   2.080e-12   -11.682   -11.682     0.000     (0)  
Cl            9.130e-01
   Cl-             9.130e-01   6.253e-01    -0.040    -0.204    -0.164     18.32
K             1.447e-02
   K+              1.447e-02   8.085e-03    -1.840    -2.092    -0.253      9.41
Mg            7.977e-02
   Mg+2            7.976e-02   1.687e-02    -1.098    -1.773    -0.675    -19.74
   MgCO3           1.111e-05   1.111e-05    -4.954    -4.954     0.000    -17.07
   MgOH+           1.847e-07   1.650e-07    -6.734    -6.783    -0.049     (0)  
Na            8.085e-01
   Na+             8.085e-01   4.962e-01    -0.092    -0.304    -0.212     -0.97
S(6)          3.681e-02
   SO4-2           3.681e-02   2.939e-03    -1.434    -2.532    -1.098     17.50

------------------------------Saturation indices-------------------------------

  Phase               SI** log IAP   log K(284 K,   1 atm)

  Anhydrite        -0.99     -5.12   -4.13  CaSO4
  Antarcticite     -6.57     -3.08    3.49  CaCl2:6H2O
  Aphthitalite    -15.17    -23.29   -8.12  Na2SO4:3K2SO4
  Aragonite        -0.36     -8.62   -8.26  CaCO3
  Arcanite         -4.71     -6.72   -2.00  K2SO4
  Bischofite       -6.98     -2.26    4.71  MgCl2:6H2O
  Bloedite         -5.08     -7.50   -2.42  Na2Mg(SO4)2:4H2O
  Calcite          -0.20     -8.62   -8.41  CaCO3
  Carnallite       -8.66     -4.56    4.10  KMgCl3:6H2O
  CO2(g)           -2.54     -3.82   -1.28  CO2
  Dolomite          0.33    -16.41  -16.74  CaMg(CO3)2
  Epsomite         -2.34     -4.40   -2.06  MgSO4:7H2O
  Gypsum           -0.54     -5.15   -4.61  CaSO4:2H2O
  Halite           -2.05     -0.51    1.54  NaCl
  Hexahydrite      -2.72     -4.39   -1.67  MgSO4:6H2O
  Hydrohalite      -1.93     -0.54    1.39  NaCl:2H2O
  Hydromagnesite   -3.62    -39.47  -35.85  (MgCO3)3:Mg(OH)2:3H2O
  Ice(s)           -0.06     -0.01    0.05  H2O
  Ikaite           -1.78     -8.70   -6.92  CaCO3:6H2O
  Kalicinite       -5.00     -5.01   -0.01  KHCO3
  Kieserite        -4.44     -4.32    0.13  MgSO4:H2O
  Landsfordite     -2.68     -7.86   -5.18  MgCO3:5H2O
  Magnesite         0.01     -7.80   -7.81  MgCO3
  Meridianite      -2.58     -4.45   -1.88  MgSO4:11H2O
  MgCl2:12H2O      -5.92     -2.34    3.58  MgCl2:12H2O
  MgCl2:8H2O       -6.29     -2.29    4.01  MgCl2:8H2O
  Mirabilite       -1.34     -3.27   -1.93  Na2SO4:10H2O
  Na2CO3:7H2O      -5.94     -6.73   -0.79  Na2CO3:7H2O
  Nahcolite        -2.65     -3.22   -0.57  NaHCO3
  Natron           -5.39     -6.77   -1.38  Na2CO3:10H2O
  Nesquehonite     -2.62     -7.84   -5.21  MgCO3:3H2O
  Picromerite      -6.40    -11.10   -4.70  MgSO4:K2SO4:6H2O
  Sylvite          -3.03     -2.30    0.73  KCl
  Tachyhydrite    -25.30     -7.52   17.78  CaCl2:(MgCl2)2:12H2O
  Thenardite       -2.84     -3.14   -0.30  Na2SO4
  Trona            -8.71     -9.88   -1.17  Na3H(CO3)2:2H2O
  Vaterite         -0.81     -8.62   -7.81  CaCO3

**For a gas, SI = log10(fugacity). Fugacity = pressure * phi / 1 atm.
  For ideal gases, phi = 1.

-----------------------------------------
Beginning of batch-reaction calculations.
-----------------------------------------

Reaction step 1.

Using solution 1.	
Using pure phase assemblage 1.	

-------------------------------Phase assemblage--------------------------------

                                                      Moles in assemblage
Phase               SI  log IAP  log K(T, P)   Initial       Final       Delta

Calcite          -0.20    -8.62     -8.41    0.000e+00           0   0.000e+00
Gypsum           -0.54    -5.15     -4.61    0.000e+00           0   0.000e+00
Halite           -2.05    -0.51      1.54    0.000e+00           0   0.000e+00
Hydrohalite      -1.93    -0.54      1.39    0.000e+00           0   0.000e+00
Ice(s)           -0.06    -0.01      0.05    0.000e+00           0   0.000e+00
Mirabilite       -1.34    -3.27     -1.93    0.000e+00           0   0.000e+00

-----------------------------Solution composition------------------------------

	Elements           Molality       Moles

	C                 2.455e-03   2.455e-03
	Ca                1.385e-02   1.385e-02
	Cl                9.130e-01   9.130e-01
	K                 1.447e-02   1.447e-02
	Mg                7.977e-02   7.977e-02
	Na                8.085e-01   8.085e-01
	S                 3.681e-02   3.681e-02

----------------------------Description of solution----------------------------

                                       pH  =   7.370      Charge balance
                                       pe  =   4.000      Adjusted to redox equilibrium
      Specific Conductance (µS/cm,  11°C)  = 52783
                          Density (g/cm³)  =   1.04167
                               Volume (L)  =   1.01538
                        Activity of water  =   0.970
                 Ionic strength (mol/kgw)  =   1.130e+00
                       Mass of water (kg)  =   1.000e+00
                 Total alkalinity (eq/kg)  =   2.357e-03
                       Total CO2 (mol/kg)  =   2.455e-03
                         Temperature (°C)  =  11.00
                  Electrical balance (eq)  =   2.124e-02
 Percent error, 100*(Cat-|An|)/(Cat+|An|)  =   1.06
                               Iterations  =   1
                         Gamma iterations  =   1
                      Osmotic coefficient  =   0.91707
                         Density of water  =   0.99960
                                  Total H  = 1.110209e+02
                                  Total O  = 5.566376e+01

----------------------------Distribution of species----------------------------

                                                    Unscaled  Unscaled
                                Unscaled       Log       Log       Log    mole V
   Species          Molality    Activity  Molality  Activity     Gamma   cm³/mol

   OH-             1.925e-07   7.357e-08    -6.716    -7.133    -0.418     -2.84
   H+              5.462e-08   4.268e-08    -7.263    -7.370    -0.107      0.00
   H2O             5.551e+01   9.696e-01     1.744    -0.013     0.000     18.02
C(4)          2.455e-03
   HCO3-           2.310e-03   1.206e-03    -2.636    -2.919    -0.282     26.51
   CO2             1.210e-04   1.509e-04    -3.917    -3.821     0.096     33.26
   CO3-2           1.226e-05   9.454e-07    -4.912    -6.024    -1.113     -1.24
   MgCO3           1.111e-05   1.111e-05    -4.954    -4.954     0.000    -17.07
   CaCO3           2.080e-12   2.080e-12   -11.682   -11.682     0.000     (0)  
Ca            1.385e-02
   Ca+2            1.385e-02   2.555e-03    -1.859    -2.593    -0.734    -16.95
   CaCO3           2.080e-12   2.080e-12   -11.682   -11.682     0.000     (0)  
Cl            9.130e-01
   Cl-             9.130e-01   6.253e-01    -0.040    -0.204    -0.164     18.32
K             1.447e-02
   K+              1.447e-02   8.085e-03    -1.840    -2.092    -0.253      9.41
Mg            7.977e-02
   Mg+2            7.976e-02   1.687e-02    -1.098    -1.773    -0.675    -19.74
   MgCO3           1.111e-05   1.111e-05    -4.954    -4.954     0.000    -17.07
   MgOH+           1.847e-07   1.650e-07    -6.734    -6.783    -0.049     (0)  
Na            8.085e-01
   Na+             8.085e-01   4.962e-01    -0.092    -0.304    -0.212     -0.97
S(6)          3.681e-02
   SO4-2           3.681e-02   2.939e-03    -1.434    -2.532    -1.098     17.50

------------------------------Saturation indices-------------------------------

  Phase               SI** log IAP   log K(284 K,   1 atm)

  Anhydrite        -0.99     -5.12   -4.13  CaSO4
  Antarcticite     -6.57     -3.08    3.49  CaCl2:6H2O
  Aphthitalite    -15.17    -23.29   -8.12  Na2SO4:3K2SO4
  Aragonite        -0.36     -8.62   -8.26  CaCO3
  Arcanite         -4.71     -6.72   -2.00  K2SO4
  Bischofite       -6.98     -2.26    4.71  MgCl2:6H2O
  Bloedite         -5.08     -7.50   -2.42  Na2Mg(SO4)2:4H2O
  Calcite          -0.20     -8.62   -8.41  CaCO3
  Carnallite       -8.66     -4.56    4.10  KMgCl3:6H2O
  CO2(g)           -2.54     -3.82   -1.28  CO2
  Dolomite          0.33    -16.41  -16.74  CaMg(CO3)2
  Epsomite         -2.34     -4.40   -2.06  MgSO4:7H2O
  Gypsum           -0.54     -5.15   -4.61  CaSO4:2H2O
  Halite           -2.05     -0.51    1.54  NaCl
  Hexahydrite      -2.72     -4.39   -1.67  MgSO4:6H2O
  Hydrohalite      -1.93     -0.54    1.39  NaCl:2H2O
  Hydromagnesite   -3.62    -39.47  -35.85  (MgCO3)3:Mg(OH)2:3H2O
  Ice(s)           -0.06     -0.01    0.05  H2O
  Ikaite           -1.78     -8.70   -6.92  CaCO3:6H2O
  Kalicinite       -5.00     -5.01   -0.01  KHCO3
  Kieserite        -4.44     -4.32    0.13  MgSO4:H2O
  Landsfordite     -2.68     -7.86   -5.18  MgCO3:5H2O
  Magnesite         0.01     -7.80   -7.81  MgCO3
  Meridianite      -2.58     -4.45   -1.88  MgSO4:11H2O
  MgCl2:12H2O      -5.92     -2.34    3.58  MgCl2:12H2O
  MgCl2:8H2O       -6.29     -2.29    4.01  MgCl2:8H2O
  Mirabilite       -1.34     -3.27   -1.93  Na2SO4:10H2O
  Na2CO3:7H2O      -5.94     -6.73   -0.79  Na2CO3:7H2O
  Nahcolite        -2.65     -3.22   -0.57  NaHCO3
  Natron           -5.39     -6.77   -1.38  Na2CO3:10H2O
  Nesquehonite     -2.62     -7.84   -5.21  MgCO3:3H2O
  Picromerite      -6.40    -11.10   -4.70  MgSO4:K2SO4:6H2O
  Sylvite          -3.03     -2.30    0.73  KCl
  Tachyhydrite    -25.30     -7.52   17.78  CaCl2:(MgCl2)2:12H2O
  Thenardite       -2.84     -3.14   -0.30  Na2SO4
  Trona            -8.71     -9.88   -1.17  Na3H(CO3)2:2H2O
  Vaterite         -0.81     -8.62   -7.81  CaCO3

**For a gas, SI = log10(fugacity). Fugacity = pressure * phi / 1 atm.
  For ideal gases, phi = 1.

------------------
End of simulation.
------------------

------------------------------------
Reading input data for simulation 2.
------------------------------------

-------------------------------
End of Run after 1.105 Seconds.
-------------------------------

