   Input file: C:\Users\Kagiso\PHREEQC-Python\C5_FREZ_pre_-019p0.pqi
  Output file: C:\Users\Kagiso\PHREEQC-Python\C5_FREZ_pre_-019p0.out
Database file: C:\Program Files\USGS\phreeqc-3.8.6-17100-x64\database\frezchem.dat

------------------
Reading data base.
------------------

	PITZER
	SOLUTION_MASTER_SPECIES
	SOLUTION_SPECIES
	PHASES
	PITZER
	EXCHANGE_MASTER_SPECIES
	EXCHANGE_SPECIES
	SURFACE_MASTER_SPECIES
	SURFACE_SPECIES
	END
------------------------------------
Reading input data for simulation 1.
------------------------------------

	TITLE C5 FREZCHEM sequential FC at -19.00 C
	SOLUTION 1
	    temp -19.00000000
	    pH 6.5781000000
	    units mol/kgw
	    water 0.209930000000
	    Na 3.55051683894632e+00
	    K 6.89182108321822e-02
	    Mg 3.79988567617777e-01
	    Ca 6.49025865764779e-02
	    Cl 4.34897346734626e+00
	    S(6) 2.49788024579622e-02
	    C(4) 1.06359262611347e-02
	SELECTED_OUTPUT 1
	    file C:/Users/Kagiso/PHREEQC-Python/C5_FREZ_pre_-019p0.txt
	    reset false
	    user_punch true
	USER_PUNCH 1
	    headings Temp_C pH Water_kg Alk_eq_kgw Mu aw Na_mol K_mol Mg_mol Ca_mol Cl_mol S6_mol C4_mol Na_m K_m Mg_m Ca_m Cl_m S6_m C4_m Na_act Cl_act SO4_act SI_Ice SI_Mirabilite SI_Halite SI_Hydrohalite SI_Calcite SI_Gypsum Iterations
	    10 PUNCH TC, -LA("H+"), TOT("water"), ALK, MU, ACT("H2O")
	    20 PUNCH TOTMOLE("Na"), TOTMOLE("K"), TOTMOLE("Mg"), TOTMOLE("Ca")
	    30 PUNCH TOTMOLE("Cl"), TOTMOLE("S(6)"), TOTMOLE("C(4)")
	    40 PUNCH TOT("Na"), TOT("K"), TOT("Mg"), TOT("Ca")
	    50 PUNCH TOT("Cl"), TOT("S(6)"), TOT("C(4)")
	    60 PUNCH ACT("Na+"), ACT("Cl-"), ACT("SO4-2")
	    70 PUNCH SI("Ice(s)"), SI("Mirabilite"), SI("Halite"), SI("Hydrohalite"), SI("Calcite"), SI("Gypsum")
	    80 PUNCH ITERATIONS
	END
-----
TITLE
-----

 C5 FREZCHEM sequential FC at -19.00 C

-------------------------------------------
Beginning of initial solution calculations.
-------------------------------------------

Initial solution 1.	

-----------------------------Solution composition------------------------------

	Elements           Molality       Moles

	C(4)              1.064e-02   2.233e-03
	Ca                6.490e-02   1.363e-02
	Cl                4.349e+00   9.130e-01
	K                 6.892e-02   1.447e-02
	Mg                3.800e-01   7.977e-02
	Na                3.551e+00   7.454e-01
	S(6)              2.498e-02   5.244e-03

----------------------------Description of solution----------------------------

                                       pH  =   6.578    
                                       pe  =   4.000    
      Specific Conductance (µS/cm, -19°C)  = 44137
                          Density (g/cm³)  =   1.18282
                               Volume (L)  =   0.22245
                        Activity of water  =   0.840
                 Ionic strength (mol/kgw)  =   4.928e+00
                       Mass of water (kg)  =   2.099e-01
                 Total alkalinity (eq/kg)  =   7.779e-03
                       Total CO2 (mol/kg)  =   1.064e-02
                         Temperature (°C)  = -19.00
                  Electrical balance (eq)  =   2.152e-02
 Percent error, 100*(Cat-|An|)/(Cat+|An|)  =   1.15
                               Iterations  =  17
                         Gamma iterations  =   5
                      Osmotic coefficient  =   1.14661
                         Density of water  =   0.99423
                                  Total H  = 2.330776e+01
                                  Total O  = 1.168014e+01

----------------------------Distribution of species----------------------------

                                                    Unscaled  Unscaled
                                Unscaled       Log       Log       Log    mole V
   Species          Molality    Activity  Molality  Activity     Gamma   cm³/mol

   H+              8.218e-08   2.642e-07    -7.085    -6.578     0.507      0.00
   OH-             1.555e-08   4.410e-10    -7.808    -9.356    -1.547     -4.62
   H2O             5.551e+01   8.399e-01     1.744    -0.076     0.000     18.12
C(4)          1.064e-02
   HCO3-           7.736e-03   2.811e-03    -2.111    -2.551    -0.440     36.93
   CO2             2.878e-03   7.343e-03    -2.541    -2.134     0.407     57.37
   MgCO3           1.349e-05   1.349e-05    -4.870    -4.870     0.000    -16.95
   CO3-2           8.065e-06   1.086e-07    -5.093    -6.964    -1.871     -0.28
   CaCO3           2.250e-12   2.250e-12   -11.648   -11.648     0.000     (0)  
Ca            6.490e-02
   Ca+2            6.490e-02   3.761e-02    -1.188    -1.425    -0.237    -23.55
   CaCO3           2.250e-12   2.250e-12   -11.648   -11.648     0.000     (0)  
Cl            4.349e+00
   Cl-             4.349e+00   3.537e+00     0.638     0.549    -0.090     15.73
K             6.892e-02
   K+              6.892e-02   2.693e-02    -1.162    -1.570    -0.408     11.11
Mg            3.800e-01
   Mg+2            3.800e-01   2.592e-01    -0.420    -0.586    -0.166    -18.87
   MgCO3           1.349e-05   1.349e-05    -4.870    -4.870     0.000    -16.95
   MgOH+           2.394e-08   1.413e-08    -7.621    -7.850    -0.229     (0)  
Na            3.551e+00
   Na+             3.551e+00   2.134e+00     0.550     0.329    -0.221     -2.06
S(6)          2.498e-02
   SO4-2           2.498e-02   4.079e-04    -1.602    -3.389    -1.787      8.43

------------------------------Saturation indices-------------------------------

  Phase               SI** log IAP   log K(254 K,   1 atm)

  Anhydrite        -0.79     -4.81   -4.02  CaSO4
  Antarcticite     -3.75     -0.78    2.97  CaCl2:6H2O
  Aphthitalite    -12.21    -22.32  -10.11  Na2SO4:3K2SO4
  Aragonite        -0.21     -8.39   -8.18  CaCO3
  Arcanite         -3.96     -6.53   -2.57  K2SO4
  Bischofite       -4.65      0.06    4.71  MgCl2:6H2O
  Bloedite         -4.48     -7.01   -2.53  Na2Mg(SO4)2:4H2O
  Calcite          -0.02     -8.39   -8.36  CaCO3
  Carnallite       -4.36     -0.96    3.40  KMgCl3:6H2O
  CO2(g)           -1.41     -2.13   -0.72  CO2
  Dolomite         -0.05    -15.94  -15.89  CaMg(CO3)2
  Epsomite         -2.00     -4.51   -2.50  MgSO4:7H2O
  Gypsum           -0.13     -4.97   -4.83  CaSO4:2H2O
  Halite           -0.51      0.88    1.38  NaCl
  Hexahydrite      -2.67     -4.43   -1.76  MgSO4:6H2O
  Hydrohalite      -0.22      0.73    0.94  NaCl:2H2O
  Hydromagnesite   -8.65    -42.18  -33.53  (MgCO3)3:Mg(OH)2:3H2O
  Ice(s)            0.00     -0.08   -0.08  H2O
  Ikaite           -1.09     -8.84   -7.75  CaCO3:6H2O
  Kalicinite       -3.70     -4.12   -0.42  KHCO3
  Kieserite        -5.66     -4.05    1.61  MgSO4:H2O
  Landsfordite     -3.31     -7.93   -4.62  MgCO3:5H2O
  Magnesite        -0.30     -7.55   -7.25  MgCO3
  Meridianite      -1.71     -4.81   -3.10  MgSO4:11H2O
  MgCl2:12H2O      -2.30     -0.40    1.90  MgCl2:12H2O
  MgCl2:8H2O       -3.56     -0.10    3.47  MgCl2:8H2O
  Mirabilite        0.04     -3.49   -3.53  Na2SO4:10H2O
  Na2CO3:7H2O      -5.31     -6.84   -1.53  Na2CO3:7H2O
  Nahcolite        -1.31     -2.22   -0.91  NaHCO3
  Natron           -4.60     -7.06   -2.46  Na2CO3:10H2O
  Nesquehonite     -3.22     -7.78   -4.56  MgCO3:3H2O
  Picromerite      -5.17    -10.96   -5.79  MgSO4:K2SO4:6H2O
  Sylvite          -1.27     -1.02    0.25  KCl
  Tachyhydrite    -19.80     -0.21   19.59  CaCl2:(MgCl2)2:12H2O
  Thenardite       -2.41     -2.73   -0.32  Na2SO4
  Trona            -7.17     -8.68   -1.51  Na3H(CO3)2:2H2O
  Vaterite         -0.73     -8.39   -7.66  CaCO3

**For a gas, SI = log10(fugacity). Fugacity = pressure * phi / 1 atm.
  For ideal gases, phi = 1.

------------------
End of simulation.
------------------

------------------------------------
Reading input data for simulation 2.
------------------------------------

-------------------------------
End of Run after 1.178 Seconds.
-------------------------------

