   Input file: C:\Users\Kagiso\PHREEQC-Python\C5_FREZ_pre_-020p0.pqi
  Output file: C:\Users\Kagiso\PHREEQC-Python\C5_FREZ_pre_-020p0.out
Database file: C:\Program Files\USGS\phreeqc-3.8.6-17100-x64\database\frezchem.dat

------------------
Reading data base.
------------------

	PITZER
	SOLUTION_MASTER_SPECIES
	SOLUTION_SPECIES
	PHASES
	PITZER
	EXCHANGE_MASTER_SPECIES
	EXCHANGE_SPECIES
	SURFACE_MASTER_SPECIES
	SURFACE_SPECIES
	END
------------------------------------
Reading input data for simulation 1.
------------------------------------

	TITLE C5 FREZCHEM sequential FC at -20.00 C
	SOLUTION 1
	    temp -20.00000000
	    pH 6.5430000000
	    units mol/kgw
	    water 0.201550000000
	    Na 3.69243363929546e+00
	    K 7.17836765070702e-02
	    Mg 3.95787645745473e-01
	    Ca 6.75713222525428e-02
	    Cl 4.52979409575788e+00
	    S(6) 2.31555445298933e-02
	    C(4) 1.10493674026296e-02
	SELECTED_OUTPUT 1
	    file C:/Users/Kagiso/PHREEQC-Python/C5_FREZ_pre_-020p0.txt
	    reset false
	    user_punch true
	USER_PUNCH 1
	    headings Temp_C pH Water_kg Alk_eq_kgw Mu aw Na_mol K_mol Mg_mol Ca_mol Cl_mol S6_mol C4_mol Na_m K_m Mg_m Ca_m Cl_m S6_m C4_m Na_act Cl_act SO4_act SI_Ice SI_Mirabilite SI_Halite SI_Hydrohalite SI_Calcite SI_Gypsum Iterations
	    10 PUNCH TC, -LA("H+"), TOT("water"), ALK, MU, ACT("H2O")
	    20 PUNCH TOTMOLE("Na"), TOTMOLE("K"), TOTMOLE("Mg"), TOTMOLE("Ca")
	    30 PUNCH TOTMOLE("Cl"), TOTMOLE("S(6)"), TOTMOLE("C(4)")
	    40 PUNCH TOT("Na"), TOT("K"), TOT("Mg"), TOT("Ca")
	    50 PUNCH TOT("Cl"), TOT("S(6)"), TOT("C(4)")
	    60 PUNCH ACT("Na+"), ACT("Cl-"), ACT("SO4-2")
	    70 PUNCH SI("Ice(s)"), SI("Mirabilite"), SI("Halite"), SI("Hydrohalite"), SI("Calcite"), SI("Gypsum")
	    80 PUNCH ITERATIONS
	END
-----
TITLE
-----

 C5 FREZCHEM sequential FC at -20.00 C

-------------------------------------------
Beginning of initial solution calculations.
-------------------------------------------

Initial solution 1.	

-----------------------------Solution composition------------------------------

	Elements           Molality       Moles

	C(4)              1.105e-02   2.227e-03
	Ca                6.757e-02   1.362e-02
	Cl                4.530e+00   9.130e-01
	K                 7.178e-02   1.447e-02
	Mg                3.958e-01   7.977e-02
	Na                3.692e+00   7.442e-01
	S(6)              2.316e-02   4.667e-03

----------------------------Description of solution----------------------------

                                       pH  =   6.543    
                                       pe  =   4.000    
      Specific Conductance (µS/cm, -20°C)  = 42502
                          Density (g/cm³)  =   1.19039
                               Volume (L)  =   0.21392
                        Activity of water  =   0.832
                 Ionic strength (mol/kgw)  =   5.124e+00
                       Mass of water (kg)  =   2.016e-01
                 Total alkalinity (eq/kg)  =   7.969e-03
                       Total CO2 (mol/kg)  =   1.105e-02
                         Temperature (°C)  = -20.00
                  Electrical balance (eq)  =   2.154e-02
 Percent error, 100*(Cat-|An|)/(Cat+|An|)  =   1.15
                               Iterations  =  17
                         Gamma iterations  =   5
                      Osmotic coefficient  =   1.16351
                         Density of water  =   0.99361
                                  Total H  = 2.237740e+01
                                  Total O  = 1.121262e+01

----------------------------Distribution of species----------------------------

                                                    Unscaled  Unscaled
                                Unscaled       Log       Log       Log    mole V
   Species          Molality    Activity  Molality  Activity     Gamma   cm³/mol

   H+              8.168e-08   2.864e-07    -7.088    -6.543     0.545      0.00
   OH-             1.481e-08   3.556e-10    -7.829    -9.449    -1.620     -4.89
   H2O             5.551e+01   8.317e-01     1.744    -0.080     0.000     18.13
C(4)          1.105e-02
   HCO3-           7.927e-03   2.810e-03    -2.101    -2.551    -0.450     37.98
   CO2             3.102e-03   8.480e-03    -2.508    -2.072     0.437     59.17
   MgCO3           1.346e-05   1.346e-05    -4.871    -4.871     0.000    -16.94
   CO3-2           7.488e-06   9.493e-08    -5.126    -7.023    -1.897     -0.08
   CaCO3           2.146e-12   2.146e-12   -11.668   -11.668     0.000     (0)  
Ca            6.757e-02
   Ca+2            6.757e-02   4.295e-02    -1.170    -1.367    -0.197    -24.32
   CaCO3           2.146e-12   2.146e-12   -11.668   -11.668     0.000     (0)  
Cl            4.530e+00
   Cl-             4.530e+00   3.744e+00     0.656     0.573    -0.083     15.57
K             7.178e-02
   K+              7.178e-02   2.749e-02    -1.144    -1.561    -0.417     11.32
Mg            3.958e-01
   Mg+2            3.958e-01   2.992e-01    -0.403    -0.524    -0.121    -19.00
   MgCO3           1.346e-05   1.346e-05    -4.871    -4.871     0.000    -16.94
   MgOH+           2.293e-08   1.320e-08    -7.640    -7.879    -0.240     (0)  
Na            3.692e+00
   Na+             3.692e+00   2.235e+00     0.567     0.349    -0.218     -2.14
S(6)          2.316e-02
   SO4-2           2.316e-02   3.613e-04    -1.635    -3.442    -1.807      7.47

------------------------------Saturation indices-------------------------------

  Phase               SI** log IAP   log K(253 K,   1 atm)

  Anhydrite        -0.78     -4.81   -4.03  CaSO4
  Antarcticite     -3.66     -0.70    2.96  CaCl2:6H2O
  Aphthitalite    -12.26    -22.44  -10.17  Na2SO4:3K2SO4
  Aragonite        -0.21     -8.39   -8.18  CaCO3
  Arcanite         -3.97     -6.56   -2.59  K2SO4
  Bischofite       -4.56      0.14    4.70  MgCl2:6H2O
  Bloedite         -4.50     -7.03   -2.53  Na2Mg(SO4)2:4H2O
  Calcite          -0.02     -8.39   -8.36  CaCO3
  Carnallite       -4.21     -0.84    3.37  KMgCl3:6H2O
  CO2(g)           -1.37     -2.07   -0.70  CO2
  Dolomite         -0.08    -15.94  -15.85  CaMg(CO3)2
  Epsomite         -2.01     -4.53   -2.52  MgSO4:7H2O
  Gypsum           -0.13     -4.97   -4.84  CaSO4:2H2O
  Halite           -0.45      0.92    1.38  NaCl
  Hexahydrite      -2.69     -4.45   -1.76  MgSO4:6H2O
  Hydrohalite      -0.16      0.76    0.92  NaCl:2H2O
  Hydromagnesite   -8.86    -42.30  -33.44  (MgCO3)3:Mg(OH)2:3H2O
  Ice(s)            0.00     -0.08   -0.08  H2O
  Ikaite           -1.09     -8.87   -7.78  CaCO3:6H2O
  Kalicinite       -3.68     -4.11   -0.43  KHCO3
  Kieserite        -5.73     -4.05    1.68  MgSO4:H2O
  Landsfordite     -3.39     -7.95   -4.56  MgCO3:5H2O
  Magnesite        -0.32     -7.55   -7.23  MgCO3
  Meridianite      -1.71     -4.85   -3.14  MgSO4:11H2O
  MgCl2:12H2O      -2.19     -0.34    1.86  MgCl2:12H2O
  MgCl2:8H2O       -3.46     -0.02    3.44  MgCl2:8H2O
  Mirabilite        0.04     -3.54   -3.58  Na2SO4:10H2O
  Na2CO3:7H2O      -5.33     -6.88   -1.56  Na2CO3:7H2O
  Nahcolite        -1.28     -2.20   -0.92  NaHCO3
  Natron           -4.63     -7.12   -2.50  Na2CO3:10H2O
  Nesquehonite     -3.26     -7.79   -4.52  MgCO3:3H2O
  Picromerite      -5.17    -11.01   -5.84  MgSO4:K2SO4:6H2O
  Sylvite          -1.21     -0.99    0.23  KCl
  Tachyhydrite    -19.58      0.06   19.65  CaCl2:(MgCl2)2:12H2O
  Thenardite       -2.42     -2.74   -0.33  Na2SO4
  Trona            -7.17     -8.69   -1.52  Na3H(CO3)2:2H2O
  Vaterite         -0.73     -8.39   -7.66  CaCO3

**For a gas, SI = log10(fugacity). Fugacity = pressure * phi / 1 atm.
  For ideal gases, phi = 1.

------------------
End of simulation.
------------------

------------------------------------
Reading input data for simulation 2.
------------------------------------

-------------------------------
End of Run after 1.125 Seconds.
-------------------------------

