   Input file: C:\Users\Kagiso\PHREEQC-Python\C5_FREZ_pre_+001p0.pqi
  Output file: C:\Users\Kagiso\PHREEQC-Python\C5_FREZ_pre_+001p0.out
Database file: C:\Program Files\USGS\phreeqc-3.8.6-17100-x64\database\frezchem.dat

------------------
Reading data base.
------------------

	PITZER
	SOLUTION_MASTER_SPECIES
	SOLUTION_SPECIES
	PHASES
	PITZER
	EXCHANGE_MASTER_SPECIES
	EXCHANGE_SPECIES
	SURFACE_MASTER_SPECIES
	SURFACE_SPECIES
	END
------------------------------------
Reading input data for simulation 1.
------------------------------------

	TITLE C5 FREZCHEM sequential FC at 1.00 C
	SOLUTION 1
	    temp 1.00000000
	    pH 7.3698000000
	    units mol/kgw
	    water 1.000000000000
	    Na 8.08490000000000e-01
	    K 1.44680000000000e-02
	    Mg 7.97710000000000e-02
	    Ca 1.38470000000000e-02
	    Cl 9.12980000000000e-01
	    S(6) 3.68060000000000e-02
	    C(4) 2.45460000000000e-03
	SELECTED_OUTPUT 1
	    file C:/Users/Kagiso/PHREEQC-Python/C5_FREZ_pre_+001p0.txt
	    reset false
	    user_punch true
	USER_PUNCH 1
	    headings Temp_C pH Water_kg Alk_eq_kgw Mu aw Na_mol K_mol Mg_mol Ca_mol Cl_mol S6_mol C4_mol Na_m K_m Mg_m Ca_m Cl_m S6_m C4_m Na_act Cl_act SO4_act SI_Ice SI_Mirabilite SI_Halite SI_Hydrohalite SI_Calcite SI_Gypsum Iterations
	    10 PUNCH TC, -LA("H+"), TOT("water"), ALK, MU, ACT("H2O")
	    20 PUNCH TOTMOLE("Na"), TOTMOLE("K"), TOTMOLE("Mg"), TOTMOLE("Ca")
	    30 PUNCH TOTMOLE("Cl"), TOTMOLE("S(6)"), TOTMOLE("C(4)")
	    40 PUNCH TOT("Na"), TOT("K"), TOT("Mg"), TOT("Ca")
	    50 PUNCH TOT("Cl"), TOT("S(6)"), TOT("C(4)")
	    60 PUNCH ACT("Na+"), ACT("Cl-"), ACT("SO4-2")
	    70 PUNCH SI("Ice(s)"), SI("Mirabilite"), SI("Halite"), SI("Hydrohalite"), SI("Calcite"), SI("Gypsum")
	    80 PUNCH ITERATIONS
	END
-----
TITLE
-----

 C5 FREZCHEM sequential FC at 1.00 C

-------------------------------------------
Beginning of initial solution calculations.
-------------------------------------------

Initial solution 1.	

-----------------------------Solution composition------------------------------

	Elements           Molality       Moles

	C(4)              2.455e-03   2.455e-03
	Ca                1.385e-02   1.385e-02
	Cl                9.130e-01   9.130e-01
	K                 1.447e-02   1.447e-02
	Mg                7.977e-02   7.977e-02
	Na                8.085e-01   8.085e-01
	S(6)              3.681e-02   3.681e-02

----------------------------Description of solution----------------------------

                                       pH  =   7.370    
                                       pe  =   4.000    
      Specific Conductance (µS/cm,   1°C)  = 38944
                          Density (g/cm³)  =   1.04355
                               Volume (L)  =   1.01355
                        Activity of water  =   0.970
                 Ionic strength (mol/kgw)  =   1.130e+00
                       Mass of water (kg)  =   1.000e+00
                 Total alkalinity (eq/kg)  =   2.317e-03
                       Total CO2 (mol/kg)  =   2.455e-03
                         Temperature (°C)  =   1.00
                  Electrical balance (eq)  =   2.129e-02
 Percent error, 100*(Cat-|An|)/(Cat+|An|)  =   1.06
                               Iterations  =  13
                         Gamma iterations  =   4
                      Osmotic coefficient  =   0.90733
                         Density of water  =   0.99990
                                  Total H  = 1.110209e+02
                                  Total O  = 5.566373e+01

----------------------------Distribution of species----------------------------

                                                    Unscaled  Unscaled
                                Unscaled       Log       Log       Log    mole V
   Species          Molality    Activity  Molality  Activity     Gamma   cm³/mol

   OH-             8.162e-08   2.896e-08    -7.088    -7.538    -0.450     -4.01
   H+              5.368e-08   4.268e-08    -7.270    -7.370    -0.100      0.00
   H2O             5.551e+01   9.699e-01     1.744    -0.013     0.000     18.02
C(4)          2.455e-03
   HCO3-           2.286e-03   1.190e-03    -2.641    -2.925    -0.284     25.23
   CO2             1.533e-04   1.924e-04    -3.814    -3.716     0.099     37.80
   CO3-2           8.744e-06   6.793e-07    -5.058    -6.168    -1.110     -3.82
   MgCO3           6.574e-06   6.574e-06    -5.182    -5.182     0.000    -17.05
   CaCO3           1.556e-12   1.556e-12   -11.808   -11.808     0.000     (0)  
Ca            1.385e-02
   Ca+2            1.385e-02   2.624e-03    -1.859    -2.581    -0.722    -17.65
   CaCO3           1.556e-12   1.556e-12   -11.808   -11.808     0.000     (0)  
Cl            9.130e-01
   Cl-             9.130e-01   6.131e-01    -0.040    -0.212    -0.173     17.46
K             1.447e-02
   K+              1.447e-02   8.015e-03    -1.840    -2.096    -0.256      8.89
Mg            7.977e-02
   Mg+2            7.976e-02   1.586e-02    -1.098    -1.800    -0.701    -19.47
   MgCO3           6.574e-06   6.574e-06    -5.182    -5.182     0.000    -17.05
   MgOH+           6.316e-08   5.733e-08    -7.200    -7.242    -0.042     (0)  
Na            8.085e-01
   Na+             8.085e-01   4.883e-01    -0.092    -0.311    -0.219     -1.76
S(6)          3.681e-02
   SO4-2           3.681e-02   2.807e-03    -1.434    -2.552    -1.118     14.76

------------------------------Saturation indices-------------------------------

  Phase               SI** log IAP   log K(274 K,   1 atm)

  Anhydrite        -1.07     -5.13   -4.07  CaSO4
  Antarcticite     -6.37     -3.09    3.29  CaCl2:6H2O
  Aphthitalite    -14.63    -23.41   -8.78  Na2SO4:3K2SO4
  Aragonite        -0.53     -8.75   -8.22  CaCO3
  Arcanite         -4.57     -6.74   -2.18  K2SO4
  Bischofite       -7.05     -2.30    4.75  MgCl2:6H2O
  Bloedite         -5.12     -7.58   -2.46  Na2Mg(SO4)2:4H2O
  Calcite          -0.37     -8.75   -8.38  CaCO3
  Carnallite       -8.53     -4.61    3.91  KMgCl3:6H2O
  CO2(g)           -2.59     -3.72   -1.13  CO2
  Dolomite         -0.24    -16.72  -16.48  CaMg(CO3)2
  Epsomite         -2.25     -4.44   -2.20  MgSO4:7H2O
  Gypsum           -0.51     -5.16   -4.65  CaSO4:2H2O
  Halite           -2.02     -0.52    1.50  NaCl
  Hexahydrite      -2.73     -4.43   -1.70  MgSO4:6H2O
  Hydrohalite      -1.82     -0.55    1.27  NaCl:2H2O
  Hydromagnesite   -5.69    -40.82  -35.13  (MgCO3)3:Mg(OH)2:3H2O
  Ice(s)           -0.02     -0.01    0.00  H2O
  Ikaite           -1.65     -8.83   -7.18  CaCO3:6H2O
  Kalicinite       -4.87     -5.02   -0.15  KHCO3
  Kieserite        -4.87     -4.36    0.50  MgSO4:H2O
  Landsfordite     -2.84     -8.03   -5.20  MgCO3:5H2O
  Magnesite        -0.33     -7.97   -7.63  MgCO3
  Meridianite      -2.21     -4.50   -2.28  MgSO4:11H2O
  MgCl2:12H2O      -5.29     -2.38    2.91  MgCl2:12H2O
  MgCl2:8H2O       -6.20     -2.33    3.87  MgCl2:8H2O
  Mirabilite       -0.85     -3.31   -2.46  Na2SO4:10H2O
  Na2CO3:7H2O      -5.85     -6.88   -1.03  Na2CO3:7H2O
  Nahcolite        -2.53     -3.24   -0.71  NaHCO3
  Natron           -5.16     -6.92   -1.76  Na2CO3:10H2O
  Nesquehonite     -2.94     -8.01   -5.06  MgCO3:3H2O
  Picromerite      -6.17    -11.17   -5.00  MgSO4:K2SO4:6H2O
  Sylvite          -2.90     -2.31    0.59  KCl
  Tachyhydrite    -26.00     -7.61   18.38  CaCl2:(MgCl2)2:12H2O
  Thenardite       -2.87     -3.17   -0.31  Na2SO4
  Trona            -8.77    -10.05   -1.28  Na3H(CO3)2:2H2O
  Vaterite         -1.00     -8.75   -7.75  CaCO3

**For a gas, SI = log10(fugacity). Fugacity = pressure * phi / 1 atm.
  For ideal gases, phi = 1.

------------------
End of simulation.
------------------

------------------------------------
Reading input data for simulation 2.
------------------------------------

-------------------------------
End of Run after 1.061 Seconds.
-------------------------------

