   Input file: C:\Users\Kagiso\PHREEQC-Python\C5_FREZ_pre_-001p0.pqi
  Output file: C:\Users\Kagiso\PHREEQC-Python\C5_FREZ_pre_-001p0.out
Database file: C:\Program Files\USGS\phreeqc-3.8.6-17100-x64\database\frezchem.dat

------------------
Reading data base.
------------------

	PITZER
	SOLUTION_MASTER_SPECIES
	SOLUTION_SPECIES
	PHASES
	PITZER
	EXCHANGE_MASTER_SPECIES
	EXCHANGE_SPECIES
	SURFACE_MASTER_SPECIES
	SURFACE_SPECIES
	END
------------------------------------
Reading input data for simulation 1.
------------------------------------

	TITLE C5 FREZCHEM sequential FC at -1.00 C
	SOLUTION 1
	    temp -1.00000000
	    pH 7.3698000000
	    units mol/kgw
	    water 1.000000000000
	    Na 8.08490000000000e-01
	    K 1.44680000000000e-02
	    Mg 7.97710000000000e-02
	    Ca 1.38470000000000e-02
	    Cl 9.12980000000000e-01
	    S(6) 3.68060000000000e-02
	    C(4) 2.45460000000000e-03
	SELECTED_OUTPUT 1
	    file C:/Users/Kagiso/PHREEQC-Python/C5_FREZ_pre_-001p0.txt
	    reset false
	    user_punch true
	USER_PUNCH 1
	    headings Temp_C pH Water_kg Alk_eq_kgw Mu aw Na_mol K_mol Mg_mol Ca_mol Cl_mol S6_mol C4_mol Na_m K_m Mg_m Ca_m Cl_m S6_m C4_m Na_act Cl_act SO4_act SI_Ice SI_Mirabilite SI_Halite SI_Hydrohalite SI_Calcite SI_Gypsum Iterations
	    10 PUNCH TC, -LA("H+"), TOT("water"), ALK, MU, ACT("H2O")
	    20 PUNCH TOTMOLE("Na"), TOTMOLE("K"), TOTMOLE("Mg"), TOTMOLE("Ca")
	    30 PUNCH TOTMOLE("Cl"), TOTMOLE("S(6)"), TOTMOLE("C(4)")
	    40 PUNCH TOT("Na"), TOT("K"), TOT("Mg"), TOT("Ca")
	    50 PUNCH TOT("Cl"), TOT("S(6)"), TOT("C(4)")
	    60 PUNCH ACT("Na+"), ACT("Cl-"), ACT("SO4-2")
	    70 PUNCH SI("Ice(s)"), SI("Mirabilite"), SI("Halite"), SI("Hydrohalite"), SI("Calcite"), SI("Gypsum")
	    80 PUNCH ITERATIONS
	END
-----
TITLE
-----

 C5 FREZCHEM sequential FC at -1.00 C

-------------------------------------------
Beginning of initial solution calculations.
-------------------------------------------

Initial solution 1.	

-----------------------------Solution composition------------------------------

	Elements           Molality       Moles

	C(4)              2.455e-03   2.455e-03
	Ca                1.385e-02   1.385e-02
	Cl                9.130e-01   9.130e-01
	K                 1.447e-02   1.447e-02
	Mg                7.977e-02   7.977e-02
	Na                8.085e-01   8.085e-01
	S(6)              3.681e-02   3.681e-02

----------------------------Description of solution----------------------------

                                       pH  =   7.370    
                                       pe  =   4.000    
      Specific Conductance (µS/cm,  -1°C)  = 36364
                          Density (g/cm³)  =   1.04383
                               Volume (L)  =   1.01328
                        Activity of water  =   0.970
                 Ionic strength (mol/kgw)  =   1.130e+00
                       Mass of water (kg)  =   1.000e+00
                 Total alkalinity (eq/kg)  =   2.306e-03
                       Total CO2 (mol/kg)  =   2.455e-03
                         Temperature (°C)  =  -1.00
                  Electrical balance (eq)  =   2.130e-02
 Percent error, 100*(Cat-|An|)/(Cat+|An|)  =   1.07
                               Iterations  =  13
                         Gamma iterations  =   4
                      Osmotic coefficient  =   0.90499
                         Density of water  =   0.99976
                                  Total H  = 1.110209e+02
                                  Total O  = 5.566372e+01

----------------------------Distribution of species----------------------------

                                                    Unscaled  Unscaled
                                Unscaled       Log       Log       Log    mole V
   Species          Molality    Activity  Molality  Activity     Gamma   cm³/mol

   OH-             6.804e-08   2.372e-08    -7.167    -7.625    -0.458     -4.32
   H+              5.348e-08   4.268e-08    -7.272    -7.370    -0.098      0.00
   H2O             5.551e+01   9.700e-01     1.744    -0.013     0.000     18.02
C(4)          2.455e-03
   HCO3-           2.278e-03   1.187e-03    -2.642    -2.925    -0.283     24.89
   CO2             1.625e-04   2.043e-04    -3.789    -3.690     0.099     38.96
   CO3-2           8.122e-06   6.309e-07    -5.090    -6.200    -1.110     -4.51
   MgCO3           5.861e-06   5.861e-06    -5.232    -5.232     0.000    -17.05
   CaCO3           1.433e-12   1.433e-12   -11.844   -11.844     0.000     (0)  
Ca            1.385e-02
   Ca+2            1.385e-02   2.637e-03    -1.859    -2.579    -0.720    -17.84
   CaCO3           1.433e-12   1.433e-12   -11.844   -11.844     0.000     (0)  
Cl            9.130e-01
   Cl-             9.130e-01   6.101e-01    -0.040    -0.215    -0.175     17.22
K             1.447e-02
   K+              1.447e-02   7.994e-03    -1.840    -2.097    -0.258      8.76
Mg            7.977e-02
   Mg+2            7.977e-02   1.562e-02    -1.098    -1.806    -0.708    -19.40
   MgCO3           5.861e-06   5.861e-06    -5.232    -5.232     0.000    -17.05
   MgOH+           5.037e-08   4.586e-08    -7.298    -7.339    -0.041     (0)  
Na            8.085e-01
   Na+             8.085e-01   4.863e-01    -0.092    -0.313    -0.221     -1.97
S(6)          3.681e-02
   SO4-2           3.681e-02   2.783e-03    -1.434    -2.556    -1.121     14.01

------------------------------Saturation indices-------------------------------

  Phase               SI** log IAP   log K(272 K,   1 atm)

  Anhydrite        -1.08     -5.13   -4.06  CaSO4
  Antarcticite     -6.34     -3.09    3.25  CaCl2:6H2O
  Aphthitalite    -14.52    -23.43   -8.91  Na2SO4:3K2SO4
  Aragonite        -0.56     -8.78   -8.22  CaCO3
  Arcanite         -4.53     -6.75   -2.22  K2SO4
  Bischofite       -7.06     -2.31    4.75  MgCl2:6H2O
  Bloedite         -5.13     -7.60   -2.46  Na2Mg(SO4)2:4H2O
  Calcite          -0.40     -8.78   -8.38  CaCO3
  Carnallite       -8.50     -4.63    3.87  KMgCl3:6H2O
  CO2(g)           -2.60     -3.69   -1.09  CO2
  Dolomite         -0.36    -16.79  -16.42  CaMg(CO3)2
  Epsomite         -2.23     -4.45   -2.23  MgSO4:7H2O
  Gypsum           -0.50     -5.16   -4.67  CaSO4:2H2O
  Halite           -2.02     -0.53    1.49  NaCl
  Hexahydrite      -2.74     -4.44   -1.70  MgSO4:6H2O
  Hydrohalite      -1.79     -0.55    1.24  NaCl:2H2O
  Hydromagnesite   -6.13    -41.11  -34.98  (MgCO3)3:Mg(OH)2:3H2O
  Ice(s)           -0.01     -0.01   -0.00  H2O
  Ikaite           -1.63     -8.86   -7.23  CaCO3:6H2O
  Kalicinite       -4.84     -5.02   -0.18  KHCO3
  Kieserite        -4.97     -4.37    0.59  MgSO4:H2O
  Landsfordite     -2.89     -8.07   -5.18  MgCO3:5H2O
  Magnesite        -0.41     -8.01   -7.60  MgCO3
  Meridianite      -2.14     -4.51   -2.36  MgSO4:11H2O
  MgCl2:12H2O      -5.18     -2.39    2.79  MgCl2:12H2O
  MgCl2:8H2O       -6.18     -2.34    3.83  MgCl2:8H2O
  Mirabilite       -0.75     -3.31   -2.56  Na2SO4:10H2O
  Na2CO3:7H2O      -5.83     -6.92   -1.08  Na2CO3:7H2O
  Nahcolite        -2.51     -3.24   -0.73  NaHCO3
  Natron           -5.12     -6.96   -1.84  Na2CO3:10H2O
  Nesquehonite     -3.02     -8.05   -5.02  MgCO3:3H2O
  Picromerite      -6.12    -11.19   -5.07  MgSO4:K2SO4:6H2O
  Sylvite          -2.87     -2.31    0.56  KCl
  Tachyhydrite    -26.14     -7.64   18.50  CaCl2:(MgCl2)2:12H2O
  Thenardite       -2.87     -3.18   -0.31  Na2SO4
  Trona            -8.78    -10.09   -1.31  Na3H(CO3)2:2H2O
  Vaterite         -1.04     -8.78   -7.74  CaCO3

**For a gas, SI = log10(fugacity). Fugacity = pressure * phi / 1 atm.
  For ideal gases, phi = 1.

------------------
End of simulation.
------------------

------------------------------------
Reading input data for simulation 2.
------------------------------------

-------------------------------
End of Run after 1.469 Seconds.
-------------------------------

