   Input file: C:\Users\Kagiso\PHREEQC-Python\C5_FREZ_eq_+004p0.pqi
  Output file: C:\Users\Kagiso\PHREEQC-Python\C5_FREZ_eq_+004p0.out
Database file: C:\Program Files\USGS\phreeqc-3.8.6-17100-x64\database\frezchem.dat

------------------
Reading data base.
------------------

	PITZER
	SOLUTION_MASTER_SPECIES
	SOLUTION_SPECIES
	PHASES
	PITZER
	EXCHANGE_MASTER_SPECIES
	EXCHANGE_SPECIES
	SURFACE_MASTER_SPECIES
	SURFACE_SPECIES
	END
------------------------------------
Reading input data for simulation 1.
------------------------------------

	TITLE C5 FREZCHEM sequential FC at 4.00 C
	SOLUTION 1
	    temp 4.00000000
	    pH 7.3698000000
	    units mol/kgw
	    water 1.000000000000
	    Na 8.08490000000000e-01
	    K 1.44680000000000e-02
	    Mg 7.97710000000000e-02
	    Ca 1.38470000000000e-02
	    Cl 9.12980000000000e-01
	    S(6) 3.68060000000000e-02
	    C(4) 2.45460000000000e-03
	EQUILIBRIUM_PHASES 1
	    Ice(s)       0.0 0.0
	    Mirabilite   0.0 0.0
	    Halite       0.0 0.0
	    Hydrohalite  0.0 0.0
	    Calcite      0.0 0.0
	    Gypsum       0.0 0.0
	SELECTED_OUTPUT 1
	    file C:/Users/Kagiso/PHREEQC-Python/C5_FREZ_eq_+004p0.txt
	    reset false
	    user_punch true
	USER_PUNCH 1
	    headings Temp_C pH Water_kg Alk_eq_kgw Mu aw Na_mol K_mol Mg_mol Ca_mol Cl_mol S6_mol C4_mol Na_m K_m Mg_m Ca_m Cl_m S6_m C4_m Na_act Cl_act SO4_act SI_Ice SI_Mirabilite SI_Halite SI_Hydrohalite SI_Calcite SI_Gypsum Ice_mol Mirabilite_mol Halite_mol Hydrohalite_mol Calcite_mol Gypsum_mol Iterations
	    10 PUNCH TC, -LA("H+"), TOT("water"), ALK, MU, ACT("H2O")
	    20 PUNCH TOTMOLE("Na"), TOTMOLE("K"), TOTMOLE("Mg"), TOTMOLE("Ca")
	    30 PUNCH TOTMOLE("Cl"), TOTMOLE("S(6)"), TOTMOLE("C(4)")
	    40 PUNCH TOT("Na"), TOT("K"), TOT("Mg"), TOT("Ca")
	    50 PUNCH TOT("Cl"), TOT("S(6)"), TOT("C(4)")
	    60 PUNCH ACT("Na+"), ACT("Cl-"), ACT("SO4-2")
	    70 PUNCH SI("Ice(s)"), SI("Mirabilite"), SI("Halite"), SI("Hydrohalite"), SI("Calcite"), SI("Gypsum")
	    80 PUNCH EQUI("Ice(s)"), EQUI("Mirabilite"), EQUI("Halite"), EQUI("Hydrohalite"), EQUI("Calcite"), EQUI("Gypsum")
	    90 PUNCH ITERATIONS
	END
-----
TITLE
-----

 C5 FREZCHEM sequential FC at 4.00 C

-------------------------------------------
Beginning of initial solution calculations.
-------------------------------------------

Initial solution 1.	

-----------------------------Solution composition------------------------------

	Elements           Molality       Moles

	C(4)              2.455e-03   2.455e-03
	Ca                1.385e-02   1.385e-02
	Cl                9.130e-01   9.130e-01
	K                 1.447e-02   1.447e-02
	Mg                7.977e-02   7.977e-02
	Na                8.085e-01   8.085e-01
	S(6)              3.681e-02   3.681e-02

----------------------------Description of solution----------------------------

                                       pH  =   7.370    
                                       pe  =   4.000    
      Specific Conductance (µS/cm,   4°C)  = 42935
                          Density (g/cm³)  =   1.04308
                               Volume (L)  =   1.01402
                        Activity of water  =   0.970
                 Ionic strength (mol/kgw)  =   1.130e+00
                       Mass of water (kg)  =   1.000e+00
                 Total alkalinity (eq/kg)  =   2.331e-03
                       Total CO2 (mol/kg)  =   2.455e-03
                         Temperature (°C)  =   4.00
                  Electrical balance (eq)  =   2.127e-02
 Percent error, 100*(Cat-|An|)/(Cat+|An|)  =   1.06
                               Iterations  =  13
                         Gamma iterations  =   4
                      Osmotic coefficient  =   0.91058
                         Density of water  =   0.99997
                                  Total H  = 1.110209e+02
                                  Total O  = 5.566374e+01

----------------------------Distribution of species----------------------------

                                                    Unscaled  Unscaled
                                Unscaled       Log       Log       Log    mole V
   Species          Molality    Activity  Molality  Activity     Gamma   cm³/mol

   OH-             1.065e-07   3.874e-08    -6.972    -7.412    -0.439     -3.60
   H+              5.397e-08   4.268e-08    -7.268    -7.370    -0.102      0.00
   H2O             5.551e+01   9.698e-01     1.744    -0.013     0.000     18.02
C(4)          2.455e-03
   HCO3-           2.296e-03   1.194e-03    -2.639    -2.923    -0.284     25.68
   CO2             1.415e-04   1.772e-04    -3.849    -3.752     0.098     36.24
   CO3-2           9.728e-06   7.553e-07    -5.012    -6.122    -1.110     -2.91
   MgCO3           7.763e-06   7.763e-06    -5.110    -5.110     0.000    -17.06
   CaCO3           1.733e-12   1.733e-12   -11.761   -11.761     0.000     (0)  
Ca            1.385e-02
   Ca+2            1.385e-02   2.603e-03    -1.859    -2.584    -0.726    -17.40
   CaCO3           1.733e-12   1.733e-12   -11.761   -11.761     0.000     (0)  
Cl            9.130e-01
   Cl-             9.130e-01   6.173e-01    -0.040    -0.209    -0.170     17.76
K             1.447e-02
   K+              1.447e-02   8.042e-03    -1.840    -2.095    -0.255      9.07
Mg            7.977e-02
   Mg+2            7.976e-02   1.620e-02    -1.098    -1.790    -0.692    -19.55
   MgCO3           7.763e-06   7.763e-06    -5.110    -5.110     0.000    -17.06
   MgOH+           8.804e-08   7.953e-08    -7.055    -7.099    -0.044     (0)  
Na            8.085e-01
   Na+             8.085e-01   4.910e-01    -0.092    -0.309    -0.217     -1.49
S(6)          3.681e-02
   SO4-2           3.681e-02   2.846e-03    -1.434    -2.546    -1.112     15.74

------------------------------Saturation indices-------------------------------

  Phase               SI** log IAP   log K(277 K,   1 atm)

  Anhydrite        -1.05     -5.13   -4.08  CaSO4
  Antarcticite     -6.43     -3.08    3.34  CaCl2:6H2O
  Aphthitalite    -14.79    -23.37   -8.58  Na2SO4:3K2SO4
  Aragonite        -0.47     -8.71   -8.23  CaCO3
  Arcanite         -4.61     -6.74   -2.12  K2SO4
  Bischofite       -7.03     -2.29    4.74  MgCl2:6H2O
  Bloedite         -5.11     -7.55   -2.45  Na2Mg(SO4)2:4H2O
  Calcite          -0.31     -8.71   -8.39  CaCO3
  Carnallite       -8.57     -4.59    3.97  KMgCl3:6H2O
  CO2(g)           -2.58     -3.75   -1.18  CO2
  Dolomite         -0.06    -16.62  -16.56  CaMg(CO3)2
  Epsomite         -2.28     -4.43   -2.15  MgSO4:7H2O
  Gypsum           -0.52     -5.16   -4.64  CaSO4:2H2O
  Halite           -2.03     -0.52    1.51  NaCl
  Hexahydrite      -2.73     -4.42   -1.69  MgSO4:6H2O
  Hydrohalite      -1.85     -0.55    1.31  NaCl:2H2O
  Hydromagnesite   -5.04    -40.39  -35.35  (MgCO3)3:Mg(OH)2:3H2O
  Ice(s)           -0.03     -0.01    0.02  H2O
  Ikaite           -1.69     -8.79   -7.10  CaCO3:6H2O
  Kalicinite       -4.91     -5.02   -0.11  KHCO3
  Kieserite        -4.73     -4.35    0.38  MgSO4:H2O
  Landsfordite     -2.77     -7.98   -5.21  MgCO3:5H2O
  Magnesite        -0.22     -7.91   -7.69  MgCO3
  Meridianite      -2.32     -4.48   -2.16  MgSO4:11H2O
  MgCl2:12H2O      -5.47     -2.37    3.10  MgCl2:12H2O
  MgCl2:8H2O       -6.23     -2.32    3.91  MgCl2:8H2O
  Mirabilite       -1.00     -3.30   -2.30  Na2SO4:10H2O
  Na2CO3:7H2O      -5.87     -6.83   -0.96  Na2CO3:7H2O
  Nahcolite        -2.56     -3.23   -0.67  NaHCO3
  Natron           -5.22     -6.87   -1.65  Na2CO3:10H2O
  Nesquehonite     -2.84     -7.95   -5.12  MgCO3:3H2O
  Picromerite      -6.25    -11.15   -4.90  MgSO4:K2SO4:6H2O
  Sylvite          -2.94     -2.30    0.64  KCl
  Tachyhydrite    -25.78     -7.58   18.20  CaCl2:(MgCl2)2:12H2O
  Thenardite       -2.86     -3.16   -0.31  Na2SO4
  Trona            -8.75    -10.00   -1.25  Na3H(CO3)2:2H2O
  Vaterite         -0.94     -8.71   -7.77  CaCO3

**For a gas, SI = log10(fugacity). Fugacity = pressure * phi / 1 atm.
  For ideal gases, phi = 1.

-----------------------------------------
Beginning of batch-reaction calculations.
-----------------------------------------

Reaction step 1.

Using solution 1.	
Using pure phase assemblage 1.	

-------------------------------Phase assemblage--------------------------------

                                                      Moles in assemblage
Phase               SI  log IAP  log K(T, P)   Initial       Final       Delta

Calcite          -0.31    -8.71     -8.39    0.000e+00           0   0.000e+00
Gypsum           -0.52    -5.16     -4.64    0.000e+00           0   0.000e+00
Halite           -2.03    -0.52      1.51    0.000e+00           0   0.000e+00
Hydrohalite      -1.85    -0.55      1.31    0.000e+00           0   0.000e+00
Ice(s)           -0.03    -0.01      0.02    0.000e+00           0   0.000e+00
Mirabilite       -1.00    -3.30     -2.30    0.000e+00           0   0.000e+00

-----------------------------Solution composition------------------------------

	Elements           Molality       Moles

	C                 2.455e-03   2.455e-03
	Ca                1.385e-02   1.385e-02
	Cl                9.130e-01   9.130e-01
	K                 1.447e-02   1.447e-02
	Mg                7.977e-02   7.977e-02
	Na                8.085e-01   8.085e-01
	S                 3.681e-02   3.681e-02

----------------------------Description of solution----------------------------

                                       pH  =   7.370      Charge balance
                                       pe  =   4.000      Adjusted to redox equilibrium
      Specific Conductance (µS/cm,   4°C)  = 42935
                          Density (g/cm³)  =   1.04308
                               Volume (L)  =   1.01402
                        Activity of water  =   0.970
                 Ionic strength (mol/kgw)  =   1.130e+00
                       Mass of water (kg)  =   1.000e+00
                 Total alkalinity (eq/kg)  =   2.331e-03
                       Total CO2 (mol/kg)  =   2.455e-03
                         Temperature (°C)  =   4.00
                  Electrical balance (eq)  =   2.127e-02
 Percent error, 100*(Cat-|An|)/(Cat+|An|)  =   1.06
                               Iterations  =   1
                         Gamma iterations  =   1
                      Osmotic coefficient  =   0.91058
                         Density of water  =   0.99997
                                  Total H  = 1.110209e+02
                                  Total O  = 5.566374e+01

----------------------------Distribution of species----------------------------

                                                    Unscaled  Unscaled
                                Unscaled       Log       Log       Log    mole V
   Species          Molality    Activity  Molality  Activity     Gamma   cm³/mol

   OH-             1.065e-07   3.874e-08    -6.972    -7.412    -0.439     -3.60
   H+              5.397e-08   4.268e-08    -7.268    -7.370    -0.102      0.00
   H2O             5.551e+01   9.698e-01     1.744    -0.013     0.000     18.02
C(4)          2.455e-03
   HCO3-           2.296e-03   1.194e-03    -2.639    -2.923    -0.284     25.68
   CO2             1.415e-04   1.772e-04    -3.849    -3.752     0.098     36.24
   CO3-2           9.728e-06   7.553e-07    -5.012    -6.122    -1.110     -2.91
   MgCO3           7.763e-06   7.763e-06    -5.110    -5.110     0.000    -17.06
   CaCO3           1.733e-12   1.733e-12   -11.761   -11.761     0.000     (0)  
Ca            1.385e-02
   Ca+2            1.385e-02   2.603e-03    -1.859    -2.584    -0.726    -17.40
   CaCO3           1.733e-12   1.733e-12   -11.761   -11.761     0.000     (0)  
Cl            9.130e-01
   Cl-             9.130e-01   6.173e-01    -0.040    -0.209    -0.170     17.76
K             1.447e-02
   K+              1.447e-02   8.042e-03    -1.840    -2.095    -0.255      9.07
Mg            7.977e-02
   Mg+2            7.976e-02   1.620e-02    -1.098    -1.790    -0.692    -19.55
   MgCO3           7.763e-06   7.763e-06    -5.110    -5.110     0.000    -17.06
   MgOH+           8.804e-08   7.953e-08    -7.055    -7.099    -0.044     (0)  
Na            8.085e-01
   Na+             8.085e-01   4.910e-01    -0.092    -0.309    -0.217     -1.49
S(6)          3.681e-02
   SO4-2           3.681e-02   2.846e-03    -1.434    -2.546    -1.112     15.74

------------------------------Saturation indices-------------------------------

  Phase               SI** log IAP   log K(277 K,   1 atm)

  Anhydrite        -1.05     -5.13   -4.08  CaSO4
  Antarcticite     -6.43     -3.08    3.34  CaCl2:6H2O
  Aphthitalite    -14.79    -23.37   -8.58  Na2SO4:3K2SO4
  Aragonite        -0.47     -8.71   -8.23  CaCO3
  Arcanite         -4.61     -6.74   -2.12  K2SO4
  Bischofite       -7.03     -2.29    4.74  MgCl2:6H2O
  Bloedite         -5.11     -7.55   -2.45  Na2Mg(SO4)2:4H2O
  Calcite          -0.31     -8.71   -8.39  CaCO3
  Carnallite       -8.57     -4.59    3.97  KMgCl3:6H2O
  CO2(g)           -2.58     -3.75   -1.18  CO2
  Dolomite         -0.06    -16.62  -16.56  CaMg(CO3)2
  Epsomite         -2.28     -4.43   -2.15  MgSO4:7H2O
  Gypsum           -0.52     -5.16   -4.64  CaSO4:2H2O
  Halite           -2.03     -0.52    1.51  NaCl
  Hexahydrite      -2.73     -4.42   -1.69  MgSO4:6H2O
  Hydrohalite      -1.85     -0.55    1.31  NaCl:2H2O
  Hydromagnesite   -5.04    -40.39  -35.35  (MgCO3)3:Mg(OH)2:3H2O
  Ice(s)           -0.03     -0.01    0.02  H2O
  Ikaite           -1.69     -8.79   -7.10  CaCO3:6H2O
  Kalicinite       -4.91     -5.02   -0.11  KHCO3
  Kieserite        -4.73     -4.35    0.38  MgSO4:H2O
  Landsfordite     -2.77     -7.98   -5.21  MgCO3:5H2O
  Magnesite        -0.22     -7.91   -7.69  MgCO3
  Meridianite      -2.32     -4.48   -2.16  MgSO4:11H2O
  MgCl2:12H2O      -5.47     -2.37    3.10  MgCl2:12H2O
  MgCl2:8H2O       -6.23     -2.32    3.91  MgCl2:8H2O
  Mirabilite       -1.00     -3.30   -2.30  Na2SO4:10H2O
  Na2CO3:7H2O      -5.87     -6.83   -0.96  Na2CO3:7H2O
  Nahcolite        -2.56     -3.23   -0.67  NaHCO3
  Natron           -5.22     -6.87   -1.65  Na2CO3:10H2O
  Nesquehonite     -2.84     -7.95   -5.12  MgCO3:3H2O
  Picromerite      -6.25    -11.15   -4.90  MgSO4:K2SO4:6H2O
  Sylvite          -2.94     -2.30    0.64  KCl
  Tachyhydrite    -25.78     -7.58   18.20  CaCl2:(MgCl2)2:12H2O
  Thenardite       -2.86     -3.16   -0.31  Na2SO4
  Trona            -8.75    -10.00   -1.25  Na3H(CO3)2:2H2O
  Vaterite         -0.94     -8.71   -7.77  CaCO3

**For a gas, SI = log10(fugacity). Fugacity = pressure * phi / 1 atm.
  For ideal gases, phi = 1.

------------------
End of simulation.
------------------

------------------------------------
Reading input data for simulation 2.
------------------------------------

-------------------------------
End of Run after 1.112 Seconds.
-------------------------------

