   Input file: C:\Users\Kagiso\PHREEQC-Python\C5_FREZ_eq_-010p0.pqi
  Output file: C:\Users\Kagiso\PHREEQC-Python\C5_FREZ_eq_-010p0.out
Database file: C:\Program Files\USGS\phreeqc-3.8.6-17100-x64\database\frezchem.dat

------------------
Reading data base.
------------------

	PITZER
	SOLUTION_MASTER_SPECIES
	SOLUTION_SPECIES
	PHASES
	PITZER
	EXCHANGE_MASTER_SPECIES
	EXCHANGE_SPECIES
	SURFACE_MASTER_SPECIES
	SURFACE_SPECIES
	END
------------------------------------
Reading input data for simulation 1.
------------------------------------

	TITLE C5 FREZCHEM sequential FC at -10.00 C
	SOLUTION 1
	    temp -10.00000000
	    pH 7.0547000000
	    units mol/kgw
	    water 0.373140000000
	    Na 2.08439191724286e+00
	    K 3.87736506405103e-02
	    Mg 2.13783030497936e-01
	    Ca 3.69298386664523e-02
	    Cl 2.44674920941202e+00
	    S(6) 5.74690464704936e-02
	    C(4) 6.39599078094013e-03
	EQUILIBRIUM_PHASES 1
	    Ice(s)       0.0 0.0
	    Mirabilite   0.0 0.0
	    Halite       0.0 0.0
	    Hydrohalite  0.0 0.0
	    Calcite      0.0 0.0
	    Gypsum       0.0 0.0
	SELECTED_OUTPUT 1
	    file C:/Users/Kagiso/PHREEQC-Python/C5_FREZ_eq_-010p0.txt
	    reset false
	    user_punch true
	USER_PUNCH 1
	    headings Temp_C pH Water_kg Alk_eq_kgw Mu aw Na_mol K_mol Mg_mol Ca_mol Cl_mol S6_mol C4_mol Na_m K_m Mg_m Ca_m Cl_m S6_m C4_m Na_act Cl_act SO4_act SI_Ice SI_Mirabilite SI_Halite SI_Hydrohalite SI_Calcite SI_Gypsum Ice_mol Mirabilite_mol Halite_mol Hydrohalite_mol Calcite_mol Gypsum_mol Iterations
	    10 PUNCH TC, -LA("H+"), TOT("water"), ALK, MU, ACT("H2O")
	    20 PUNCH TOTMOLE("Na"), TOTMOLE("K"), TOTMOLE("Mg"), TOTMOLE("Ca")
	    30 PUNCH TOTMOLE("Cl"), TOTMOLE("S(6)"), TOTMOLE("C(4)")
	    40 PUNCH TOT("Na"), TOT("K"), TOT("Mg"), TOT("Ca")
	    50 PUNCH TOT("Cl"), TOT("S(6)"), TOT("C(4)")
	    60 PUNCH ACT("Na+"), ACT("Cl-"), ACT("SO4-2")
	    70 PUNCH SI("Ice(s)"), SI("Mirabilite"), SI("Halite"), SI("Hydrohalite"), SI("Calcite"), SI("Gypsum")
	    80 PUNCH EQUI("Ice(s)"), EQUI("Mirabilite"), EQUI("Halite"), EQUI("Hydrohalite"), EQUI("Calcite"), EQUI("Gypsum")
	    90 PUNCH ITERATIONS
	END
-----
TITLE
-----

 C5 FREZCHEM sequential FC at -10.00 C

-------------------------------------------
Beginning of initial solution calculations.
-------------------------------------------

Initial solution 1.	

-----------------------------Solution composition------------------------------

	Elements           Molality       Moles

	C(4)              6.396e-03   2.387e-03
	Ca                3.693e-02   1.378e-02
	Cl                2.447e+00   9.130e-01
	K                 3.877e-02   1.447e-02
	Mg                2.138e-01   7.977e-02
	Na                2.084e+00   7.778e-01
	S(6)              5.747e-02   2.144e-02

----------------------------Description of solution----------------------------

                                       pH  =   7.055    
                                       pe  =   4.000    
      Specific Conductance (µS/cm, -10°C)  = 50364
                          Density (g/cm³)  =   1.10943
                               Volume (L)  =   0.38636
                        Activity of water  =   0.917
                 Ionic strength (mol/kgw)  =   2.904e+00
                       Mass of water (kg)  =   3.731e-01
                 Total alkalinity (eq/kg)  =   5.609e-03
                       Total CO2 (mol/kg)  =   6.396e-03
                         Temperature (°C)  = -10.00
                  Electrical balance (eq)  =   2.138e-02
 Percent error, 100*(Cat-|An|)/(Cat+|An|)  =   1.10
                               Iterations  =  15
                         Gamma iterations  =   5
                      Osmotic coefficient  =   0.98769
                         Density of water  =   0.99812
                                  Total H  = 4.142755e+01
                                  Total O  = 2.080537e+01

----------------------------Distribution of species----------------------------

                                                    Unscaled  Unscaled
                                Unscaled       Log       Log       Log    mole V
   Species          Molality    Activity  Molality  Activity     Gamma   cm³/mol

   H+              6.363e-08   8.817e-08    -7.196    -7.055     0.142      0.00
   OH-             3.474e-08   4.166e-09    -7.459    -8.380    -0.921     -3.84
   H2O             5.551e+01   9.168e-01     1.744    -0.038     0.000     18.05
C(4)          6.396e-03
   HCO3-           5.552e-03   2.417e-03    -2.256    -2.617    -0.361     29.15
   CO2             8.152e-04   1.263e-03    -3.089    -2.899     0.190     45.80
   CO3-2           1.526e-05   4.322e-07    -4.816    -6.364    -1.548     -2.75
   MgCO3           1.339e-05   1.339e-05    -4.873    -4.873     0.000    -17.01
   CaCO3           3.065e-12   3.065e-12   -11.514   -11.514     0.000     (0)  
Ca            3.693e-02
   Ca+2            3.693e-02   9.509e-03    -1.433    -2.022    -0.589    -19.23
   CaCO3           3.065e-12   3.065e-12   -11.514   -11.514     0.000     (0)  
Cl            2.447e+00
   Cl-             2.447e+00   1.709e+00     0.389     0.233    -0.156     16.67
K             3.877e-02
   K+              3.877e-02   1.793e-02    -1.411    -1.746    -0.335      9.56
Mg            2.138e-01
   Mg+2            2.138e-01   5.826e-02    -0.670    -1.235    -0.565    -18.67
   MgCO3           1.339e-05   1.339e-05    -4.873    -4.873     0.000    -17.01
   MgOH+           3.857e-08   2.951e-08    -7.414    -7.530    -0.116     (0)  
Na            2.084e+00
   Na+             2.084e+00   1.184e+00     0.319     0.073    -0.246     -1.86
S(6)          5.747e-02
   SO4-2           5.747e-02   1.708e-03    -1.241    -2.767    -1.527     13.19

------------------------------Saturation indices-------------------------------

  Phase               SI** log IAP   log K(263 K,   1 atm)

  Anhydrite        -0.76     -4.79   -4.03  CaSO4
  Antarcticite     -4.88     -1.78    3.10  CaCl2:6H2O
  Aphthitalite    -11.89    -21.40   -9.51  Na2SO4:3K2SO4
  Aragonite        -0.19     -8.39   -8.19  CaCO3
  Arcanite         -3.87     -6.26   -2.39  K2SO4
  Bischofite       -5.74     -1.00    4.74  MgCl2:6H2O
  Bloedite         -4.28     -6.77   -2.50  Na2Mg(SO4)2:4H2O
  Calcite          -0.02     -8.39   -8.37  CaCO3
  Carnallite       -6.17     -2.51    3.66  KMgCl3:6H2O
  CO2(g)           -1.98     -2.90   -0.92  CO2
  Dolomite          0.18    -15.99  -16.16  CaMg(CO3)2
  Epsomite         -1.91     -4.27   -2.36  MgSO4:7H2O
  Gypsum           -0.13     -4.86   -4.73  CaSO4:2H2O
  Halite           -1.14      0.31    1.44  NaCl
  Hexahydrite      -2.50     -4.23   -1.73  MgSO4:6H2O
  Hydrohalite      -0.87      0.23    1.10  NaCl:2H2O
  Hydromagnesite   -6.63    -40.91  -34.28  (MgCO3)3:Mg(OH)2:3H2O
  Ice(s)            0.00     -0.04   -0.04  H2O
  Ikaite           -1.13     -8.61   -7.48  CaCO3:6H2O
  Kalicinite       -4.06     -4.36   -0.30  KHCO3
  Kieserite        -5.09     -4.04    1.05  MgSO4:H2O
  Landsfordite     -2.77     -7.79   -5.02  MgCO3:5H2O
  Magnesite        -0.17     -7.60   -7.43  MgCO3
  Meridianite      -1.69     -4.42   -2.73  MgSO4:11H2O
  MgCl2:12H2O      -3.52     -1.22    2.30  MgCl2:12H2O
  MgCl2:8H2O       -4.74     -1.07    3.67  MgCl2:8H2O
  Mirabilite        0.04     -3.00   -3.04  Na2SO4:10H2O
  Na2CO3:7H2O      -5.17     -6.48   -1.31  Na2CO3:7H2O
  Nahcolite        -1.71     -2.54   -0.84  NaHCO3
  Natron           -4.44     -6.60   -2.16  Na2CO3:10H2O
  Nesquehonite     -2.89     -7.71   -4.82  MgCO3:3H2O
  Picromerite      -5.08    -10.49   -5.40  MgSO4:K2SO4:6H2O
  Sylvite          -1.93     -1.51    0.41  KCl
  Tachyhydrite    -22.59     -3.55   19.04  CaCl2:(MgCl2)2:12H2O
  Thenardite       -2.30     -2.62   -0.32  Na2SO4
  Trona            -7.43     -8.84   -1.41  Na3H(CO3)2:2H2O
  Vaterite         -0.69     -8.39   -7.69  CaCO3

**For a gas, SI = log10(fugacity). Fugacity = pressure * phi / 1 atm.
  For ideal gases, phi = 1.

-----------------------------------------
Beginning of batch-reaction calculations.
-----------------------------------------

Reaction step 1.

WARNING: Maximum iterations exceeded, 200

WARNING: Numerical method failed with this set of convergence parameters.

WARNING: Trying smaller step size, pe step size 10, 5 ... 

WARNING: Maximum iterations exceeded, 400

WARNING: Numerical method failed with this set of convergence parameters.

WARNING: Trying reduced tolerance 1e-16 ...

WARNING: Maximum iterations exceeded, 400

WARNING: Numerical method failed with this set of convergence parameters.

WARNING: Trying increased tolerance 1e-14 ...

WARNING: Maximum iterations exceeded, 400

WARNING: Numerical method failed with this set of convergence parameters.

WARNING: Trying diagonal scaling ...

Using solution 1.	
Using pure phase assemblage 1.	

-------------------------------Phase assemblage--------------------------------

                                                      Moles in assemblage
Phase               SI  log IAP  log K(T, P)   Initial       Final       Delta

Calcite           0.00    -8.37     -8.37    0.000e+00   2.808e-05   2.808e-05
Gypsum           -0.15    -4.88     -4.73    0.000e+00           0   0.000e+00
Halite           -1.05     0.40      1.44    0.000e+00           0   0.000e+00
Hydrohalite      -0.79     0.31      1.10    0.000e+00           0   0.000e+00
Ice(s)            0.00    -0.04     -0.04    0.000e+00   1.817e+00   1.817e+00
Mirabilite       -0.00    -3.04     -3.04    0.000e+00   4.005e-03   4.005e-03

-----------------------------Solution composition------------------------------

	Elements           Molality       Moles

	C                 6.943e-03   2.359e-03
	Ca                4.048e-02   1.375e-02
	Cl                2.688e+00   9.130e-01
	K                 4.259e-02   1.447e-02
	Mg                2.348e-01   7.977e-02
	Na                2.266e+00   7.698e-01
	S                 5.134e-02   1.744e-02

----------------------------Description of solution----------------------------

                                       pH  =   6.978      Charge balance
                                       pe  =   4.000      Adjusted to redox equilibrium
      Specific Conductance (µS/cm, -10°C)  = 53191
                          Density (g/cm³)  =   1.11777
                               Volume (L)  =   0.35303
                        Activity of water  =   0.908
                 Ionic strength (mol/kgw)  =   3.155e+00
                       Mass of water (kg)  =   3.397e-01
                 Total alkalinity (eq/kg)  =   5.997e-03
                       Total CO2 (mol/kg)  =   6.943e-03
                         Temperature (°C)  = -10.00
                  Electrical balance (eq)  =   2.138e-02
 Percent error, 100*(Cat-|An|)/(Cat+|An|)  =   1.11
                               Iterations  =   9 (1413 overall)
                         Gamma iterations  =   1
                      Osmotic coefficient  =   1.00869
                         Density of water  =   0.99812
                                  Total H  = 3.771292e+01
                                  Total O  = 1.893195e+01

----------------------------Distribution of species----------------------------

                                                    Unscaled  Unscaled
                                Unscaled       Log       Log       Log    mole V
   Species          Molality    Activity  Molality  Activity     Gamma   cm³/mol

   H+              6.906e-08   1.052e-07    -7.161    -6.978     0.183      0.00
   OH-             3.277e-08   3.458e-09    -7.485    -8.461    -0.977     -3.52
   H2O             5.551e+01   9.077e-01     1.744    -0.042     0.000     18.05
C(4)          6.943e-03
   HCO3-           5.938e-03   2.534e-03    -2.226    -2.596    -0.370     30.02
   CO2             9.760e-04   1.595e-03    -3.011    -2.797     0.213     45.80
   CO3-2           1.488e-05   3.801e-07    -4.827    -6.420    -1.593     -1.96
   MgCO3           1.442e-05   1.442e-05    -4.841    -4.841     0.000    -17.01
   CaCO3           3.209e-12   3.209e-12   -11.494   -11.494     0.000     (0)  
Ca            4.048e-02
   Ca+2            4.048e-02   1.132e-02    -1.393    -1.946    -0.553    -19.27
   CaCO3           3.209e-12   3.209e-12   -11.494   -11.494     0.000     (0)  
Cl            2.688e+00
   Cl-             2.688e+00   1.922e+00     0.429     0.284    -0.146     16.78
K             4.259e-02
   K+              4.259e-02   1.940e-02    -1.371    -1.712    -0.341      9.77
Mg            2.348e-01
   Mg+2            2.348e-01   7.136e-02    -0.629    -1.147    -0.517    -18.62
   MgCO3           1.442e-05   1.442e-05    -4.841    -4.841     0.000    -17.01
   MgOH+           4.050e-08   3.000e-08    -7.393    -7.523    -0.130     (0)  
Na            2.266e+00
   Na+             2.266e+00   1.301e+00     0.355     0.114    -0.241     -1.71
S(6)          5.134e-02
   SO4-2           5.134e-02   1.409e-03    -1.290    -2.851    -1.561     13.61

------------------------------Saturation indices-------------------------------

  Phase               SI** log IAP   log K(263 K,   1 atm)

  Anhydrite        -0.77     -4.80   -4.03  CaSO4
  Antarcticite     -4.73     -1.63    3.10  CaCl2:6H2O
  Aphthitalite    -11.94    -21.45   -9.51  Na2SO4:3K2SO4
  Aragonite        -0.17     -8.37   -8.19  CaCO3
  Arcanite         -3.89     -6.28   -2.39  K2SO4
  Bischofite       -5.58     -0.83    4.74  MgCl2:6H2O
  Bloedite         -4.29     -6.79   -2.50  Na2Mg(SO4)2:4H2O
  Calcite           0.00     -8.37   -8.37  CaCO3
  Carnallite       -5.92     -2.26    3.66  KMgCl3:6H2O
  CO2(g)           -1.88     -2.80   -0.92  CO2
  Dolomite          0.23    -15.93  -16.16  CaMg(CO3)2
  Epsomite         -1.93     -4.29   -2.36  MgSO4:7H2O
  Gypsum           -0.15     -4.88   -4.73  CaSO4:2H2O
  Halite           -1.05      0.40    1.44  NaCl
  Hexahydrite      -2.52     -4.25   -1.73  MgSO4:6H2O
  Hydrohalite      -0.79      0.31    1.10  NaCl:2H2O
  Hydromagnesite   -6.62    -40.89  -34.28  (MgCO3)3:Mg(OH)2:3H2O
  Ice(s)            0.00     -0.04   -0.04  H2O
  Ikaite           -1.14     -8.62   -7.48  CaCO3:6H2O
  Kalicinite       -4.01     -4.31   -0.30  KHCO3
  Kieserite        -5.09     -4.04    1.05  MgSO4:H2O
  Landsfordite     -2.76     -7.78   -5.02  MgCO3:5H2O
  Magnesite        -0.14     -7.57   -7.43  MgCO3
  Meridianite      -1.73     -4.46   -2.73  MgSO4:11H2O
  MgCl2:12H2O      -3.38     -1.08    2.30  MgCl2:12H2O
  MgCl2:8H2O       -4.59     -0.92    3.67  MgCl2:8H2O
  Mirabilite       -0.00     -3.04   -3.04  Na2SO4:10H2O
  Na2CO3:7H2O      -5.18     -6.49   -1.31  Na2CO3:7H2O
  Nahcolite        -1.65     -2.48   -0.84  NaHCO3
  Natron           -4.45     -6.61   -2.16  Na2CO3:10H2O
  Nesquehonite     -2.88     -7.69   -4.82  MgCO3:3H2O
  Picromerite      -5.12    -10.53   -5.40  MgSO4:K2SO4:6H2O
  Sylvite          -1.84     -1.43    0.41  KCl
  Tachyhydrite    -22.09     -3.04   19.04  CaCl2:(MgCl2)2:12H2O
  Thenardite       -2.31     -2.62   -0.32  Na2SO4
  Trona            -7.35     -8.76   -1.41  Na3H(CO3)2:2H2O
  Vaterite         -0.67     -8.37   -7.69  CaCO3

**For a gas, SI = log10(fugacity). Fugacity = pressure * phi / 1 atm.
  For ideal gases, phi = 1.

------------------
End of simulation.
------------------

------------------------------------
Reading input data for simulation 2.
------------------------------------

-------------------------------
End of Run after 1.231 Seconds.
-------------------------------

