   Input file: C:\Users\Kagiso\PHREEQC-Python\C3_Baseline_FREZ_eq_-021p0.pqi
  Output file: C:\Users\Kagiso\PHREEQC-Python\C3_Baseline_FREZ_eq_-021p0.out
Database file: C:\Program Files\USGS\phreeqc-3.8.6-17100-x64\database\frezchem.dat

------------------
Reading data base.
------------------

	PITZER
	SOLUTION_MASTER_SPECIES
	SOLUTION_SPECIES
	PHASES
	PITZER
	EXCHANGE_MASTER_SPECIES
	EXCHANGE_SPECIES
	SURFACE_MASTER_SPECIES
	SURFACE_SPECIES
	END
------------------------------------
Reading input data for simulation 1.
------------------------------------

	TITLE C3_Baseline FREZCHEM sequential FC at -21.00 C
	SOLUTION 1
	    temp -21.00000000
	    pH 6.3751000000
	    units mol/kgw
	    water 0.239690000000
	    Na 3.51658392089783e+00
	    K 9.01956694063165e-02
	    Mg 4.85335224665193e-01
	    Ca 7.62902081855730e-02
	    Cl 4.78075847970295e+00
	    S(6) 2.51011723476157e-02
	    C(4) 1.54478701656306e-02
	EQUILIBRIUM_PHASES 1
	    Ice(s)       0.0 0.0
	    Mirabilite   0.0 0.0
	    Halite       0.0 0.0
	    Hydrohalite  0.0 0.0
	    Calcite      0.0 0.0
	    Gypsum       0.0 0.0
	SELECTED_OUTPUT 1
	    file C:/Users/Kagiso/PHREEQC-Python/C3_Baseline_FREZ_eq_-021p0.txt
	    reset false
	    user_punch true
	USER_PUNCH 1
	    headings Temp_C pH Water_kg Alk_eq_kgw Mu aw Na_mol K_mol Mg_mol Ca_mol Cl_mol S6_mol C4_mol Na_m K_m Mg_m Ca_m Cl_m S6_m C4_m Na_act Cl_act SO4_act SI_Ice SI_Mirabilite SI_Halite SI_Hydrohalite SI_Calcite SI_Gypsum Ice_mol Mirabilite_mol Halite_mol Hydrohalite_mol Calcite_mol Gypsum_mol Iterations
	    10 PUNCH TC, -LA("H+"), TOT("water"), ALK, MU, ACT("H2O")
	    20 PUNCH TOTMOLE("Na"), TOTMOLE("K"), TOTMOLE("Mg"), TOTMOLE("Ca")
	    30 PUNCH TOTMOLE("Cl"), TOTMOLE("S(6)"), TOTMOLE("C(4)")
	    40 PUNCH TOT("Na"), TOT("K"), TOT("Mg"), TOT("Ca")
	    50 PUNCH TOT("Cl"), TOT("S(6)"), TOT("C(4)")
	    60 PUNCH ACT("Na+"), ACT("Cl-"), ACT("SO4-2")
	    70 PUNCH SI("Ice(s)"), SI("Mirabilite"), SI("Halite"), SI("Hydrohalite"), SI("Calcite"), SI("Gypsum")
	    80 PUNCH EQUI("Ice(s)"), EQUI("Mirabilite"), EQUI("Halite"), EQUI("Hydrohalite"), EQUI("Calcite"), EQUI("Gypsum")
	    90 PUNCH ITERATIONS
	END
-----
TITLE
-----

 C3_Baseline FREZCHEM sequential FC at -21.00 C

-------------------------------------------
Beginning of initial solution calculations.
-------------------------------------------

Initial solution 1.	

-----------------------------Solution composition------------------------------

	Elements           Molality       Moles

	C(4)              1.545e-02   3.703e-03
	Ca                7.629e-02   1.829e-02
	Cl                4.781e+00   1.146e+00
	K                 9.020e-02   2.162e-02
	Mg                4.853e-01   1.163e-01
	Na                3.517e+00   8.429e-01
	S(6)              2.510e-02   6.017e-03

----------------------------Description of solution----------------------------

                                       pH  =   6.375    
                                       pe  =   4.000    
      Specific Conductance (µS/cm, -21°C)  = 40165
                          Density (g/cm³)  =   1.19554
                               Volume (L)  =   0.25501
                        Activity of water  =   0.824
                 Ionic strength (mol/kgw)  =   5.372e+00
                       Mass of water (kg)  =   2.397e-01
                 Total alkalinity (eq/kg)  =   9.426e-03
                       Total CO2 (mol/kg)  =   1.545e-02
                         Temperature (°C)  = -21.00
                  Electrical balance (eq)  =  -2.645e-02
 Percent error, 100*(Cat-|An|)/(Cat+|An|)  =  -1.15
                               Iterations  =  17
                         Gamma iterations  =   5
                      Osmotic coefficient  =   1.19829
                         Density of water  =   0.99294
                                  Total H  = 2.661230e+01
                                  Total O  = 1.333875e+01

----------------------------Distribution of species----------------------------

                                                    Unscaled  Unscaled
                                Unscaled       Log       Log       Log    mole V
   Species          Molality    Activity  Molality  Activity     Gamma   cm³/mol

   H+              1.089e-07   4.216e-07    -6.963    -6.375     0.588      0.00
   OH-             8.675e-09   2.109e-10    -8.062    -9.676    -1.614     -5.15
   H2O             5.551e+01   8.236e-01     1.744    -0.084     0.000     18.14
C(4)          1.545e-02
   HCO3-           9.384e-03   3.376e-03    -2.028    -2.472    -0.444     39.37
   CO2             6.043e-03   1.600e-02    -2.219    -1.796     0.423     61.12
   MgCO3           1.470e-05   1.470e-05    -4.833    -4.833     0.000    -16.93
   CO3-2           6.554e-06   7.338e-08    -5.184    -7.134    -1.951      0.34
   CaCO3           2.012e-12   2.012e-12   -11.696   -11.696     0.000     (0)  
Ca            7.629e-02
   Ca+2            7.629e-02   5.463e-02    -1.118    -1.263    -0.145    -25.23
   CaCO3           2.012e-12   2.012e-12   -11.696   -11.696     0.000     (0)  
Cl            4.781e+00
   Cl-             4.781e+00   4.117e+00     0.679     0.615    -0.065     15.44
K             9.020e-02
   K+              9.020e-02   3.296e-02    -1.045    -1.482    -0.437     11.60
Mg            4.853e-01
   Mg+2            4.853e-01   4.273e-01    -0.314    -0.369    -0.055    -19.17
   MgCO3           1.470e-05   1.470e-05    -4.833    -4.833     0.000    -16.93
   MgOH+           2.017e-08   1.123e-08    -7.695    -7.950    -0.254     (0)  
Na            3.517e+00
   Na+             3.517e+00   2.141e+00     0.546     0.331    -0.216     -2.19
S(6)          2.510e-02
   SO4-2           2.510e-02   3.814e-04    -1.600    -3.419    -1.818      6.46

------------------------------Saturation indices-------------------------------

  Phase               SI** log IAP   log K(252 K,   1 atm)

  Anhydrite        -0.65     -4.68   -4.03  CaSO4
  Antarcticite     -3.48     -0.54    2.94  CaCl2:6H2O
  Aphthitalite    -11.67    -21.90  -10.24  Na2SO4:3K2SO4
  Aragonite        -0.21     -8.40   -8.18  CaCO3
  Arcanite         -3.77     -6.38   -2.62  K2SO4
  Bischofite       -4.34      0.35    4.69  MgCl2:6H2O
  Bloedite         -4.35     -6.88   -2.54  Na2Mg(SO4)2:4H2O
  Calcite          -0.03     -8.40   -8.37  CaCO3
  Carnallite       -3.85     -0.51    3.34  KMgCl3:6H2O
  CO2(g)           -1.12     -1.80   -0.67  CO2
  Dolomite         -0.08    -15.90  -15.82  CaMg(CO3)2
  Epsomite         -1.84     -4.38   -2.54  MgSO4:7H2O
  Gypsum            0.01     -4.85   -4.86  CaSO4:2H2O
  Halite           -0.42      0.95    1.37  NaCl
  Hexahydrite      -2.53     -4.29   -1.76  MgSO4:6H2O
  Hydrohalite      -0.13      0.78    0.91  NaCl:2H2O
  Hydromagnesite   -9.13    -42.49  -33.35  (MgCO3)3:Mg(OH)2:3H2O
  Ice(s)            0.00     -0.08   -0.09  H2O
  Ikaite           -1.09     -8.90   -7.82  CaCO3:6H2O
  Kalicinite       -3.51     -3.95   -0.45  KHCO3
  Kieserite        -5.62     -3.87    1.75  MgSO4:H2O
  Landsfordite     -3.43     -7.93   -4.50  MgCO3:5H2O
  Magnesite        -0.30     -7.50   -7.21  MgCO3
  Meridianite      -1.54     -4.71   -3.18  MgSO4:11H2O
  MgCl2:12H2O      -1.97     -0.15    1.81  MgCl2:12H2O
  MgCl2:8H2O       -3.23      0.19    3.42  MgCl2:8H2O
  Mirabilite        0.04     -3.60   -3.64  Na2SO4:10H2O
  Na2CO3:7H2O      -5.48     -7.06   -1.58  Na2CO3:7H2O
  Nahcolite        -1.21     -2.14   -0.93  NaHCO3
  Natron           -4.79     -7.32   -2.53  Na2CO3:10H2O
  Nesquehonite     -3.27     -7.76   -4.49  MgCO3:3H2O
  Picromerite      -4.79    -10.68   -5.89  MgSO4:K2SO4:6H2O
  Sylvite          -1.07     -0.87    0.21  KCl
  Tachyhydrite    -19.03      0.67   19.71  CaCl2:(MgCl2)2:12H2O
  Thenardite       -2.43     -2.76   -0.33  Na2SO4
  Trona            -7.25     -8.78   -1.53  Na3H(CO3)2:2H2O
  Vaterite         -0.74     -8.40   -7.65  CaCO3

**For a gas, SI = log10(fugacity). Fugacity = pressure * phi / 1 atm.
  For ideal gases, phi = 1.

-----------------------------------------
Beginning of batch-reaction calculations.
-----------------------------------------

Reaction step 1.

WARNING: Maximum iterations exceeded, 200

WARNING: Numerical method failed with this set of convergence parameters.

WARNING: Trying smaller step size, pe step size 10, 5 ... 

WARNING: Maximum iterations exceeded, 400

WARNING: Numerical method failed with this set of convergence parameters.

WARNING: Trying reduced tolerance 1e-16 ...

WARNING: Maximum iterations exceeded, 400

WARNING: Numerical method failed with this set of convergence parameters.

WARNING: Trying increased tolerance 1e-14 ...

WARNING: Maximum iterations exceeded, 400

WARNING: Numerical method failed with this set of convergence parameters.

WARNING: Trying diagonal scaling ...

Using solution 1.	
Using pure phase assemblage 1.	

-------------------------------Phase assemblage--------------------------------

                                                      Moles in assemblage
Phase               SI  log IAP  log K(T, P)   Initial       Final       Delta

Calcite          -0.01    -8.38     -8.37    0.000e+00           0   0.000e+00
Gypsum            0.00    -4.86     -4.86    0.000e+00   4.713e-04   4.713e-04
Halite           -0.37     1.00      1.37    0.000e+00           0   0.000e+00
Hydrohalite      -0.09     0.82      0.91    0.000e+00           0   0.000e+00
Ice(s)            0.00    -0.09     -0.09    0.000e+00   4.629e-01   4.629e-01
Mirabilite        0.00    -3.64     -3.64    0.000e+00   1.216e-04   1.216e-04

-----------------------------Solution composition------------------------------

	Elements           Molality       Moles

	C                 1.601e-02   3.703e-03
	Ca                7.702e-02   1.781e-02
	Cl                4.954e+00   1.146e+00
	K                 9.346e-02   2.162e-02
	Mg                5.029e-01   1.163e-01
	Na                3.643e+00   8.426e-01
	S                 2.345e-02   5.424e-03

----------------------------Description of solution----------------------------

                                       pH  =   6.346      Charge balance
                                       pe  =   4.000      Adjusted to redox equilibrium
      Specific Conductance (µS/cm, -21°C)  = 40813
                          Density (g/cm³)  =   1.20095
                               Volume (L)  =   0.24682
                        Activity of water  =   0.815
                 Ionic strength (mol/kgw)  =   5.557e+00
                       Mass of water (kg)  =   2.313e-01
                 Total alkalinity (eq/kg)  =   9.767e-03
                       Total CO2 (mol/kg)  =   1.601e-02
                         Temperature (°C)  = -21.00
                  Electrical balance (eq)  =  -2.645e-02
 Percent error, 100*(Cat-|An|)/(Cat+|An|)  =  -1.15
                               Iterations  =   7 (1411 overall)
                         Gamma iterations  =   1
                      Osmotic coefficient  =   1.21847
                         Density of water  =   0.99294
                                  Total H  = 2.568224e+01
                                  Total O  = 1.287135e+01

----------------------------Distribution of species----------------------------

                                                    Unscaled  Unscaled
                                Unscaled       Log       Log       Log    mole V
   Species          Molality    Activity  Molality  Activity     Gamma   cm³/mol

   H+              1.079e-07   4.505e-07    -6.967    -6.346     0.621      0.00
   OH-             8.870e-09   1.953e-10    -8.052    -9.709    -1.657     -4.93
   H2O             5.551e+01   8.152e-01     1.744    -0.089     0.000     18.14
C(4)          1.601e-02
   HCO3-           9.722e-03   3.408e-03    -2.012    -2.467    -0.455     40.28
   CO2             6.263e-03   1.744e-02    -2.203    -1.758     0.445     61.12
   MgCO3           1.611e-05   1.611e-05    -4.793    -4.793     0.000    -16.93
   CO3-2           6.440e-06   6.933e-08    -5.191    -7.159    -1.968      1.13
   CaCO3           2.092e-12   2.092e-12   -11.679   -11.679     0.000     (0)  
Ca            7.702e-02
   Ca+2            7.702e-02   6.011e-02    -1.113    -1.221    -0.108    -25.40
   CaCO3           2.092e-12   2.092e-12   -11.679   -11.679     0.000     (0)  
Cl            4.954e+00
   Cl-             4.954e+00   4.377e+00     0.695     0.641    -0.054     15.55
K             9.346e-02
   K+              9.346e-02   3.375e-02    -1.029    -1.472    -0.442     11.83
Mg            5.029e-01
   Mg+2            5.029e-01   4.956e-01    -0.299    -0.305    -0.006    -19.20
   MgCO3           1.611e-05   1.611e-05    -4.793    -4.793     0.000    -16.93
   MgOH+           2.226e-08   1.207e-08    -7.652    -7.918    -0.266     (0)  
Na            3.643e+00
   Na+             3.643e+00   2.259e+00     0.561     0.354    -0.208     -2.07
S(6)          2.345e-02
   SO4-2           2.345e-02   3.475e-04    -1.630    -3.459    -1.829      6.71

------------------------------Saturation indices-------------------------------

  Phase               SI** log IAP   log K(252 K,   1 atm)

  Anhydrite        -0.65     -4.68   -4.03  CaSO4
  Antarcticite     -3.42     -0.47    2.94  CaCl2:6H2O
  Aphthitalite    -11.72    -21.96  -10.24  Na2SO4:3K2SO4
  Aragonite        -0.20     -8.38   -8.18  CaCO3
  Arcanite         -3.79     -6.40   -2.62  K2SO4
  Bischofite       -4.25      0.44    4.69  MgCl2:6H2O
  Bloedite         -4.33     -6.87   -2.54  Na2Mg(SO4)2:4H2O
  Calcite          -0.01     -8.38   -8.37  CaCO3
  Carnallite       -3.72     -0.39    3.34  KMgCl3:6H2O
  CO2(g)           -1.09     -1.76   -0.67  CO2
  Dolomite         -0.02    -15.84  -15.82  CaMg(CO3)2
  Epsomite         -1.85     -4.39   -2.54  MgSO4:7H2O
  Gypsum            0.00     -4.86   -4.86  CaSO4:2H2O
  Halite           -0.37      1.00    1.37  NaCl
  Hexahydrite      -2.53     -4.30   -1.76  MgSO4:6H2O
  Hydrohalite      -0.09      0.82    0.91  NaCl:2H2O
  Hydromagnesite   -9.03    -42.38  -33.35  (MgCO3)3:Mg(OH)2:3H2O
  Ice(s)            0.00     -0.09   -0.09  H2O
  Ikaite           -1.10     -8.91   -7.82  CaCO3:6H2O
  Kalicinite       -3.49     -3.94   -0.45  KHCO3
  Kieserite        -5.60     -3.85    1.75  MgSO4:H2O
  Landsfordite     -3.41     -7.91   -4.50  MgCO3:5H2O
  Magnesite        -0.26     -7.46   -7.21  MgCO3
  Meridianite      -1.56     -4.74   -3.18  MgSO4:11H2O
  MgCl2:12H2O      -1.90     -0.09    1.81  MgCl2:12H2O
  MgCl2:8H2O       -3.15      0.27    3.42  MgCl2:8H2O
  Mirabilite        0.00     -3.64   -3.64  Na2SO4:10H2O
  Na2CO3:7H2O      -5.49     -7.07   -1.58  Na2CO3:7H2O
  Nahcolite        -1.19     -2.11   -0.93  NaHCO3
  Natron           -4.81     -7.34   -2.53  Na2CO3:10H2O
  Nesquehonite     -3.24     -7.73   -4.49  MgCO3:3H2O
  Picromerite      -4.81    -10.70   -5.89  MgSO4:K2SO4:6H2O
  Sylvite          -1.04     -0.83    0.21  KCl
  Tachyhydrite    -18.76      0.95   19.71  CaCl2:(MgCl2)2:12H2O
  Thenardite       -2.42     -2.75   -0.33  Na2SO4
  Trona            -7.21     -8.74   -1.53  Na3H(CO3)2:2H2O
  Vaterite         -0.73     -8.38   -7.65  CaCO3

**For a gas, SI = log10(fugacity). Fugacity = pressure * phi / 1 atm.
  For ideal gases, phi = 1.

------------------
End of simulation.
------------------

------------------------------------
Reading input data for simulation 2.
------------------------------------

-------------------------------
End of Run after 1.577 Seconds.
-------------------------------

