   Input file: C:\Users\Kagiso\PHREEQC-Python\C3_Baseline_FREZ_eq_-016p0.pqi
  Output file: C:\Users\Kagiso\PHREEQC-Python\C3_Baseline_FREZ_eq_-016p0.out
Database file: C:\Program Files\USGS\phreeqc-3.8.6-17100-x64\database\frezchem.dat

------------------
Reading data base.
------------------

	PITZER
	SOLUTION_MASTER_SPECIES
	SOLUTION_SPECIES
	PHASES
	PITZER
	EXCHANGE_MASTER_SPECIES
	EXCHANGE_SPECIES
	SURFACE_MASTER_SPECIES
	SURFACE_SPECIES
	END
------------------------------------
Reading input data for simulation 1.
------------------------------------

	TITLE C3_Baseline FREZCHEM sequential FC at -16.00 C
	SOLUTION 1
	    temp -16.00000000
	    pH 6.5476000000
	    units mol/kgw
	    water 0.298430000000
	    Na 2.85514190932547e+00
	    K 7.24424488154676e-02
	    Mg 3.89806654826928e-01
	    Ca 6.25908923365613e-02
	    Cl 3.83976141808799e+00
	    S(6) 3.66551620145428e-02
	    C(4) 1.25818449887746e-02
	EQUILIBRIUM_PHASES 1
	    Ice(s)       0.0 0.0
	    Mirabilite   0.0 0.0
	    Halite       0.0 0.0
	    Hydrohalite  0.0 0.0
	    Calcite      0.0 0.0
	    Gypsum       0.0 0.0
	SELECTED_OUTPUT 1
	    file C:/Users/Kagiso/PHREEQC-Python/C3_Baseline_FREZ_eq_-016p0.txt
	    reset false
	    user_punch true
	USER_PUNCH 1
	    headings Temp_C pH Water_kg Alk_eq_kgw Mu aw Na_mol K_mol Mg_mol Ca_mol Cl_mol S6_mol C4_mol Na_m K_m Mg_m Ca_m Cl_m S6_m C4_m Na_act Cl_act SO4_act SI_Ice SI_Mirabilite SI_Halite SI_Hydrohalite SI_Calcite SI_Gypsum Ice_mol Mirabilite_mol Halite_mol Hydrohalite_mol Calcite_mol Gypsum_mol Iterations
	    10 PUNCH TC, -LA("H+"), TOT("water"), ALK, MU, ACT("H2O")
	    20 PUNCH TOTMOLE("Na"), TOTMOLE("K"), TOTMOLE("Mg"), TOTMOLE("Ca")
	    30 PUNCH TOTMOLE("Cl"), TOTMOLE("S(6)"), TOTMOLE("C(4)")
	    40 PUNCH TOT("Na"), TOT("K"), TOT("Mg"), TOT("Ca")
	    50 PUNCH TOT("Cl"), TOT("S(6)"), TOT("C(4)")
	    60 PUNCH ACT("Na+"), ACT("Cl-"), ACT("SO4-2")
	    70 PUNCH SI("Ice(s)"), SI("Mirabilite"), SI("Halite"), SI("Hydrohalite"), SI("Calcite"), SI("Gypsum")
	    80 PUNCH EQUI("Ice(s)"), EQUI("Mirabilite"), EQUI("Halite"), EQUI("Hydrohalite"), EQUI("Calcite"), EQUI("Gypsum")
	    90 PUNCH ITERATIONS
	END
-----
TITLE
-----

 C3_Baseline FREZCHEM sequential FC at -16.00 C

-------------------------------------------
Beginning of initial solution calculations.
-------------------------------------------

Initial solution 1.	

-----------------------------Solution composition------------------------------

	Elements           Molality       Moles

	C(4)              1.258e-02   3.755e-03
	Ca                6.259e-02   1.868e-02
	Cl                3.840e+00   1.146e+00
	K                 7.244e-02   2.162e-02
	Mg                3.898e-01   1.163e-01
	Na                2.855e+00   8.521e-01
	S(6)              3.666e-02   1.094e-02

----------------------------Description of solution----------------------------

                                       pH  =   6.548    
                                       pe  =   4.000    
      Specific Conductance (µS/cm, -16°C)  = 47672
                          Density (g/cm³)  =   1.15831
                               Volume (L)  =   0.31453
                        Activity of water  =   0.865
                 Ionic strength (mol/kgw)  =   4.366e+00
                       Mass of water (kg)  =   2.984e-01
                 Total alkalinity (eq/kg)  =   8.570e-03
                       Total CO2 (mol/kg)  =   1.258e-02
                         Temperature (°C)  = -16.00
                  Electrical balance (eq)  =  -2.664e-02
 Percent error, 100*(Cat-|An|)/(Cat+|An|)  =  -1.15
                               Iterations  =  16
                         Gamma iterations  =   5
                      Osmotic coefficient  =   1.10954
                         Density of water  =   0.99584
                                  Total H  = 3.313382e+01
                                  Total O  = 1.661946e+01

----------------------------Distribution of species----------------------------

                                                    Unscaled  Unscaled
                                Unscaled       Log       Log       Log    mole V
   Species          Molality    Activity  Molality  Activity     Gamma   cm³/mol

   H+              1.139e-07   2.834e-07    -6.943    -6.548     0.396      0.00
   OH-             1.172e-08   6.101e-10    -7.931    -9.215    -1.283     -3.97
   H2O             5.551e+01   8.648e-01     1.744    -0.063     0.000     18.09
C(4)          1.258e-02
   HCO3-           8.522e-03   3.427e-03    -2.069    -2.465    -0.396     34.31
   CO2             4.036e-03   8.003e-03    -2.394    -2.097     0.297     52.72
   MgCO3           1.456e-05   1.456e-05    -4.837    -4.837     0.000    -16.98
   CO3-2           9.467e-06   1.439e-07    -5.024    -6.842    -1.818     -0.75
   CaCO3           2.539e-12   2.539e-12   -11.595   -11.595     0.000     (0)  
Ca            6.259e-02
   Ca+2            6.259e-02   2.838e-02    -1.203    -1.547    -0.343    -21.67
   CaCO3           2.539e-12   2.539e-12   -11.595   -11.595     0.000     (0)  
Cl            3.840e+00
   Cl-             3.840e+00   3.034e+00     0.584     0.482    -0.102     16.16
K             7.244e-02
   K+              7.244e-02   2.948e-02    -1.140    -1.531    -0.390     10.61
Mg            3.898e-01
   Mg+2            3.898e-01   2.040e-01    -0.409    -0.690    -0.281    -18.63
   MgCO3           1.456e-05   1.456e-05    -4.837    -4.837     0.000    -16.98
   MgOH+           2.410e-08   1.524e-08    -7.618    -7.817    -0.199     (0)  
Na            2.855e+00
   Na+             2.855e+00   1.679e+00     0.456     0.225    -0.230     -1.87
S(6)          3.666e-02
   SO4-2           3.666e-02   7.173e-04    -1.436    -3.144    -1.708     10.82

------------------------------Saturation indices-------------------------------

  Phase               SI** log IAP   log K(257 K,   1 atm)

  Anhydrite        -0.67     -4.69   -4.02  CaSO4
  Antarcticite     -3.97     -0.96    3.01  CaCl2:6H2O
  Aphthitalite    -11.40    -21.31   -9.91  Na2SO4:3K2SO4
  Aragonite        -0.20     -8.39   -8.19  CaCO3
  Arcanite         -3.70     -6.21   -2.51  K2SO4
  Bischofite       -4.83     -0.10    4.72  MgCl2:6H2O
  Bloedite         -4.26     -6.78   -2.52  Na2Mg(SO4)2:4H2O
  Calcite          -0.03     -8.39   -8.36  CaCO3
  Carnallite       -4.64     -1.15    3.49  KMgCl3:6H2O
  CO2(g)           -1.31     -2.10   -0.79  CO2
  Dolomite          0.06    -15.92  -15.98  CaMg(CO3)2
  Epsomite         -1.82     -4.28   -2.46  MgSO4:7H2O
  Gypsum           -0.02     -4.82   -4.79  CaSO4:2H2O
  Halite           -0.70      0.71    1.41  NaCl
  Hexahydrite      -2.46     -4.21   -1.75  MgSO4:6H2O
  Hydrohalite      -0.42      0.58    1.00  NaCl:2H2O
  Hydromagnesite   -8.12    -41.91  -33.78  (MgCO3)3:Mg(OH)2:3H2O
  Ice(s)            0.00     -0.06   -0.07  H2O
  Ikaite           -1.11     -8.77   -7.66  CaCO3:6H2O
  Kalicinite       -3.61     -4.00   -0.38  KHCO3
  Kieserite        -5.31     -3.90    1.41  MgSO4:H2O
  Landsfordite     -3.06     -7.85   -4.78  MgCO3:5H2O
  Magnesite        -0.22     -7.53   -7.31  MgCO3
  Meridianite      -1.56     -4.53   -2.97  MgSO4:11H2O
  MgCl2:12H2O      -2.51     -0.48    2.02  MgCl2:12H2O
  MgCl2:8H2O       -3.77     -0.23    3.54  MgCl2:8H2O
  Mirabilite        0.04     -3.33   -3.37  Na2SO4:10H2O
  Na2CO3:7H2O      -5.38     -6.83   -1.46  Na2CO3:7H2O
  Nahcolite        -1.35     -2.24   -0.89  NaHCO3
  Natron           -4.66     -7.02   -2.36  Na2CO3:10H2O
  Nesquehonite     -3.07     -7.72   -4.65  MgCO3:3H2O
  Picromerite      -4.76    -10.42   -5.66  MgSO4:K2SO4:6H2O
  Sylvite          -1.35     -1.05    0.30  KCl
  Tachyhydrite    -20.20     -0.79   19.41  CaCl2:(MgCl2)2:12H2O
  Thenardite       -2.37     -2.69   -0.32  Na2SO4
  Trona            -7.28     -8.76   -1.47  Na3H(CO3)2:2H2O
  Vaterite         -0.72     -8.39   -7.67  CaCO3

**For a gas, SI = log10(fugacity). Fugacity = pressure * phi / 1 atm.
  For ideal gases, phi = 1.

-----------------------------------------
Beginning of batch-reaction calculations.
-----------------------------------------

Reaction step 1.

WARNING: Maximum iterations exceeded, 200

WARNING: Numerical method failed with this set of convergence parameters.

WARNING: Trying smaller step size, pe step size 10, 5 ... 

WARNING: Maximum iterations exceeded, 400

WARNING: Numerical method failed with this set of convergence parameters.

WARNING: Trying reduced tolerance 1e-16 ...

WARNING: Maximum iterations exceeded, 400

WARNING: Numerical method failed with this set of convergence parameters.

WARNING: Trying increased tolerance 1e-14 ...

WARNING: Maximum iterations exceeded, 400

WARNING: Numerical method failed with this set of convergence parameters.

WARNING: Trying diagonal scaling ...

Using solution 1.	
Using pure phase assemblage 1.	

-------------------------------Phase assemblage--------------------------------

                                                      Moles in assemblage
Phase               SI  log IAP  log K(T, P)   Initial       Final       Delta

Calcite           0.00    -8.36     -8.36    0.000e+00   1.896e-05   1.896e-05
Gypsum           -0.03    -4.82     -4.79    0.000e+00           0   0.000e+00
Halite           -0.64     0.77      1.41    0.000e+00           0   0.000e+00
Hydrohalite      -0.36     0.63      1.00    0.000e+00           0   0.000e+00
Ice(s)            0.00    -0.07     -0.07    0.000e+00   8.040e-01   8.040e-01
Mirabilite        0.00    -3.37     -3.37    0.000e+00   1.359e-03   1.359e-03

-----------------------------Solution composition------------------------------

	Elements           Molality       Moles

	C                 1.317e-02   3.736e-03
	Ca                6.577e-02   1.866e-02
	Cl                4.039e+00   1.146e+00
	K                 7.620e-02   2.162e-02
	Mg                4.100e-01   1.163e-01
	Na                2.994e+00   8.493e-01
	S                 3.377e-02   9.580e-03

----------------------------Description of solution----------------------------

                                       pH  =   6.508      Charge balance
                                       pe  =   4.000      Adjusted to redox equilibrium
      Specific Conductance (µS/cm, -16°C)  = 48882
                          Density (g/cm³)  =   1.16477
                               Volume (L)  =   0.29997
                        Activity of water  =   0.856
                 Ionic strength (mol/kgw)  =   4.578e+00
                       Mass of water (kg)  =   2.837e-01
                 Total alkalinity (eq/kg)  =   8.881e-03
                       Total CO2 (mol/kg)  =   1.317e-02
                         Temperature (°C)  = -16.00
                  Electrical balance (eq)  =  -2.664e-02
 Percent error, 100*(Cat-|An|)/(Cat+|An|)  =  -1.15
                               Iterations  =   9 (1413 overall)
                         Gamma iterations  =   1
                      Osmotic coefficient  =   1.13058
                         Density of water  =   0.99584
                                  Total H  = 3.149870e+01
                                  Total O  = 1.579640e+01

----------------------------Distribution of species----------------------------

                                                    Unscaled  Unscaled
                                Unscaled       Log       Log       Log    mole V
   Species          Molality    Activity  Molality  Activity     Gamma   cm³/mol

   H+              1.150e-07   3.107e-07    -6.939    -6.508     0.432      0.00
   OH-             1.175e-08   5.508e-10    -7.930    -9.259    -1.329     -3.71
   H2O             5.551e+01   8.560e-01     1.744    -0.068     0.000     18.09
C(4)          1.317e-02
   HCO3-           8.831e-03   3.478e-03    -2.054    -2.459    -0.405     35.19
   CO2             4.312e-03   8.994e-03    -2.365    -2.046     0.319     52.72
   MgCO3           1.589e-05   1.589e-05    -4.799    -4.799     0.000    -16.98
   CO3-2           9.303e-06   1.332e-07    -5.031    -6.876    -1.844      0.02
   CaCO3           2.691e-12   2.691e-12   -11.570   -11.570     0.000     (0)  
Ca            6.577e-02
   Ca+2            6.577e-02   3.250e-02    -1.182    -1.488    -0.306    -21.78
   CaCO3           2.691e-12   2.691e-12   -11.570   -11.570     0.000     (0)  
Cl            4.039e+00
   Cl-             4.039e+00   3.276e+00     0.606     0.515    -0.091     16.27
K             7.620e-02
   K+              7.620e-02   3.063e-02    -1.118    -1.514    -0.396     10.82
Mg            4.100e-01
   Mg+2            4.100e-01   2.407e-01    -0.387    -0.618    -0.231    -18.63
   MgCO3           1.589e-05   1.589e-05    -4.799    -4.799     0.000    -16.98
   MgOH+           2.651e-08   1.623e-08    -7.577    -7.790    -0.213     (0)  
Na            2.994e+00
   Na+             2.994e+00   1.790e+00     0.476     0.253    -0.223     -1.74
S(6)          3.377e-02
   SO4-2           3.377e-02   6.350e-04    -1.472    -3.197    -1.726     11.13

------------------------------Saturation indices-------------------------------

  Phase               SI** log IAP   log K(257 K,   1 atm)

  Anhydrite        -0.66     -4.69   -4.02  CaSO4
  Antarcticite     -3.87     -0.86    3.01  CaCl2:6H2O
  Aphthitalite    -11.46    -21.37   -9.91  Na2SO4:3K2SO4
  Aragonite        -0.18     -8.36   -8.19  CaCO3
  Arcanite         -3.72     -6.23   -2.51  K2SO4
  Bischofite       -4.72      0.01    4.72  MgCl2:6H2O
  Bloedite         -4.26     -6.78   -2.52  Na2Mg(SO4)2:4H2O
  Calcite           0.00     -8.36   -8.36  CaCO3
  Carnallite       -4.48     -0.99    3.49  KMgCl3:6H2O
  CO2(g)           -1.26     -2.05   -0.79  CO2
  Dolomite          0.12    -15.86  -15.98  CaMg(CO3)2
  Epsomite         -1.83     -4.29   -2.46  MgSO4:7H2O
  Gypsum           -0.03     -4.82   -4.79  CaSO4:2H2O
  Halite           -0.64      0.77    1.41  NaCl
  Hexahydrite      -2.47     -4.22   -1.75  MgSO4:6H2O
  Hydrohalite      -0.36      0.63    1.00  NaCl:2H2O
  Hydromagnesite   -8.04    -41.82  -33.78  (MgCO3)3:Mg(OH)2:3H2O
  Ice(s)            0.00     -0.07   -0.07  H2O
  Ikaite           -1.11     -8.77   -7.66  CaCO3:6H2O
  Kalicinite       -3.59     -3.97   -0.38  KHCO3
  Kieserite        -5.30     -3.88    1.41  MgSO4:H2O
  Landsfordite     -3.05     -7.83   -4.78  MgCO3:5H2O
  Magnesite        -0.18     -7.49   -7.31  MgCO3
  Meridianite      -1.58     -4.56   -2.97  MgSO4:11H2O
  MgCl2:12H2O      -2.42     -0.40    2.02  MgCl2:12H2O
  MgCl2:8H2O       -3.67     -0.13    3.54  MgCl2:8H2O
  Mirabilite        0.00     -3.37   -3.37  Na2SO4:10H2O
  Na2CO3:7H2O      -5.39     -6.84   -1.46  Na2CO3:7H2O
  Nahcolite        -1.31     -2.21   -0.89  NaHCO3
  Natron           -4.68     -7.05   -2.36  Na2CO3:10H2O
  Nesquehonite     -3.05     -7.70   -4.65  MgCO3:3H2O
  Picromerite      -4.79    -10.45   -5.66  MgSO4:K2SO4:6H2O
  Sylvite          -1.30     -1.00    0.30  KCl
  Tachyhydrite    -19.85     -0.44   19.41  CaCl2:(MgCl2)2:12H2O
  Thenardite       -2.37     -2.69   -0.32  Na2SO4
  Trona            -7.24     -8.71   -1.47  Na3H(CO3)2:2H2O
  Vaterite         -0.69     -8.36   -7.67  CaCO3

**For a gas, SI = log10(fugacity). Fugacity = pressure * phi / 1 atm.
  For ideal gases, phi = 1.

------------------
End of simulation.
------------------

------------------------------------
Reading input data for simulation 2.
------------------------------------

-------------------------------
End of Run after 1.817 Seconds.
-------------------------------

