   Input file: C:\Users\Kagiso\PHREEQC-Python\C3_Baseline_FREZ_pre_-005p0.pqi
  Output file: C:\Users\Kagiso\PHREEQC-Python\C3_Baseline_FREZ_pre_-005p0.out
Database file: C:\Program Files\USGS\phreeqc-3.8.6-17100-x64\database\frezchem.dat

------------------
Reading data base.
------------------

	PITZER
	SOLUTION_MASTER_SPECIES
	SOLUTION_SPECIES
	PHASES
	PITZER
	EXCHANGE_MASTER_SPECIES
	EXCHANGE_SPECIES
	SURFACE_MASTER_SPECIES
	SURFACE_SPECIES
	END
------------------------------------
Reading input data for simulation 1.
------------------------------------

	TITLE C3_Baseline FREZCHEM sequential FC at -5.00 C
	SOLUTION 1
	    temp -5.00000000
	    pH 6.9694000000
	    units mol/kgw
	    water 0.980180000000
	    Na 9.58038319492338e-01
	    K 2.20561529514987e-02
	    Mg 1.18682282846008e-01
	    Ca 2.45730376053378e-02
	    Cl 1.16907098696158e+00
	    S(6) 6.08643310412373e-02
	    C(4) 4.01946581240180e-03
	SELECTED_OUTPUT 1
	    file C:/Users/Kagiso/PHREEQC-Python/C3_Baseline_FREZ_pre_-005p0.txt
	    reset false
	    user_punch true
	USER_PUNCH 1
	    headings Temp_C pH Water_kg Alk_eq_kgw Mu aw Na_mol K_mol Mg_mol Ca_mol Cl_mol S6_mol C4_mol Na_m K_m Mg_m Ca_m Cl_m S6_m C4_m Na_act Cl_act SO4_act SI_Ice SI_Mirabilite SI_Halite SI_Hydrohalite SI_Calcite SI_Gypsum Iterations
	    10 PUNCH TC, -LA("H+"), TOT("water"), ALK, MU, ACT("H2O")
	    20 PUNCH TOTMOLE("Na"), TOTMOLE("K"), TOTMOLE("Mg"), TOTMOLE("Ca")
	    30 PUNCH TOTMOLE("Cl"), TOTMOLE("S(6)"), TOTMOLE("C(4)")
	    40 PUNCH TOT("Na"), TOT("K"), TOT("Mg"), TOT("Ca")
	    50 PUNCH TOT("Cl"), TOT("S(6)"), TOT("C(4)")
	    60 PUNCH ACT("Na+"), ACT("Cl-"), ACT("SO4-2")
	    70 PUNCH SI("Ice(s)"), SI("Mirabilite"), SI("Halite"), SI("Hydrohalite"), SI("Calcite"), SI("Gypsum")
	    80 PUNCH ITERATIONS
	END
-----
TITLE
-----

 C3_Baseline FREZCHEM sequential FC at -5.00 C

-------------------------------------------
Beginning of initial solution calculations.
-------------------------------------------

Initial solution 1.	

-----------------------------Solution composition------------------------------

	Elements           Molality       Moles

	C(4)              4.019e-03   3.940e-03
	Ca                2.457e-02   2.409e-02
	Cl                1.169e+00   1.146e+00
	K                 2.206e-02   2.162e-02
	Mg                1.187e-01   1.163e-01
	Na                9.580e-01   9.390e-01
	S(6)              6.086e-02   5.966e-02

----------------------------Description of solution----------------------------

                                       pH  =   6.969    
                                       pe  =   4.000    
      Specific Conductance (µS/cm,  -5°C)  = 37401
                          Density (g/cm³)  =   1.05657
                               Volume (L)  =   0.99661
                        Activity of water  =   0.962
                 Ionic strength (mol/kgw)  =   1.485e+00
                       Mass of water (kg)  =   9.802e-01
                 Total alkalinity (eq/kg)  =   3.379e-03
                       Total CO2 (mol/kg)  =   4.019e-03
                         Temperature (°C)  =  -5.00
                  Electrical balance (eq)  =  -2.703e-02
 Percent error, 100*(Cat-|An|)/(Cat+|An|)  =  -1.08
                               Iterations  =  13
                         Gamma iterations  =   4
                      Osmotic coefficient  =   0.90701
                         Density of water  =   0.99926
                                  Total H  = 1.088215e+02
                                  Total O  = 5.465892e+01

----------------------------Distribution of species----------------------------

                                                    Unscaled  Unscaled
                                Unscaled       Log       Log       Log    mole V
   Species          Molality    Activity  Molality  Activity     Gamma   cm³/mol

   H+              1.257e-07   1.073e-07    -6.901    -6.969    -0.069      0.00
   OH-             2.170e-08   6.190e-09    -7.664    -8.208    -0.545     -4.55
   H2O             5.551e+01   9.622e-01     1.744    -0.017     0.000     18.03
C(4)          4.019e-03
   HCO3-           3.360e-03   1.693e-03    -2.474    -2.771    -0.298     25.24
   CO2             6.498e-04   8.453e-04    -3.187    -3.073     0.114     41.62
   CO3-2           5.373e-06   3.069e-07    -5.270    -6.513    -1.243     -4.98
   MgCO3           3.962e-06   3.962e-06    -5.402    -5.402     0.000    -17.03
   CaCO3           1.172e-12   1.172e-12   -11.931   -11.931     0.000     (0)  
Ca            2.457e-02
   Ca+2            2.457e-02   4.646e-03    -1.610    -2.333    -0.723    -18.24
   CaCO3           1.172e-12   1.172e-12   -11.931   -11.931     0.000     (0)  
Cl            1.169e+00
   Cl-             1.169e+00   7.748e-01     0.068    -0.111    -0.179     16.85
K             2.206e-02
   K+              2.206e-02   1.158e-02    -1.656    -1.936    -0.280      8.74
Mg            1.187e-01
   Mg+2            1.187e-01   2.284e-02    -0.926    -1.641    -0.716    -19.14
   MgCO3           3.962e-06   3.962e-06    -5.402    -5.402     0.000    -17.03
   MgOH+           1.985e-08   1.728e-08    -7.702    -7.762    -0.060     (0)  
Na            9.580e-01
   Na+             9.580e-01   5.549e-01    -0.019    -0.256    -0.237     -2.15
S(6)          6.086e-02
   SO4-2           6.086e-02   3.618e-03    -1.216    -2.442    -1.226     13.14

------------------------------Saturation indices-------------------------------

  Phase               SI** log IAP   log K(268 K,   1 atm)

  Anhydrite        -0.73     -4.77   -4.04  CaSO4
  Antarcticite     -5.83     -2.65    3.18  CaCl2:6H2O
  Aphthitalite    -12.72    -21.90   -9.18  Na2SO4:3K2SO4
  Aragonite        -0.64     -8.85   -8.20  CaCO3
  Arcanite         -4.02     -6.31   -2.29  K2SO4
  Bischofite       -6.71     -1.96    4.75  MgCl2:6H2O
  Bloedite         -4.62     -7.10   -2.48  Na2Mg(SO4)2:4H2O
  Calcite          -0.47     -8.85   -8.37  CaCO3
  Carnallite       -7.79     -4.01    3.78  KMgCl3:6H2O
  CO2(g)           -2.06     -3.07   -1.02  CO2
  Dolomite         -0.69    -17.00  -16.31  CaMg(CO3)2
  Epsomite         -1.92     -4.20   -2.28  MgSO4:7H2O
  Gypsum           -0.12     -4.81   -4.69  CaSO4:2H2O
  Halite           -1.84     -0.37    1.47  NaCl
  Hexahydrite      -2.47     -4.18   -1.72  MgSO4:6H2O
  Hydrohalite      -1.58     -0.40    1.18  NaCl:2H2O
  Hydromagnesite   -7.90    -42.57  -34.67  (MgCO3)3:Mg(OH)2:3H2O
  Ice(s)            0.00     -0.02   -0.02  H2O
  Ikaite           -1.61     -8.95   -7.34  CaCO3:6H2O
  Kalicinite       -4.47     -4.71   -0.23  KHCO3
  Kieserite        -4.89     -4.10    0.79  MgSO4:H2O
  Landsfordite     -3.11     -8.24   -5.13  MgCO3:5H2O
  Magnesite        -0.63     -8.15   -7.52  MgCO3
  Meridianite      -1.74     -4.27   -2.53  MgSO4:11H2O
  MgCl2:12H2O      -4.62     -2.06    2.56  MgCl2:12H2O
  MgCl2:8H2O       -5.76     -2.00    3.77  MgCl2:8H2O
  Mirabilite       -0.34     -3.12   -2.78  Na2SO4:10H2O
  Na2CO3:7H2O      -5.96     -7.14   -1.18  Na2CO3:7H2O
  Nahcolite        -2.25     -3.03   -0.78  NaHCO3
  Natron           -5.21     -7.19   -1.98  Na2CO3:10H2O
  Nesquehonite     -3.27     -8.20   -4.94  MgCO3:3H2O
  Picromerite      -5.29    -10.50   -5.21  MgSO4:K2SO4:6H2O
  Sylvite          -2.54     -2.05    0.50  KCl
  Tachyhydrite    -25.22     -6.48   18.74  CaCl2:(MgCl2)2:12H2O
  Thenardite       -2.64     -2.95   -0.31  Na2SO4
  Trona            -8.73    -10.09   -1.35  Na3H(CO3)2:2H2O
  Vaterite         -1.13     -8.85   -7.72  CaCO3

**For a gas, SI = log10(fugacity). Fugacity = pressure * phi / 1 atm.
  For ideal gases, phi = 1.

------------------
End of simulation.
------------------

------------------------------------
Reading input data for simulation 2.
------------------------------------

-------------------------------
End of Run after 1.065 Seconds.
-------------------------------

