   Input file: C:\Users\Kagiso\PHREEQC-Python\C3_Baseline_FREZ_eq_+019p0.pqi
  Output file: C:\Users\Kagiso\PHREEQC-Python\C3_Baseline_FREZ_eq_+019p0.out
Database file: C:\Program Files\USGS\phreeqc-3.8.6-17100-x64\database\frezchem.dat

------------------
Reading data base.
------------------

	PITZER
	SOLUTION_MASTER_SPECIES
	SOLUTION_SPECIES
	PHASES
	PITZER
	EXCHANGE_MASTER_SPECIES
	EXCHANGE_SPECIES
	SURFACE_MASTER_SPECIES
	SURFACE_SPECIES
	END
------------------------------------
Reading input data for simulation 1.
------------------------------------

	TITLE C3_Baseline FREZCHEM sequential FC at 19.00 C
	SOLUTION 1
	    temp 19.00000000
	    pH 6.9723000000
	    units mol/kgw
	    water 1.000000000000
	    Na 9.39050000000000e-01
	    K 2.16190000000000e-02
	    Mg 1.16330000000000e-01
	    Ca 2.40860000000000e-02
	    Cl 1.14590000000000e+00
	    S(6) 5.96580000000000e-02
	    C(4) 3.93980000000000e-03
	EQUILIBRIUM_PHASES 1
	    Ice(s)       0.0 0.0
	    Mirabilite   0.0 0.0
	    Halite       0.0 0.0
	    Hydrohalite  0.0 0.0
	    Calcite      0.0 0.0
	    Gypsum       0.0 0.0
	SELECTED_OUTPUT 1
	    file C:/Users/Kagiso/PHREEQC-Python/C3_Baseline_FREZ_eq_+019p0.txt
	    reset false
	    user_punch true
	USER_PUNCH 1
	    headings Temp_C pH Water_kg Alk_eq_kgw Mu aw Na_mol K_mol Mg_mol Ca_mol Cl_mol S6_mol C4_mol Na_m K_m Mg_m Ca_m Cl_m S6_m C4_m Na_act Cl_act SO4_act SI_Ice SI_Mirabilite SI_Halite SI_Hydrohalite SI_Calcite SI_Gypsum Ice_mol Mirabilite_mol Halite_mol Hydrohalite_mol Calcite_mol Gypsum_mol Iterations
	    10 PUNCH TC, -LA("H+"), TOT("water"), ALK, MU, ACT("H2O")
	    20 PUNCH TOTMOLE("Na"), TOTMOLE("K"), TOTMOLE("Mg"), TOTMOLE("Ca")
	    30 PUNCH TOTMOLE("Cl"), TOTMOLE("S(6)"), TOTMOLE("C(4)")
	    40 PUNCH TOT("Na"), TOT("K"), TOT("Mg"), TOT("Ca")
	    50 PUNCH TOT("Cl"), TOT("S(6)"), TOT("C(4)")
	    60 PUNCH ACT("Na+"), ACT("Cl-"), ACT("SO4-2")
	    70 PUNCH SI("Ice(s)"), SI("Mirabilite"), SI("Halite"), SI("Hydrohalite"), SI("Calcite"), SI("Gypsum")
	    80 PUNCH EQUI("Ice(s)"), EQUI("Mirabilite"), EQUI("Halite"), EQUI("Hydrohalite"), EQUI("Calcite"), EQUI("Gypsum")
	    90 PUNCH ITERATIONS
	END
-----
TITLE
-----

 C3_Baseline FREZCHEM sequential FC at 19.00 C

-------------------------------------------
Beginning of initial solution calculations.
-------------------------------------------

Initial solution 1.	

-----------------------------Solution composition------------------------------

	Elements           Molality       Moles

	C(4)              3.940e-03   3.940e-03
	Ca                2.409e-02   2.409e-02
	Cl                1.146e+00   1.146e+00
	K                 2.162e-02   2.162e-02
	Mg                1.163e-01   1.163e-01
	Na                9.390e-01   9.390e-01
	S(6)              5.966e-02   5.966e-02

----------------------------Description of solution----------------------------

                                       pH  =   6.972    
                                       pe  =   4.000    
      Specific Conductance (µS/cm,  19°C)  = 75995
                          Density (g/cm³)  =   1.05001
                               Volume (L)  =   1.02172
                        Activity of water  =   0.962
                 Ionic strength (mol/kgw)  =   1.455e+00
                       Mass of water (kg)  =   1.000e+00
                 Total alkalinity (eq/kg)  =   3.596e-03
                       Total CO2 (mol/kg)  =   3.940e-03
                         Temperature (°C)  =  19.00
                  Electrical balance (eq)  =  -2.731e-02
 Percent error, 100*(Cat-|An|)/(Cat+|An|)  =  -1.09
                               Iterations  =  13
                         Gamma iterations  =   4
                      Osmotic coefficient  =   0.93204
                         Density of water  =   0.99840
                                  Total H  = 1.110221e+02
                                  Total O  = 5.575938e+01

----------------------------Distribution of species----------------------------

                                                    Unscaled  Unscaled
                                Unscaled       Log       Log       Log    mole V
   Species          Molality    Activity  Molality  Activity     Gamma   cm³/mol

   OH-             1.623e-07   5.728e-08    -6.790    -7.242    -0.452     -1.75
   H+              1.325e-07   1.066e-07    -6.878    -6.972    -0.094      0.00
   H2O             5.551e+01   9.619e-01     1.744    -0.017     0.000     18.04
C(4)          3.940e-03
   HCO3-           3.543e-03   1.779e-03    -2.451    -2.750    -0.299     27.92
   CO2             3.704e-04   4.823e-04    -3.431    -3.317     0.115     30.65
   MgCO3           1.387e-05   1.387e-05    -4.858    -4.858     0.000    -17.08
   CO3-2           1.212e-05   6.867e-07    -4.917    -6.163    -1.247      0.85
   CaCO3           2.301e-12   2.301e-12   -11.638   -11.638     0.000     (0)  
Ca            2.409e-02
   Ca+2            2.409e-02   4.268e-03    -1.618    -2.370    -0.752    -16.42
   CaCO3           2.301e-12   2.301e-12   -11.638   -11.638     0.000     (0)  
Cl            1.146e+00
   Cl-             1.146e+00   7.992e-01     0.059    -0.097    -0.156     18.89
K             2.162e-02
   K+              2.162e-02   1.169e-02    -1.665    -1.932    -0.267      9.90
Mg            1.163e-01
   Mg+2            1.163e-01   2.596e-02    -0.934    -1.586    -0.651    -19.76
   MgCO3           1.387e-05   1.387e-05    -4.858    -4.858     0.000    -17.08
   MgOH+           2.549e-07   2.131e-07    -6.594    -6.671    -0.078     (0)  
Na            9.390e-01
   Na+             9.390e-01   5.717e-01    -0.027    -0.243    -0.216     -0.34
S(6)          5.966e-02
   SO4-2           5.966e-02   4.106e-03    -1.224    -2.387    -1.162     19.59

------------------------------Saturation indices-------------------------------

  Phase               SI** log IAP   log K(292 K,   1 atm)

  Anhydrite        -0.55     -4.76   -4.20  CaSO4
  Antarcticite     -6.32     -2.67    3.66  CaCl2:6H2O
  Aphthitalite    -14.04    -21.63   -7.59  Na2SO4:3K2SO4
  Aragonite        -0.23     -8.53   -8.30  CaCO3
  Arcanite         -4.38     -6.25   -1.87  K2SO4
  Bischofite       -6.55     -1.88    4.67  MgCl2:6H2O
  Bloedite         -4.52     -6.91   -2.39  Na2Mg(SO4)2:4H2O
  Calcite          -0.08     -8.53   -8.45  CaCO3
  Carnallite       -8.13     -3.91    4.22  KMgCl3:6H2O
  CO2(g)           -1.92     -3.32   -1.39  CO2
  Dolomite          0.66    -16.28  -16.94  CaMg(CO3)2
  Epsomite         -2.13     -4.09   -1.96  MgSO4:7H2O
  Gypsum           -0.19     -4.79   -4.60  CaSO4:2H2O
  Halite           -1.90     -0.34    1.56  NaCl
  Hexahydrite      -2.43     -4.07   -1.64  MgSO4:6H2O
  Hydrohalite      -1.85     -0.37    1.48  NaCl:2H2O
  Hydromagnesite   -2.98    -39.37  -36.38  (MgCO3)3:Mg(OH)2:3H2O
  Ice(s)           -0.09     -0.02    0.08  H2O
  Ikaite           -1.91     -8.63   -6.72  CaCO3:6H2O
  Kalicinite       -4.79     -4.68    0.10  KHCO3
  Kieserite        -3.90     -3.99   -0.09  MgSO4:H2O
  Landsfordite     -2.71     -7.83   -5.12  MgCO3:5H2O
  Magnesite         0.19     -7.75   -7.94  MgCO3
  Meridianite      -2.61     -4.16   -1.55  MgSO4:11H2O
  MgCl2:12H2O      -6.17     -1.98    4.19  MgCl2:12H2O
  MgCl2:8H2O       -6.02     -1.92    4.10  MgCl2:8H2O
  Mirabilite       -1.52     -3.04   -1.52  Na2SO4:10H2O
  Na2CO3:7H2O      -6.18     -6.77   -0.59  Na2CO3:7H2O
  Nahcolite        -2.52     -2.99   -0.47  NaHCO3
  Natron           -5.76     -6.82   -1.06  Na2CO3:10H2O
  Nesquehonite     -2.51     -7.80   -5.29  MgCO3:3H2O
  Picromerite      -5.82    -10.32   -4.50  MgSO4:K2SO4:6H2O
  Sylvite          -2.86     -2.03    0.83  KCl
  Tachyhydrite    -23.62     -6.33   17.30  CaCl2:(MgCl2)2:12H2O
  Thenardite       -2.58     -2.87   -0.29  Na2SO4
  Trona            -8.59     -9.68   -1.08  Na3H(CO3)2:2H2O
  Vaterite         -0.67     -8.53   -7.87  CaCO3

**For a gas, SI = log10(fugacity). Fugacity = pressure * phi / 1 atm.
  For ideal gases, phi = 1.

-----------------------------------------
Beginning of batch-reaction calculations.
-----------------------------------------

Reaction step 1.

Using solution 1.	
Using pure phase assemblage 1.	

-------------------------------Phase assemblage--------------------------------

                                                      Moles in assemblage
Phase               SI  log IAP  log K(T, P)   Initial       Final       Delta

Calcite          -0.08    -8.53     -8.45    0.000e+00           0   0.000e+00
Gypsum           -0.19    -4.79     -4.60    0.000e+00           0   0.000e+00
Halite           -1.90    -0.34      1.56    0.000e+00           0   0.000e+00
Hydrohalite      -1.85    -0.37      1.48    0.000e+00           0   0.000e+00
Ice(s)           -0.09    -0.02      0.08    0.000e+00           0   0.000e+00
Mirabilite       -1.52    -3.04     -1.52    0.000e+00           0   0.000e+00

-----------------------------Solution composition------------------------------

	Elements           Molality       Moles

	C                 3.940e-03   3.940e-03
	Ca                2.409e-02   2.409e-02
	Cl                1.146e+00   1.146e+00
	K                 2.162e-02   2.162e-02
	Mg                1.163e-01   1.163e-01
	Na                9.390e-01   9.390e-01
	S                 5.966e-02   5.966e-02

----------------------------Description of solution----------------------------

                                       pH  =   6.972      Charge balance
                                       pe  =   4.000      Adjusted to redox equilibrium
      Specific Conductance (µS/cm,  19°C)  = 75995
                          Density (g/cm³)  =   1.05001
                               Volume (L)  =   1.02172
                        Activity of water  =   0.962
                 Ionic strength (mol/kgw)  =   1.455e+00
                       Mass of water (kg)  =   1.000e+00
                 Total alkalinity (eq/kg)  =   3.596e-03
                       Total CO2 (mol/kg)  =   3.940e-03
                         Temperature (°C)  =  19.00
                  Electrical balance (eq)  =  -2.731e-02
 Percent error, 100*(Cat-|An|)/(Cat+|An|)  =  -1.09
                               Iterations  =   1
                         Gamma iterations  =   1
                      Osmotic coefficient  =   0.93204
                         Density of water  =   0.99840
                                  Total H  = 1.110221e+02
                                  Total O  = 5.575938e+01

----------------------------Distribution of species----------------------------

                                                    Unscaled  Unscaled
                                Unscaled       Log       Log       Log    mole V
   Species          Molality    Activity  Molality  Activity     Gamma   cm³/mol

   OH-             1.623e-07   5.728e-08    -6.790    -7.242    -0.452     -1.75
   H+              1.325e-07   1.066e-07    -6.878    -6.972    -0.094      0.00
   H2O             5.551e+01   9.619e-01     1.744    -0.017     0.000     18.04
C(4)          3.940e-03
   HCO3-           3.543e-03   1.779e-03    -2.451    -2.750    -0.299     27.92
   CO2             3.704e-04   4.823e-04    -3.431    -3.317     0.115     30.65
   MgCO3           1.387e-05   1.387e-05    -4.858    -4.858     0.000    -17.08
   CO3-2           1.212e-05   6.867e-07    -4.917    -6.163    -1.247      0.85
   CaCO3           2.301e-12   2.301e-12   -11.638   -11.638     0.000     (0)  
Ca            2.409e-02
   Ca+2            2.409e-02   4.268e-03    -1.618    -2.370    -0.752    -16.42
   CaCO3           2.301e-12   2.301e-12   -11.638   -11.638     0.000     (0)  
Cl            1.146e+00
   Cl-             1.146e+00   7.992e-01     0.059    -0.097    -0.156     18.89
K             2.162e-02
   K+              2.162e-02   1.169e-02    -1.665    -1.932    -0.267      9.90
Mg            1.163e-01
   Mg+2            1.163e-01   2.596e-02    -0.934    -1.586    -0.651    -19.76
   MgCO3           1.387e-05   1.387e-05    -4.858    -4.858     0.000    -17.08
   MgOH+           2.549e-07   2.131e-07    -6.594    -6.671    -0.078     (0)  
Na            9.390e-01
   Na+             9.390e-01   5.717e-01    -0.027    -0.243    -0.216     -0.34
S(6)          5.966e-02
   SO4-2           5.966e-02   4.106e-03    -1.224    -2.387    -1.162     19.59

------------------------------Saturation indices-------------------------------

  Phase               SI** log IAP   log K(292 K,   1 atm)

  Anhydrite        -0.55     -4.76   -4.20  CaSO4
  Antarcticite     -6.32     -2.67    3.66  CaCl2:6H2O
  Aphthitalite    -14.04    -21.63   -7.59  Na2SO4:3K2SO4
  Aragonite        -0.23     -8.53   -8.30  CaCO3
  Arcanite         -4.38     -6.25   -1.87  K2SO4
  Bischofite       -6.55     -1.88    4.67  MgCl2:6H2O
  Bloedite         -4.52     -6.91   -2.39  Na2Mg(SO4)2:4H2O
  Calcite          -0.08     -8.53   -8.45  CaCO3
  Carnallite       -8.13     -3.91    4.22  KMgCl3:6H2O
  CO2(g)           -1.92     -3.32   -1.39  CO2
  Dolomite          0.66    -16.28  -16.94  CaMg(CO3)2
  Epsomite         -2.13     -4.09   -1.96  MgSO4:7H2O
  Gypsum           -0.19     -4.79   -4.60  CaSO4:2H2O
  Halite           -1.90     -0.34    1.56  NaCl
  Hexahydrite      -2.43     -4.07   -1.64  MgSO4:6H2O
  Hydrohalite      -1.85     -0.37    1.48  NaCl:2H2O
  Hydromagnesite   -2.98    -39.37  -36.38  (MgCO3)3:Mg(OH)2:3H2O
  Ice(s)           -0.09     -0.02    0.08  H2O
  Ikaite           -1.91     -8.63   -6.72  CaCO3:6H2O
  Kalicinite       -4.79     -4.68    0.10  KHCO3
  Kieserite        -3.90     -3.99   -0.09  MgSO4:H2O
  Landsfordite     -2.71     -7.83   -5.12  MgCO3:5H2O
  Magnesite         0.19     -7.75   -7.94  MgCO3
  Meridianite      -2.61     -4.16   -1.55  MgSO4:11H2O
  MgCl2:12H2O      -6.17     -1.98    4.19  MgCl2:12H2O
  MgCl2:8H2O       -6.02     -1.92    4.10  MgCl2:8H2O
  Mirabilite       -1.52     -3.04   -1.52  Na2SO4:10H2O
  Na2CO3:7H2O      -6.18     -6.77   -0.59  Na2CO3:7H2O
  Nahcolite        -2.52     -2.99   -0.47  NaHCO3
  Natron           -5.76     -6.82   -1.06  Na2CO3:10H2O
  Nesquehonite     -2.51     -7.80   -5.29  MgCO3:3H2O
  Picromerite      -5.82    -10.32   -4.50  MgSO4:K2SO4:6H2O
  Sylvite          -2.86     -2.03    0.83  KCl
  Tachyhydrite    -23.62     -6.33   17.30  CaCl2:(MgCl2)2:12H2O
  Thenardite       -2.58     -2.87   -0.29  Na2SO4
  Trona            -8.59     -9.68   -1.08  Na3H(CO3)2:2H2O
  Vaterite         -0.67     -8.53   -7.87  CaCO3

**For a gas, SI = log10(fugacity). Fugacity = pressure * phi / 1 atm.
  For ideal gases, phi = 1.

------------------
End of simulation.
------------------

------------------------------------
Reading input data for simulation 2.
------------------------------------

-------------------------------
End of Run after 1.093 Seconds.
-------------------------------

