   Input file: C:\Users\Kagiso\PHREEQC-Python\C3_Baseline_FREZ_pre_+012p0.pqi
  Output file: C:\Users\Kagiso\PHREEQC-Python\C3_Baseline_FREZ_pre_+012p0.out
Database file: C:\Program Files\USGS\phreeqc-3.8.6-17100-x64\database\frezchem.dat

------------------
Reading data base.
------------------

	PITZER
	SOLUTION_MASTER_SPECIES
	SOLUTION_SPECIES
	PHASES
	PITZER
	EXCHANGE_MASTER_SPECIES
	EXCHANGE_SPECIES
	SURFACE_MASTER_SPECIES
	SURFACE_SPECIES
	END
------------------------------------
Reading input data for simulation 1.
------------------------------------

	TITLE C3_Baseline FREZCHEM sequential FC at 12.00 C
	SOLUTION 1
	    temp 12.00000000
	    pH 6.9723000000
	    units mol/kgw
	    water 1.000000000000
	    Na 9.39050000000000e-01
	    K 2.16190000000000e-02
	    Mg 1.16330000000000e-01
	    Ca 2.40860000000000e-02
	    Cl 1.14590000000000e+00
	    S(6) 5.96580000000000e-02
	    C(4) 3.93980000000000e-03
	SELECTED_OUTPUT 1
	    file C:/Users/Kagiso/PHREEQC-Python/C3_Baseline_FREZ_pre_+012p0.txt
	    reset false
	    user_punch true
	USER_PUNCH 1
	    headings Temp_C pH Water_kg Alk_eq_kgw Mu aw Na_mol K_mol Mg_mol Ca_mol Cl_mol S6_mol C4_mol Na_m K_m Mg_m Ca_m Cl_m S6_m C4_m Na_act Cl_act SO4_act SI_Ice SI_Mirabilite SI_Halite SI_Hydrohalite SI_Calcite SI_Gypsum Iterations
	    10 PUNCH TC, -LA("H+"), TOT("water"), ALK, MU, ACT("H2O")
	    20 PUNCH TOTMOLE("Na"), TOTMOLE("K"), TOTMOLE("Mg"), TOTMOLE("Ca")
	    30 PUNCH TOTMOLE("Cl"), TOTMOLE("S(6)"), TOTMOLE("C(4)")
	    40 PUNCH TOT("Na"), TOT("K"), TOT("Mg"), TOT("Ca")
	    50 PUNCH TOT("Cl"), TOT("S(6)"), TOT("C(4)")
	    60 PUNCH ACT("Na+"), ACT("Cl-"), ACT("SO4-2")
	    70 PUNCH SI("Ice(s)"), SI("Mirabilite"), SI("Halite"), SI("Hydrohalite"), SI("Calcite"), SI("Gypsum")
	    80 PUNCH ITERATIONS
	END
-----
TITLE
-----

 C3_Baseline FREZCHEM sequential FC at 12.00 C

-------------------------------------------
Beginning of initial solution calculations.
-------------------------------------------

Initial solution 1.	

-----------------------------Solution composition------------------------------

	Elements           Molality       Moles

	C(4)              3.940e-03   3.940e-03
	Ca                2.409e-02   2.409e-02
	Cl                1.146e+00   1.146e+00
	K                 2.162e-02   2.162e-02
	Mg                1.163e-01   1.163e-01
	Na                9.390e-01   9.390e-01
	S(6)              5.966e-02   5.966e-02

----------------------------Description of solution----------------------------

                                       pH  =   6.972    
                                       pe  =   4.000    
      Specific Conductance (µS/cm,  12°C)  = 63579
                          Density (g/cm³)  =   1.05200
                               Volume (L)  =   1.01979
                        Activity of water  =   0.962
                 Ionic strength (mol/kgw)  =   1.455e+00
                       Mass of water (kg)  =   1.000e+00
                 Total alkalinity (eq/kg)  =   3.548e-03
                       Total CO2 (mol/kg)  =   3.940e-03
                         Temperature (°C)  =  12.00
                  Electrical balance (eq)  =  -2.726e-02
 Percent error, 100*(Cat-|An|)/(Cat+|An|)  =  -1.09
                               Iterations  =  13
                         Gamma iterations  =   4
                      Osmotic coefficient  =   0.92640
                         Density of water  =   0.99950
                                  Total H  = 1.110221e+02
                                  Total O  = 5.575934e+01

----------------------------Distribution of species----------------------------

                                                    Unscaled  Unscaled
                                Unscaled       Log       Log       Log    mole V
   Species          Molality    Activity  Molality  Activity     Gamma   cm³/mol

   H+              1.306e-07   1.066e-07    -6.884    -6.972    -0.088      0.00
   OH-             9.445e-08   3.190e-08    -7.025    -7.496    -0.471     -2.28
   H2O             5.551e+01   9.622e-01     1.744    -0.017     0.000     18.03
C(4)          3.940e-03
   HCO3-           3.508e-03   1.750e-03    -2.455    -2.757    -0.302     27.39
   CO2             4.122e-04   5.396e-04    -3.385    -3.268     0.117     32.89
   MgCO3           1.008e-05   1.008e-05    -4.997    -4.997     0.000    -17.07
   CO3-2           9.800e-06   5.650e-07    -5.009    -6.248    -1.239     -0.22
   CaCO3           2.104e-12   2.104e-12   -11.677   -11.677     0.000     (0)  
Ca            2.409e-02
   Ca+2            2.409e-02   4.358e-03    -1.618    -2.361    -0.742    -16.75
   CaCO3           2.104e-12   2.104e-12   -11.677   -11.677     0.000     (0)  
Cl            1.146e+00
   Cl-             1.146e+00   7.918e-01     0.059    -0.101    -0.161     18.52
K             2.162e-02
   K+              2.162e-02   1.165e-02    -1.665    -1.934    -0.269      9.65
Mg            1.163e-01
   Mg+2            1.163e-01   2.526e-02    -0.934    -1.598    -0.663    -19.59
   MgCO3           1.008e-05   1.008e-05    -4.997    -4.997     0.000    -17.07
   MgOH+           1.276e-07   1.080e-07    -6.894    -6.967    -0.072     (0)  
Na            9.390e-01
   Na+             9.390e-01   5.663e-01    -0.027    -0.247    -0.220     -0.71
S(6)          5.966e-02
   SO4-2           5.966e-02   3.949e-03    -1.224    -2.403    -1.179     18.46

------------------------------Saturation indices-------------------------------

  Phase               SI** log IAP   log K(285 K,   1 atm)

  Anhydrite        -0.62     -4.76   -4.14  CaSO4
  Antarcticite     -6.17     -2.66    3.51  CaCl2:6H2O
  Aphthitalite    -13.66    -21.71   -8.05  Na2SO4:3K2SO4
  Aragonite        -0.34     -8.61   -8.26  CaCO3
  Arcanite         -4.29     -6.27   -1.99  K2SO4
  Bischofite       -6.61     -1.90    4.71  MgCl2:6H2O
  Bloedite         -4.55     -6.97   -2.42  Na2Mg(SO4)2:4H2O
  Calcite          -0.19     -8.61   -8.42  CaCO3
  Carnallite       -8.05     -3.94    4.12  KMgCl3:6H2O
  CO2(g)           -1.97     -3.27   -1.30  CO2
  Dolomite          0.31    -16.45  -16.77  CaMg(CO3)2
  Epsomite         -2.07     -4.12   -2.05  MgSO4:7H2O
  Gypsum           -0.19     -4.80   -4.61  CaSO4:2H2O
  Halite           -1.89     -0.35    1.54  NaCl
  Hexahydrite      -2.44     -4.10   -1.67  MgSO4:6H2O
  Hydrohalite      -1.79     -0.38    1.41  NaCl:2H2O
  Hydromagnesite   -4.26    -40.18  -35.92  (MgCO3)3:Mg(OH)2:3H2O
  Ice(s)           -0.07     -0.02    0.05  H2O
  Ikaite           -1.82     -8.71   -6.89  CaCO3:6H2O
  Kalicinite       -4.69     -4.69    0.00  KHCO3
  Kieserite        -4.11     -4.02    0.09  MgSO4:H2O
  Landsfordite     -2.75     -7.93   -5.18  MgCO3:5H2O
  Magnesite        -0.02     -7.85   -7.82  MgCO3
  Meridianite      -2.35     -4.19   -1.84  MgSO4:11H2O
  MgCl2:12H2O      -5.66     -2.00    3.66  MgCl2:12H2O
  MgCl2:8H2O       -5.95     -1.93    4.02  MgCl2:8H2O
  Mirabilite       -1.18     -3.06   -1.88  Na2SO4:10H2O
  Na2CO3:7H2O      -6.10     -6.86   -0.76  Na2CO3:7H2O
  Nahcolite        -2.44     -3.00   -0.56  NaHCO3
  Natron           -5.57     -6.91   -1.34  Na2CO3:10H2O
  Nesquehonite     -2.67     -7.90   -5.23  MgCO3:3H2O
  Picromerite      -5.70    -10.37   -4.67  MgSO4:K2SO4:6H2O
  Sylvite          -2.78     -2.04    0.75  KCl
  Tachyhydrite    -24.08     -6.37   17.72  CaCl2:(MgCl2)2:12H2O
  Thenardite       -2.60     -2.90   -0.30  Na2SO4
  Trona            -8.62     -9.78   -1.16  Na3H(CO3)2:2H2O
  Vaterite         -0.79     -8.61   -7.82  CaCO3

**For a gas, SI = log10(fugacity). Fugacity = pressure * phi / 1 atm.
  For ideal gases, phi = 1.

------------------
End of simulation.
------------------

------------------------------------
Reading input data for simulation 2.
------------------------------------

-------------------------------
End of Run after 1.046 Seconds.
-------------------------------

