   Input file: C:\Users\Kagiso\PHREEQC-Python\C3_Baseline_FREZ_eq_-005p0.pqi
  Output file: C:\Users\Kagiso\PHREEQC-Python\C3_Baseline_FREZ_eq_-005p0.out
Database file: C:\Program Files\USGS\phreeqc-3.8.6-17100-x64\database\frezchem.dat

------------------
Reading data base.
------------------

	PITZER
	SOLUTION_MASTER_SPECIES
	SOLUTION_SPECIES
	PHASES
	PITZER
	EXCHANGE_MASTER_SPECIES
	EXCHANGE_SPECIES
	SURFACE_MASTER_SPECIES
	SURFACE_SPECIES
	END
------------------------------------
Reading input data for simulation 1.
------------------------------------

	TITLE C3_Baseline FREZCHEM sequential FC at -5.00 C
	SOLUTION 1
	    temp -5.00000000
	    pH 6.9694000000
	    units mol/kgw
	    water 0.980180000000
	    Na 9.58038319492338e-01
	    K 2.20561529514987e-02
	    Mg 1.18682282846008e-01
	    Ca 2.45730376053378e-02
	    Cl 1.16907098696158e+00
	    S(6) 6.08643310412373e-02
	    C(4) 4.01946581240180e-03
	EQUILIBRIUM_PHASES 1
	    Ice(s)       0.0 0.0
	    Mirabilite   0.0 0.0
	    Halite       0.0 0.0
	    Hydrohalite  0.0 0.0
	    Calcite      0.0 0.0
	    Gypsum       0.0 0.0
	SELECTED_OUTPUT 1
	    file C:/Users/Kagiso/PHREEQC-Python/C3_Baseline_FREZ_eq_-005p0.txt
	    reset false
	    user_punch true
	USER_PUNCH 1
	    headings Temp_C pH Water_kg Alk_eq_kgw Mu aw Na_mol K_mol Mg_mol Ca_mol Cl_mol S6_mol C4_mol Na_m K_m Mg_m Ca_m Cl_m S6_m C4_m Na_act Cl_act SO4_act SI_Ice SI_Mirabilite SI_Halite SI_Hydrohalite SI_Calcite SI_Gypsum Ice_mol Mirabilite_mol Halite_mol Hydrohalite_mol Calcite_mol Gypsum_mol Iterations
	    10 PUNCH TC, -LA("H+"), TOT("water"), ALK, MU, ACT("H2O")
	    20 PUNCH TOTMOLE("Na"), TOTMOLE("K"), TOTMOLE("Mg"), TOTMOLE("Ca")
	    30 PUNCH TOTMOLE("Cl"), TOTMOLE("S(6)"), TOTMOLE("C(4)")
	    40 PUNCH TOT("Na"), TOT("K"), TOT("Mg"), TOT("Ca")
	    50 PUNCH TOT("Cl"), TOT("S(6)"), TOT("C(4)")
	    60 PUNCH ACT("Na+"), ACT("Cl-"), ACT("SO4-2")
	    70 PUNCH SI("Ice(s)"), SI("Mirabilite"), SI("Halite"), SI("Hydrohalite"), SI("Calcite"), SI("Gypsum")
	    80 PUNCH EQUI("Ice(s)"), EQUI("Mirabilite"), EQUI("Halite"), EQUI("Hydrohalite"), EQUI("Calcite"), EQUI("Gypsum")
	    90 PUNCH ITERATIONS
	END
-----
TITLE
-----

 C3_Baseline FREZCHEM sequential FC at -5.00 C

-------------------------------------------
Beginning of initial solution calculations.
-------------------------------------------

Initial solution 1.	

-----------------------------Solution composition------------------------------

	Elements           Molality       Moles

	C(4)              4.019e-03   3.940e-03
	Ca                2.457e-02   2.409e-02
	Cl                1.169e+00   1.146e+00
	K                 2.206e-02   2.162e-02
	Mg                1.187e-01   1.163e-01
	Na                9.580e-01   9.390e-01
	S(6)              6.086e-02   5.966e-02

----------------------------Description of solution----------------------------

                                       pH  =   6.969    
                                       pe  =   4.000    
      Specific Conductance (µS/cm,  -5°C)  = 37401
                          Density (g/cm³)  =   1.05657
                               Volume (L)  =   0.99661
                        Activity of water  =   0.962
                 Ionic strength (mol/kgw)  =   1.485e+00
                       Mass of water (kg)  =   9.802e-01
                 Total alkalinity (eq/kg)  =   3.379e-03
                       Total CO2 (mol/kg)  =   4.019e-03
                         Temperature (°C)  =  -5.00
                  Electrical balance (eq)  =  -2.703e-02
 Percent error, 100*(Cat-|An|)/(Cat+|An|)  =  -1.08
                               Iterations  =  13
                         Gamma iterations  =   4
                      Osmotic coefficient  =   0.90701
                         Density of water  =   0.99926
                                  Total H  = 1.088215e+02
                                  Total O  = 5.465892e+01

----------------------------Distribution of species----------------------------

                                                    Unscaled  Unscaled
                                Unscaled       Log       Log       Log    mole V
   Species          Molality    Activity  Molality  Activity     Gamma   cm³/mol

   H+              1.257e-07   1.073e-07    -6.901    -6.969    -0.069      0.00
   OH-             2.170e-08   6.190e-09    -7.664    -8.208    -0.545     -4.55
   H2O             5.551e+01   9.622e-01     1.744    -0.017     0.000     18.03
C(4)          4.019e-03
   HCO3-           3.360e-03   1.693e-03    -2.474    -2.771    -0.298     25.24
   CO2             6.498e-04   8.453e-04    -3.187    -3.073     0.114     41.62
   CO3-2           5.373e-06   3.069e-07    -5.270    -6.513    -1.243     -4.98
   MgCO3           3.962e-06   3.962e-06    -5.402    -5.402     0.000    -17.03
   CaCO3           1.172e-12   1.172e-12   -11.931   -11.931     0.000     (0)  
Ca            2.457e-02
   Ca+2            2.457e-02   4.646e-03    -1.610    -2.333    -0.723    -18.24
   CaCO3           1.172e-12   1.172e-12   -11.931   -11.931     0.000     (0)  
Cl            1.169e+00
   Cl-             1.169e+00   7.748e-01     0.068    -0.111    -0.179     16.85
K             2.206e-02
   K+              2.206e-02   1.158e-02    -1.656    -1.936    -0.280      8.74
Mg            1.187e-01
   Mg+2            1.187e-01   2.284e-02    -0.926    -1.641    -0.716    -19.14
   MgCO3           3.962e-06   3.962e-06    -5.402    -5.402     0.000    -17.03
   MgOH+           1.985e-08   1.728e-08    -7.702    -7.762    -0.060     (0)  
Na            9.580e-01
   Na+             9.580e-01   5.549e-01    -0.019    -0.256    -0.237     -2.15
S(6)          6.086e-02
   SO4-2           6.086e-02   3.618e-03    -1.216    -2.442    -1.226     13.14

------------------------------Saturation indices-------------------------------

  Phase               SI** log IAP   log K(268 K,   1 atm)

  Anhydrite        -0.73     -4.77   -4.04  CaSO4
  Antarcticite     -5.83     -2.65    3.18  CaCl2:6H2O
  Aphthitalite    -12.72    -21.90   -9.18  Na2SO4:3K2SO4
  Aragonite        -0.64     -8.85   -8.20  CaCO3
  Arcanite         -4.02     -6.31   -2.29  K2SO4
  Bischofite       -6.71     -1.96    4.75  MgCl2:6H2O
  Bloedite         -4.62     -7.10   -2.48  Na2Mg(SO4)2:4H2O
  Calcite          -0.47     -8.85   -8.37  CaCO3
  Carnallite       -7.79     -4.01    3.78  KMgCl3:6H2O
  CO2(g)           -2.06     -3.07   -1.02  CO2
  Dolomite         -0.69    -17.00  -16.31  CaMg(CO3)2
  Epsomite         -1.92     -4.20   -2.28  MgSO4:7H2O
  Gypsum           -0.12     -4.81   -4.69  CaSO4:2H2O
  Halite           -1.84     -0.37    1.47  NaCl
  Hexahydrite      -2.47     -4.18   -1.72  MgSO4:6H2O
  Hydrohalite      -1.58     -0.40    1.18  NaCl:2H2O
  Hydromagnesite   -7.90    -42.57  -34.67  (MgCO3)3:Mg(OH)2:3H2O
  Ice(s)            0.00     -0.02   -0.02  H2O
  Ikaite           -1.61     -8.95   -7.34  CaCO3:6H2O
  Kalicinite       -4.47     -4.71   -0.23  KHCO3
  Kieserite        -4.89     -4.10    0.79  MgSO4:H2O
  Landsfordite     -3.11     -8.24   -5.13  MgCO3:5H2O
  Magnesite        -0.63     -8.15   -7.52  MgCO3
  Meridianite      -1.74     -4.27   -2.53  MgSO4:11H2O
  MgCl2:12H2O      -4.62     -2.06    2.56  MgCl2:12H2O
  MgCl2:8H2O       -5.76     -2.00    3.77  MgCl2:8H2O
  Mirabilite       -0.34     -3.12   -2.78  Na2SO4:10H2O
  Na2CO3:7H2O      -5.96     -7.14   -1.18  Na2CO3:7H2O
  Nahcolite        -2.25     -3.03   -0.78  NaHCO3
  Natron           -5.21     -7.19   -1.98  Na2CO3:10H2O
  Nesquehonite     -3.27     -8.20   -4.94  MgCO3:3H2O
  Picromerite      -5.29    -10.50   -5.21  MgSO4:K2SO4:6H2O
  Sylvite          -2.54     -2.05    0.50  KCl
  Tachyhydrite    -25.22     -6.48   18.74  CaCl2:(MgCl2)2:12H2O
  Thenardite       -2.64     -2.95   -0.31  Na2SO4
  Trona            -8.73    -10.09   -1.35  Na3H(CO3)2:2H2O
  Vaterite         -1.13     -8.85   -7.72  CaCO3

**For a gas, SI = log10(fugacity). Fugacity = pressure * phi / 1 atm.
  For ideal gases, phi = 1.

-----------------------------------------
Beginning of batch-reaction calculations.
-----------------------------------------

Reaction step 1.

WARNING: Maximum iterations exceeded, 200

WARNING: Numerical method failed with this set of convergence parameters.

WARNING: Trying smaller step size, pe step size 10, 5 ... 

WARNING: Maximum iterations exceeded, 400

WARNING: Numerical method failed with this set of convergence parameters.

WARNING: Trying reduced tolerance 1e-16 ...

WARNING: Maximum iterations exceeded, 400

WARNING: Numerical method failed with this set of convergence parameters.

WARNING: Trying increased tolerance 1e-14 ...

WARNING: Maximum iterations exceeded, 400

WARNING: Numerical method failed with this set of convergence parameters.

WARNING: Trying diagonal scaling ...

Using solution 1.	
Using pure phase assemblage 1.	

-------------------------------Phase assemblage--------------------------------

                                                      Moles in assemblage
Phase               SI  log IAP  log K(T, P)   Initial       Final       Delta

Calcite          -0.33    -8.70     -8.37    0.000e+00           0   0.000e+00
Gypsum           -0.01    -4.71     -4.69    0.000e+00           0   0.000e+00
Halite           -1.66    -0.19      1.47    0.000e+00           0   0.000e+00
Hydrohalite      -1.41    -0.23      1.18    0.000e+00           0   0.000e+00
Ice(s)            0.00    -0.02     -0.02    0.000e+00   1.029e+01   1.029e+01
Mirabilite       -0.21    -2.98     -2.78    0.000e+00           0   0.000e+00

-----------------------------Solution composition------------------------------

	Elements           Molality       Moles

	C                 4.957e-03   3.940e-03
	Ca                3.031e-02   2.409e-02
	Cl                1.442e+00   1.146e+00
	K                 2.720e-02   2.162e-02
	Mg                1.464e-01   1.163e-01
	Na                1.182e+00   9.390e-01
	S                 7.507e-02   5.966e-02

----------------------------Description of solution----------------------------

                                       pH  =   6.941      Charge balance
                                       pe  =   4.000      Adjusted to redox equilibrium
      Specific Conductance (µS/cm,  -5°C)  = 43411
                          Density (g/cm³)  =   1.06906
                               Volume (L)  =   0.81150
                        Activity of water  =   0.953
                 Ionic strength (mol/kgw)  =   1.831e+00
                       Mass of water (kg)  =   7.947e-01
                 Total alkalinity (eq/kg)  =   4.167e-03
                       Total CO2 (mol/kg)  =   4.957e-03
                         Temperature (°C)  =  -5.00
                  Electrical balance (eq)  =  -2.703e-02
 Percent error, 100*(Cat-|An|)/(Cat+|An|)  =  -1.08
                               Iterations  =  13 (1417 overall)
                         Gamma iterations  =   1
                      Osmotic coefficient  =   0.92152
                         Density of water  =   0.99926
                                  Total H  = 8.823331e+01
                                  Total O  = 4.436482e+01

----------------------------Distribution of species----------------------------

                                                    Unscaled  Unscaled
                                Unscaled       Log       Log       Log    mole V
   Species          Molality    Activity  Molality  Activity     Gamma   cm³/mol

   H+              1.232e-07   1.145e-07    -6.909    -6.941    -0.032      0.00
   OH-             2.388e-08   5.744e-09    -7.622    -8.241    -0.619     -4.08
   H2O             5.551e+01   9.529e-01     1.744    -0.021     0.000     18.03
C(4)          4.957e-03
   HCO3-           4.141e-03   2.002e-03    -2.383    -2.699    -0.316     26.34
   CO2             8.029e-04   1.077e-03    -3.095    -2.968     0.128     41.62
   CO3-2           7.362e-06   3.401e-07    -5.133    -6.468    -1.335     -3.91
   MgCO3           5.685e-06   5.685e-06    -5.245    -5.245     0.000    -17.03
   CaCO3           1.639e-12   1.639e-12   -11.785   -11.785     0.000     (0)  
Ca            3.031e-02
   Ca+2            3.031e-02   5.863e-03    -1.518    -2.232    -0.713    -18.22
   CaCO3           1.639e-12   1.639e-12   -11.785   -11.785     0.000     (0)  
Cl            1.442e+00
   Cl-             1.442e+00   9.643e-01     0.159    -0.016    -0.175     17.01
K             2.720e-02
   K+              2.720e-02   1.380e-02    -1.565    -1.860    -0.295      9.01
Mg            1.464e-01
   Mg+2            1.464e-01   2.957e-02    -0.835    -1.529    -0.695    -19.02
   MgCO3           5.685e-06   5.685e-06    -5.245    -5.245     0.000    -17.03
   MgOH+           2.482e-08   2.077e-08    -7.605    -7.683    -0.077     (0)  
Na            1.182e+00
   Na+             1.182e+00   6.751e-01     0.072    -0.171    -0.243     -1.91
S(6)          7.507e-02
   SO4-2           7.507e-02   3.698e-03    -1.125    -2.432    -1.307     13.92

------------------------------Saturation indices-------------------------------

  Phase               SI** log IAP   log K(268 K,   1 atm)

  Anhydrite        -0.62     -4.66   -4.04  CaSO4
  Antarcticite     -5.57     -2.39    3.18  CaCl2:6H2O
  Aphthitalite    -12.05    -21.23   -9.18  Na2SO4:3K2SO4
  Aragonite        -0.50     -8.70   -8.20  CaCO3
  Arcanite         -3.86     -6.15   -2.29  K2SO4
  Bischofite       -6.44     -1.69    4.75  MgCl2:6H2O
  Bloedite         -4.34     -6.82   -2.48  Na2Mg(SO4)2:4H2O
  Calcite          -0.33     -8.70   -8.37  CaCO3
  Carnallite       -7.34     -3.56    3.78  KMgCl3:6H2O
  CO2(g)           -1.95     -2.97   -1.02  CO2
  Dolomite         -0.39    -16.70  -16.31  CaMg(CO3)2
  Epsomite         -1.82     -4.11   -2.28  MgSO4:7H2O
  Gypsum           -0.01     -4.71   -4.69  CaSO4:2H2O
  Halite           -1.66     -0.19    1.47  NaCl
  Hexahydrite      -2.37     -4.09   -1.72  MgSO4:6H2O
  Hydrohalite      -1.41     -0.23    1.18  NaCl:2H2O
  Hydromagnesite   -7.39    -42.07  -34.67  (MgCO3)3:Mg(OH)2:3H2O
  Ice(s)            0.00     -0.02   -0.02  H2O
  Ikaite           -1.49     -8.83   -7.34  CaCO3:6H2O
  Kalicinite       -4.33     -4.56   -0.23  KHCO3
  Kieserite        -4.77     -3.98    0.79  MgSO4:H2O
  Landsfordite     -2.97     -8.10   -5.13  MgCO3:5H2O
  Magnesite        -0.47     -8.00   -7.52  MgCO3
  Meridianite      -1.66     -4.19   -2.53  MgSO4:11H2O
  MgCl2:12H2O      -4.37     -1.81    2.56  MgCl2:12H2O
  MgCl2:8H2O       -5.49     -1.73    3.77  MgCl2:8H2O
  Mirabilite       -0.21     -2.98   -2.78  Na2SO4:10H2O
  Na2CO3:7H2O      -5.77     -6.96   -1.18  Na2CO3:7H2O
  Nahcolite        -2.09     -2.87   -0.78  NaHCO3
  Natron           -5.04     -7.02   -1.98  Na2CO3:10H2O
  Nesquehonite     -3.12     -8.06   -4.94  MgCO3:3H2O
  Picromerite      -5.03    -10.24   -5.21  MgSO4:K2SO4:6H2O
  Sylvite          -2.37     -1.88    0.50  KCl
  Tachyhydrite    -24.38     -5.64   18.74  CaCl2:(MgCl2)2:12H2O
  Thenardite       -2.46     -2.77   -0.31  Na2SO4
  Trona            -8.37     -9.72   -1.35  Na3H(CO3)2:2H2O
  Vaterite         -0.98     -8.70   -7.72  CaCO3

**For a gas, SI = log10(fugacity). Fugacity = pressure * phi / 1 atm.
  For ideal gases, phi = 1.

------------------
End of simulation.
------------------

------------------------------------
Reading input data for simulation 2.
------------------------------------

-------------------------------
End of Run after 1.217 Seconds.
-------------------------------

