   Input file: C:\Users\Kagiso\PHREEQC-Python\C3_Baseline_FREZ_eq_-017p0.pqi
  Output file: C:\Users\Kagiso\PHREEQC-Python\C3_Baseline_FREZ_eq_-017p0.out
Database file: C:\Program Files\USGS\phreeqc-3.8.6-17100-x64\database\frezchem.dat

------------------
Reading data base.
------------------

	PITZER
	SOLUTION_MASTER_SPECIES
	SOLUTION_SPECIES
	PHASES
	PITZER
	EXCHANGE_MASTER_SPECIES
	EXCHANGE_SPECIES
	SURFACE_MASTER_SPECIES
	SURFACE_SPECIES
	END
------------------------------------
Reading input data for simulation 1.
------------------------------------

	TITLE C3_Baseline FREZCHEM sequential FC at -17.00 C
	SOLUTION 1
	    temp -17.00000000
	    pH 6.5076000000
	    units mol/kgw
	    water 0.283700000000
	    Na 2.99379626365879e+00
	    K 7.62037363412055e-02
	    Mg 4.10045823052520e-01
	    Ca 6.57737046175537e-02
	    Cl 4.03912583715192e+00
	    S(6) 3.37673598872048e-02
	    C(4) 1.31681353542474e-02
	EQUILIBRIUM_PHASES 1
	    Ice(s)       0.0 0.0
	    Mirabilite   0.0 0.0
	    Halite       0.0 0.0
	    Hydrohalite  0.0 0.0
	    Calcite      0.0 0.0
	    Gypsum       0.0 0.0
	SELECTED_OUTPUT 1
	    file C:/Users/Kagiso/PHREEQC-Python/C3_Baseline_FREZ_eq_-017p0.txt
	    reset false
	    user_punch true
	USER_PUNCH 1
	    headings Temp_C pH Water_kg Alk_eq_kgw Mu aw Na_mol K_mol Mg_mol Ca_mol Cl_mol S6_mol C4_mol Na_m K_m Mg_m Ca_m Cl_m S6_m C4_m Na_act Cl_act SO4_act SI_Ice SI_Mirabilite SI_Halite SI_Hydrohalite SI_Calcite SI_Gypsum Ice_mol Mirabilite_mol Halite_mol Hydrohalite_mol Calcite_mol Gypsum_mol Iterations
	    10 PUNCH TC, -LA("H+"), TOT("water"), ALK, MU, ACT("H2O")
	    20 PUNCH TOTMOLE("Na"), TOTMOLE("K"), TOTMOLE("Mg"), TOTMOLE("Ca")
	    30 PUNCH TOTMOLE("Cl"), TOTMOLE("S(6)"), TOTMOLE("C(4)")
	    40 PUNCH TOT("Na"), TOT("K"), TOT("Mg"), TOT("Ca")
	    50 PUNCH TOT("Cl"), TOT("S(6)"), TOT("C(4)")
	    60 PUNCH ACT("Na+"), ACT("Cl-"), ACT("SO4-2")
	    70 PUNCH SI("Ice(s)"), SI("Mirabilite"), SI("Halite"), SI("Hydrohalite"), SI("Calcite"), SI("Gypsum")
	    80 PUNCH EQUI("Ice(s)"), EQUI("Mirabilite"), EQUI("Halite"), EQUI("Hydrohalite"), EQUI("Calcite"), EQUI("Gypsum")
	    90 PUNCH ITERATIONS
	END
-----
TITLE
-----

 C3_Baseline FREZCHEM sequential FC at -17.00 C

-------------------------------------------
Beginning of initial solution calculations.
-------------------------------------------

Initial solution 1.	

-----------------------------Solution composition------------------------------

	Elements           Molality       Moles

	C(4)              1.317e-02   3.736e-03
	Ca                6.577e-02   1.866e-02
	Cl                4.039e+00   1.146e+00
	K                 7.620e-02   2.162e-02
	Mg                4.100e-01   1.163e-01
	Na                2.994e+00   8.493e-01
	S(6)              3.377e-02   9.580e-03

----------------------------Description of solution----------------------------

                                       pH  =   6.508    
                                       pe  =   4.000    
      Specific Conductance (µS/cm, -17°C)  = 46419
                          Density (g/cm³)  =   1.16589
                               Volume (L)  =   0.29968
                        Activity of water  =   0.856
                 Ionic strength (mol/kgw)  =   4.578e+00
                       Mass of water (kg)  =   2.837e-01
                 Total alkalinity (eq/kg)  =   8.735e-03
                       Total CO2 (mol/kg)  =   1.317e-02
                         Temperature (°C)  = -17.00
                  Electrical balance (eq)  =  -2.660e-02
 Percent error, 100*(Cat-|An|)/(Cat+|An|)  =  -1.15
                               Iterations  =  16
                         Gamma iterations  =   5
                      Osmotic coefficient  =   1.12770
                         Density of water  =   0.99534
                                  Total H  = 3.149844e+01
                                  Total O  = 1.579625e+01

----------------------------Distribution of species----------------------------

                                                    Unscaled  Unscaled
                                Unscaled       Log       Log       Log    mole V
   Species          Molality    Activity  Molality  Activity     Gamma   cm³/mol

   H+              1.140e-07   3.107e-07    -6.943    -6.508     0.435      0.00
   OH-             1.089e-08   4.884e-10    -7.963    -9.311    -1.348     -4.12
   H2O             5.551e+01   8.564e-01     1.744    -0.067     0.000     18.10
C(4)          1.317e-02
   HCO3-           8.688e-03   3.427e-03    -2.061    -2.465    -0.404     35.23
   CO2             4.457e-03   9.312e-03    -2.351    -2.031     0.320     54.16
   MgCO3           1.458e-05   1.458e-05    -4.836    -4.836     0.000    -16.97
   CO3-2           8.794e-06   1.248e-07    -5.056    -6.904    -1.848     -0.50
   CaCO3           2.441e-12   2.441e-12   -11.612   -11.612     0.000     (0)  
Ca            6.577e-02
   Ca+2            6.577e-02   3.267e-02    -1.182    -1.486    -0.304    -22.25
   CaCO3           2.441e-12   2.441e-12   -11.612   -11.612     0.000     (0)  
Cl            4.039e+00
   Cl-             4.039e+00   3.249e+00     0.606     0.512    -0.095     16.04
K             7.620e-02
   K+              7.620e-02   3.038e-02    -1.118    -1.517    -0.399     10.79
Mg            4.100e-01
   Mg+2            4.100e-01   2.383e-01    -0.387    -0.623    -0.236    -18.69
   MgCO3           1.458e-05   1.458e-05    -4.836    -4.836     0.000    -16.97
   MgOH+           2.323e-08   1.429e-08    -7.634    -7.845    -0.211     (0)  
Na            2.994e+00
   Na+             2.994e+00   1.773e+00     0.476     0.249    -0.227     -1.91
S(6)          3.377e-02
   SO4-2           3.377e-02   6.251e-04    -1.472    -3.204    -1.733     10.14

------------------------------Saturation indices-------------------------------

  Phase               SI** log IAP   log K(256 K,   1 atm)

  Anhydrite        -0.67     -4.69   -4.02  CaSO4
  Antarcticite     -3.86     -0.87    3.00  CaCl2:6H2O
  Aphthitalite    -11.45    -21.42   -9.97  Na2SO4:3K2SO4
  Aragonite        -0.20     -8.39   -8.18  CaCO3
  Arcanite         -3.71     -6.24   -2.53  K2SO4
  Bischofite       -4.72     -0.00    4.72  MgCl2:6H2O
  Bloedite         -4.28     -6.80   -2.52  Na2Mg(SO4)2:4H2O
  Calcite          -0.03     -8.39   -8.36  CaCO3
  Carnallite       -4.47     -1.01    3.46  KMgCl3:6H2O
  CO2(g)           -1.26     -2.03   -0.77  CO2
  Dolomite          0.03    -15.92  -15.95  CaMg(CO3)2
  Epsomite         -1.83     -4.30   -2.47  MgSO4:7H2O
  Gypsum           -0.02     -4.82   -4.81  CaSO4:2H2O
  Halite           -0.64      0.76    1.40  NaCl
  Hexahydrite      -2.48     -4.23   -1.75  MgSO4:6H2O
  Hydrohalite      -0.35      0.63    0.98  NaCl:2H2O
  Hydromagnesite   -8.33    -42.03  -33.70  (MgCO3)3:Mg(OH)2:3H2O
  Ice(s)            0.00     -0.07   -0.07  H2O
  Ikaite           -1.10     -8.79   -7.69  CaCO3:6H2O
  Kalicinite       -3.59     -3.98   -0.39  KHCO3
  Kieserite        -5.37     -3.89    1.48  MgSO4:H2O
  Landsfordite     -3.13     -7.86   -4.73  MgCO3:5H2O
  Magnesite        -0.24     -7.53   -7.29  MgCO3
  Meridianite      -1.55     -4.57   -3.01  MgSO4:11H2O
  MgCl2:12H2O      -2.39     -0.41    1.98  MgCl2:12H2O
  MgCl2:8H2O       -3.65     -0.14    3.52  MgCl2:8H2O
  Mirabilite        0.04     -3.38   -3.42  Na2SO4:10H2O
  Na2CO3:7H2O      -5.40     -6.88   -1.48  Na2CO3:7H2O
  Nahcolite        -1.32     -2.22   -0.90  NaHCO3
  Natron           -4.68     -7.08   -2.40  Na2CO3:10H2O
  Nesquehonite     -3.11     -7.73   -4.62  MgCO3:3H2O
  Picromerite      -4.77    -10.47   -5.70  MgSO4:K2SO4:6H2O
  Sylvite          -1.29     -1.01    0.29  KCl
  Tachyhydrite    -19.94     -0.47   19.47  CaCl2:(MgCl2)2:12H2O
  Thenardite       -2.38     -2.71   -0.32  Na2SO4
  Trona            -7.27     -8.76   -1.49  Na3H(CO3)2:2H2O
  Vaterite         -0.72     -8.39   -7.67  CaCO3

**For a gas, SI = log10(fugacity). Fugacity = pressure * phi / 1 atm.
  For ideal gases, phi = 1.

-----------------------------------------
Beginning of batch-reaction calculations.
-----------------------------------------

Reaction step 1.

WARNING: Maximum iterations exceeded, 200

WARNING: Numerical method failed with this set of convergence parameters.

WARNING: Trying smaller step size, pe step size 10, 5 ... 

WARNING: Maximum iterations exceeded, 400

WARNING: Numerical method failed with this set of convergence parameters.

WARNING: Trying reduced tolerance 1e-16 ...

WARNING: Maximum iterations exceeded, 400

WARNING: Numerical method failed with this set of convergence parameters.

WARNING: Trying increased tolerance 1e-14 ...

WARNING: Maximum iterations exceeded, 400

WARNING: Numerical method failed with this set of convergence parameters.

WARNING: Trying diagonal scaling ...

Using solution 1.	
Using pure phase assemblage 1.	

-------------------------------Phase assemblage--------------------------------

                                                      Moles in assemblage
Phase               SI  log IAP  log K(T, P)   Initial       Final       Delta

Calcite           0.00    -8.36     -8.36    0.000e+00   1.473e-05   1.473e-05
Gypsum           -0.02    -4.83     -4.81    0.000e+00           0   0.000e+00
Halite           -0.58     0.82      1.40    0.000e+00           0   0.000e+00
Hydrohalite      -0.30     0.68      0.98    0.000e+00           0   0.000e+00
Ice(s)            0.00    -0.07     -0.07    0.000e+00   7.084e-01   7.084e-01
Mirabilite        0.00    -3.42     -3.42    0.000e+00   1.128e-03   1.128e-03

-----------------------------Solution composition------------------------------

	Elements           Molality       Moles

	C                 1.374e-02   3.721e-03
	Ca                6.887e-02   1.865e-02
	Cl                4.233e+00   1.146e+00
	K                 7.985e-02   2.162e-02
	Mg                4.297e-01   1.163e-01
	Na                3.129e+00   8.471e-01
	S                 3.122e-02   8.451e-03

----------------------------Description of solution----------------------------

                                       pH  =   6.470      Charge balance
                                       pe  =   4.000      Adjusted to redox equilibrium
      Specific Conductance (µS/cm, -17°C)  = 47480
                          Density (g/cm³)  =   1.17213
                               Volume (L)  =   0.28689
                        Activity of water  =   0.848
                 Ionic strength (mol/kgw)  =   4.785e+00
                       Mass of water (kg)  =   2.707e-01
                 Total alkalinity (eq/kg)  =   9.044e-03
                       Total CO2 (mol/kg)  =   1.374e-02
                         Temperature (°C)  = -17.00
                  Electrical balance (eq)  =  -2.660e-02
 Percent error, 100*(Cat-|An|)/(Cat+|An|)  =  -1.15
                               Iterations  =   9 (1413 overall)
                         Gamma iterations  =   1
                      Osmotic coefficient  =   1.14861
                         Density of water  =   0.99534
                                  Total H  = 3.005915e+01
                                  Total O  = 1.507205e+01

----------------------------Distribution of species----------------------------

                                                    Unscaled  Unscaled
                                Unscaled       Log       Log       Log    mole V
   Species          Molality    Activity  Molality  Activity     Gamma   cm³/mol

   H+              1.145e-07   3.385e-07    -6.941    -6.470     0.471      0.00
   OH-             1.097e-08   4.439e-10    -7.960    -9.353    -1.393     -3.87
   H2O             5.551e+01   8.477e-01     1.744    -0.072     0.000     18.10
C(4)          1.374e-02
   HCO3-           8.995e-03   3.473e-03    -2.046    -2.459    -0.413     36.11
   CO2             4.725e-03   1.038e-02    -2.326    -1.984     0.342     54.16
   MgCO3           1.593e-05   1.593e-05    -4.798    -4.798     0.000    -16.97
   CO3-2           8.645e-06   1.161e-07    -5.063    -6.935    -1.872      0.27
   CaCO3           2.590e-12   2.590e-12   -11.587   -11.587     0.000     (0)  
Ca            6.887e-02
   Ca+2            6.887e-02   3.728e-02    -1.162    -1.429    -0.267    -22.36
   CaCO3           2.590e-12   2.590e-12   -11.587   -11.587     0.000     (0)  
Cl            4.233e+00
   Cl-             4.233e+00   3.496e+00     0.627     0.544    -0.083     16.15
K             7.985e-02
   K+              7.985e-02   3.145e-02    -1.098    -1.502    -0.405     11.01
Mg            4.297e-01
   Mg+2            4.297e-01   2.799e-01    -0.367    -0.553    -0.186    -18.69
   MgCO3           1.593e-05   1.593e-05    -4.798    -4.798     0.000    -16.97
   MgOH+           2.559e-08   1.525e-08    -7.592    -7.817    -0.225     (0)  
Na            3.129e+00
   Na+             3.129e+00   1.884e+00     0.495     0.275    -0.220     -1.79
S(6)          3.122e-02
   SO4-2           3.122e-02   5.575e-04    -1.506    -3.254    -1.748     10.44

------------------------------Saturation indices-------------------------------

  Phase               SI** log IAP   log K(256 K,   1 atm)

  Anhydrite        -0.66     -4.68   -4.02  CaSO4
  Antarcticite     -3.77     -0.77    3.00  CaCl2:6H2O
  Aphthitalite    -11.51    -21.48   -9.97  Na2SO4:3K2SO4
  Aragonite        -0.18     -8.36   -8.18  CaCO3
  Arcanite         -3.73     -6.26   -2.53  K2SO4
  Bischofite       -4.61      0.10    4.72  MgCl2:6H2O
  Bloedite         -4.28     -6.80   -2.52  Na2Mg(SO4)2:4H2O
  Calcite           0.00     -8.36   -8.36  CaCO3
  Carnallite       -4.31     -0.86    3.46  KMgCl3:6H2O
  CO2(g)           -1.22     -1.98   -0.77  CO2
  Dolomite          0.10    -15.85  -15.95  CaMg(CO3)2
  Epsomite         -1.84     -4.31   -2.47  MgSO4:7H2O
  Gypsum           -0.02     -4.83   -4.81  CaSO4:2H2O
  Halite           -0.58      0.82    1.40  NaCl
  Hexahydrite      -2.49     -4.24   -1.75  MgSO4:6H2O
  Hydrohalite      -0.30      0.68    0.98  NaCl:2H2O
  Hydromagnesite   -8.24    -41.94  -33.70  (MgCO3)3:Mg(OH)2:3H2O
  Ice(s)            0.00     -0.07   -0.07  H2O
  Ikaite           -1.10     -8.79   -7.69  CaCO3:6H2O
  Kalicinite       -3.57     -3.96   -0.39  KHCO3
  Kieserite        -5.36     -3.88    1.48  MgSO4:H2O
  Landsfordite     -3.11     -7.85   -4.73  MgCO3:5H2O
  Magnesite        -0.20     -7.49   -7.29  MgCO3
  Meridianite      -1.58     -4.60   -3.01  MgSO4:11H2O
  MgCl2:12H2O      -2.31     -0.33    1.98  MgCl2:12H2O
  MgCl2:8H2O       -3.56     -0.04    3.52  MgCl2:8H2O
  Mirabilite        0.00     -3.42   -3.42  Na2SO4:10H2O
  Na2CO3:7H2O      -5.41     -6.89   -1.48  Na2CO3:7H2O
  Nahcolite        -1.28     -2.18   -0.90  NaHCO3
  Natron           -4.71     -7.10   -2.40  Na2CO3:10H2O
  Nesquehonite     -3.08     -7.70   -4.62  MgCO3:3H2O
  Picromerite      -4.79    -10.50   -5.70  MgSO4:K2SO4:6H2O
  Sylvite          -1.24     -0.96    0.29  KCl
  Tachyhydrite    -19.60     -0.13   19.47  CaCl2:(MgCl2)2:12H2O
  Thenardite       -2.38     -2.70   -0.32  Na2SO4
  Trona            -7.23     -8.71   -1.49  Na3H(CO3)2:2H2O
  Vaterite         -0.70     -8.36   -7.67  CaCO3

**For a gas, SI = log10(fugacity). Fugacity = pressure * phi / 1 atm.
  For ideal gases, phi = 1.

------------------
End of simulation.
------------------

------------------------------------
Reading input data for simulation 2.
------------------------------------

-------------------------------
End of Run after 1.295 Seconds.
-------------------------------

