   Input file: C:\Users\Kagiso\PHREEQC-Python\C3_Baseline_FREZ_eq_+010p0.pqi
  Output file: C:\Users\Kagiso\PHREEQC-Python\C3_Baseline_FREZ_eq_+010p0.out
Database file: C:\Program Files\USGS\phreeqc-3.8.6-17100-x64\database\frezchem.dat

------------------
Reading data base.
------------------

	PITZER
	SOLUTION_MASTER_SPECIES
	SOLUTION_SPECIES
	PHASES
	PITZER
	EXCHANGE_MASTER_SPECIES
	EXCHANGE_SPECIES
	SURFACE_MASTER_SPECIES
	SURFACE_SPECIES
	END
------------------------------------
Reading input data for simulation 1.
------------------------------------

	TITLE C3_Baseline FREZCHEM sequential FC at 10.00 C
	SOLUTION 1
	    temp 10.00000000
	    pH 6.9723000000
	    units mol/kgw
	    water 1.000000000000
	    Na 9.39050000000000e-01
	    K 2.16190000000000e-02
	    Mg 1.16330000000000e-01
	    Ca 2.40860000000000e-02
	    Cl 1.14590000000000e+00
	    S(6) 5.96580000000000e-02
	    C(4) 3.93980000000000e-03
	EQUILIBRIUM_PHASES 1
	    Ice(s)       0.0 0.0
	    Mirabilite   0.0 0.0
	    Halite       0.0 0.0
	    Hydrohalite  0.0 0.0
	    Calcite      0.0 0.0
	    Gypsum       0.0 0.0
	SELECTED_OUTPUT 1
	    file C:/Users/Kagiso/PHREEQC-Python/C3_Baseline_FREZ_eq_+010p0.txt
	    reset false
	    user_punch true
	USER_PUNCH 1
	    headings Temp_C pH Water_kg Alk_eq_kgw Mu aw Na_mol K_mol Mg_mol Ca_mol Cl_mol S6_mol C4_mol Na_m K_m Mg_m Ca_m Cl_m S6_m C4_m Na_act Cl_act SO4_act SI_Ice SI_Mirabilite SI_Halite SI_Hydrohalite SI_Calcite SI_Gypsum Ice_mol Mirabilite_mol Halite_mol Hydrohalite_mol Calcite_mol Gypsum_mol Iterations
	    10 PUNCH TC, -LA("H+"), TOT("water"), ALK, MU, ACT("H2O")
	    20 PUNCH TOTMOLE("Na"), TOTMOLE("K"), TOTMOLE("Mg"), TOTMOLE("Ca")
	    30 PUNCH TOTMOLE("Cl"), TOTMOLE("S(6)"), TOTMOLE("C(4)")
	    40 PUNCH TOT("Na"), TOT("K"), TOT("Mg"), TOT("Ca")
	    50 PUNCH TOT("Cl"), TOT("S(6)"), TOT("C(4)")
	    60 PUNCH ACT("Na+"), ACT("Cl-"), ACT("SO4-2")
	    70 PUNCH SI("Ice(s)"), SI("Mirabilite"), SI("Halite"), SI("Hydrohalite"), SI("Calcite"), SI("Gypsum")
	    80 PUNCH EQUI("Ice(s)"), EQUI("Mirabilite"), EQUI("Halite"), EQUI("Hydrohalite"), EQUI("Calcite"), EQUI("Gypsum")
	    90 PUNCH ITERATIONS
	END
-----
TITLE
-----

 C3_Baseline FREZCHEM sequential FC at 10.00 C

-------------------------------------------
Beginning of initial solution calculations.
-------------------------------------------

Initial solution 1.	

-----------------------------Solution composition------------------------------

	Elements           Molality       Moles

	C(4)              3.940e-03   3.940e-03
	Ca                2.409e-02   2.409e-02
	Cl                1.146e+00   1.146e+00
	K                 2.162e-02   2.162e-02
	Mg                1.163e-01   1.163e-01
	Na                9.390e-01   9.390e-01
	S(6)              5.966e-02   5.966e-02

----------------------------Description of solution----------------------------

                                       pH  =   6.972    
                                       pe  =   4.000    
      Specific Conductance (µS/cm,  10°C)  = 60172
                          Density (g/cm³)  =   1.05251
                               Volume (L)  =   1.01929
                        Activity of water  =   0.962
                 Ionic strength (mol/kgw)  =   1.455e+00
                       Mass of water (kg)  =   1.000e+00
                 Total alkalinity (eq/kg)  =   3.530e-03
                       Total CO2 (mol/kg)  =   3.940e-03
                         Temperature (°C)  =  10.00
                  Electrical balance (eq)  =  -2.725e-02
 Percent error, 100*(Cat-|An|)/(Cat+|An|)  =  -1.09
                               Iterations  =  13
                         Gamma iterations  =   4
                      Osmotic coefficient  =   0.92451
                         Density of water  =   0.99970
                                  Total H  = 1.110221e+02
                                  Total O  = 5.575932e+01

----------------------------Distribution of species----------------------------

                                                    Unscaled  Unscaled
                                Unscaled       Log       Log       Log    mole V
   Species          Molality    Activity  Molality  Activity     Gamma   cm³/mol

   H+              1.301e-07   1.066e-07    -6.886    -6.972    -0.086      0.00
   OH-             8.036e-08   2.676e-08    -7.095    -7.573    -0.478     -2.46
   H2O             5.551e+01   9.622e-01     1.744    -0.017     0.000     18.02
C(4)          3.940e-03
   HCO3-           3.494e-03   1.741e-03    -2.457    -2.759    -0.302     27.21
   CO2             4.279e-04   5.605e-04    -3.369    -3.251     0.117     33.63
   CO3-2           9.181e-06   5.312e-07    -5.037    -6.275    -1.238     -0.60
   MgCO3           9.122e-06   9.122e-06    -5.040    -5.040     0.000    -17.07
   CaCO3           2.019e-12   2.019e-12   -11.695   -11.695     0.000     (0)  
Ca            2.409e-02
   Ca+2            2.409e-02   4.383e-03    -1.618    -2.358    -0.740    -16.87
   CaCO3           2.019e-12   2.019e-12   -11.695   -11.695     0.000     (0)  
Cl            1.146e+00
   Cl-             1.146e+00   7.890e-01     0.059    -0.103    -0.162     18.38
K             2.162e-02
   K+              2.162e-02   1.163e-02    -1.665    -1.934    -0.269      9.57
Mg            1.163e-01
   Mg+2            1.163e-01   2.499e-02    -0.934    -1.602    -0.668    -19.55
   MgCO3           9.122e-06   9.122e-06    -5.040    -5.040     0.000    -17.07
   MgOH+           1.038e-07   8.821e-08    -6.984    -7.055    -0.071     (0)  
Na            9.390e-01
   Na+             9.390e-01   5.644e-01    -0.027    -0.248    -0.221     -0.84
S(6)          5.966e-02
   SO4-2           5.966e-02   3.906e-03    -1.224    -2.408    -1.184     18.05

------------------------------Saturation indices-------------------------------

  Phase               SI** log IAP   log K(283 K,   1 atm)

  Anhydrite        -0.64     -4.77   -4.13  CaSO4
  Antarcticite     -6.13     -2.66    3.47  CaCl2:6H2O
  Aphthitalite    -13.55    -21.74   -8.18  Na2SO4:3K2SO4
  Aragonite        -0.38     -8.63   -8.26  CaCO3
  Arcanite         -4.26     -6.28   -2.02  K2SO4
  Bischofite       -6.63     -1.91    4.72  MgCl2:6H2O
  Bloedite         -4.56     -6.98   -2.43  Na2Mg(SO4)2:4H2O
  Calcite          -0.22     -8.63   -8.41  CaCO3
  Carnallite       -8.03     -3.95    4.08  KMgCl3:6H2O
  CO2(g)           -1.98     -3.25   -1.27  CO2
  Dolomite          0.21    -16.51  -16.72  CaMg(CO3)2
  Epsomite         -2.06     -4.13   -2.07  MgSO4:7H2O
  Gypsum           -0.18     -4.80   -4.62  CaSO4:2H2O
  Halite           -1.89     -0.35    1.53  NaCl
  Hexahydrite      -2.44     -4.11   -1.67  MgSO4:6H2O
  Hydrohalite      -1.77     -0.38    1.38  NaCl:2H2O
  Hydromagnesite   -4.65    -40.43  -35.78  (MgCO3)3:Mg(OH)2:3H2O
  Ice(s)           -0.06     -0.02    0.04  H2O
  Ikaite           -1.79     -8.73   -6.94  CaCO3:6H2O
  Kalicinite       -4.67     -4.69   -0.02  KHCO3
  Kieserite        -4.19     -4.03    0.16  MgSO4:H2O
  Landsfordite     -2.77     -7.96   -5.19  MgCO3:5H2O
  Magnesite        -0.09     -7.88   -7.79  MgCO3
  Meridianite      -2.28     -4.19   -1.92  MgSO4:11H2O
  MgCl2:12H2O      -5.52     -2.01    3.51  MgCl2:12H2O
  MgCl2:8H2O       -5.94     -1.94    3.99  MgCl2:8H2O
  Mirabilite       -1.09     -3.07   -1.99  Na2SO4:10H2O
  Na2CO3:7H2O      -6.08     -6.89   -0.81  Na2CO3:7H2O
  Nahcolite        -2.42     -3.01   -0.59  NaHCO3
  Natron           -5.52     -6.94   -1.42  Na2CO3:10H2O
  Nesquehonite     -2.72     -7.93   -5.20  MgCO3:3H2O
  Picromerite      -5.66    -10.39   -4.72  MgSO4:K2SO4:6H2O
  Sylvite          -2.76     -2.04    0.72  KCl
  Tachyhydrite    -24.22     -6.38   17.84  CaCl2:(MgCl2)2:12H2O
  Thenardite       -2.60     -2.91   -0.30  Na2SO4
  Trona            -8.63     -9.81   -1.18  Na3H(CO3)2:2H2O
  Vaterite         -0.83     -8.63   -7.80  CaCO3

**For a gas, SI = log10(fugacity). Fugacity = pressure * phi / 1 atm.
  For ideal gases, phi = 1.

-----------------------------------------
Beginning of batch-reaction calculations.
-----------------------------------------

Reaction step 1.

Using solution 1.	
Using pure phase assemblage 1.	

-------------------------------Phase assemblage--------------------------------

                                                      Moles in assemblage
Phase               SI  log IAP  log K(T, P)   Initial       Final       Delta

Calcite          -0.22    -8.63     -8.41    0.000e+00           0   0.000e+00
Gypsum           -0.18    -4.80     -4.62    0.000e+00           0   0.000e+00
Halite           -1.89    -0.35      1.53    0.000e+00           0   0.000e+00
Hydrohalite      -1.77    -0.38      1.38    0.000e+00           0   0.000e+00
Ice(s)           -0.06    -0.02      0.04    0.000e+00           0   0.000e+00
Mirabilite       -1.09    -3.07     -1.99    0.000e+00           0   0.000e+00

-----------------------------Solution composition------------------------------

	Elements           Molality       Moles

	C                 3.940e-03   3.940e-03
	Ca                2.409e-02   2.409e-02
	Cl                1.146e+00   1.146e+00
	K                 2.162e-02   2.162e-02
	Mg                1.163e-01   1.163e-01
	Na                9.390e-01   9.390e-01
	S                 5.966e-02   5.966e-02

----------------------------Description of solution----------------------------

                                       pH  =   6.972      Charge balance
                                       pe  =   4.000      Adjusted to redox equilibrium
      Specific Conductance (µS/cm,  10°C)  = 60172
                          Density (g/cm³)  =   1.05251
                               Volume (L)  =   1.01929
                        Activity of water  =   0.962
                 Ionic strength (mol/kgw)  =   1.455e+00
                       Mass of water (kg)  =   1.000e+00
                 Total alkalinity (eq/kg)  =   3.530e-03
                       Total CO2 (mol/kg)  =   3.940e-03
                         Temperature (°C)  =  10.00
                  Electrical balance (eq)  =  -2.725e-02
 Percent error, 100*(Cat-|An|)/(Cat+|An|)  =  -1.09
                               Iterations  =   1
                         Gamma iterations  =   1
                      Osmotic coefficient  =   0.92451
                         Density of water  =   0.99970
                                  Total H  = 1.110221e+02
                                  Total O  = 5.575932e+01

----------------------------Distribution of species----------------------------

                                                    Unscaled  Unscaled
                                Unscaled       Log       Log       Log    mole V
   Species          Molality    Activity  Molality  Activity     Gamma   cm³/mol

   H+              1.301e-07   1.066e-07    -6.886    -6.972    -0.086      0.00
   OH-             8.036e-08   2.676e-08    -7.095    -7.573    -0.478     -2.46
   H2O             5.551e+01   9.622e-01     1.744    -0.017     0.000     18.02
C(4)          3.940e-03
   HCO3-           3.494e-03   1.741e-03    -2.457    -2.759    -0.302     27.21
   CO2             4.279e-04   5.605e-04    -3.369    -3.251     0.117     33.63
   CO3-2           9.181e-06   5.312e-07    -5.037    -6.275    -1.238     -0.60
   MgCO3           9.122e-06   9.122e-06    -5.040    -5.040     0.000    -17.07
   CaCO3           2.019e-12   2.019e-12   -11.695   -11.695     0.000     (0)  
Ca            2.409e-02
   Ca+2            2.409e-02   4.383e-03    -1.618    -2.358    -0.740    -16.87
   CaCO3           2.019e-12   2.019e-12   -11.695   -11.695     0.000     (0)  
Cl            1.146e+00
   Cl-             1.146e+00   7.890e-01     0.059    -0.103    -0.162     18.38
K             2.162e-02
   K+              2.162e-02   1.163e-02    -1.665    -1.934    -0.269      9.57
Mg            1.163e-01
   Mg+2            1.163e-01   2.499e-02    -0.934    -1.602    -0.668    -19.55
   MgCO3           9.122e-06   9.122e-06    -5.040    -5.040     0.000    -17.07
   MgOH+           1.038e-07   8.821e-08    -6.984    -7.055    -0.071     (0)  
Na            9.390e-01
   Na+             9.390e-01   5.644e-01    -0.027    -0.248    -0.221     -0.84
S(6)          5.966e-02
   SO4-2           5.966e-02   3.906e-03    -1.224    -2.408    -1.184     18.05

------------------------------Saturation indices-------------------------------

  Phase               SI** log IAP   log K(283 K,   1 atm)

  Anhydrite        -0.64     -4.77   -4.13  CaSO4
  Antarcticite     -6.13     -2.66    3.47  CaCl2:6H2O
  Aphthitalite    -13.55    -21.74   -8.18  Na2SO4:3K2SO4
  Aragonite        -0.38     -8.63   -8.26  CaCO3
  Arcanite         -4.26     -6.28   -2.02  K2SO4
  Bischofite       -6.63     -1.91    4.72  MgCl2:6H2O
  Bloedite         -4.56     -6.98   -2.43  Na2Mg(SO4)2:4H2O
  Calcite          -0.22     -8.63   -8.41  CaCO3
  Carnallite       -8.03     -3.95    4.08  KMgCl3:6H2O
  CO2(g)           -1.98     -3.25   -1.27  CO2
  Dolomite          0.21    -16.51  -16.72  CaMg(CO3)2
  Epsomite         -2.06     -4.13   -2.07  MgSO4:7H2O
  Gypsum           -0.18     -4.80   -4.62  CaSO4:2H2O
  Halite           -1.89     -0.35    1.53  NaCl
  Hexahydrite      -2.44     -4.11   -1.67  MgSO4:6H2O
  Hydrohalite      -1.77     -0.38    1.38  NaCl:2H2O
  Hydromagnesite   -4.65    -40.43  -35.78  (MgCO3)3:Mg(OH)2:3H2O
  Ice(s)           -0.06     -0.02    0.04  H2O
  Ikaite           -1.79     -8.73   -6.94  CaCO3:6H2O
  Kalicinite       -4.67     -4.69   -0.02  KHCO3
  Kieserite        -4.19     -4.03    0.16  MgSO4:H2O
  Landsfordite     -2.77     -7.96   -5.19  MgCO3:5H2O
  Magnesite        -0.09     -7.88   -7.79  MgCO3
  Meridianite      -2.28     -4.19   -1.92  MgSO4:11H2O
  MgCl2:12H2O      -5.52     -2.01    3.51  MgCl2:12H2O
  MgCl2:8H2O       -5.94     -1.94    3.99  MgCl2:8H2O
  Mirabilite       -1.09     -3.07   -1.99  Na2SO4:10H2O
  Na2CO3:7H2O      -6.08     -6.89   -0.81  Na2CO3:7H2O
  Nahcolite        -2.42     -3.01   -0.59  NaHCO3
  Natron           -5.52     -6.94   -1.42  Na2CO3:10H2O
  Nesquehonite     -2.72     -7.93   -5.20  MgCO3:3H2O
  Picromerite      -5.66    -10.39   -4.72  MgSO4:K2SO4:6H2O
  Sylvite          -2.76     -2.04    0.72  KCl
  Tachyhydrite    -24.22     -6.38   17.84  CaCl2:(MgCl2)2:12H2O
  Thenardite       -2.60     -2.91   -0.30  Na2SO4
  Trona            -8.63     -9.81   -1.18  Na3H(CO3)2:2H2O
  Vaterite         -0.83     -8.63   -7.80  CaCO3

**For a gas, SI = log10(fugacity). Fugacity = pressure * phi / 1 atm.
  For ideal gases, phi = 1.

------------------
End of simulation.
------------------

------------------------------------
Reading input data for simulation 2.
------------------------------------

------------------------------
End of Run after 1.09 Seconds.
------------------------------

