   Input file: C:\Users\Kagiso\PHREEQC-Python\C3_Baseline_FREZ_eq_-014p0.pqi
  Output file: C:\Users\Kagiso\PHREEQC-Python\C3_Baseline_FREZ_eq_-014p0.out
Database file: C:\Program Files\USGS\phreeqc-3.8.6-17100-x64\database\frezchem.dat

------------------
Reading data base.
------------------

	PITZER
	SOLUTION_MASTER_SPECIES
	SOLUTION_SPECIES
	PHASES
	PITZER
	EXCHANGE_MASTER_SPECIES
	EXCHANGE_SPECIES
	SURFACE_MASTER_SPECIES
	SURFACE_SPECIES
	END
------------------------------------
Reading input data for simulation 1.
------------------------------------

	TITLE C3_Baseline FREZCHEM sequential FC at -14.00 C
	SOLUTION 1
	    temp -14.00000000
	    pH 6.6381000000
	    units mol/kgw
	    water 0.334890000000
	    Na 2.56636507509929e+00
	    K 6.45555256950043e-02
	    Mg 3.47367792409448e-01
	    Ca 5.59347845561229e-02
	    Cl 3.42172056496163e+00
	    S(6) 4.37039027740452e-02
	    C(4) 1.13688076681896e-02
	EQUILIBRIUM_PHASES 1
	    Ice(s)       0.0 0.0
	    Mirabilite   0.0 0.0
	    Halite       0.0 0.0
	    Hydrohalite  0.0 0.0
	    Calcite      0.0 0.0
	    Gypsum       0.0 0.0
	SELECTED_OUTPUT 1
	    file C:/Users/Kagiso/PHREEQC-Python/C3_Baseline_FREZ_eq_-014p0.txt
	    reset false
	    user_punch true
	USER_PUNCH 1
	    headings Temp_C pH Water_kg Alk_eq_kgw Mu aw Na_mol K_mol Mg_mol Ca_mol Cl_mol S6_mol C4_mol Na_m K_m Mg_m Ca_m Cl_m S6_m C4_m Na_act Cl_act SO4_act SI_Ice SI_Mirabilite SI_Halite SI_Hydrohalite SI_Calcite SI_Gypsum Ice_mol Mirabilite_mol Halite_mol Hydrohalite_mol Calcite_mol Gypsum_mol Iterations
	    10 PUNCH TC, -LA("H+"), TOT("water"), ALK, MU, ACT("H2O")
	    20 PUNCH TOTMOLE("Na"), TOTMOLE("K"), TOTMOLE("Mg"), TOTMOLE("Ca")
	    30 PUNCH TOTMOLE("Cl"), TOTMOLE("S(6)"), TOTMOLE("C(4)")
	    40 PUNCH TOT("Na"), TOT("K"), TOT("Mg"), TOT("Ca")
	    50 PUNCH TOT("Cl"), TOT("S(6)"), TOT("C(4)")
	    60 PUNCH ACT("Na+"), ACT("Cl-"), ACT("SO4-2")
	    70 PUNCH SI("Ice(s)"), SI("Mirabilite"), SI("Halite"), SI("Hydrohalite"), SI("Calcite"), SI("Gypsum")
	    80 PUNCH EQUI("Ice(s)"), EQUI("Mirabilite"), EQUI("Halite"), EQUI("Hydrohalite"), EQUI("Calcite"), EQUI("Gypsum")
	    90 PUNCH ITERATIONS
	END
-----
TITLE
-----

 C3_Baseline FREZCHEM sequential FC at -14.00 C

-------------------------------------------
Beginning of initial solution calculations.
-------------------------------------------

Initial solution 1.	

-----------------------------Solution composition------------------------------

	Elements           Molality       Moles

	C(4)              1.137e-02   3.807e-03
	Ca                5.593e-02   1.873e-02
	Cl                3.422e+00   1.146e+00
	K                 6.456e-02   2.162e-02
	Mg                3.474e-01   1.163e-01
	Na                2.566e+00   8.594e-01
	S(6)              4.370e-02   1.464e-02

----------------------------Description of solution----------------------------

                                       pH  =   6.638    
                                       pe  =   4.000    
      Specific Conductance (µS/cm, -14°C)  = 49601
                          Density (g/cm³)  =   1.14274
                               Volume (L)  =   0.35119
                        Activity of water  =   0.882
                 Ionic strength (mol/kgw)  =   3.924e+00
                       Mass of water (kg)  =   3.349e-01
                 Total alkalinity (eq/kg)  =   8.200e-03
                       Total CO2 (mol/kg)  =   1.137e-02
                         Temperature (°C)  = -14.00
                  Electrical balance (eq)  =  -2.673e-02
 Percent error, 100*(Cat-|An|)/(Cat+|An|)  =  -1.15
                               Iterations  =  16
                         Gamma iterations  =   5
                      Osmotic coefficient  =   1.07257
                         Density of water  =   0.99673
                                  Total H  = 3.718175e+01
                                  Total O  = 1.865840e+01

----------------------------Distribution of species----------------------------

                                                    Unscaled  Unscaled
                                Unscaled       Log       Log       Log    mole V
   Species          Molality    Activity  Molality  Activity     Gamma   cm³/mol

   H+              1.114e-07   2.301e-07    -6.953    -6.638     0.315      0.00
   OH-             1.387e-08   9.711e-10    -7.858    -9.013    -1.155     -3.77
   H2O             5.551e+01   8.818e-01     1.744    -0.055     0.000     18.08
C(4)          1.137e-02
   HCO3-           8.149e-03   3.396e-03    -2.089    -2.469    -0.380     32.57
   CO2             3.194e-03   5.739e-03    -2.496    -2.241     0.254     50.12
   MgCO3           1.449e-05   1.449e-05    -4.839    -4.839     0.000    -16.99
   CO3-2           1.095e-05   1.936e-07    -4.961    -6.713    -1.752     -1.29
   CaCO3           2.727e-12   2.727e-12   -11.564   -11.564     0.000     (0)  
Ca            5.593e-02
   Ca+2            5.593e-02   2.115e-02    -1.252    -1.675    -0.422    -20.68
   CaCO3           2.727e-12   2.727e-12   -11.564   -11.564     0.000     (0)  
Cl            3.422e+00
   Cl-             3.422e+00   2.607e+00     0.534     0.416    -0.118     16.38
K             6.456e-02
   K+              6.456e-02   2.733e-02    -1.190    -1.563    -0.373     10.26
Mg            3.474e-01
   Mg+2            3.474e-01   1.475e-01    -0.459    -0.831    -0.372    -18.57
   MgCO3           1.449e-05   1.449e-05    -4.839    -4.839     0.000    -16.99
   MgOH+           2.606e-08   1.747e-08    -7.584    -7.758    -0.174     (0)  
Na            2.566e+00
   Na+             2.566e+00   1.489e+00     0.409     0.173    -0.236     -1.82
S(6)          4.370e-02
   SO4-2           4.370e-02   9.660e-04    -1.359    -3.015    -1.656     11.93

------------------------------Saturation indices-------------------------------

  Phase               SI** log IAP   log K(259 K,   1 atm)

  Anhydrite        -0.67     -4.69   -4.02  CaSO4
  Antarcticite     -4.21     -1.17    3.04  CaCl2:6H2O
  Aphthitalite    -11.32    -21.09   -9.77  Na2SO4:3K2SO4
  Aragonite        -0.20     -8.39   -8.19  CaCO3
  Arcanite         -3.67     -6.14   -2.47  K2SO4
  Bischofite       -5.06     -0.33    4.73  MgCl2:6H2O
  Bloedite         -4.22     -6.73   -2.51  Na2Mg(SO4)2:4H2O
  Calcite          -0.02     -8.39   -8.36  CaCO3
  Carnallite       -5.02     -1.47    3.55  KMgCl3:6H2O
  CO2(g)           -1.41     -2.24   -0.84  CO2
  Dolomite          0.11    -15.93  -16.04  CaMg(CO3)2
  Epsomite         -1.81     -4.23   -2.42  MgSO4:7H2O
  Gypsum           -0.03     -4.80   -4.77  CaSO4:2H2O
  Halite           -0.83      0.59    1.42  NaCl
  Hexahydrite      -2.43     -4.17   -1.74  MgSO4:6H2O
  Hydrohalite      -0.55      0.48    1.03  NaCl:2H2O
  Hydromagnesite   -7.70    -41.65  -33.95  (MgCO3)3:Mg(OH)2:3H2O
  Ice(s)            0.00     -0.05   -0.06  H2O
  Ikaite           -1.12     -8.72   -7.60  CaCO3:6H2O
  Kalicinite       -3.68     -4.03   -0.35  KHCO3
  Kieserite        -5.19     -3.90    1.29  MgSO4:H2O
  Landsfordite     -2.94     -7.82   -4.87  MgCO3:5H2O
  Magnesite        -0.19     -7.54   -7.35  MgCO3
  Meridianite      -1.55     -4.45   -2.89  MgSO4:11H2O
  MgCl2:12H2O      -2.77     -0.65    2.11  MgCl2:12H2O
  MgCl2:8H2O       -4.02     -0.44    3.59  MgCl2:8H2O
  Mirabilite        0.04     -3.22   -3.26  Na2SO4:10H2O
  Na2CO3:7H2O      -5.34     -6.75   -1.41  Na2CO3:7H2O
  Nahcolite        -1.42     -2.30   -0.87  NaHCO3
  Natron           -4.62     -6.91   -2.30  Na2CO3:10H2O
  Nesquehonite     -3.00     -7.71   -4.71  MgCO3:3H2O
  Picromerite      -4.74    -10.32   -5.57  MgSO4:K2SO4:6H2O
  Sylvite          -1.49     -1.15    0.34  KCl
  Tachyhydrite    -20.78     -1.50   19.29  CaCl2:(MgCl2)2:12H2O
  Thenardite       -2.35     -2.67   -0.32  Na2SO4
  Trona            -7.32     -8.77   -1.45  Na3H(CO3)2:2H2O
  Vaterite         -0.71     -8.39   -7.68  CaCO3

**For a gas, SI = log10(fugacity). Fugacity = pressure * phi / 1 atm.
  For ideal gases, phi = 1.

-----------------------------------------
Beginning of batch-reaction calculations.
-----------------------------------------

Reaction step 1.

WARNING: Maximum iterations exceeded, 200

WARNING: Numerical method failed with this set of convergence parameters.

WARNING: Trying smaller step size, pe step size 10, 5 ... 

WARNING: Maximum iterations exceeded, 400

WARNING: Numerical method failed with this set of convergence parameters.

WARNING: Trying reduced tolerance 1e-16 ...

WARNING: Maximum iterations exceeded, 400

WARNING: Numerical method failed with this set of convergence parameters.

WARNING: Trying increased tolerance 1e-14 ...

WARNING: Maximum iterations exceeded, 400

WARNING: Numerical method failed with this set of convergence parameters.

WARNING: Trying diagonal scaling ...

Using solution 1.	
Using pure phase assemblage 1.	

-------------------------------Phase assemblage--------------------------------

                                                      Moles in assemblage
Phase               SI  log IAP  log K(T, P)   Initial       Final       Delta

Calcite           0.00    -8.36     -8.36    0.000e+00   2.886e-05   2.886e-05
Gypsum           -0.03    -4.81     -4.77    0.000e+00           0   0.000e+00
Halite           -0.76     0.66      1.42    0.000e+00           0   0.000e+00
Hydrohalite      -0.49     0.54      1.03    0.000e+00           0   0.000e+00
Ice(s)            0.00    -0.06     -0.06    0.000e+00   1.066e+00   1.066e+00
Mirabilite        0.00    -3.26     -3.26    0.000e+00   2.042e-03   2.042e-03

-----------------------------Solution composition------------------------------

	Elements           Molality       Moles

	C                 1.198e-02   3.778e-03
	Ca                5.932e-02   1.870e-02
	Cl                3.634e+00   1.146e+00
	K                 6.856e-02   2.162e-02
	Mg                3.689e-01   1.163e-01
	Na                2.713e+00   8.554e-01
	S                 3.994e-02   1.259e-02

----------------------------Description of solution----------------------------

                                       pH  =   6.591      Charge balance
                                       pe  =   4.000      Adjusted to redox equilibrium
      Specific Conductance (µS/cm, -14°C)  = 51180
                          Density (g/cm³)  =   1.14970
                               Volume (L)  =   0.33178
                        Activity of water  =   0.873
                 Ionic strength (mol/kgw)  =   4.148e+00
                       Mass of water (kg)  =   3.153e-01
                 Total alkalinity (eq/kg)  =   8.526e-03
                       Total CO2 (mol/kg)  =   1.198e-02
                         Temperature (°C)  = -14.00
                  Electrical balance (eq)  =  -2.673e-02
 Percent error, 100*(Cat-|An|)/(Cat+|An|)  =  -1.15
                               Iterations  =  13 (1417 overall)
                         Gamma iterations  =   2
                      Osmotic coefficient  =   1.09391
                         Density of water  =   0.99673
                                  Total H  = 3.500881e+01
                                  Total O  = 1.756368e+01

----------------------------Distribution of species----------------------------

                                                    Unscaled  Unscaled
                                Unscaled       Log       Log       Log    mole V
   Species          Molality    Activity  Molality  Activity     Gamma   cm³/mol

   H+              1.139e-07   2.565e-07    -6.944    -6.591     0.353      0.00
   OH-             1.373e-08   8.623e-10    -7.862    -9.064    -1.202     -3.49
   H2O             5.551e+01   8.729e-01     1.744    -0.059     0.000     18.08
C(4)          1.198e-02
   HCO3-           8.473e-03   3.461e-03    -2.072    -2.461    -0.389     33.44
   CO2             3.484e-03   6.587e-03    -2.458    -2.181     0.277     50.12
   MgCO3           1.579e-05   1.579e-05    -4.802    -4.802     0.000    -16.99
   CO3-2           1.074e-05   1.770e-07    -4.969    -6.752    -1.783     -0.52
   CaCO3           2.882e-12   2.882e-12   -11.540   -11.540     0.000     (0)  
Ca            5.932e-02
   Ca+2            5.932e-02   2.444e-02    -1.227    -1.612    -0.385    -20.77
   CaCO3           2.882e-12   2.882e-12   -11.540   -11.540     0.000     (0)  
Cl            3.634e+00
   Cl-             3.634e+00   2.842e+00     0.560     0.454    -0.107     16.48
K             6.856e-02
   K+              6.856e-02   2.866e-02    -1.164    -1.543    -0.379     10.47
Mg            3.689e-01
   Mg+2            3.689e-01   1.758e-01    -0.433    -0.755    -0.322    -18.55
   MgCO3           1.579e-05   1.579e-05    -4.802    -4.802     0.000    -16.99
   MgOH+           2.852e-08   1.849e-08    -7.545    -7.733    -0.188     (0)  
Na            2.713e+00
   Na+             2.713e+00   1.598e+00     0.433     0.203    -0.230     -1.68
S(6)          3.994e-02
   SO4-2           3.994e-02   8.406e-04    -1.399    -3.075    -1.677     12.27

------------------------------Saturation indices-------------------------------

  Phase               SI** log IAP   log K(259 K,   1 atm)

  Anhydrite        -0.67     -4.69   -4.02  CaSO4
  Antarcticite     -4.10     -1.06    3.04  CaCl2:6H2O
  Aphthitalite    -11.38    -21.15   -9.77  Na2SO4:3K2SO4
  Aragonite        -0.18     -8.36   -8.19  CaCO3
  Arcanite         -3.69     -6.16   -2.47  K2SO4
  Bischofite       -4.93     -0.20    4.73  MgCl2:6H2O
  Bloedite         -4.22     -6.73   -2.51  Na2Mg(SO4)2:4H2O
  Calcite           0.00     -8.36   -8.36  CaCO3
  Carnallite       -4.84     -1.29    3.55  KMgCl3:6H2O
  CO2(g)           -1.35     -2.18   -0.84  CO2
  Dolomite          0.17    -15.87  -16.04  CaMg(CO3)2
  Epsomite         -1.82     -4.24   -2.42  MgSO4:7H2O
  Gypsum           -0.03     -4.81   -4.77  CaSO4:2H2O
  Halite           -0.76      0.66    1.42  NaCl
  Hexahydrite      -2.44     -4.18   -1.74  MgSO4:6H2O
  Hydrohalite      -0.49      0.54    1.03  NaCl:2H2O
  Hydromagnesite   -7.63    -41.58  -33.95  (MgCO3)3:Mg(OH)2:3H2O
  Ice(s)            0.00     -0.06   -0.06  H2O
  Ikaite           -1.12     -8.72   -7.60  CaCO3:6H2O
  Kalicinite       -3.65     -4.00   -0.35  KHCO3
  Kieserite        -5.18     -3.89    1.29  MgSO4:H2O
  Landsfordite     -2.93     -7.80   -4.87  MgCO3:5H2O
  Magnesite        -0.16     -7.51   -7.35  MgCO3
  Meridianite      -1.59     -4.48   -2.89  MgSO4:11H2O
  MgCl2:12H2O      -2.67     -0.56    2.11  MgCl2:12H2O
  MgCl2:8H2O       -3.91     -0.32    3.59  MgCl2:8H2O
  Mirabilite        0.00     -3.26   -3.26  Na2SO4:10H2O
  Na2CO3:7H2O      -5.35     -6.76   -1.41  Na2CO3:7H2O
  Nahcolite        -1.38     -2.26   -0.87  NaHCO3
  Natron           -4.64     -6.94   -2.30  Na2CO3:10H2O
  Nesquehonite     -2.98     -7.68   -4.71  MgCO3:3H2O
  Picromerite      -4.77    -10.35   -5.57  MgSO4:K2SO4:6H2O
  Sylvite          -1.43     -1.09    0.34  KCl
  Tachyhydrite    -20.39     -1.11   19.29  CaCl2:(MgCl2)2:12H2O
  Thenardite       -2.35     -2.67   -0.32  Na2SO4
  Trona            -7.27     -8.72   -1.45  Na3H(CO3)2:2H2O
  Vaterite         -0.69     -8.36   -7.68  CaCO3

**For a gas, SI = log10(fugacity). Fugacity = pressure * phi / 1 atm.
  For ideal gases, phi = 1.

------------------
End of simulation.
------------------

------------------------------------
Reading input data for simulation 2.
------------------------------------

-------------------------------
End of Run after 1.243 Seconds.
-------------------------------

