   Input file: C:\Users\Kagiso\PHREEQC-Python\C3_Baseline_FREZ_eq_-006p0.pqi
  Output file: C:\Users\Kagiso\PHREEQC-Python\C3_Baseline_FREZ_eq_-006p0.out
Database file: C:\Program Files\USGS\phreeqc-3.8.6-17100-x64\database\frezchem.dat

------------------
Reading data base.
------------------

	PITZER
	SOLUTION_MASTER_SPECIES
	SOLUTION_SPECIES
	PHASES
	PITZER
	EXCHANGE_MASTER_SPECIES
	EXCHANGE_SPECIES
	SURFACE_MASTER_SPECIES
	SURFACE_SPECIES
	END
------------------------------------
Reading input data for simulation 1.
------------------------------------

	TITLE C3_Baseline FREZCHEM sequential FC at -6.00 C
	SOLUTION 1
	    temp -6.00000000
	    pH 6.9412000000
	    units mol/kgw
	    water 0.794730000000
	    Na 1.18159626539831e+00
	    K 2.72029494293659e-02
	    Mg 1.46376756885986e-01
	    Ca 3.03071483396877e-02
	    Cl 1.44187334063141e+00
	    S(6) 7.50670038881129e-02
	    C(4) 4.95740691807280e-03
	EQUILIBRIUM_PHASES 1
	    Ice(s)       0.0 0.0
	    Mirabilite   0.0 0.0
	    Halite       0.0 0.0
	    Hydrohalite  0.0 0.0
	    Calcite      0.0 0.0
	    Gypsum       0.0 0.0
	SELECTED_OUTPUT 1
	    file C:/Users/Kagiso/PHREEQC-Python/C3_Baseline_FREZ_eq_-006p0.txt
	    reset false
	    user_punch true
	USER_PUNCH 1
	    headings Temp_C pH Water_kg Alk_eq_kgw Mu aw Na_mol K_mol Mg_mol Ca_mol Cl_mol S6_mol C4_mol Na_m K_m Mg_m Ca_m Cl_m S6_m C4_m Na_act Cl_act SO4_act SI_Ice SI_Mirabilite SI_Halite SI_Hydrohalite SI_Calcite SI_Gypsum Ice_mol Mirabilite_mol Halite_mol Hydrohalite_mol Calcite_mol Gypsum_mol Iterations
	    10 PUNCH TC, -LA("H+"), TOT("water"), ALK, MU, ACT("H2O")
	    20 PUNCH TOTMOLE("Na"), TOTMOLE("K"), TOTMOLE("Mg"), TOTMOLE("Ca")
	    30 PUNCH TOTMOLE("Cl"), TOTMOLE("S(6)"), TOTMOLE("C(4)")
	    40 PUNCH TOT("Na"), TOT("K"), TOT("Mg"), TOT("Ca")
	    50 PUNCH TOT("Cl"), TOT("S(6)"), TOT("C(4)")
	    60 PUNCH ACT("Na+"), ACT("Cl-"), ACT("SO4-2")
	    70 PUNCH SI("Ice(s)"), SI("Mirabilite"), SI("Halite"), SI("Hydrohalite"), SI("Calcite"), SI("Gypsum")
	    80 PUNCH EQUI("Ice(s)"), EQUI("Mirabilite"), EQUI("Halite"), EQUI("Hydrohalite"), EQUI("Calcite"), EQUI("Gypsum")
	    90 PUNCH ITERATIONS
	END
-----
TITLE
-----

 C3_Baseline FREZCHEM sequential FC at -6.00 C

-------------------------------------------
Beginning of initial solution calculations.
-------------------------------------------

Initial solution 1.	

-----------------------------Solution composition------------------------------

	Elements           Molality       Moles

	C(4)              4.957e-03   3.940e-03
	Ca                3.031e-02   2.409e-02
	Cl                1.442e+00   1.146e+00
	K                 2.720e-02   2.162e-02
	Mg                1.464e-01   1.163e-01
	Na                1.182e+00   9.390e-01
	S(6)              7.507e-02   5.966e-02

----------------------------Description of solution----------------------------

                                       pH  =   6.941    
                                       pe  =   4.000    
      Specific Conductance (µS/cm,  -6°C)  = 41764
                          Density (g/cm³)  =   1.06928
                               Volume (L)  =   0.81133
                        Activity of water  =   0.953
                 Ionic strength (mol/kgw)  =   1.831e+00
                       Mass of water (kg)  =   7.947e-01
                 Total alkalinity (eq/kg)  =   4.137e-03
                       Total CO2 (mol/kg)  =   4.957e-03
                         Temperature (°C)  =  -6.00
                  Electrical balance (eq)  =  -2.700e-02
 Percent error, 100*(Cat-|An|)/(Cat+|An|)  =  -1.08
                               Iterations  =  13
                         Gamma iterations  =   4
                      Osmotic coefficient  =   0.91979
                         Density of water  =   0.99908
                                  Total H  = 8.823308e+01
                                  Total O  = 4.436469e+01

----------------------------Distribution of species----------------------------

                                                    Unscaled  Unscaled
                                Unscaled       Log       Log       Log    mole V
   Species          Molality    Activity  Molality  Activity     Gamma   cm³/mol

   H+              1.229e-07   1.145e-07    -6.911    -6.941    -0.031      0.00
   OH-             2.179e-08   5.165e-09    -7.662    -8.287    -0.625     -4.29
   H2O             5.551e+01   9.530e-01     1.744    -0.021     0.000     18.03
C(4)          4.957e-03
   HCO3-           4.112e-03   1.993e-03    -2.386    -2.700    -0.314     26.16
   CO2             8.327e-04   1.112e-03    -3.080    -2.954     0.126     42.37
   CO3-2           7.052e-06   3.253e-07    -5.152    -6.488    -1.336     -4.33
   MgCO3           5.318e-06   5.318e-06    -5.274    -5.274     0.000    -17.03
   CaCO3           1.547e-12   1.547e-12   -11.811   -11.811     0.000     (0)  
Ca            3.031e-02
   Ca+2            3.031e-02   5.877e-03    -1.518    -2.231    -0.712    -18.37
   CaCO3           1.547e-12   1.547e-12   -11.811   -11.811     0.000     (0)  
Cl            1.442e+00
   Cl-             1.442e+00   9.605e-01     0.159    -0.017    -0.176     16.86
K             2.720e-02
   K+              2.720e-02   1.376e-02    -1.565    -1.861    -0.296      8.94
Mg            1.464e-01
   Mg+2            1.464e-01   2.928e-02    -0.835    -1.533    -0.699    -19.00
   MgCO3           5.318e-06   5.318e-06    -5.274    -5.274     0.000    -17.03
   MgOH+           2.201e-08   1.845e-08    -7.657    -7.734    -0.077     (0)  
Na            1.182e+00
   Na+             1.182e+00   6.726e-01     0.072    -0.172    -0.245     -2.03
S(6)          7.507e-02
   SO4-2           7.507e-02   3.674e-03    -1.125    -2.435    -1.310     13.42

------------------------------Saturation indices-------------------------------

  Phase               SI** log IAP   log K(267 K,   1 atm)

  Anhydrite        -0.63     -4.67   -4.04  CaSO4
  Antarcticite     -5.55     -2.39    3.16  CaCl2:6H2O
  Aphthitalite    -12.01    -21.25   -9.24  Na2SO4:3K2SO4
  Aragonite        -0.52     -8.72   -8.20  CaCO3
  Arcanite         -3.85     -6.16   -2.31  K2SO4
  Bischofite       -6.44     -1.69    4.75  MgCl2:6H2O
  Bloedite         -4.35     -6.83   -2.48  Na2Mg(SO4)2:4H2O
  Calcite          -0.35     -8.72   -8.37  CaCO3
  Carnallite       -7.33     -3.57    3.76  KMgCl3:6H2O
  CO2(g)           -1.95     -2.95   -1.00  CO2
  Dolomite         -0.46    -16.74  -16.28  CaMg(CO3)2
  Epsomite         -1.82     -4.11   -2.30  MgSO4:7H2O
  Gypsum           -0.01     -4.71   -4.70  CaSO4:2H2O
  Halite           -1.66     -0.19    1.47  NaCl
  Hexahydrite      -2.38     -4.09   -1.72  MgSO4:6H2O
  Hydrohalite      -1.40     -0.23    1.16  NaCl:2H2O
  Hydromagnesite   -7.64    -42.23  -34.60  (MgCO3)3:Mg(OH)2:3H2O
  Ice(s)            0.00     -0.02   -0.03  H2O
  Ikaite           -1.48     -8.84   -7.37  CaCO3:6H2O
  Kalicinite       -4.32     -4.56   -0.25  KHCO3
  Kieserite        -4.83     -3.99    0.84  MgSO4:H2O
  Landsfordite     -3.01     -8.13   -5.11  MgCO3:5H2O
  Magnesite        -0.52     -8.02   -7.51  MgCO3
  Meridianite      -1.63     -4.20   -2.57  MgSO4:11H2O
  MgCl2:12H2O      -4.32     -1.82    2.50  MgCl2:12H2O
  MgCl2:8H2O       -5.48     -1.74    3.75  MgCl2:8H2O
  Mirabilite       -0.16     -2.99   -2.83  Na2SO4:10H2O
  Na2CO3:7H2O      -5.77     -6.98   -1.21  Na2CO3:7H2O
  Nahcolite        -2.08     -2.87   -0.79  NaHCO3
  Natron           -5.02     -7.04   -2.02  Na2CO3:10H2O
  Nesquehonite     -3.17     -8.08   -4.92  MgCO3:3H2O
  Picromerite      -5.00    -10.25   -5.25  MgSO4:K2SO4:6H2O
  Sylvite          -2.36     -1.88    0.48  KCl
  Tachyhydrite    -24.46     -5.65   18.80  CaCl2:(MgCl2)2:12H2O
  Thenardite       -2.47     -2.78   -0.31  Na2SO4
  Trona            -8.38     -9.75   -1.36  Na3H(CO3)2:2H2O
  Vaterite         -1.01     -8.72   -7.71  CaCO3

**For a gas, SI = log10(fugacity). Fugacity = pressure * phi / 1 atm.
  For ideal gases, phi = 1.

-----------------------------------------
Beginning of batch-reaction calculations.
-----------------------------------------

Reaction step 1.

WARNING: Maximum iterations exceeded, 200

WARNING: Numerical method failed with this set of convergence parameters.

WARNING: Trying smaller step size, pe step size 10, 5 ... 

WARNING: Maximum iterations exceeded, 400

WARNING: Numerical method failed with this set of convergence parameters.

WARNING: Trying reduced tolerance 1e-16 ...

WARNING: Maximum iterations exceeded, 400

WARNING: Numerical method failed with this set of convergence parameters.

WARNING: Trying increased tolerance 1e-14 ...

WARNING: Maximum iterations exceeded, 400

WARNING: Numerical method failed with this set of convergence parameters.

WARNING: Trying diagonal scaling ...

Using solution 1.	
Using pure phase assemblage 1.	

-------------------------------Phase assemblage--------------------------------

                                                      Moles in assemblage
Phase               SI  log IAP  log K(T, P)   Initial       Final       Delta

Calcite          -0.28    -8.65     -8.37    0.000e+00           0   0.000e+00
Gypsum            0.00    -4.70     -4.70    0.000e+00   3.269e-03   3.269e-03
Halite           -1.51    -0.04      1.47    0.000e+00           0   0.000e+00
Hydrohalite      -1.25    -0.09      1.16    0.000e+00           0   0.000e+00
Ice(s)            0.00    -0.03     -0.03    0.000e+00   6.867e+00   6.867e+00
Mirabilite       -0.07    -2.90     -2.83    0.000e+00           0   0.000e+00

-----------------------------Solution composition------------------------------

	Elements           Molality       Moles

	C                 5.872e-03   3.940e-03
	Ca                3.103e-02   2.082e-02
	Cl                1.708e+00   1.146e+00
	K                 3.222e-02   2.162e-02
	Mg                1.734e-01   1.163e-01
	Na                1.400e+00   9.390e-01
	S                 8.405e-02   5.639e-02

----------------------------Description of solution----------------------------

                                       pH  =   6.919      Charge balance
                                       pe  =   4.000      Adjusted to redox equilibrium
      Specific Conductance (µS/cm,  -6°C)  = 46829
                          Density (g/cm³)  =   1.08062
                               Volume (L)  =   0.68781
                        Activity of water  =   0.944
                 Ionic strength (mol/kgw)  =   2.149e+00
                       Mass of water (kg)  =   6.709e-01
                 Total alkalinity (eq/kg)  =   4.901e-03
                       Total CO2 (mol/kg)  =   5.872e-03
                         Temperature (°C)  =  -6.00
                  Electrical balance (eq)  =  -2.700e-02
 Percent error, 100*(Cat-|An|)/(Cat+|An|)  =  -1.08
                               Iterations  =   6 (1410 overall)
                         Gamma iterations  =   1
                      Osmotic coefficient  =   0.93685
                         Density of water  =   0.99908
                                  Total H  = 7.448518e+01
                                  Total O  = 3.747767e+01

----------------------------Distribution of species----------------------------

                                                    Unscaled  Unscaled
                                Unscaled       Log       Log       Log    mole V
   Species          Molality    Activity  Molality  Activity     Gamma   cm³/mol

   H+              1.179e-07   1.206e-07    -6.928    -6.919     0.010      0.00
   OH-             2.393e-08   4.858e-09    -7.621    -8.314    -0.692     -3.86
   H2O             5.551e+01   9.437e-01     1.744    -0.025     0.000     18.03
C(4)          5.872e-03
   HCO3-           4.868e-03   2.273e-03    -2.313    -2.643    -0.331     27.19
   CO2             9.882e-04   1.349e-03    -3.005    -2.870     0.135     42.37
   CO3-2           9.042e-06   3.524e-07    -5.044    -6.453    -1.409     -3.35
   MgCO3           7.365e-06   7.365e-06    -5.133    -5.133     0.000    -17.03
   CaCO3           1.806e-12   1.806e-12   -11.743   -11.743     0.000     (0)  
Ca            3.103e-02
   Ca+2            3.103e-02   6.335e-03    -1.508    -2.198    -0.690    -18.37
   CaCO3           1.806e-12   1.806e-12   -11.743   -11.743     0.000     (0)  
Cl            1.708e+00
   Cl-             1.708e+00   1.152e+00     0.232     0.062    -0.171     17.00
K             3.222e-02
   K+              3.222e-02   1.589e-02    -1.492    -1.799    -0.307      9.20
Mg            1.734e-01
   Mg+2            1.734e-01   3.743e-02    -0.761    -1.427    -0.666    -18.90
   MgCO3           7.365e-06   7.365e-06    -5.133    -5.133     0.000    -17.03
   MgOH+           2.741e-08   2.219e-08    -7.562    -7.654    -0.092     (0)  
Na            1.400e+00
   Na+             1.400e+00   7.937e-01     0.146    -0.100    -0.246     -1.82
S(6)          8.405e-02
   SO4-2           8.405e-02   3.541e-03    -1.075    -2.451    -1.375     14.08

------------------------------Saturation indices-------------------------------

  Phase               SI** log IAP   log K(267 K,   1 atm)

  Anhydrite        -0.61     -4.65   -4.04  CaSO4
  Antarcticite     -5.39     -2.23    3.16  CaCl2:6H2O
  Aphthitalite    -11.55    -20.80   -9.24  Na2SO4:3K2SO4
  Aragonite        -0.45     -8.65   -8.20  CaCO3
  Arcanite         -3.74     -6.05   -2.31  K2SO4
  Bischofite       -6.20     -1.45    4.75  MgCl2:6H2O
  Bloedite         -4.15     -6.63   -2.48  Na2Mg(SO4)2:4H2O
  Calcite          -0.28     -8.65   -8.37  CaCO3
  Carnallite       -6.95     -3.19    3.76  KMgCl3:6H2O
  CO2(g)           -1.87     -2.87   -1.00  CO2
  Dolomite         -0.25    -16.53  -16.28  CaMg(CO3)2
  Epsomite         -1.75     -4.05   -2.30  MgSO4:7H2O
  Gypsum            0.00     -4.70   -4.70  CaSO4:2H2O
  Halite           -1.51     -0.04    1.47  NaCl
  Hexahydrite      -2.31     -4.03   -1.72  MgSO4:6H2O
  Hydrohalite      -1.25     -0.09    1.16  NaCl:2H2O
  Hydromagnesite   -7.17    -41.77  -34.60  (MgCO3)3:Mg(OH)2:3H2O
  Ice(s)            0.00     -0.03   -0.03  H2O
  Ikaite           -1.43     -8.80   -7.37  CaCO3:6H2O
  Kalicinite       -4.20     -4.44   -0.25  KHCO3
  Kieserite        -4.74     -3.90    0.84  MgSO4:H2O
  Landsfordite     -2.89     -8.01   -5.11  MgCO3:5H2O
  Magnesite        -0.37     -7.88   -7.51  MgCO3
  Meridianite      -1.59     -4.15   -2.57  MgSO4:11H2O
  MgCl2:12H2O      -4.11     -1.61    2.50  MgCl2:12H2O
  MgCl2:8H2O       -5.25     -1.50    3.75  MgCl2:8H2O
  Mirabilite       -0.07     -2.90   -2.83  Na2SO4:10H2O
  Na2CO3:7H2O      -5.62     -6.83   -1.21  Na2CO3:7H2O
  Nahcolite        -1.95     -2.74   -0.79  NaHCO3
  Natron           -4.89     -6.91   -2.02  Na2CO3:10H2O
  Nesquehonite     -3.04     -7.96   -4.92  MgCO3:3H2O
  Picromerite      -4.83    -10.08   -5.25  MgSO4:K2SO4:6H2O
  Sylvite          -2.22     -1.74    0.48  KCl
  Tachyhydrite    -23.79     -4.98   18.80  CaCl2:(MgCl2)2:12H2O
  Thenardite       -2.34     -2.65   -0.31  Na2SO4
  Trona            -8.09     -9.45   -1.36  Na3H(CO3)2:2H2O
  Vaterite         -0.94     -8.65   -7.71  CaCO3

**For a gas, SI = log10(fugacity). Fugacity = pressure * phi / 1 atm.
  For ideal gases, phi = 1.

------------------
End of simulation.
------------------

------------------------------------
Reading input data for simulation 2.
------------------------------------

-------------------------------
End of Run after 1.308 Seconds.
-------------------------------

