   Input file: C:\Users\Kagiso\PHREEQC-Python\C3_Baseline_FREZ_eq_+020p0.pqi
  Output file: C:\Users\Kagiso\PHREEQC-Python\C3_Baseline_FREZ_eq_+020p0.out
Database file: C:\Program Files\USGS\phreeqc-3.8.6-17100-x64\database\frezchem.dat

------------------
Reading data base.
------------------

	PITZER
	SOLUTION_MASTER_SPECIES
	SOLUTION_SPECIES
	PHASES
	PITZER
	EXCHANGE_MASTER_SPECIES
	EXCHANGE_SPECIES
	SURFACE_MASTER_SPECIES
	SURFACE_SPECIES
	END
------------------------------------
Reading input data for simulation 1.
------------------------------------

	TITLE C3_Baseline FREZCHEM sequential FC at 20.00 C
	SOLUTION 1
	    temp 20.00000000
	    pH 6.9723000000
	    units mol/kgw
	    water 1.000000000000
	    Na 9.39050000000000e-01
	    K 2.16190000000000e-02
	    Mg 1.16330000000000e-01
	    Ca 2.40860000000000e-02
	    Cl 1.14590000000000e+00
	    S(6) 5.96580000000000e-02
	    C(4) 3.93980000000000e-03
	EQUILIBRIUM_PHASES 1
	    Ice(s)       0.0 0.0
	    Mirabilite   0.0 0.0
	    Halite       0.0 0.0
	    Hydrohalite  0.0 0.0
	    Calcite      0.0 0.0
	    Gypsum       0.0 0.0
	SELECTED_OUTPUT 1
	    file C:/Users/Kagiso/PHREEQC-Python/C3_Baseline_FREZ_eq_+020p0.txt
	    reset false
	    user_punch true
	USER_PUNCH 1
	    headings Temp_C pH Water_kg Alk_eq_kgw Mu aw Na_mol K_mol Mg_mol Ca_mol Cl_mol S6_mol C4_mol Na_m K_m Mg_m Ca_m Cl_m S6_m C4_m Na_act Cl_act SO4_act SI_Ice SI_Mirabilite SI_Halite SI_Hydrohalite SI_Calcite SI_Gypsum Ice_mol Mirabilite_mol Halite_mol Hydrohalite_mol Calcite_mol Gypsum_mol Iterations
	    10 PUNCH TC, -LA("H+"), TOT("water"), ALK, MU, ACT("H2O")
	    20 PUNCH TOTMOLE("Na"), TOTMOLE("K"), TOTMOLE("Mg"), TOTMOLE("Ca")
	    30 PUNCH TOTMOLE("Cl"), TOTMOLE("S(6)"), TOTMOLE("C(4)")
	    40 PUNCH TOT("Na"), TOT("K"), TOT("Mg"), TOT("Ca")
	    50 PUNCH TOT("Cl"), TOT("S(6)"), TOT("C(4)")
	    60 PUNCH ACT("Na+"), ACT("Cl-"), ACT("SO4-2")
	    70 PUNCH SI("Ice(s)"), SI("Mirabilite"), SI("Halite"), SI("Hydrohalite"), SI("Calcite"), SI("Gypsum")
	    80 PUNCH EQUI("Ice(s)"), EQUI("Mirabilite"), EQUI("Halite"), EQUI("Hydrohalite"), EQUI("Calcite"), EQUI("Gypsum")
	    90 PUNCH ITERATIONS
	END
-----
TITLE
-----

 C3_Baseline FREZCHEM sequential FC at 20.00 C

-------------------------------------------
Beginning of initial solution calculations.
-------------------------------------------

Initial solution 1.	

-----------------------------Solution composition------------------------------

	Elements           Molality       Moles

	C(4)              3.940e-03   3.940e-03
	Ca                2.409e-02   2.409e-02
	Cl                1.146e+00   1.146e+00
	K                 2.162e-02   2.162e-02
	Mg                1.163e-01   1.163e-01
	Na                9.390e-01   9.390e-01
	S(6)              5.966e-02   5.966e-02

----------------------------Description of solution----------------------------

                                       pH  =   6.972    
                                       pe  =   4.000    
      Specific Conductance (µS/cm,  20°C)  = 77828
                          Density (g/cm³)  =   1.04970
                               Volume (L)  =   1.02202
                        Activity of water  =   0.962
                 Ionic strength (mol/kgw)  =   1.455e+00
                       Mass of water (kg)  =   1.000e+00
                 Total alkalinity (eq/kg)  =   3.601e-03
                       Total CO2 (mol/kg)  =   3.940e-03
                         Temperature (°C)  =  20.00
                  Electrical balance (eq)  =  -2.732e-02
 Percent error, 100*(Cat-|An|)/(Cat+|An|)  =  -1.09
                               Iterations  =  13
                         Gamma iterations  =   4
                      Osmotic coefficient  =   0.93273
                         Density of water  =   0.99820
                                  Total H  = 1.110221e+02
                                  Total O  = 5.575938e+01

----------------------------Distribution of species----------------------------

                                                    Unscaled  Unscaled
                                Unscaled       Log       Log       Log    mole V
   Species          Molality    Activity  Molality  Activity     Gamma   cm³/mol

   OH-             1.749e-07   6.205e-08    -6.757    -7.207    -0.450     -1.69
   H+              1.328e-07   1.066e-07    -6.877    -6.972    -0.095      0.00
   H2O             5.551e+01   9.619e-01     1.744    -0.017     0.000     18.05
C(4)          3.940e-03
   HCO3-           3.547e-03   1.782e-03    -2.450    -2.749    -0.299     27.98
   CO2             3.658e-04   4.758e-04    -3.437    -3.323     0.114     30.37
   MgCO3           1.447e-05   1.447e-05    -4.840    -4.840     0.000    -17.08
   CO3-2           1.247e-05   7.042e-07    -4.904    -6.152    -1.248      0.97
   CaCO3           2.316e-12   2.316e-12   -11.635   -11.635     0.000     (0)  
Ca            2.409e-02
   Ca+2            2.409e-02   4.255e-03    -1.618    -2.371    -0.753    -16.38
   CaCO3           2.316e-12   2.316e-12   -11.635   -11.635     0.000     (0)  
Cl            1.146e+00
   Cl-             1.146e+00   8.001e-01     0.059    -0.097    -0.156     18.93
K             2.162e-02
   K+              2.162e-02   1.169e-02    -1.665    -1.932    -0.267      9.93
Mg            1.163e-01
   Mg+2            1.163e-01   2.603e-02    -0.934    -1.584    -0.650    -19.79
   MgCO3           1.447e-05   1.447e-05    -4.840    -4.840     0.000    -17.08
   MgOH+           2.803e-07   2.339e-07    -6.552    -6.631    -0.079     (0)  
Na            9.390e-01
   Na+             9.390e-01   5.723e-01    -0.027    -0.242    -0.215     -0.30
S(6)          5.966e-02
   SO4-2           5.966e-02   4.129e-03    -1.224    -2.384    -1.160     19.72

------------------------------Saturation indices-------------------------------

  Phase               SI** log IAP   log K(293 K,   1 atm)

  Anhydrite        -0.54     -4.76   -4.21  CaSO4
  Antarcticite     -6.35     -2.67    3.68  CaCl2:6H2O
  Aphthitalite    -14.09    -21.61   -7.52  Na2SO4:3K2SO4
  Aragonite        -0.22     -8.52   -8.31  CaCO3
  Arcanite         -4.39     -6.25   -1.85  K2SO4
  Bischofite       -6.54     -1.88    4.66  MgCl2:6H2O
  Bloedite         -4.52     -6.90   -2.39  Na2Mg(SO4)2:4H2O
  Calcite          -0.07     -8.52   -8.45  CaCO3
  Carnallite       -8.14     -3.91    4.23  KMgCl3:6H2O
  CO2(g)           -1.92     -3.32   -1.41  CO2
  Dolomite          0.70    -16.26  -16.96  CaMg(CO3)2
  Epsomite         -2.14     -4.09   -1.94  MgSO4:7H2O
  Gypsum           -0.19     -4.79   -4.60  CaSO4:2H2O
  Halite           -1.90     -0.34    1.56  NaCl
  Hexahydrite      -2.43     -4.07   -1.64  MgSO4:6H2O
  Hydrohalite      -1.86     -0.37    1.48  NaCl:2H2O
  Hydromagnesite   -2.81    -39.26  -36.45  (MgCO3)3:Mg(OH)2:3H2O
  Ice(s)           -0.10     -0.02    0.08  H2O
  Ikaite           -1.92     -8.62   -6.70  CaCO3:6H2O
  Kalicinite       -4.80     -4.68    0.12  KHCO3
  Kieserite        -3.87     -3.99   -0.11  MgSO4:H2O
  Landsfordite     -2.71     -7.82   -5.11  MgCO3:5H2O
  Magnesite         0.22     -7.74   -7.95  MgCO3
  Meridianite      -2.64     -4.15   -1.51  MgSO4:11H2O
  MgCl2:12H2O      -6.25     -1.98    4.27  MgCl2:12H2O
  MgCl2:8H2O       -6.03     -1.91    4.11  MgCl2:8H2O
  Mirabilite       -1.57     -3.04   -1.47  Na2SO4:10H2O
  Na2CO3:7H2O      -6.19     -6.75   -0.56  Na2CO3:7H2O
  Nahcolite        -2.53     -2.99   -0.46  NaHCO3
  Natron           -5.79     -6.81   -1.01  Na2CO3:10H2O
  Nesquehonite     -2.49     -7.79   -5.29  MgCO3:3H2O
  Picromerite      -5.84    -10.32   -4.48  MgSO4:K2SO4:6H2O
  Sylvite          -2.87     -2.03    0.84  KCl
  Tachyhydrite    -23.56     -6.32   17.24  CaCl2:(MgCl2)2:12H2O
  Thenardite       -2.58     -2.87   -0.29  Na2SO4
  Trona            -8.59     -9.66   -1.07  Na3H(CO3)2:2H2O
  Vaterite         -0.65     -8.52   -7.87  CaCO3

**For a gas, SI = log10(fugacity). Fugacity = pressure * phi / 1 atm.
  For ideal gases, phi = 1.

-----------------------------------------
Beginning of batch-reaction calculations.
-----------------------------------------

Reaction step 1.

Using solution 1.	
Using pure phase assemblage 1.	

-------------------------------Phase assemblage--------------------------------

                                                      Moles in assemblage
Phase               SI  log IAP  log K(T, P)   Initial       Final       Delta

Calcite          -0.07    -8.52     -8.45    0.000e+00           0   0.000e+00
Gypsum           -0.19    -4.79     -4.60    0.000e+00           0   0.000e+00
Halite           -1.90    -0.34      1.56    0.000e+00           0   0.000e+00
Hydrohalite      -1.86    -0.37      1.48    0.000e+00           0   0.000e+00
Ice(s)           -0.10    -0.02      0.08    0.000e+00           0   0.000e+00
Mirabilite       -1.57    -3.04     -1.47    0.000e+00           0   0.000e+00

-----------------------------Solution composition------------------------------

	Elements           Molality       Moles

	C                 3.940e-03   3.940e-03
	Ca                2.409e-02   2.409e-02
	Cl                1.146e+00   1.146e+00
	K                 2.162e-02   2.162e-02
	Mg                1.163e-01   1.163e-01
	Na                9.390e-01   9.390e-01
	S                 5.966e-02   5.966e-02

----------------------------Description of solution----------------------------

                                       pH  =   6.972      Charge balance
                                       pe  =   4.000      Adjusted to redox equilibrium
      Specific Conductance (µS/cm,  20°C)  = 77828
                          Density (g/cm³)  =   1.04970
                               Volume (L)  =   1.02202
                        Activity of water  =   0.962
                 Ionic strength (mol/kgw)  =   1.455e+00
                       Mass of water (kg)  =   1.000e+00
                 Total alkalinity (eq/kg)  =   3.601e-03
                       Total CO2 (mol/kg)  =   3.940e-03
                         Temperature (°C)  =  20.00
                  Electrical balance (eq)  =  -2.732e-02
 Percent error, 100*(Cat-|An|)/(Cat+|An|)  =  -1.09
                               Iterations  =   1
                         Gamma iterations  =   1
                      Osmotic coefficient  =   0.93273
                         Density of water  =   0.99820
                                  Total H  = 1.110221e+02
                                  Total O  = 5.575938e+01

----------------------------Distribution of species----------------------------

                                                    Unscaled  Unscaled
                                Unscaled       Log       Log       Log    mole V
   Species          Molality    Activity  Molality  Activity     Gamma   cm³/mol

   OH-             1.749e-07   6.205e-08    -6.757    -7.207    -0.450     -1.69
   H+              1.328e-07   1.066e-07    -6.877    -6.972    -0.095      0.00
   H2O             5.551e+01   9.619e-01     1.744    -0.017     0.000     18.05
C(4)          3.940e-03
   HCO3-           3.547e-03   1.782e-03    -2.450    -2.749    -0.299     27.98
   CO2             3.658e-04   4.758e-04    -3.437    -3.323     0.114     30.37
   MgCO3           1.447e-05   1.447e-05    -4.840    -4.840     0.000    -17.08
   CO3-2           1.247e-05   7.042e-07    -4.904    -6.152    -1.248      0.97
   CaCO3           2.316e-12   2.316e-12   -11.635   -11.635     0.000     (0)  
Ca            2.409e-02
   Ca+2            2.409e-02   4.255e-03    -1.618    -2.371    -0.753    -16.38
   CaCO3           2.316e-12   2.316e-12   -11.635   -11.635     0.000     (0)  
Cl            1.146e+00
   Cl-             1.146e+00   8.001e-01     0.059    -0.097    -0.156     18.93
K             2.162e-02
   K+              2.162e-02   1.169e-02    -1.665    -1.932    -0.267      9.93
Mg            1.163e-01
   Mg+2            1.163e-01   2.603e-02    -0.934    -1.584    -0.650    -19.79
   MgCO3           1.447e-05   1.447e-05    -4.840    -4.840     0.000    -17.08
   MgOH+           2.803e-07   2.339e-07    -6.552    -6.631    -0.079     (0)  
Na            9.390e-01
   Na+             9.390e-01   5.723e-01    -0.027    -0.242    -0.215     -0.30
S(6)          5.966e-02
   SO4-2           5.966e-02   4.129e-03    -1.224    -2.384    -1.160     19.72

------------------------------Saturation indices-------------------------------

  Phase               SI** log IAP   log K(293 K,   1 atm)

  Anhydrite        -0.54     -4.76   -4.21  CaSO4
  Antarcticite     -6.35     -2.67    3.68  CaCl2:6H2O
  Aphthitalite    -14.09    -21.61   -7.52  Na2SO4:3K2SO4
  Aragonite        -0.22     -8.52   -8.31  CaCO3
  Arcanite         -4.39     -6.25   -1.85  K2SO4
  Bischofite       -6.54     -1.88    4.66  MgCl2:6H2O
  Bloedite         -4.52     -6.90   -2.39  Na2Mg(SO4)2:4H2O
  Calcite          -0.07     -8.52   -8.45  CaCO3
  Carnallite       -8.14     -3.91    4.23  KMgCl3:6H2O
  CO2(g)           -1.92     -3.32   -1.41  CO2
  Dolomite          0.70    -16.26  -16.96  CaMg(CO3)2
  Epsomite         -2.14     -4.09   -1.94  MgSO4:7H2O
  Gypsum           -0.19     -4.79   -4.60  CaSO4:2H2O
  Halite           -1.90     -0.34    1.56  NaCl
  Hexahydrite      -2.43     -4.07   -1.64  MgSO4:6H2O
  Hydrohalite      -1.86     -0.37    1.48  NaCl:2H2O
  Hydromagnesite   -2.81    -39.26  -36.45  (MgCO3)3:Mg(OH)2:3H2O
  Ice(s)           -0.10     -0.02    0.08  H2O
  Ikaite           -1.92     -8.62   -6.70  CaCO3:6H2O
  Kalicinite       -4.80     -4.68    0.12  KHCO3
  Kieserite        -3.87     -3.99   -0.11  MgSO4:H2O
  Landsfordite     -2.71     -7.82   -5.11  MgCO3:5H2O
  Magnesite         0.22     -7.74   -7.95  MgCO3
  Meridianite      -2.64     -4.15   -1.51  MgSO4:11H2O
  MgCl2:12H2O      -6.25     -1.98    4.27  MgCl2:12H2O
  MgCl2:8H2O       -6.03     -1.91    4.11  MgCl2:8H2O
  Mirabilite       -1.57     -3.04   -1.47  Na2SO4:10H2O
  Na2CO3:7H2O      -6.19     -6.75   -0.56  Na2CO3:7H2O
  Nahcolite        -2.53     -2.99   -0.46  NaHCO3
  Natron           -5.79     -6.81   -1.01  Na2CO3:10H2O
  Nesquehonite     -2.49     -7.79   -5.29  MgCO3:3H2O
  Picromerite      -5.84    -10.32   -4.48  MgSO4:K2SO4:6H2O
  Sylvite          -2.87     -2.03    0.84  KCl
  Tachyhydrite    -23.56     -6.32   17.24  CaCl2:(MgCl2)2:12H2O
  Thenardite       -2.58     -2.87   -0.29  Na2SO4
  Trona            -8.59     -9.66   -1.07  Na3H(CO3)2:2H2O
  Vaterite         -0.65     -8.52   -7.87  CaCO3

**For a gas, SI = log10(fugacity). Fugacity = pressure * phi / 1 atm.
  For ideal gases, phi = 1.

------------------
End of simulation.
------------------

------------------------------------
Reading input data for simulation 2.
------------------------------------

-------------------------------
End of Run after 1.092 Seconds.
-------------------------------

