   Input file: C:\Users\Kagiso\PHREEQC-Python\C3_Baseline_FREZ_pre_+000p0.pqi
  Output file: C:\Users\Kagiso\PHREEQC-Python\C3_Baseline_FREZ_pre_+000p0.out
Database file: C:\Program Files\USGS\phreeqc-3.8.6-17100-x64\database\frezchem.dat

------------------
Reading data base.
------------------

	PITZER
	SOLUTION_MASTER_SPECIES
	SOLUTION_SPECIES
	PHASES
	PITZER
	EXCHANGE_MASTER_SPECIES
	EXCHANGE_SPECIES
	SURFACE_MASTER_SPECIES
	SURFACE_SPECIES
	END
------------------------------------
Reading input data for simulation 1.
------------------------------------

	TITLE C3_Baseline FREZCHEM sequential FC at 0.00 C
	SOLUTION 1
	    temp 0.00000000
	    pH 6.9723000000
	    units mol/kgw
	    water 1.000000000000
	    Na 9.39050000000000e-01
	    K 2.16190000000000e-02
	    Mg 1.16330000000000e-01
	    Ca 2.40860000000000e-02
	    Cl 1.14590000000000e+00
	    S(6) 5.96580000000000e-02
	    C(4) 3.93980000000000e-03
	SELECTED_OUTPUT 1
	    file C:/Users/Kagiso/PHREEQC-Python/C3_Baseline_FREZ_pre_+000p0.txt
	    reset false
	    user_punch true
	USER_PUNCH 1
	    headings Temp_C pH Water_kg Alk_eq_kgw Mu aw Na_mol K_mol Mg_mol Ca_mol Cl_mol S6_mol C4_mol Na_m K_m Mg_m Ca_m Cl_m S6_m C4_m Na_act Cl_act SO4_act SI_Ice SI_Mirabilite SI_Halite SI_Hydrohalite SI_Calcite SI_Gypsum Iterations
	    10 PUNCH TC, -LA("H+"), TOT("water"), ALK, MU, ACT("H2O")
	    20 PUNCH TOTMOLE("Na"), TOTMOLE("K"), TOTMOLE("Mg"), TOTMOLE("Ca")
	    30 PUNCH TOTMOLE("Cl"), TOTMOLE("S(6)"), TOTMOLE("C(4)")
	    40 PUNCH TOT("Na"), TOT("K"), TOT("Mg"), TOT("Ca")
	    50 PUNCH TOT("Cl"), TOT("S(6)"), TOT("C(4)")
	    60 PUNCH ACT("Na+"), ACT("Cl-"), ACT("SO4-2")
	    70 PUNCH SI("Ice(s)"), SI("Mirabilite"), SI("Halite"), SI("Hydrohalite"), SI("Calcite"), SI("Gypsum")
	    80 PUNCH ITERATIONS
	END
-----
TITLE
-----

 C3_Baseline FREZCHEM sequential FC at 0.00 C

-------------------------------------------
Beginning of initial solution calculations.
-------------------------------------------

Initial solution 1.	

-----------------------------Solution composition------------------------------

	Elements           Molality       Moles

	C(4)              3.940e-03   3.940e-03
	Ca                2.409e-02   2.409e-02
	Cl                1.146e+00   1.146e+00
	K                 2.162e-02   2.162e-02
	Mg                1.163e-01   1.163e-01
	Na                9.390e-01   9.390e-01
	S(6)              5.966e-02   5.966e-02

----------------------------Description of solution----------------------------

                                       pH  =   6.972    
                                       pe  =   4.000    
      Specific Conductance (µS/cm,   0°C)  = 44165
                          Density (g/cm³)  =   1.05466
                               Volume (L)  =   1.01721
                        Activity of water  =   0.963
                 Ionic strength (mol/kgw)  =   1.455e+00
                       Mass of water (kg)  =   1.000e+00
                 Total alkalinity (eq/kg)  =   3.407e-03
                       Total CO2 (mol/kg)  =   3.940e-03
                         Temperature (°C)  =   0.00
                  Electrical balance (eq)  =  -2.712e-02
 Percent error, 100*(Cat-|An|)/(Cat+|An|)  =  -1.08
                               Iterations  =  13
                         Gamma iterations  =   4
                      Osmotic coefficient  =   0.91303
                         Density of water  =   0.99984
                                  Total H  = 1.110220e+02
                                  Total O  = 5.575920e+01

----------------------------Distribution of species----------------------------

                                                    Unscaled  Unscaled
                                Unscaled       Log       Log       Log    mole V
   Species          Molality    Activity  Molality  Activity     Gamma   cm³/mol

   H+              1.272e-07   1.066e-07    -6.895    -6.972    -0.077      0.00
   OH-             3.413e-08   1.042e-08    -7.467    -7.982    -0.515     -3.70
   H2O             5.551e+01   9.627e-01     1.744    -0.017     0.000     18.02
C(4)          3.940e-03
   HCO3-           3.384e-03   1.693e-03    -2.471    -2.771    -0.301     26.00
   CO2             5.445e-04   7.101e-04    -3.264    -3.149     0.115     38.36
   CO3-2           6.402e-06   3.735e-07    -5.194    -6.428    -1.234     -3.19
   MgCO3           5.246e-06   5.246e-06    -5.280    -5.280     0.000    -17.05
   CaCO3           1.458e-12   1.458e-12   -11.836   -11.836     0.000     (0)  
Ca            2.409e-02
   Ca+2            2.409e-02   4.498e-03    -1.618    -2.347    -0.729    -17.67
   CaCO3           1.458e-12   1.458e-12   -11.836   -11.836     0.000     (0)  
Cl            1.146e+00
   Cl-             1.146e+00   7.710e-01     0.059    -0.113    -0.172     17.49
K             2.162e-02
   K+              2.162e-02   1.149e-02    -1.665    -1.940    -0.274      9.06
Mg            1.163e-01
   Mg+2            1.163e-01   2.333e-02    -0.934    -1.632    -0.698    -19.29
   MgCO3           5.246e-06   5.246e-06    -5.280    -5.280     0.000    -17.05
   MgOH+           3.490e-08   3.020e-08    -7.457    -7.520    -0.063     (0)  
Na            9.390e-01
   Na+             9.390e-01   5.525e-01    -0.027    -0.258    -0.230     -1.63
S(6)          5.966e-02
   SO4-2           5.966e-02   3.703e-03    -1.224    -2.431    -1.207     15.20

------------------------------Saturation indices-------------------------------

  Phase               SI** log IAP   log K(273 K,   1 atm)

  Anhydrite        -0.72     -4.78   -4.06  CaSO4
  Antarcticite     -5.94     -2.67    3.27  CaCl2:6H2O
  Aphthitalite    -13.03    -21.88   -8.85  Na2SO4:3K2SO4
  Aragonite        -0.56     -8.77   -8.22  CaCO3
  Arcanite         -4.11     -6.31   -2.20  K2SO4
  Bischofite       -6.70     -1.96    4.75  MgCl2:6H2O
  Bloedite         -4.62     -7.08   -2.46  Na2Mg(SO4)2:4H2O
  Calcite          -0.39     -8.77   -8.38  CaCO3
  Carnallite       -7.90     -4.01    3.89  KMgCl3:6H2O
  CO2(g)           -2.04     -3.15   -1.11  CO2
  Dolomite         -0.38    -16.83  -16.45  CaMg(CO3)2
  Epsomite         -1.97     -4.18   -2.21  MgSO4:7H2O
  Gypsum           -0.15     -4.81   -4.66  CaSO4:2H2O
  Halite           -1.87     -0.37    1.50  NaCl
  Hexahydrite      -2.46     -4.16   -1.70  MgSO4:6H2O
  Hydrohalite      -1.66     -0.40    1.25  NaCl:2H2O
  Hydromagnesite   -6.77    -41.83  -35.05  (MgCO3)3:Mg(OH)2:3H2O
  Ice(s)           -0.02     -0.02    0.00  H2O
  Ikaite           -1.67     -8.87   -7.20  CaCO3:6H2O
  Kalicinite       -4.55     -4.71   -0.16  KHCO3
  Kieserite        -4.63     -4.08    0.55  MgSO4:H2O
  Landsfordite     -2.95     -8.14   -5.19  MgCO3:5H2O
  Magnesite        -0.44     -8.06   -7.62  MgCO3
  Meridianite      -1.92     -4.25   -2.32  MgSO4:11H2O
  MgCl2:12H2O      -4.90     -2.06    2.85  MgCl2:12H2O
  MgCl2:8H2O       -5.84     -1.99    3.85  MgCl2:8H2O
  Mirabilite       -0.60     -3.11   -2.51  Na2SO4:10H2O
  Na2CO3:7H2O      -6.00     -7.06   -1.06  Na2CO3:7H2O
  Nahcolite        -2.31     -3.03   -0.72  NaHCO3
  Natron           -5.31     -7.11   -1.80  Na2CO3:10H2O
  Nesquehonite     -3.07     -8.11   -5.04  MgCO3:3H2O
  Picromerite      -5.44    -10.47   -5.03  MgSO4:K2SO4:6H2O
  Sylvite          -2.63     -2.05    0.58  KCl
  Tachyhydrite    -24.93     -6.49   18.44  CaCl2:(MgCl2)2:12H2O
  Thenardite       -2.64     -2.95   -0.31  Na2SO4
  Trona            -8.71    -10.01   -1.30  Na3H(CO3)2:2H2O
  Vaterite         -1.03     -8.77   -7.74  CaCO3

**For a gas, SI = log10(fugacity). Fugacity = pressure * phi / 1 atm.
  For ideal gases, phi = 1.

------------------
End of simulation.
------------------

------------------------------------
Reading input data for simulation 2.
------------------------------------

-------------------------------
End of Run after 1.038 Seconds.
-------------------------------

