   Input file: C:\Users\Kagiso\PHREEQC-Python\C3_Ca_minus10pct_FREZ_eq_-022p0.pqi
  Output file: C:\Users\Kagiso\PHREEQC-Python\C3_Ca_minus10pct_FREZ_eq_-022p0.out
Database file: C:\Program Files\USGS\phreeqc-3.8.6-17100-x64\database\frezchem.dat

------------------
Reading data base.
------------------

	PITZER
	SOLUTION_MASTER_SPECIES
	SOLUTION_SPECIES
	PHASES
	PITZER
	EXCHANGE_MASTER_SPECIES
	EXCHANGE_SPECIES
	SURFACE_MASTER_SPECIES
	SURFACE_SPECIES
	END
------------------------------------
Reading input data for simulation 1.
------------------------------------

	TITLE C3_Ca_minus10pct FREZCHEM sequential FC at -22.00 C
	SOLUTION 1
	    temp -22.00000000
	    pH 6.3482000000
	    units mol/kgw
	    water 0.230840000000
	    Na 3.63104314676832e+00
	    K 9.36449488823428e-02
	    Mg 5.03898804366661e-01
	    Ca 7.60136891353318e-02
	    Cl 4.96361115924450e+00
	    S(6) 2.35366487610466e-02
	    C(4) 1.59725350892393e-02
	EQUILIBRIUM_PHASES 1
	    Ice(s)       0.0 0.0
	    Mirabilite   0.0 0.0
	    Halite       0.0 0.0
	    Hydrohalite  0.0 0.0
	    Calcite      0.0 0.0
	    Gypsum       0.0 0.0
	SELECTED_OUTPUT 1
	    file C:/Users/Kagiso/PHREEQC-Python/C3_Ca_minus10pct_FREZ_eq_-022p0.txt
	    reset false
	    user_punch true
	USER_PUNCH 1
	    headings Temp_C pH Water_kg Alk_eq_kgw Mu aw Na_mol K_mol Mg_mol Ca_mol Cl_mol S6_mol C4_mol Na_m K_m Mg_m Ca_m Cl_m S6_m C4_m Na_act Cl_act SO4_act SI_Ice SI_Mirabilite SI_Halite SI_Hydrohalite SI_Calcite SI_Gypsum Ice_mol Mirabilite_mol Halite_mol Hydrohalite_mol Calcite_mol Gypsum_mol Iterations
	    10 PUNCH TC, -LA("H+"), TOT("water"), ALK, MU, ACT("H2O")
	    20 PUNCH TOTMOLE("Na"), TOTMOLE("K"), TOTMOLE("Mg"), TOTMOLE("Ca")
	    30 PUNCH TOTMOLE("Cl"), TOTMOLE("S(6)"), TOTMOLE("C(4)")
	    40 PUNCH TOT("Na"), TOT("K"), TOT("Mg"), TOT("Ca")
	    50 PUNCH TOT("Cl"), TOT("S(6)"), TOT("C(4)")
	    60 PUNCH ACT("Na+"), ACT("Cl-"), ACT("SO4-2")
	    70 PUNCH SI("Ice(s)"), SI("Mirabilite"), SI("Halite"), SI("Hydrohalite"), SI("Calcite"), SI("Gypsum")
	    80 PUNCH EQUI("Ice(s)"), EQUI("Mirabilite"), EQUI("Halite"), EQUI("Hydrohalite"), EQUI("Calcite"), EQUI("Gypsum")
	    90 PUNCH ITERATIONS
	END
-----
TITLE
-----

 C3_Ca_minus10pct FREZCHEM sequential FC at -22.00 C

-------------------------------------------
Beginning of initial solution calculations.
-------------------------------------------

Initial solution 1.	

-----------------------------Solution composition------------------------------

	Elements           Molality       Moles

	C(4)              1.597e-02   3.687e-03
	Ca                7.601e-02   1.755e-02
	Cl                4.964e+00   1.146e+00
	K                 9.364e-02   2.162e-02
	Mg                5.039e-01   1.163e-01
	Na                3.631e+00   8.382e-01
	S(6)              2.354e-02   5.433e-03

----------------------------Description of solution----------------------------

                                       pH  =   6.348    
                                       pe  =   4.000    
      Specific Conductance (µS/cm, -22°C)  = 38424
                          Density (g/cm³)  =   1.20279
                               Volume (L)  =   0.24595
                        Activity of water  =   0.816
                 Ionic strength (mol/kgw)  =   5.556e+00
                       Mass of water (kg)  =   2.308e-01
                 Total alkalinity (eq/kg)  =   9.604e-03
                       Total CO2 (mol/kg)  =   1.597e-02
                         Temperature (°C)  = -22.00
                  Electrical balance (eq)  =  -3.134e-02
 Percent error, 100*(Cat-|An|)/(Cat+|An|)  =  -1.37
                               Iterations  =  18
                         Gamma iterations  =   5
                      Osmotic coefficient  =   1.21553
                         Density of water  =   0.99223
                                  Total H  = 2.562974e+01
                                  Total O  = 1.284509e+01

----------------------------Distribution of species----------------------------

                                                    Unscaled  Unscaled
                                Unscaled       Log       Log       Log    mole V
   Species          Molality    Activity  Molality  Activity     Gamma   cm³/mol

   H+              1.059e-07   4.485e-07    -6.975    -6.348     0.627      0.00
   OH-             8.271e-09   1.728e-10    -8.082    -9.762    -1.680     -5.54
   H2O             5.551e+01   8.156e-01     1.744    -0.089     0.000     18.16
C(4)          1.597e-02
   HCO3-           9.562e-03   3.346e-03    -2.019    -2.475    -0.456     40.54
   CO2             6.389e-03   1.803e-02    -2.195    -1.744     0.451     63.23
   MgCO3           1.490e-05   1.490e-05    -4.827    -4.827     0.000    -16.92
   CO3-2           6.093e-06   6.468e-08    -5.215    -7.189    -1.974      0.51
   CaCO3           1.859e-12   1.859e-12   -11.731   -11.731     0.000     (0)  
Ca            7.601e-02
   Ca+2            7.601e-02   6.021e-02    -1.119    -1.220    -0.101    -26.19
   CaCO3           1.859e-12   1.859e-12   -11.731   -11.731     0.000     (0)  
Cl            4.964e+00
   Cl-             4.964e+00   4.335e+00     0.696     0.637    -0.059     15.25
K             9.364e-02
   K+              9.364e-02   3.342e-02    -1.029    -1.476    -0.447     11.83
Mg            5.039e-01
   Mg+2            5.039e-01   4.967e-01    -0.298    -0.304    -0.006    -19.36
   MgCO3           1.490e-05   1.490e-05    -4.827    -4.827     0.000    -16.92
   MgOH+           1.970e-08   1.075e-08    -7.706    -7.969    -0.263     (0)  
Na            3.631e+00
   Na+             3.631e+00   2.228e+00     0.560     0.348    -0.212     -2.30
S(6)          2.354e-02
   SO4-2           2.354e-02   3.420e-04    -1.628    -3.466    -1.838      5.24

------------------------------Saturation indices-------------------------------

  Phase               SI** log IAP   log K(251 K,   1 atm)

  Anhydrite        -0.66     -4.69   -4.03  CaSO4
  Antarcticite     -3.41     -0.48    2.93  CaCl2:6H2O
  Aphthitalite    -11.72    -22.02  -10.31  Na2SO4:3K2SO4
  Aragonite        -0.23     -8.41   -8.18  CaCO3
  Arcanite         -3.78     -6.42   -2.64  K2SO4
  Bischofite       -4.25      0.44    4.69  MgCl2:6H2O
  Bloedite         -4.35     -6.89   -2.54  Na2Mg(SO4)2:4H2O
  Calcite          -0.04     -8.41   -8.37  CaCO3
  Carnallite       -3.70     -0.40    3.30  KMgCl3:6H2O
  CO2(g)           -1.10     -1.74   -0.65  CO2
  Dolomite         -0.11    -15.90  -15.79  CaMg(CO3)2
  Epsomite         -1.83     -4.39   -2.55  MgSO4:7H2O
  Gypsum            0.01     -4.86   -4.87  CaSO4:2H2O
  Halite           -0.37      0.98    1.36  NaCl
  Hexahydrite      -2.53     -4.30   -1.77  MgSO4:6H2O
  Hydrohalite      -0.08      0.81    0.89  NaCl:2H2O
  Hydromagnesite   -9.31    -42.57  -33.26  (MgCO3)3:Mg(OH)2:3H2O
  Ice(s)            0.00     -0.09   -0.09  H2O
  Ikaite           -1.09     -8.94   -7.85  CaCO3:6H2O
  Kalicinite       -3.49     -3.95   -0.46  KHCO3
  Kieserite        -5.68     -3.86    1.82  MgSO4:H2O
  Landsfordite     -3.51     -7.94   -4.43  MgCO3:5H2O
  Magnesite        -0.31     -7.49   -7.18  MgCO3
  Meridianite      -1.53     -4.74   -3.22  MgSO4:11H2O
  MgCl2:12H2O      -1.87     -0.09    1.77  MgCl2:12H2O
  MgCl2:8H2O       -3.13      0.26    3.39  MgCl2:8H2O
  Mirabilite        0.04     -3.66   -3.69  Na2SO4:10H2O
  Na2CO3:7H2O      -5.51     -7.11   -1.61  Na2CO3:7H2O
  Nahcolite        -1.20     -2.13   -0.93  NaHCO3
  Natron           -4.82     -7.38   -2.56  Na2CO3:10H2O
  Nesquehonite     -3.30     -7.76   -4.46  MgCO3:3H2O
  Picromerite      -4.79    -10.72   -5.93  MgSO4:K2SO4:6H2O
  Sylvite          -1.03     -0.84    0.19  KCl
  Tachyhydrite    -18.84      0.93   19.77  CaCl2:(MgCl2)2:12H2O
  Thenardite       -2.44     -2.77   -0.33  Na2SO4
  Trona            -7.26     -8.80   -1.54  Na3H(CO3)2:2H2O
  Vaterite         -0.76     -8.41   -7.65  CaCO3

**For a gas, SI = log10(fugacity). Fugacity = pressure * phi / 1 atm.
  For ideal gases, phi = 1.

-----------------------------------------
Beginning of batch-reaction calculations.
-----------------------------------------

Reaction step 1.

WARNING: Maximum iterations exceeded, 200

WARNING: Numerical method failed with this set of convergence parameters.

WARNING: Trying smaller step size, pe step size 10, 5 ... 

WARNING: Maximum iterations exceeded, 400

WARNING: Numerical method failed with this set of convergence parameters.

WARNING: Trying reduced tolerance 1e-16 ...

WARNING: Maximum iterations exceeded, 400

WARNING: Numerical method failed with this set of convergence parameters.

WARNING: Trying increased tolerance 1e-14 ...

WARNING: Maximum iterations exceeded, 400

WARNING: Numerical method failed with this set of convergence parameters.

WARNING: Trying diagonal scaling ...

Using solution 1.	
Using pure phase assemblage 1.	

-------------------------------Phase assemblage--------------------------------

                                                      Moles in assemblage
Phase               SI  log IAP  log K(T, P)   Initial       Final       Delta

Calcite          -0.03    -8.40     -8.37    0.000e+00           0   0.000e+00
Gypsum            0.00    -4.87     -4.87    0.000e+00   5.025e-04   5.025e-04
Halite           -0.33     1.03      1.36    0.000e+00           0   0.000e+00
Hydrohalite      -0.04     0.85      0.89    0.000e+00           0   0.000e+00
Ice(s)            0.00    -0.09     -0.09    0.000e+00   4.209e-01   4.209e-01
Mirabilite        0.00    -3.69     -3.69    0.000e+00   9.323e-06   9.323e-06

-----------------------------Solution composition------------------------------

	Elements           Molality       Moles

	C                 1.652e-02   3.687e-03
	Ca                7.635e-02   1.704e-02
	Cl                5.133e+00   1.146e+00
	K                 9.683e-02   2.162e-02
	Mg                5.211e-01   1.163e-01
	Na                3.755e+00   8.382e-01
	S                 2.205e-02   4.921e-03

----------------------------Description of solution----------------------------

                                       pH  =   6.319      Charge balance
                                       pe  =   4.000      Adjusted to redox equilibrium
      Specific Conductance (µS/cm, -22°C)  = 38996
                          Density (g/cm³)  =   1.20800
                               Volume (L)  =   0.23854
                        Activity of water  =   0.807
                 Ionic strength (mol/kgw)  =   5.736e+00
                       Mass of water (kg)  =   2.232e-01
                 Total alkalinity (eq/kg)  =   9.931e-03
                       Total CO2 (mol/kg)  =   1.652e-02
                         Temperature (°C)  = -22.00
                  Electrical balance (eq)  =  -3.134e-02
 Percent error, 100*(Cat-|An|)/(Cat+|An|)  =  -1.37
                               Iterations  =   8 (1412 overall)
                         Gamma iterations  =   1
                      Osmotic coefficient  =   1.23558
                         Density of water  =   0.99223
                                  Total H  = 2.478582e+01
                                  Total O  = 1.242108e+01

----------------------------Distribution of species----------------------------

                                                    Unscaled  Unscaled
                                Unscaled       Log       Log       Log    mole V
   Species          Molality    Activity  Molality  Activity     Gamma   cm³/mol

   H+              1.052e-07   4.796e-07    -6.978    -6.319     0.659      0.00
   OH-             8.443e-09   1.600e-10    -8.074    -9.796    -1.722     -5.32
   H2O             5.551e+01   8.072e-01     1.744    -0.093     0.000     18.16
C(4)          1.652e-02
   HCO3-           9.887e-03   3.368e-03    -2.005    -2.473    -0.468     41.47
   CO2             6.607e-03   1.961e-02    -2.180    -1.707     0.472     63.23
   MgCO3           1.623e-05   1.623e-05    -4.790    -4.790     0.000    -16.92
   CO3-2           5.947e-06   6.089e-08    -5.226    -7.215    -1.990      1.30
   CaCO3           1.916e-12   1.916e-12   -11.718   -11.718     0.000     (0)  
Ca            7.635e-02
   Ca+2            7.635e-02   6.592e-02    -1.117    -1.181    -0.064    -26.37
   CaCO3           1.916e-12   1.916e-12   -11.718   -11.718     0.000     (0)  
Cl            5.133e+00
   Cl-             5.133e+00   4.599e+00     0.710     0.663    -0.048     15.37
K             9.683e-02
   K+              9.683e-02   3.415e-02    -1.014    -1.467    -0.453     12.07
Mg            5.211e-01
   Mg+2            5.210e-01   5.747e-01    -0.283    -0.241     0.043    -19.40
   MgCO3           1.623e-05   1.623e-05    -4.790    -4.790     0.000    -16.92
   MgOH+           2.165e-08   1.151e-08    -7.665    -7.939    -0.274     (0)  
Na            3.755e+00
   Na+             3.755e+00   2.347e+00     0.575     0.370    -0.204     -2.18
S(6)          2.205e-02
   SO4-2           2.205e-02   3.130e-04    -1.657    -3.505    -1.848      5.48

------------------------------Saturation indices-------------------------------

  Phase               SI** log IAP   log K(251 K,   1 atm)

  Anhydrite        -0.66     -4.69   -4.03  CaSO4
  Antarcticite     -3.35     -0.41    2.93  CaCl2:6H2O
  Aphthitalite    -11.77    -22.08  -10.31  Na2SO4:3K2SO4
  Aragonite        -0.21     -8.40   -8.18  CaCO3
  Arcanite         -3.80     -6.44   -2.64  K2SO4
  Bischofite       -4.16      0.53    4.69  MgCl2:6H2O
  Bloedite         -4.34     -6.88   -2.54  Na2Mg(SO4)2:4H2O
  Calcite          -0.03     -8.40   -8.37  CaCO3
  Carnallite       -3.58     -0.28    3.30  KMgCl3:6H2O
  CO2(g)           -1.06     -1.71   -0.65  CO2
  Dolomite         -0.06    -15.85  -15.79  CaMg(CO3)2
  Epsomite         -1.84     -4.40   -2.55  MgSO4:7H2O
  Gypsum            0.00     -4.87   -4.87  CaSO4:2H2O
  Halite           -0.33      1.03    1.36  NaCl
  Hexahydrite      -2.54     -4.30   -1.77  MgSO4:6H2O
  Hydrohalite      -0.04      0.85    0.89  NaCl:2H2O
  Hydromagnesite   -9.22    -42.48  -33.26  (MgCO3)3:Mg(OH)2:3H2O
  Ice(s)            0.00     -0.09   -0.09  H2O
  Ikaite           -1.11     -8.95   -7.85  CaCO3:6H2O
  Kalicinite       -3.48     -3.94   -0.46  KHCO3
  Kieserite        -5.66     -3.84    1.82  MgSO4:H2O
  Landsfordite     -3.49     -7.92   -4.43  MgCO3:5H2O
  Magnesite        -0.27     -7.46   -7.18  MgCO3
  Meridianite      -1.55     -4.77   -3.22  MgSO4:11H2O
  MgCl2:12H2O      -1.81     -0.03    1.77  MgCl2:12H2O
  MgCl2:8H2O       -3.05      0.34    3.39  MgCl2:8H2O
  Mirabilite        0.00     -3.69   -3.69  Na2SO4:10H2O
  Na2CO3:7H2O      -5.52     -7.13   -1.61  Na2CO3:7H2O
  Nahcolite        -1.17     -2.10   -0.93  NaHCO3
  Natron           -4.84     -7.40   -2.56  Na2CO3:10H2O
  Nesquehonite     -3.28     -7.74   -4.46  MgCO3:3H2O
  Picromerite      -4.81    -10.74   -5.93  MgSO4:K2SO4:6H2O
  Sylvite          -0.99     -0.80    0.19  KCl
  Tachyhydrite    -18.57      1.20   19.77  CaCl2:(MgCl2)2:12H2O
  Thenardite       -2.44     -2.76   -0.33  Na2SO4
  Trona            -7.22     -8.76   -1.54  Na3H(CO3)2:2H2O
  Vaterite         -0.74     -8.40   -7.65  CaCO3

**For a gas, SI = log10(fugacity). Fugacity = pressure * phi / 1 atm.
  For ideal gases, phi = 1.

------------------
End of simulation.
------------------

------------------------------------
Reading input data for simulation 2.
------------------------------------

-------------------------------
End of Run after 1.506 Seconds.
-------------------------------

