   Input file: C:\Users\Kagiso\PHREEQC-Python\C3_Ca_minus10pct_FREZ_eq_-009p0.pqi
  Output file: C:\Users\Kagiso\PHREEQC-Python\C3_Ca_minus10pct_FREZ_eq_-009p0.out
Database file: C:\Program Files\USGS\phreeqc-3.8.6-17100-x64\database\frezchem.dat

------------------
Reading data base.
------------------

	PITZER
	SOLUTION_MASTER_SPECIES
	SOLUTION_SPECIES
	PHASES
	PITZER
	EXCHANGE_MASTER_SPECIES
	EXCHANGE_SPECIES
	SURFACE_MASTER_SPECIES
	SURFACE_SPECIES
	END
------------------------------------
Reading input data for simulation 1.
------------------------------------

	TITLE C3_Ca_minus10pct FREZCHEM sequential FC at -9.00 C
	SOLUTION 1
	    temp -9.00000000
	    pH 6.9097000000
	    units mol/kgw
	    water 0.510830000000
	    Na 1.76618444492297e+00
	    K 4.23174050075368e-02
	    Mg 2.27707848012059e-01
	    Ca 3.65464048705049e-02
	    Cl 2.24301626764286e+00
	    S(6) 7.49466554431024e-02
	    C(4) 7.76618444492297e-03
	EQUILIBRIUM_PHASES 1
	    Ice(s)       0.0 0.0
	    Mirabilite   0.0 0.0
	    Halite       0.0 0.0
	    Hydrohalite  0.0 0.0
	    Calcite      0.0 0.0
	    Gypsum       0.0 0.0
	SELECTED_OUTPUT 1
	    file C:/Users/Kagiso/PHREEQC-Python/C3_Ca_minus10pct_FREZ_eq_-009p0.txt
	    reset false
	    user_punch true
	USER_PUNCH 1
	    headings Temp_C pH Water_kg Alk_eq_kgw Mu aw Na_mol K_mol Mg_mol Ca_mol Cl_mol S6_mol C4_mol Na_m K_m Mg_m Ca_m Cl_m S6_m C4_m Na_act Cl_act SO4_act SI_Ice SI_Mirabilite SI_Halite SI_Hydrohalite SI_Calcite SI_Gypsum Ice_mol Mirabilite_mol Halite_mol Hydrohalite_mol Calcite_mol Gypsum_mol Iterations
	    10 PUNCH TC, -LA("H+"), TOT("water"), ALK, MU, ACT("H2O")
	    20 PUNCH TOTMOLE("Na"), TOTMOLE("K"), TOTMOLE("Mg"), TOTMOLE("Ca")
	    30 PUNCH TOTMOLE("Cl"), TOTMOLE("S(6)"), TOTMOLE("C(4)")
	    40 PUNCH TOT("Na"), TOT("K"), TOT("Mg"), TOT("Ca")
	    50 PUNCH TOT("Cl"), TOT("S(6)"), TOT("C(4)")
	    60 PUNCH ACT("Na+"), ACT("Cl-"), ACT("SO4-2")
	    70 PUNCH SI("Ice(s)"), SI("Mirabilite"), SI("Halite"), SI("Hydrohalite"), SI("Calcite"), SI("Gypsum")
	    80 PUNCH EQUI("Ice(s)"), EQUI("Mirabilite"), EQUI("Halite"), EQUI("Hydrohalite"), EQUI("Calcite"), EQUI("Gypsum")
	    90 PUNCH ITERATIONS
	END
-----
TITLE
-----

 C3_Ca_minus10pct FREZCHEM sequential FC at -9.00 C

-------------------------------------------
Beginning of initial solution calculations.
-------------------------------------------

Initial solution 1.	

-----------------------------Solution composition------------------------------

	Elements           Molality       Moles

	C(4)              7.766e-03   3.967e-03
	Ca                3.655e-02   1.867e-02
	Cl                2.243e+00   1.146e+00
	K                 4.232e-02   2.162e-02
	Mg                2.277e-01   1.163e-01
	Na                1.766e+00   9.022e-01
	S(6)              7.495e-02   3.829e-02

----------------------------Description of solution----------------------------

                                       pH  =   6.910    
                                       pe  =   4.000    
      Specific Conductance (µS/cm,  -9°C)  = 48962
                          Density (g/cm³)  =   1.10051
                               Volume (L)  =   0.52750
                        Activity of water  =   0.926
                 Ionic strength (mol/kgw)  =   2.707e+00
                       Mass of water (kg)  =   5.108e-01
                 Total alkalinity (eq/kg)  =   6.408e-03
                       Total CO2 (mol/kg)  =   7.766e-03
                         Temperature (°C)  =  -9.00
                  Electrical balance (eq)  =  -3.183e-02
 Percent error, 100*(Cat-|An|)/(Cat+|An|)  =  -1.32
                               Iterations  =  16
                         Gamma iterations  =   5
                      Osmotic coefficient  =   0.97446
                         Density of water  =   0.99840
                                  Total H  = 5.671488e+01
                                  Total O  = 2.852015e+01

----------------------------Distribution of species----------------------------

                                                    Unscaled  Unscaled
                                Unscaled       Log       Log       Log    mole V
   Species          Molality    Activity  Molality  Activity     Gamma   cm³/mol

   H+              9.758e-08   1.231e-07    -7.011    -6.910     0.101      0.00
   OH-             2.298e-08   3.367e-09    -7.639    -8.473    -0.834     -3.83
   H2O             5.551e+01   9.257e-01     1.744    -0.034     0.000     18.04
C(4)          7.766e-03
   HCO3-           6.358e-03   2.861e-03    -2.197    -2.543    -0.347     28.60
   CO2             1.384e-03   1.985e-03    -2.859    -2.702     0.157     44.87
   CO3-2           1.311e-05   3.829e-07    -4.883    -6.417    -1.534     -2.92
   MgCO3           1.204e-05   1.204e-05    -4.920    -4.920     0.000    -17.02
   CaCO3           2.588e-12   2.588e-12   -11.587   -11.587     0.000     (0)  
Ca            3.655e-02
   Ca+2            3.655e-02   8.855e-03    -1.437    -2.053    -0.616    -18.97
   CaCO3           2.588e-12   2.588e-12   -11.587   -11.587     0.000     (0)  
Cl            2.243e+00
   Cl-             2.243e+00   1.555e+00     0.351     0.192    -0.159     16.76
K             4.232e-02
   K+              4.232e-02   1.982e-02    -1.373    -1.703    -0.329      9.45
Mg            2.277e-01
   Mg+2            2.277e-01   5.840e-02    -0.643    -1.234    -0.591    -18.72
   MgCO3           1.204e-05   1.204e-05    -4.920    -4.920     0.000    -17.02
   MgOH+           3.090e-08   2.391e-08    -7.510    -7.621    -0.111     (0)  
Na            1.766e+00
   Na+             1.766e+00   9.979e-01     0.247    -0.001    -0.248     -1.84
S(6)          7.495e-02
   SO4-2           7.495e-02   2.473e-03    -1.125    -2.607    -1.481     13.46

------------------------------Saturation indices-------------------------------

  Phase               SI** log IAP   log K(264 K,   1 atm)

  Anhydrite        -0.63     -4.66   -4.03  CaSO4
  Antarcticite     -4.98     -1.87    3.11  CaCl2:6H2O
  Aphthitalite    -11.20    -20.65   -9.44  Na2SO4:3K2SO4
  Aragonite        -0.27     -8.47   -8.20  CaCO3
  Arcanite         -3.64     -6.01   -2.37  K2SO4
  Bischofite       -5.80     -1.05    4.75  MgCl2:6H2O
  Bloedite         -4.09     -6.58   -2.49  Na2Mg(SO4)2:4H2O
  Calcite          -0.10     -8.47   -8.37  CaCO3
  Carnallite       -6.24     -2.56    3.68  KMgCl3:6H2O
  CO2(g)           -1.76     -2.70   -0.94  CO2
  Dolomite          0.07    -16.12  -16.19  CaMg(CO3)2
  Epsomite         -1.73     -4.08   -2.34  MgSO4:7H2O
  Gypsum           -0.00     -4.73   -4.72  CaSO4:2H2O
  Halite           -1.26      0.19    1.45  NaCl
  Hexahydrite      -2.31     -4.04   -1.73  MgSO4:6H2O
  Hydrohalite      -0.99      0.12    1.12  NaCl:2H2O
  Hydromagnesite   -6.87    -41.23  -34.36  (MgCO3)3:Mg(OH)2:3H2O
  Ice(s)            0.00     -0.03   -0.04  H2O
  Ikaite           -1.22     -8.67   -7.45  CaCO3:6H2O
  Kalicinite       -3.96     -4.25   -0.29  KHCO3
  Kieserite        -4.87     -3.87    1.00  MgSO4:H2O
  Landsfordite     -2.77     -7.82   -5.04  MgCO3:5H2O
  Magnesite        -0.20     -7.65   -7.45  MgCO3
  Meridianite      -1.52     -4.21   -2.69  MgSO4:11H2O
  MgCl2:12H2O      -3.60     -1.25    2.35  MgCl2:12H2O
  MgCl2:8H2O       -4.81     -1.12    3.69  MgCl2:8H2O
  Mirabilite        0.05     -2.94   -2.99  Na2SO4:10H2O
  Na2CO3:7H2O      -5.37     -6.65   -1.28  Na2CO3:7H2O
  Nahcolite        -1.72     -2.54   -0.83  NaHCO3
  Natron           -4.63     -6.75   -2.12  Na2CO3:10H2O
  Nesquehonite     -2.91     -7.75   -4.84  MgCO3:3H2O
  Picromerite      -4.69    -10.05   -5.37  MgSO4:K2SO4:6H2O
  Sylvite          -1.94     -1.51    0.43  KCl
  Tachyhydrite    -22.76     -3.77   18.98  CaCl2:(MgCl2)2:12H2O
  Thenardite       -2.29     -2.61   -0.32  Na2SO4
  Trona            -7.63     -9.03   -1.40  Na3H(CO3)2:2H2O
  Vaterite         -0.77     -8.47   -7.70  CaCO3

**For a gas, SI = log10(fugacity). Fugacity = pressure * phi / 1 atm.
  For ideal gases, phi = 1.

-----------------------------------------
Beginning of batch-reaction calculations.
-----------------------------------------

Reaction step 1.

WARNING: Maximum iterations exceeded, 200

WARNING: Numerical method failed with this set of convergence parameters.

WARNING: Trying smaller step size, pe step size 10, 5 ... 

WARNING: Maximum iterations exceeded, 400

WARNING: Numerical method failed with this set of convergence parameters.

WARNING: Trying reduced tolerance 1e-16 ...

WARNING: Maximum iterations exceeded, 400

WARNING: Numerical method failed with this set of convergence parameters.

WARNING: Trying increased tolerance 1e-14 ...

WARNING: Maximum iterations exceeded, 400

WARNING: Numerical method failed with this set of convergence parameters.

WARNING: Trying diagonal scaling ...

Using solution 1.	
Using pure phase assemblage 1.	

-------------------------------Phase assemblage--------------------------------

                                                      Moles in assemblage
Phase               SI  log IAP  log K(T, P)   Initial       Final       Delta

Calcite          -0.01    -8.37     -8.37    0.000e+00           0   0.000e+00
Gypsum           -0.02    -4.74     -4.72    0.000e+00           0   0.000e+00
Halite           -1.16     0.29      1.45    0.000e+00           0   0.000e+00
Hydrohalite      -0.90     0.22      1.12    0.000e+00           0   0.000e+00
Ice(s)            0.00    -0.04     -0.04    0.000e+00   2.823e+00   2.823e+00
Mirabilite        0.00    -2.99     -2.99    0.000e+00   7.839e-03   7.839e-03

-----------------------------Solution composition------------------------------

	Elements           Molality       Moles

	C                 8.651e-03   3.967e-03
	Ca                4.071e-02   1.867e-02
	Cl                2.499e+00   1.146e+00
	K                 4.714e-02   2.162e-02
	Mg                2.537e-01   1.163e-01
	Na                1.933e+00   8.865e-01
	S                 6.639e-02   3.045e-02

----------------------------Description of solution----------------------------

                                       pH  =   6.883      Charge balance
                                       pe  =   4.000      Adjusted to redox equilibrium
      Specific Conductance (µS/cm,  -9°C)  = 52132
                          Density (g/cm³)  =   1.10891
                               Volume (L)  =   0.47536
                        Activity of water  =   0.917
                 Ionic strength (mol/kgw)  =   2.965e+00
                       Mass of water (kg)  =   4.586e-01
                 Total alkalinity (eq/kg)  =   7.138e-03
                       Total CO2 (mol/kg)  =   8.651e-03
                         Temperature (°C)  =  -9.00
                  Electrical balance (eq)  =  -3.183e-02
 Percent error, 100*(Cat-|An|)/(Cat+|An|)  =  -1.33
                               Iterations  =   9 (1413 overall)
                         Gamma iterations  =   1
                      Osmotic coefficient  =   0.99737
                         Density of water  =   0.99840
                                  Total H  = 5.091201e+01
                                  Total O  = 2.558736e+01

----------------------------Distribution of species----------------------------

                                                    Unscaled  Unscaled
                                Unscaled       Log       Log       Log    mole V
   Species          Molality    Activity  Molality  Activity     Gamma   cm³/mol

   H+              9.414e-08   1.310e-07    -7.026    -6.883     0.143      0.00
   OH-             2.418e-08   3.134e-09    -7.617    -8.504    -0.887     -3.50
   H2O             5.551e+01   9.166e-01     1.744    -0.038     0.000     18.04
C(4)          8.651e-03
   HCO3-           7.077e-03   3.128e-03    -2.150    -2.505    -0.355     29.48
   CO2             1.544e-03   2.332e-03    -2.811    -2.632     0.179     44.87
   MgCO3           1.538e-05   1.538e-05    -4.813    -4.813     0.000    -17.02
   CO3-2           1.514e-05   3.935e-07    -4.820    -6.405    -1.585     -2.11
   CaCO3           3.230e-12   3.230e-12   -11.491   -11.491     0.000     (0)  
Ca            4.071e-02
   Ca+2            4.071e-02   1.075e-02    -1.390    -1.968    -0.578    -19.01
   CaCO3           3.230e-12   3.230e-12   -11.491   -11.491     0.000     (0)  
Cl            2.499e+00
   Cl-             2.499e+00   1.776e+00     0.398     0.249    -0.148     16.87
K             4.714e-02
   K+              4.714e-02   2.170e-02    -1.327    -1.664    -0.337      9.67
Mg            2.537e-01
   Mg+2            2.536e-01   7.261e-02    -0.596    -1.139    -0.543    -18.66
   MgCO3           1.538e-05   1.538e-05    -4.813    -4.813     0.000    -17.02
   MgOH+           3.679e-08   2.767e-08    -7.434    -7.558    -0.124     (0)  
Na            1.933e+00
   Na+             1.933e+00   1.103e+00     0.286     0.043    -0.244     -1.69
S(6)          6.639e-02
   SO4-2           6.639e-02   2.012e-03    -1.178    -2.696    -1.518     13.91

------------------------------Saturation indices-------------------------------

  Phase               SI** log IAP   log K(264 K,   1 atm)

  Anhydrite        -0.64     -4.66   -4.03  CaSO4
  Antarcticite     -4.81     -1.70    3.11  CaCl2:6H2O
  Aphthitalite    -11.24    -20.68   -9.44  Na2SO4:3K2SO4
  Aragonite        -0.18     -8.37   -8.20  CaCO3
  Arcanite         -3.66     -6.02   -2.37  K2SO4
  Bischofite       -5.61     -0.87    4.75  MgCl2:6H2O
  Bloedite         -4.10     -6.60   -2.49  Na2Mg(SO4)2:4H2O
  Calcite          -0.01     -8.37   -8.37  CaCO3
  Carnallite       -5.96     -2.28    3.68  KMgCl3:6H2O
  CO2(g)           -1.69     -2.63   -0.94  CO2
  Dolomite          0.27    -15.92  -16.19  CaMg(CO3)2
  Epsomite         -1.76     -4.10   -2.34  MgSO4:7H2O
  Gypsum           -0.02     -4.74   -4.72  CaSO4:2H2O
  Halite           -1.16      0.29    1.45  NaCl
  Hexahydrite      -2.33     -4.06   -1.73  MgSO4:6H2O
  Hydrohalite      -0.90      0.22    1.12  NaCl:2H2O
  Hydromagnesite   -6.53    -40.89  -34.36  (MgCO3)3:Mg(OH)2:3H2O
  Ice(s)            0.00     -0.04   -0.04  H2O
  Ikaite           -1.15     -8.60   -7.45  CaCO3:6H2O
  Kalicinite       -3.88     -4.17   -0.29  KHCO3
  Kieserite        -4.87     -3.87    1.00  MgSO4:H2O
  Landsfordite     -2.69     -7.73   -5.04  MgCO3:5H2O
  Magnesite        -0.10     -7.54   -7.45  MgCO3
  Meridianite      -1.56     -4.25   -2.69  MgSO4:11H2O
  MgCl2:12H2O      -3.44     -1.09    2.35  MgCl2:12H2O
  MgCl2:8H2O       -4.63     -0.94    3.69  MgCl2:8H2O
  Mirabilite        0.00     -2.99   -2.99  Na2SO4:10H2O
  Na2CO3:7H2O      -5.30     -6.58   -1.28  Na2CO3:7H2O
  Nahcolite        -1.64     -2.46   -0.83  NaHCO3
  Natron           -4.57     -6.70   -2.12  Na2CO3:10H2O
  Nesquehonite     -2.81     -7.66   -4.84  MgCO3:3H2O
  Picromerite      -4.72    -10.09   -5.37  MgSO4:K2SO4:6H2O
  Sylvite          -1.84     -1.41    0.43  KCl
  Tachyhydrite    -22.19     -3.20   18.98  CaCl2:(MgCl2)2:12H2O
  Thenardite       -2.29     -2.61   -0.32  Na2SO4
  Trona            -7.46     -8.86   -1.40  Na3H(CO3)2:2H2O
  Vaterite         -0.67     -8.37   -7.70  CaCO3

**For a gas, SI = log10(fugacity). Fugacity = pressure * phi / 1 atm.
  For ideal gases, phi = 1.

------------------
End of simulation.
------------------

------------------------------------
Reading input data for simulation 2.
------------------------------------

-------------------------------
End of Run after 1.569 Seconds.
-------------------------------

