   Input file: C:\Users\Kagiso\PHREEQC-Python\C3_Cl_minus10pct_FREZ_eq_+023p0.pqi
  Output file: C:\Users\Kagiso\PHREEQC-Python\C3_Cl_minus10pct_FREZ_eq_+023p0.out
Database file: C:\Program Files\USGS\phreeqc-3.8.6-17100-x64\database\frezchem.dat

------------------
Reading data base.
------------------

	PITZER
	SOLUTION_MASTER_SPECIES
	SOLUTION_SPECIES
	PHASES
	PITZER
	EXCHANGE_MASTER_SPECIES
	EXCHANGE_SPECIES
	SURFACE_MASTER_SPECIES
	SURFACE_SPECIES
	END
------------------------------------
Reading input data for simulation 1.
------------------------------------

	TITLE C3_Cl_minus10pct FREZCHEM sequential FC at 23.00 C
	SOLUTION 1
	    temp 23.00000000
	    pH 7.0050000000
	    units mol/kgw
	    water 1.000000000000
	    Na 9.35250000000000e-01
	    K 2.15320000000000e-02
	    Mg 1.15860000000000e-01
	    Ca 2.40190000000000e-02
	    Cl 1.02710000000000e+00
	    S(6) 5.94160000000000e-02
	    C(4) 3.96930000000000e-03
	EQUILIBRIUM_PHASES 1
	    Ice(s)       0.0 0.0
	    Mirabilite   0.0 0.0
	    Halite       0.0 0.0
	    Hydrohalite  0.0 0.0
	    Calcite      0.0 0.0
	    Gypsum       0.0 0.0
	SELECTED_OUTPUT 1
	    file C:/Users/Kagiso/PHREEQC-Python/C3_Cl_minus10pct_FREZ_eq_+023p0.txt
	    reset false
	    user_punch true
	USER_PUNCH 1
	    headings Temp_C pH Water_kg Alk_eq_kgw Mu aw Na_mol K_mol Mg_mol Ca_mol Cl_mol S6_mol C4_mol Na_m K_m Mg_m Ca_m Cl_m S6_m C4_m Na_act Cl_act SO4_act SI_Ice SI_Mirabilite SI_Halite SI_Hydrohalite SI_Calcite SI_Gypsum Ice_mol Mirabilite_mol Halite_mol Hydrohalite_mol Calcite_mol Gypsum_mol Iterations
	    10 PUNCH TC, -LA("H+"), TOT("water"), ALK, MU, ACT("H2O")
	    20 PUNCH TOTMOLE("Na"), TOTMOLE("K"), TOTMOLE("Mg"), TOTMOLE("Ca")
	    30 PUNCH TOTMOLE("Cl"), TOTMOLE("S(6)"), TOTMOLE("C(4)")
	    40 PUNCH TOT("Na"), TOT("K"), TOT("Mg"), TOT("Ca")
	    50 PUNCH TOT("Cl"), TOT("S(6)"), TOT("C(4)")
	    60 PUNCH ACT("Na+"), ACT("Cl-"), ACT("SO4-2")
	    70 PUNCH SI("Ice(s)"), SI("Mirabilite"), SI("Halite"), SI("Hydrohalite"), SI("Calcite"), SI("Gypsum")
	    80 PUNCH EQUI("Ice(s)"), EQUI("Mirabilite"), EQUI("Halite"), EQUI("Hydrohalite"), EQUI("Calcite"), EQUI("Gypsum")
	    90 PUNCH ITERATIONS
	END
-----
TITLE
-----

 C3_Cl_minus10pct FREZCHEM sequential FC at 23.00 C

-------------------------------------------
Beginning of initial solution calculations.
-------------------------------------------

Initial solution 1.	

-----------------------------Solution composition------------------------------

	Elements           Molality       Moles

	C(4)              3.969e-03   3.969e-03
	Ca                2.402e-02   2.402e-02
	Cl                1.027e+00   1.027e+00
	K                 2.153e-02   2.153e-02
	Mg                1.159e-01   1.159e-01
	Na                9.352e-01   9.352e-01
	S(6)              5.942e-02   5.942e-02

----------------------------Description of solution----------------------------

                                       pH  =   7.005    
                                       pe  =   4.000    
      Specific Conductance (µS/cm,  23°C)  = 79212
                          Density (g/cm³)  =   1.04686
                               Volume (L)  =   1.02065
                        Activity of water  =   0.964
                 Ionic strength (mol/kgw)  =   1.392e+00
                       Mass of water (kg)  =   1.000e+00
                 Total alkalinity (eq/kg)  =   3.662e-03
                       Total CO2 (mol/kg)  =   3.969e-03
                         Temperature (°C)  =  23.00
                  Electrical balance (eq)  =   8.695e-02
 Percent error, 100*(Cat-|An|)/(Cat+|An|)  =   3.64
                               Iterations  =  12
                         Gamma iterations  =   4
                      Osmotic coefficient  =   0.92790
                         Density of water  =   0.99754
                                  Total H  = 1.110222e+02
                                  Total O  = 5.575853e+01

----------------------------Distribution of species----------------------------

                                                    Unscaled  Unscaled
                                Unscaled       Log       Log       Log    mole V
   Species          Molality    Activity  Molality  Activity     Gamma   cm³/mol

   OH-             2.287e-07   8.477e-08    -6.641    -7.072    -0.431     -1.61
   H+              1.291e-07   9.886e-08    -6.889    -7.005    -0.116      0.00
   H2O             5.551e+01   9.641e-01     1.744    -0.016     0.000     18.06
C(4)          3.969e-03
   HCO3-           3.603e-03   1.834e-03    -2.443    -2.737    -0.293     28.03
   CO2             3.370e-04   4.339e-04    -3.472    -3.363     0.110     29.58
   MgCO3           1.608e-05   1.608e-05    -4.794    -4.794     0.000    -17.09
   CO3-2           1.357e-05   8.349e-07    -4.867    -6.078    -1.211      1.17
   CaCO3           2.338e-12   2.338e-12   -11.631   -11.631     0.000     (0)  
Ca            2.402e-02
   Ca+2            2.402e-02   3.819e-03    -1.619    -2.418    -0.799    -16.30
   CaCO3           2.338e-12   2.338e-12   -11.631   -11.631     0.000     (0)  
Cl            1.027e+00
   Cl-             1.027e+00   7.318e-01     0.012    -0.136    -0.147     19.03
K             2.153e-02
   K+              2.153e-02   1.158e-02    -1.667    -1.936    -0.269      9.99
Mg            1.159e-01
   Mg+2            1.158e-01   2.339e-02    -0.936    -1.631    -0.695    -19.89
   MgCO3           1.608e-05   1.608e-05    -4.794    -4.794     0.000    -17.09
   MgOH+           3.707e-07   2.969e-07    -6.431    -6.527    -0.096     (0)  
Na            9.352e-01
   Na+             9.352e-01   5.623e-01    -0.029    -0.250    -0.221     -0.19
S(6)          5.942e-02
   SO4-2           5.942e-02   4.534e-03    -1.226    -2.344    -1.117     19.94

------------------------------Saturation indices-------------------------------

  Phase               SI** log IAP   log K(296 K,   1 atm)

  Anhydrite        -0.52     -4.76   -4.24  CaSO4
  Antarcticite     -6.53     -2.78    3.74  CaCl2:6H2O
  Aphthitalite    -14.17    -21.49   -7.32  Na2SO4:3K2SO4
  Aragonite        -0.17     -8.50   -8.32  CaCO3
  Arcanite         -4.41     -6.22   -1.81  K2SO4
  Bischofite       -6.64     -2.00    4.64  MgCl2:6H2O
  Bloedite         -4.50     -6.88   -2.38  Na2Mg(SO4)2:4H2O
  Calcite          -0.03     -8.50   -8.47  CaCO3
  Carnallite       -8.33     -4.07    4.27  KMgCl3:6H2O
  CO2(g)           -1.92     -3.36   -1.44  CO2
  Dolomite          0.83    -16.21  -17.04  CaMg(CO3)2
  Epsomite         -2.18     -4.09   -1.91  MgSO4:7H2O
  Gypsum           -0.20     -4.79   -4.60  CaSO4:2H2O
  Halite           -1.96     -0.39    1.57  NaCl
  Hexahydrite      -2.44     -4.07   -1.63  MgSO4:6H2O
  Hydrohalite      -1.93     -0.42    1.51  NaCl:2H2O
  Hydromagnesite   -2.31    -38.95  -36.64  (MgCO3)3:Mg(OH)2:3H2O
  Ice(s)           -0.11     -0.02    0.09  H2O
  Ikaite           -1.96     -8.59   -6.63  CaCO3:6H2O
  Kalicinite       -4.83     -4.67    0.16  KHCO3
  Kieserite        -3.82     -3.99   -0.17  MgSO4:H2O
  Landsfordite     -2.70     -7.79   -5.09  MgCO3:5H2O
  Magnesite         0.29     -7.71   -8.00  MgCO3
  Meridianite      -2.76     -4.15   -1.39  MgSO4:11H2O
  MgCl2:12H2O      -6.60     -2.09    4.51  MgCl2:12H2O
  MgCl2:8H2O       -6.18     -2.03    4.15  MgCl2:8H2O
  Mirabilite       -1.68     -3.00   -1.32  Na2SO4:10H2O
  Na2CO3:7H2O      -6.20     -6.69   -0.49  Na2CO3:7H2O
  Nahcolite        -2.57     -2.99   -0.42  NaHCO3
  Natron           -5.85     -6.74   -0.89  Na2CO3:10H2O
  Nesquehonite     -2.45     -7.76   -5.31  MgCO3:3H2O
  Picromerite      -5.87    -10.29   -4.42  MgSO4:K2SO4:6H2O
  Sylvite          -2.95     -2.07    0.88  KCl
  Tachyhydrite    -23.74     -6.68   17.05  CaCl2:(MgCl2)2:12H2O
  Thenardite       -2.55     -2.84   -0.29  Na2SO4
  Trona            -8.56     -9.60   -1.04  Na3H(CO3)2:2H2O
  Vaterite         -0.60     -8.50   -7.90  CaCO3

**For a gas, SI = log10(fugacity). Fugacity = pressure * phi / 1 atm.
  For ideal gases, phi = 1.

-----------------------------------------
Beginning of batch-reaction calculations.
-----------------------------------------

Reaction step 1.

Using solution 1.	
Using pure phase assemblage 1.	

-------------------------------Phase assemblage--------------------------------

                                                      Moles in assemblage
Phase               SI  log IAP  log K(T, P)   Initial       Final       Delta

Calcite          -0.03    -8.50     -8.47    0.000e+00           0   0.000e+00
Gypsum           -0.20    -4.79     -4.60    0.000e+00           0   0.000e+00
Halite           -1.96    -0.39      1.57    0.000e+00           0   0.000e+00
Hydrohalite      -1.93    -0.42      1.51    0.000e+00           0   0.000e+00
Ice(s)           -0.11    -0.02      0.09    0.000e+00           0   0.000e+00
Mirabilite       -1.68    -3.00     -1.32    0.000e+00           0   0.000e+00

-----------------------------Solution composition------------------------------

	Elements           Molality       Moles

	C                 3.969e-03   3.969e-03
	Ca                2.402e-02   2.402e-02
	Cl                1.027e+00   1.027e+00
	K                 2.153e-02   2.153e-02
	Mg                1.159e-01   1.159e-01
	Na                9.352e-01   9.352e-01
	S                 5.942e-02   5.942e-02

----------------------------Description of solution----------------------------

                                       pH  =   7.005      Charge balance
                                       pe  =   4.000      Adjusted to redox equilibrium
      Specific Conductance (µS/cm,  23°C)  = 79212
                          Density (g/cm³)  =   1.04686
                               Volume (L)  =   1.02065
                        Activity of water  =   0.964
                 Ionic strength (mol/kgw)  =   1.392e+00
                       Mass of water (kg)  =   1.000e+00
                 Total alkalinity (eq/kg)  =   3.662e-03
                       Total CO2 (mol/kg)  =   3.969e-03
                         Temperature (°C)  =  23.00
                  Electrical balance (eq)  =   8.695e-02
 Percent error, 100*(Cat-|An|)/(Cat+|An|)  =   3.64
                               Iterations  =   1
                         Gamma iterations  =   1
                      Osmotic coefficient  =   0.92790
                         Density of water  =   0.99754
                                  Total H  = 1.110222e+02
                                  Total O  = 5.575853e+01

----------------------------Distribution of species----------------------------

                                                    Unscaled  Unscaled
                                Unscaled       Log       Log       Log    mole V
   Species          Molality    Activity  Molality  Activity     Gamma   cm³/mol

   OH-             2.287e-07   8.477e-08    -6.641    -7.072    -0.431     -1.61
   H+              1.291e-07   9.886e-08    -6.889    -7.005    -0.116      0.00
   H2O             5.551e+01   9.641e-01     1.744    -0.016     0.000     18.06
C(4)          3.969e-03
   HCO3-           3.603e-03   1.834e-03    -2.443    -2.737    -0.293     28.03
   CO2             3.370e-04   4.339e-04    -3.472    -3.363     0.110     29.58
   MgCO3           1.608e-05   1.608e-05    -4.794    -4.794     0.000    -17.09
   CO3-2           1.357e-05   8.349e-07    -4.867    -6.078    -1.211      1.17
   CaCO3           2.338e-12   2.338e-12   -11.631   -11.631     0.000     (0)  
Ca            2.402e-02
   Ca+2            2.402e-02   3.819e-03    -1.619    -2.418    -0.799    -16.30
   CaCO3           2.338e-12   2.338e-12   -11.631   -11.631     0.000     (0)  
Cl            1.027e+00
   Cl-             1.027e+00   7.318e-01     0.012    -0.136    -0.147     19.03
K             2.153e-02
   K+              2.153e-02   1.158e-02    -1.667    -1.936    -0.269      9.99
Mg            1.159e-01
   Mg+2            1.158e-01   2.339e-02    -0.936    -1.631    -0.695    -19.89
   MgCO3           1.608e-05   1.608e-05    -4.794    -4.794     0.000    -17.09
   MgOH+           3.707e-07   2.969e-07    -6.431    -6.527    -0.096     (0)  
Na            9.352e-01
   Na+             9.352e-01   5.623e-01    -0.029    -0.250    -0.221     -0.19
S(6)          5.942e-02
   SO4-2           5.942e-02   4.534e-03    -1.226    -2.344    -1.117     19.94

------------------------------Saturation indices-------------------------------

  Phase               SI** log IAP   log K(296 K,   1 atm)

  Anhydrite        -0.52     -4.76   -4.24  CaSO4
  Antarcticite     -6.53     -2.78    3.74  CaCl2:6H2O
  Aphthitalite    -14.17    -21.49   -7.32  Na2SO4:3K2SO4
  Aragonite        -0.17     -8.50   -8.32  CaCO3
  Arcanite         -4.41     -6.22   -1.81  K2SO4
  Bischofite       -6.64     -2.00    4.64  MgCl2:6H2O
  Bloedite         -4.50     -6.88   -2.38  Na2Mg(SO4)2:4H2O
  Calcite          -0.03     -8.50   -8.47  CaCO3
  Carnallite       -8.33     -4.07    4.27  KMgCl3:6H2O
  CO2(g)           -1.92     -3.36   -1.44  CO2
  Dolomite          0.83    -16.21  -17.04  CaMg(CO3)2
  Epsomite         -2.18     -4.09   -1.91  MgSO4:7H2O
  Gypsum           -0.20     -4.79   -4.60  CaSO4:2H2O
  Halite           -1.96     -0.39    1.57  NaCl
  Hexahydrite      -2.44     -4.07   -1.63  MgSO4:6H2O
  Hydrohalite      -1.93     -0.42    1.51  NaCl:2H2O
  Hydromagnesite   -2.31    -38.95  -36.64  (MgCO3)3:Mg(OH)2:3H2O
  Ice(s)           -0.11     -0.02    0.09  H2O
  Ikaite           -1.96     -8.59   -6.63  CaCO3:6H2O
  Kalicinite       -4.83     -4.67    0.16  KHCO3
  Kieserite        -3.82     -3.99   -0.17  MgSO4:H2O
  Landsfordite     -2.70     -7.79   -5.09  MgCO3:5H2O
  Magnesite         0.29     -7.71   -8.00  MgCO3
  Meridianite      -2.76     -4.15   -1.39  MgSO4:11H2O
  MgCl2:12H2O      -6.60     -2.09    4.51  MgCl2:12H2O
  MgCl2:8H2O       -6.18     -2.03    4.15  MgCl2:8H2O
  Mirabilite       -1.68     -3.00   -1.32  Na2SO4:10H2O
  Na2CO3:7H2O      -6.20     -6.69   -0.49  Na2CO3:7H2O
  Nahcolite        -2.57     -2.99   -0.42  NaHCO3
  Natron           -5.85     -6.74   -0.89  Na2CO3:10H2O
  Nesquehonite     -2.45     -7.76   -5.31  MgCO3:3H2O
  Picromerite      -5.87    -10.29   -4.42  MgSO4:K2SO4:6H2O
  Sylvite          -2.95     -2.07    0.88  KCl
  Tachyhydrite    -23.74     -6.68   17.05  CaCl2:(MgCl2)2:12H2O
  Thenardite       -2.55     -2.84   -0.29  Na2SO4
  Trona            -8.56     -9.60   -1.04  Na3H(CO3)2:2H2O
  Vaterite         -0.60     -8.50   -7.90  CaCO3

**For a gas, SI = log10(fugacity). Fugacity = pressure * phi / 1 atm.
  For ideal gases, phi = 1.

------------------
End of simulation.
------------------

------------------------------------
Reading input data for simulation 2.
------------------------------------

-------------------------------
End of Run after 1.424 Seconds.
-------------------------------

