   Input file: C:\Users\Kagiso\PHREEQC-Python\C3_Ca_minus10pct_FREZ_pre_+023p0.pqi
  Output file: C:\Users\Kagiso\PHREEQC-Python\C3_Ca_minus10pct_FREZ_pre_+023p0.out
Database file: C:\Program Files\USGS\phreeqc-3.8.6-17100-x64\database\frezchem.dat

------------------
Reading data base.
------------------

	PITZER
	SOLUTION_MASTER_SPECIES
	SOLUTION_SPECIES
	PHASES
	PITZER
	EXCHANGE_MASTER_SPECIES
	EXCHANGE_SPECIES
	SURFACE_MASTER_SPECIES
	SURFACE_SPECIES
	END
------------------------------------
Reading input data for simulation 1.
------------------------------------

	TITLE C3_Ca_minus10pct FREZCHEM sequential FC at 23.00 C
	SOLUTION 1
	    temp 23.00000000
	    pH 7.0102000000
	    units mol/kgw
	    water 1.000000000000
	    Na 9.38960000000000e-01
	    K 2.16170000000000e-02
	    Mg 1.16320000000000e-01
	    Ca 2.16650000000000e-02
	    Cl 1.14580000000000e+00
	    S(6) 5.96520000000000e-02
	    C(4) 3.96720000000000e-03
	SELECTED_OUTPUT 1
	    file C:/Users/Kagiso/PHREEQC-Python/C3_Ca_minus10pct_FREZ_pre_+023p0.txt
	    reset false
	    user_punch true
	USER_PUNCH 1
	    headings Temp_C pH Water_kg Alk_eq_kgw Mu aw Na_mol K_mol Mg_mol Ca_mol Cl_mol S6_mol C4_mol Na_m K_m Mg_m Ca_m Cl_m S6_m C4_m Na_act Cl_act SO4_act SI_Ice SI_Mirabilite SI_Halite SI_Hydrohalite SI_Calcite SI_Gypsum Iterations
	    10 PUNCH TC, -LA("H+"), TOT("water"), ALK, MU, ACT("H2O")
	    20 PUNCH TOTMOLE("Na"), TOTMOLE("K"), TOTMOLE("Mg"), TOTMOLE("Ca")
	    30 PUNCH TOTMOLE("Cl"), TOTMOLE("S(6)"), TOTMOLE("C(4)")
	    40 PUNCH TOT("Na"), TOT("K"), TOT("Mg"), TOT("Ca")
	    50 PUNCH TOT("Cl"), TOT("S(6)"), TOT("C(4)")
	    60 PUNCH ACT("Na+"), ACT("Cl-"), ACT("SO4-2")
	    70 PUNCH SI("Ice(s)"), SI("Mirabilite"), SI("Halite"), SI("Hydrohalite"), SI("Calcite"), SI("Gypsum")
	    80 PUNCH ITERATIONS
	END
-----
TITLE
-----

 C3_Ca_minus10pct FREZCHEM sequential FC at 23.00 C

-------------------------------------------
Beginning of initial solution calculations.
-------------------------------------------

Initial solution 1.	

-----------------------------Solution composition------------------------------

	Elements           Molality       Moles

	C(4)              3.967e-03   3.967e-03
	Ca                2.166e-02   2.166e-02
	Cl                1.146e+00   1.146e+00
	K                 2.162e-02   2.162e-02
	Mg                1.163e-01   1.163e-01
	Na                9.390e-01   9.390e-01
	S(6)              5.965e-02   5.965e-02

----------------------------Description of solution----------------------------

                                       pH  =   7.010    
                                       pe  =   4.000    
      Specific Conductance (µS/cm,  23°C)  = 83392
                          Density (g/cm³)  =   1.04859
                               Volume (L)  =   1.02300
                        Activity of water  =   0.962
                 Ionic strength (mol/kgw)  =   1.450e+00
                       Mass of water (kg)  =   1.000e+00
                 Total alkalinity (eq/kg)  =   3.672e-03
                       Total CO2 (mol/kg)  =   3.967e-03
                         Temperature (°C)  =  23.00
                  Electrical balance (eq)  =  -3.223e-02
 Percent error, 100*(Cat-|An|)/(Cat+|An|)  =  -1.29
                               Iterations  =  12
                         Gamma iterations  =   4
                      Osmotic coefficient  =   0.93455
                         Density of water  =   0.99754
                                  Total H  = 1.110222e+02
                                  Total O  = 5.575948e+01

----------------------------Distribution of species----------------------------

                                                    Unscaled  Unscaled
                                Unscaled       Log       Log       Log    mole V
   Species          Molality    Activity  Molality  Activity     Gamma   cm³/mol

   OH-             2.370e-07   8.560e-08    -6.625    -7.068    -0.442     -1.52
   H+              1.222e-07   9.768e-08    -6.913    -7.010    -0.097      0.00
   H2O             5.551e+01   9.619e-01     1.744    -0.017     0.000     18.06
C(4)          3.967e-03
   HCO3-           3.605e-03   1.817e-03    -2.443    -2.741    -0.298     28.15
   CO2             3.289e-04   4.256e-04    -3.483    -3.371     0.112     29.58
   MgCO3           1.815e-05   1.815e-05    -4.741    -4.741     0.000    -17.09
   CO3-2           1.490e-05   8.369e-07    -4.827    -6.077    -1.251      1.29
   CaCO3           2.339e-12   2.339e-12   -11.631   -11.631     0.000     (0)  
Ca            2.166e-02
   Ca+2            2.166e-02   3.810e-03    -1.664    -2.419    -0.755    -16.27
   CaCO3           2.339e-12   2.339e-12   -11.631   -11.631     0.000     (0)  
Cl            1.146e+00
   Cl-             1.146e+00   8.004e-01     0.059    -0.097    -0.156     19.05
K             2.162e-02
   K+              2.162e-02   1.171e-02    -1.665    -1.931    -0.266     10.01
Mg            1.163e-01
   Mg+2            1.163e-01   2.634e-02    -0.934    -1.579    -0.645    -19.86
   MgCO3           1.815e-05   1.815e-05    -4.741    -4.741     0.000    -17.09
   MgOH+           4.055e-07   3.376e-07    -6.392    -6.472    -0.080     (0)  
Na            9.390e-01
   Na+             9.390e-01   5.749e-01    -0.027    -0.240    -0.213     -0.17
S(6)          5.965e-02
   SO4-2           5.965e-02   4.204e-03    -1.224    -2.376    -1.152     20.06

------------------------------Saturation indices-------------------------------

  Phase               SI** log IAP   log K(296 K,   1 atm)

  Anhydrite        -0.56     -4.80   -4.24  CaSO4
  Antarcticite     -6.46     -2.71    3.74  CaCl2:6H2O
  Aphthitalite    -14.25    -21.57   -7.32  Na2SO4:3K2SO4
  Aragonite        -0.17     -8.50   -8.32  CaCO3
  Arcanite         -4.43     -6.24   -1.81  K2SO4
  Bischofite       -6.52     -1.87    4.64  MgCl2:6H2O
  Bloedite         -4.50     -6.88   -2.38  Na2Mg(SO4)2:4H2O
  Calcite          -0.03     -8.50   -8.47  CaCO3
  Carnallite       -8.17     -3.90    4.27  KMgCl3:6H2O
  CO2(g)           -1.93     -3.37   -1.44  CO2
  Dolomite          0.88    -16.15  -17.04  CaMg(CO3)2
  Epsomite         -2.17     -4.07   -1.91  MgSO4:7H2O
  Gypsum           -0.23     -4.83   -4.60  CaSO4:2H2O
  Halite           -1.91     -0.34    1.57  NaCl
  Hexahydrite      -2.42     -4.06   -1.63  MgSO4:6H2O
  Hydrohalite      -1.88     -0.37    1.51  NaCl:2H2O
  Hydromagnesite   -2.09    -38.74  -36.64  (MgCO3)3:Mg(OH)2:3H2O
  Ice(s)           -0.11     -0.02    0.09  H2O
  Ikaite           -1.97     -8.60   -6.63  CaCO3:6H2O
  Kalicinite       -4.83     -4.67    0.16  KHCO3
  Kieserite        -3.80     -3.97   -0.17  MgSO4:H2O
  Landsfordite     -2.65     -7.74   -5.09  MgCO3:5H2O
  Magnesite         0.34     -7.66   -8.00  MgCO3
  Meridianite      -2.75     -4.14   -1.39  MgSO4:11H2O
  MgCl2:12H2O      -6.48     -1.98    4.51  MgCl2:12H2O
  MgCl2:8H2O       -6.05     -1.91    4.15  MgCl2:8H2O
  Mirabilite       -1.71     -3.03   -1.32  Na2SO4:10H2O
  Na2CO3:7H2O      -6.19     -6.68   -0.49  Na2CO3:7H2O
  Nahcolite        -2.56     -2.98   -0.42  NaHCO3
  Natron           -5.84     -6.73   -0.89  Na2CO3:10H2O
  Nesquehonite     -2.40     -7.71   -5.31  MgCO3:3H2O
  Picromerite      -5.88    -10.30   -4.42  MgSO4:K2SO4:6H2O
  Sylvite          -2.90     -2.03    0.88  KCl
  Tachyhydrite    -23.42     -6.36   17.05  CaCl2:(MgCl2)2:12H2O
  Thenardite       -2.57     -2.86   -0.29  Na2SO4
  Trona            -8.53     -9.57   -1.04  Na3H(CO3)2:2H2O
  Vaterite         -0.60     -8.50   -7.90  CaCO3

**For a gas, SI = log10(fugacity). Fugacity = pressure * phi / 1 atm.
  For ideal gases, phi = 1.

------------------
End of simulation.
------------------

------------------------------------
Reading input data for simulation 2.
------------------------------------

-------------------------------
End of Run after 1.278 Seconds.
-------------------------------

