   Input file: C:\Users\Kagiso\PHREEQC-Python\C3_Ca_plus10pct_FREZ_pre_+005p0.pqi
  Output file: C:\Users\Kagiso\PHREEQC-Python\C3_Ca_plus10pct_FREZ_pre_+005p0.out
Database file: C:\Program Files\USGS\phreeqc-3.8.6-17100-x64\database\frezchem.dat

------------------
Reading data base.
------------------

	PITZER
	SOLUTION_MASTER_SPECIES
	SOLUTION_SPECIES
	PHASES
	PITZER
	EXCHANGE_MASTER_SPECIES
	EXCHANGE_SPECIES
	SURFACE_MASTER_SPECIES
	SURFACE_SPECIES
	END
------------------------------------
Reading input data for simulation 1.
------------------------------------

	TITLE C3_Ca_plus10pct FREZCHEM sequential FC at 5.00 C
	SOLUTION 1
	    temp 5.00000000
	    pH 6.9385000000
	    units mol/kgw
	    water 1.000000000000
	    Na 9.39140000000000e-01
	    K 2.16210000000000e-02
	    Mg 1.16340000000000e-01
	    Ca 2.65090000000000e-02
	    Cl 1.14600000000000e+00
	    S(6) 5.96640000000000e-02
	    C(4) 3.91420000000000e-03
	SELECTED_OUTPUT 1
	    file C:/Users/Kagiso/PHREEQC-Python/C3_Ca_plus10pct_FREZ_pre_+005p0.txt
	    reset false
	    user_punch true
	USER_PUNCH 1
	    headings Temp_C pH Water_kg Alk_eq_kgw Mu aw Na_mol K_mol Mg_mol Ca_mol Cl_mol S6_mol C4_mol Na_m K_m Mg_m Ca_m Cl_m S6_m C4_m Na_act Cl_act SO4_act SI_Ice SI_Mirabilite SI_Halite SI_Hydrohalite SI_Calcite SI_Gypsum Iterations
	    10 PUNCH TC, -LA("H+"), TOT("water"), ALK, MU, ACT("H2O")
	    20 PUNCH TOTMOLE("Na"), TOTMOLE("K"), TOTMOLE("Mg"), TOTMOLE("Ca")
	    30 PUNCH TOTMOLE("Cl"), TOTMOLE("S(6)"), TOTMOLE("C(4)")
	    40 PUNCH TOT("Na"), TOT("K"), TOT("Mg"), TOT("Ca")
	    50 PUNCH TOT("Cl"), TOT("S(6)"), TOT("C(4)")
	    60 PUNCH ACT("Na+"), ACT("Cl-"), ACT("SO4-2")
	    70 PUNCH SI("Ice(s)"), SI("Mirabilite"), SI("Halite"), SI("Hydrohalite"), SI("Calcite"), SI("Gypsum")
	    80 PUNCH ITERATIONS
	END
-----
TITLE
-----

 C3_Ca_plus10pct FREZCHEM sequential FC at 5.00 C

-------------------------------------------
Beginning of initial solution calculations.
-------------------------------------------

Initial solution 1.	

-----------------------------Solution composition------------------------------

	Elements           Molality       Moles

	C(4)              3.914e-03   3.914e-03
	Ca                2.651e-02   2.651e-02
	Cl                1.146e+00   1.146e+00
	K                 2.162e-02   2.162e-02
	Mg                1.163e-01   1.163e-01
	Na                9.391e-01   9.391e-01
	S(6)              5.966e-02   5.966e-02

----------------------------Description of solution----------------------------

                                       pH  =   6.939    
                                       pe  =   4.000    
      Specific Conductance (µS/cm,   5°C)  = 51962
                          Density (g/cm³)  =   1.05380
                               Volume (L)  =   1.01814
                        Activity of water  =   0.962
                 Ionic strength (mol/kgw)  =   1.460e+00
                       Mass of water (kg)  =   1.000e+00
                 Total alkalinity (eq/kg)  =   3.420e-03
                       Total CO2 (mol/kg)  =   3.914e-03
                         Temperature (°C)  =   5.00
                  Electrical balance (eq)  =  -2.229e-02
 Percent error, 100*(Cat-|An|)/(Cat+|An|)  =  -0.89
                               Iterations  =  13
                         Gamma iterations  =   4
                      Osmotic coefficient  =   0.91933
                         Density of water  =   0.99996
                                  Total H  = 1.110220e+02
                                  Total O  = 5.575919e+01

----------------------------Distribution of species----------------------------

                                                    Unscaled  Unscaled
                                Unscaled       Log       Log       Log    mole V
   Species          Molality    Activity  Molality  Activity     Gamma   cm³/mol

   H+              1.392e-07   1.152e-07    -6.856    -6.939    -0.082      0.00
   OH-             4.908e-08   1.566e-08    -7.309    -7.805    -0.496     -3.00
   H2O             5.551e+01   9.624e-01     1.744    -0.017     0.000     18.02
C(4)          3.914e-03
   HCO3-           3.393e-03   1.693e-03    -2.469    -2.771    -0.302     26.69
   CO2             5.081e-04   6.653e-04    -3.294    -3.177     0.117     35.76
   CO3-2           7.074e-06   4.099e-07    -5.150    -6.387    -1.237     -1.72
   MgCO3           6.351e-06   6.351e-06    -5.197    -5.197     0.000    -17.06
   CaCO3           1.758e-12   1.758e-12   -11.755   -11.755     0.000     (0)  
Ca            2.651e-02
   Ca+2            2.651e-02   4.864e-03    -1.577    -2.313    -0.736    -17.22
   CaCO3           1.758e-12   1.758e-12   -11.755   -11.755     0.000     (0)  
Cl            1.146e+00
   Cl-             1.146e+00   7.826e-01     0.059    -0.106    -0.166     17.99
K             2.162e-02
   K+              2.162e-02   1.156e-02    -1.665    -1.937    -0.272      9.34
Mg            1.163e-01
   Mg+2            1.163e-01   2.411e-02    -0.934    -1.618    -0.684    -19.42
   MgCO3           6.351e-06   6.351e-06    -5.197    -5.197     0.000    -17.06
   MgOH+           5.629e-08   4.810e-08    -7.250    -7.318    -0.068     (0)  
Na            9.391e-01
   Na+             9.391e-01   5.582e-01    -0.027    -0.253    -0.226     -1.19
S(6)          5.966e-02
   SO4-2           5.966e-02   3.797e-03    -1.224    -2.421    -1.196     16.82

------------------------------Saturation indices-------------------------------

  Phase               SI** log IAP   log K(278 K,   1 atm)

  Anhydrite        -0.64     -4.73   -4.09  CaSO4
  Antarcticite     -5.99     -2.63    3.36  CaCl2:6H2O
  Aphthitalite    -13.30    -21.81   -8.51  Na2SO4:3K2SO4
  Aragonite        -0.47     -8.70   -8.24  CaCO3
  Arcanite         -4.19     -6.29   -2.11  K2SO4
  Bischofite       -6.67     -1.93    4.74  MgCl2:6H2O
  Bloedite         -4.59     -7.03   -2.44  Na2Mg(SO4)2:4H2O
  Calcite          -0.31     -8.70   -8.39  CaCO3
  Carnallite       -7.97     -3.97    3.99  KMgCl3:6H2O
  CO2(g)           -1.98     -3.18   -1.19  CO2
  Dolomite         -0.12    -16.71  -16.59  CaMg(CO3)2
  Epsomite         -2.01     -4.15   -2.14  MgSO4:7H2O
  Gypsum           -0.13     -4.77   -4.63  CaSO4:2H2O
  Halite           -1.88     -0.36    1.52  NaCl
  Hexahydrite      -2.45     -4.14   -1.69  MgSO4:6H2O
  Hydrohalite      -1.72     -0.39    1.32  NaCl:2H2O
  Hydromagnesite   -5.87    -41.29  -35.42  (MgCO3)3:Mg(OH)2:3H2O
  Ice(s)           -0.04     -0.02    0.02  H2O
  Ikaite           -1.73     -8.80   -7.07  CaCO3:6H2O
  Kalicinite       -4.61     -4.71   -0.09  KHCO3
  Kieserite        -4.39     -4.06    0.34  MgSO4:H2O
  Landsfordite     -2.88     -8.09   -5.21  MgCO3:5H2O
  Magnesite        -0.30     -8.01   -7.71  MgCO3
  Meridianite      -2.10     -4.22   -2.12  MgSO4:11H2O
  MgCl2:12H2O      -5.20     -2.03    3.16  MgCl2:12H2O
  MgCl2:8H2O       -5.89     -1.96    3.93  MgCl2:8H2O
  Mirabilite       -0.85     -3.09   -2.25  Na2SO4:10H2O
  Na2CO3:7H2O      -6.08     -7.01   -0.93  Na2CO3:7H2O
  Nahcolite        -2.37     -3.02   -0.65  NaHCO3
  Natron           -5.45     -7.06   -1.61  Na2CO3:10H2O
  Nesquehonite     -2.92     -8.06   -5.13  MgCO3:3H2O
  Picromerite      -5.56    -10.43   -4.87  MgSO4:K2SO4:6H2O
  Sylvite          -2.69     -2.04    0.65  KCl
  Tachyhydrite    -24.53     -6.39   18.14  CaCl2:(MgCl2)2:12H2O
  Thenardite       -2.62     -2.93   -0.30  Na2SO4
  Trona            -8.71     -9.95   -1.24  Na3H(CO3)2:2H2O
  Vaterite         -0.93     -8.70   -7.77  CaCO3

**For a gas, SI = log10(fugacity). Fugacity = pressure * phi / 1 atm.
  For ideal gases, phi = 1.

------------------
End of simulation.
------------------

------------------------------------
Reading input data for simulation 2.
------------------------------------

-------------------------------
End of Run after 1.575 Seconds.
-------------------------------

