   Input file: C:\Users\Kagiso\PHREEQC-Python\C3_Ca_minus10pct_FREZ_eq_-019p0.pqi
  Output file: C:\Users\Kagiso\PHREEQC-Python\C3_Ca_minus10pct_FREZ_eq_-019p0.out
Database file: C:\Program Files\USGS\phreeqc-3.8.6-17100-x64\database\frezchem.dat

------------------
Reading data base.
------------------

	PITZER
	SOLUTION_MASTER_SPECIES
	SOLUTION_SPECIES
	PHASES
	PITZER
	EXCHANGE_MASTER_SPECIES
	EXCHANGE_SPECIES
	SURFACE_MASTER_SPECIES
	SURFACE_SPECIES
	END
------------------------------------
Reading input data for simulation 1.
------------------------------------

	TITLE C3_Ca_minus10pct FREZCHEM sequential FC at -19.00 C
	SOLUTION 1
	    temp -19.00000000
	    pH 6.4378000000
	    units mol/kgw
	    water 0.258700000000
	    Na 3.24963277928102e+00
	    K 8.35601082334751e-02
	    Mg 4.49632779281021e-01
	    Ca 7.11093931194434e-02
	    Cl 4.42906841901817e+00
	    S(6) 2.90792423656745e-02
	    C(4) 1.42817935833011e-02
	EQUILIBRIUM_PHASES 1
	    Ice(s)       0.0 0.0
	    Mirabilite   0.0 0.0
	    Halite       0.0 0.0
	    Hydrohalite  0.0 0.0
	    Calcite      0.0 0.0
	    Gypsum       0.0 0.0
	SELECTED_OUTPUT 1
	    file C:/Users/Kagiso/PHREEQC-Python/C3_Ca_minus10pct_FREZ_eq_-019p0.txt
	    reset false
	    user_punch true
	USER_PUNCH 1
	    headings Temp_C pH Water_kg Alk_eq_kgw Mu aw Na_mol K_mol Mg_mol Ca_mol Cl_mol S6_mol C4_mol Na_m K_m Mg_m Ca_m Cl_m S6_m C4_m Na_act Cl_act SO4_act SI_Ice SI_Mirabilite SI_Halite SI_Hydrohalite SI_Calcite SI_Gypsum Ice_mol Mirabilite_mol Halite_mol Hydrohalite_mol Calcite_mol Gypsum_mol Iterations
	    10 PUNCH TC, -LA("H+"), TOT("water"), ALK, MU, ACT("H2O")
	    20 PUNCH TOTMOLE("Na"), TOTMOLE("K"), TOTMOLE("Mg"), TOTMOLE("Ca")
	    30 PUNCH TOTMOLE("Cl"), TOTMOLE("S(6)"), TOTMOLE("C(4)")
	    40 PUNCH TOT("Na"), TOT("K"), TOT("Mg"), TOT("Ca")
	    50 PUNCH TOT("Cl"), TOT("S(6)"), TOT("C(4)")
	    60 PUNCH ACT("Na+"), ACT("Cl-"), ACT("SO4-2")
	    70 PUNCH SI("Ice(s)"), SI("Mirabilite"), SI("Halite"), SI("Hydrohalite"), SI("Calcite"), SI("Gypsum")
	    80 PUNCH EQUI("Ice(s)"), EQUI("Mirabilite"), EQUI("Halite"), EQUI("Hydrohalite"), EQUI("Calcite"), EQUI("Gypsum")
	    90 PUNCH ITERATIONS
	END
-----
TITLE
-----

 C3_Ca_minus10pct FREZCHEM sequential FC at -19.00 C

-------------------------------------------
Beginning of initial solution calculations.
-------------------------------------------

Initial solution 1.	

-----------------------------Solution composition------------------------------

	Elements           Molality       Moles

	C(4)              1.428e-02   3.695e-03
	Ca                7.111e-02   1.840e-02
	Cl                4.429e+00   1.146e+00
	K                 8.356e-02   2.162e-02
	Mg                4.496e-01   1.163e-01
	Na                3.250e+00   8.407e-01
	S(6)              2.908e-02   7.523e-03

----------------------------Description of solution----------------------------

                                       pH  =   6.438    
                                       pe  =   4.000    
      Specific Conductance (µS/cm, -19°C)  = 43503
                          Density (g/cm³)  =   1.18069
                               Volume (L)  =   0.27440
                        Activity of water  =   0.840
                 Ionic strength (mol/kgw)  =   4.985e+00
                       Mass of water (kg)  =   2.587e-01
                 Total alkalinity (eq/kg)  =   9.035e-03
                       Total CO2 (mol/kg)  =   1.428e-02
                         Temperature (°C)  = -19.00
                  Electrical balance (eq)  =  -3.145e-02
 Percent error, 100*(Cat-|An|)/(Cat+|An|)  =  -1.37
                               Iterations  =  16
                         Gamma iterations  =   5
                      Osmotic coefficient  =   1.16370
                         Density of water  =   0.99423
                                  Total H  = 2.872284e+01
                                  Total O  = 1.440007e+01

----------------------------Distribution of species----------------------------

                                                    Unscaled  Unscaled
                                Unscaled       Log       Log       Log    mole V
   Species          Molality    Activity  Molality  Activity     Gamma   cm³/mol

   H+              1.117e-07   3.649e-07    -6.952    -6.438     0.514      0.00
   OH-             9.579e-09   3.192e-10    -8.019    -9.496    -1.477     -4.55
   H2O             5.551e+01   8.398e-01     1.744    -0.076     0.000     18.12
C(4)          1.428e-02
   HCO3-           8.990e-03   3.401e-03    -2.046    -2.468    -0.422     37.19
   CO2             5.269e-03   1.227e-02    -2.278    -1.911     0.367     57.37
   MgCO3           1.478e-05   1.478e-05    -4.830    -4.830     0.000    -16.95
   CO3-2           7.617e-06   9.511e-08    -5.118    -7.022    -1.904     -0.05
   CaCO3           2.239e-12   2.239e-12   -11.650   -11.650     0.000     (0)  
Ca            7.111e-02
   Ca+2            7.111e-02   4.273e-02    -1.148    -1.369    -0.221    -23.59
   CaCO3           2.239e-12   2.239e-12   -11.650   -11.650     0.000     (0)  
Cl            4.429e+00
   Cl-             4.429e+00   3.685e+00     0.646     0.566    -0.080     15.76
K             8.356e-02
   K+              8.356e-02   3.192e-02    -1.078    -1.496    -0.418     11.18
Mg            4.496e-01
   Mg+2            4.496e-01   3.243e-01    -0.347    -0.489    -0.142    -18.87
   MgCO3           1.478e-05   1.478e-05    -4.830    -4.830     0.000    -16.95
   MgOH+           2.189e-08   1.279e-08    -7.660    -7.893    -0.233     (0)  
Na            3.250e+00
   Na+             3.250e+00   1.953e+00     0.512     0.291    -0.221     -2.03
S(6)          2.908e-02
   SO4-2           2.908e-02   4.860e-04    -1.536    -3.313    -1.777      8.51

------------------------------Saturation indices-------------------------------

  Phase               SI** log IAP   log K(254 K,   1 atm)

  Anhydrite        -0.66     -4.68   -4.02  CaSO4
  Antarcticite     -3.66     -0.69    2.97  CaCl2:6H2O
  Aphthitalite    -11.54    -21.65  -10.11  Na2SO4:3K2SO4
  Aragonite        -0.21     -8.39   -8.18  CaCO3
  Arcanite         -3.73     -6.31   -2.57  K2SO4
  Bischofite       -4.52      0.19    4.71  MgCl2:6H2O
  Bloedite         -4.31     -6.84   -2.53  Na2Mg(SO4)2:4H2O
  Calcite          -0.03     -8.39   -8.36  CaCO3
  Carnallite       -4.14     -0.74    3.40  KMgCl3:6H2O
  CO2(g)           -1.19     -1.91   -0.72  CO2
  Dolomite         -0.02    -15.90  -15.89  CaMg(CO3)2
  Epsomite         -1.83     -4.33   -2.50  MgSO4:7H2O
  Gypsum           -0.00     -4.83   -4.83  CaSO4:2H2O
  Halite           -0.53      0.86    1.38  NaCl
  Hexahydrite      -2.50     -4.26   -1.76  MgSO4:6H2O
  Hydrohalite      -0.24      0.71    0.94  NaCl:2H2O
  Hydromagnesite   -8.71    -42.24  -33.53  (MgCO3)3:Mg(OH)2:3H2O
  Ice(s)            0.00     -0.08   -0.08  H2O
  Ikaite           -1.09     -8.85   -7.75  CaCO3:6H2O
  Kalicinite       -3.54     -3.96   -0.42  KHCO3
  Kieserite        -5.49     -3.88    1.61  MgSO4:H2O
  Landsfordite     -3.27     -7.89   -4.62  MgCO3:5H2O
  Magnesite        -0.26     -7.51   -7.25  MgCO3
  Meridianite      -1.54     -4.64   -3.10  MgSO4:11H2O
  MgCl2:12H2O      -2.16     -0.27    1.90  MgCl2:12H2O
  MgCl2:8H2O       -3.43      0.04    3.47  MgCl2:8H2O
  Mirabilite        0.04     -3.49   -3.53  Na2SO4:10H2O
  Na2CO3:7H2O      -5.44     -6.97   -1.53  Na2CO3:7H2O
  Nahcolite        -1.26     -2.18   -0.91  NaHCO3
  Natron           -4.74     -7.20   -2.46  Na2CO3:10H2O
  Nesquehonite     -3.18     -7.74   -4.56  MgCO3:3H2O
  Picromerite      -4.77    -10.56   -5.79  MgSO4:K2SO4:6H2O
  Sylvite          -1.18     -0.93    0.25  KCl
  Tachyhydrite    -19.45      0.14   19.59  CaCl2:(MgCl2)2:12H2O
  Thenardite       -2.41     -2.73   -0.32  Na2SO4
  Trona            -7.26     -8.77   -1.51  Na3H(CO3)2:2H2O
  Vaterite         -0.73     -8.39   -7.66  CaCO3

**For a gas, SI = log10(fugacity). Fugacity = pressure * phi / 1 atm.
  For ideal gases, phi = 1.

-----------------------------------------
Beginning of batch-reaction calculations.
-----------------------------------------

Reaction step 1.

WARNING: Maximum iterations exceeded, 200

WARNING: Numerical method failed with this set of convergence parameters.

WARNING: Trying smaller step size, pe step size 10, 5 ... 

WARNING: Maximum iterations exceeded, 400

WARNING: Numerical method failed with this set of convergence parameters.

WARNING: Trying reduced tolerance 1e-16 ...

WARNING: Maximum iterations exceeded, 400

WARNING: Numerical method failed with this set of convergence parameters.

WARNING: Trying increased tolerance 1e-14 ...

WARNING: Maximum iterations exceeded, 400

WARNING: Numerical method failed with this set of convergence parameters.

WARNING: Trying diagonal scaling ...

Using solution 1.	
Using pure phase assemblage 1.	

-------------------------------Phase assemblage--------------------------------

                                                      Moles in assemblage
Phase               SI  log IAP  log K(T, P)   Initial       Final       Delta

Calcite           0.00    -8.36     -8.36    0.000e+00   7.602e-06   7.602e-06
Gypsum           -0.00    -4.83     -4.83    0.000e+00           0   0.000e+00
Halite           -0.47     0.91      1.38    0.000e+00           0   0.000e+00
Hydrohalite      -0.19     0.75      0.94    0.000e+00           0   0.000e+00
Ice(s)            0.00    -0.08     -0.08    0.000e+00   5.615e-01   5.615e-01
Mirabilite        0.00    -3.53     -3.53    0.000e+00   8.019e-04   8.019e-04

-----------------------------Solution composition------------------------------

	Elements           Molality       Moles

	C                 1.484e-02   3.687e-03
	Ca                7.402e-02   1.839e-02
	Cl                4.612e+00   1.146e+00
	K                 8.701e-02   2.162e-02
	Mg                4.682e-01   1.163e-01
	Na                3.377e+00   8.391e-01
	S                 2.705e-02   6.721e-03

----------------------------Description of solution----------------------------

                                       pH  =   6.405      Charge balance
                                       pe  =   4.000      Adjusted to redox equilibrium
      Specific Conductance (µS/cm, -19°C)  = 44320
                          Density (g/cm³)  =   1.18649
                               Volume (L)  =   0.26431
                        Activity of water  =   0.831
                 Ionic strength (mol/kgw)  =   5.181e+00
                       Mass of water (kg)  =   2.484e-01
                 Total alkalinity (eq/kg)  =   9.347e-03
                       Total CO2 (mol/kg)  =   1.484e-02
                         Temperature (°C)  = -19.00
                  Electrical balance (eq)  =  -3.145e-02
 Percent error, 100*(Cat-|An|)/(Cat+|An|)  =  -1.37
                               Iterations  =   8 (1412 overall)
                         Gamma iterations  =   1
                      Osmotic coefficient  =   1.18440
                         Density of water  =   0.99423
                                  Total H  = 2.758385e+01
                                  Total O  = 1.382734e+01

----------------------------Distribution of species----------------------------

                                                    Unscaled  Unscaled
                                Unscaled       Log       Log       Log    mole V
   Species          Molality    Activity  Molality  Activity     Gamma   cm³/mol

   H+              1.114e-07   3.933e-07    -6.953    -6.405     0.548      0.00
   OH-             9.722e-09   2.932e-10    -8.012    -9.533    -1.521     -4.30
   H2O             5.551e+01   8.313e-01     1.744    -0.080     0.000     18.12
C(4)          1.484e-02
   HCO3-           9.299e-03   3.439e-03    -2.032    -2.464    -0.432     38.09
   CO2             5.518e-03   1.351e-02    -2.258    -1.869     0.389     57.37
   MgCO3           1.617e-05   1.617e-05    -4.791    -4.791     0.000    -16.95
   CO3-2           7.492e-06   8.922e-08    -5.125    -7.050    -1.924      0.73
   CaCO3           2.381e-12   2.381e-12   -11.623   -11.623     0.000     (0)  
Ca            7.402e-02
   Ca+2            7.402e-02   4.845e-02    -1.131    -1.315    -0.184    -23.73
   CaCO3           2.381e-12   2.381e-12   -11.623   -11.623     0.000     (0)  
Cl            4.612e+00
   Cl-             4.612e+00   3.940e+00     0.664     0.596    -0.068     15.88
K             8.701e-02
   K+              8.701e-02   3.283e-02    -1.060    -1.484    -0.423     11.40
Mg            4.682e-01
   Mg+2            4.682e-01   3.781e-01    -0.330    -0.422    -0.093    -18.89
   MgCO3           1.617e-05   1.617e-05    -4.791    -4.791     0.000    -16.95
   MgOH+           2.415e-08   1.370e-08    -7.617    -7.863    -0.246     (0)  
Na            3.377e+00
   Na+             3.377e+00   2.066e+00     0.529     0.315    -0.213     -1.91
S(6)          2.705e-02
   SO4-2           2.705e-02   4.391e-04    -1.568    -3.357    -1.790      8.79

------------------------------Saturation indices-------------------------------

  Phase               SI** log IAP   log K(254 K,   1 atm)

  Anhydrite        -0.65     -4.67   -4.02  CaSO4
  Antarcticite     -3.57     -0.61    2.97  CaCl2:6H2O
  Aphthitalite    -11.60    -21.70  -10.11  Na2SO4:3K2SO4
  Aragonite        -0.18     -8.36   -8.18  CaCO3
  Arcanite         -3.75     -6.32   -2.57  K2SO4
  Bischofite       -4.42      0.29    4.71  MgCl2:6H2O
  Bloedite         -4.30     -6.83   -2.53  Na2Mg(SO4)2:4H2O
  Calcite           0.00     -8.36   -8.36  CaCO3
  Carnallite       -4.00     -0.60    3.40  KMgCl3:6H2O
  CO2(g)           -1.15     -1.87   -0.72  CO2
  Dolomite          0.05    -15.84  -15.89  CaMg(CO3)2
  Epsomite         -1.84     -4.34   -2.50  MgSO4:7H2O
  Gypsum           -0.00     -4.83   -4.83  CaSO4:2H2O
  Halite           -0.47      0.91    1.38  NaCl
  Hexahydrite      -2.50     -4.26   -1.76  MgSO4:6H2O
  Hydrohalite      -0.19      0.75    0.94  NaCl:2H2O
  Hydromagnesite   -8.62    -42.14  -33.53  (MgCO3)3:Mg(OH)2:3H2O
  Ice(s)            0.00     -0.08   -0.08  H2O
  Ikaite           -1.09     -8.85   -7.75  CaCO3:6H2O
  Kalicinite       -3.53     -3.95   -0.42  KHCO3
  Kieserite        -5.47     -3.86    1.61  MgSO4:H2O
  Landsfordite     -3.25     -7.87   -4.62  MgCO3:5H2O
  Magnesite        -0.22     -7.47   -7.25  MgCO3
  Meridianite      -1.57     -4.66   -3.10  MgSO4:11H2O
  MgCl2:12H2O      -2.09     -0.19    1.90  MgCl2:12H2O
  MgCl2:8H2O       -3.34      0.13    3.47  MgCl2:8H2O
  Mirabilite        0.00     -3.53   -3.53  Na2SO4:10H2O
  Na2CO3:7H2O      -5.45     -6.98   -1.53  Na2CO3:7H2O
  Nahcolite        -1.23     -2.15   -0.91  NaHCO3
  Natron           -4.76     -7.22   -2.46  Na2CO3:10H2O
  Nesquehonite     -3.16     -7.71   -4.56  MgCO3:3H2O
  Picromerite      -4.79    -10.59   -5.79  MgSO4:K2SO4:6H2O
  Sylvite          -1.14     -0.89    0.25  KCl
  Tachyhydrite    -19.14      0.45   19.59  CaCl2:(MgCl2)2:12H2O
  Thenardite       -2.40     -2.73   -0.32  Na2SO4
  Trona            -7.22     -8.73   -1.51  Na3H(CO3)2:2H2O
  Vaterite         -0.70     -8.36   -7.66  CaCO3

**For a gas, SI = log10(fugacity). Fugacity = pressure * phi / 1 atm.
  For ideal gases, phi = 1.

------------------
End of simulation.
------------------

------------------------------------
Reading input data for simulation 2.
------------------------------------

-------------------------------
End of Run after 1.587 Seconds.
-------------------------------

