   Input file: C:\Users\Kagiso\PHREEQC-Python\C3_Ca_minus10pct_FREZ_eq_+008p0.pqi
  Output file: C:\Users\Kagiso\PHREEQC-Python\C3_Ca_minus10pct_FREZ_eq_+008p0.out
Database file: C:\Program Files\USGS\phreeqc-3.8.6-17100-x64\database\frezchem.dat

------------------
Reading data base.
------------------

	PITZER
	SOLUTION_MASTER_SPECIES
	SOLUTION_SPECIES
	PHASES
	PITZER
	EXCHANGE_MASTER_SPECIES
	EXCHANGE_SPECIES
	SURFACE_MASTER_SPECIES
	SURFACE_SPECIES
	END
------------------------------------
Reading input data for simulation 1.
------------------------------------

	TITLE C3_Ca_minus10pct FREZCHEM sequential FC at 8.00 C
	SOLUTION 1
	    temp 8.00000000
	    pH 7.0102000000
	    units mol/kgw
	    water 1.000000000000
	    Na 9.38960000000000e-01
	    K 2.16170000000000e-02
	    Mg 1.16320000000000e-01
	    Ca 2.16650000000000e-02
	    Cl 1.14580000000000e+00
	    S(6) 5.96520000000000e-02
	    C(4) 3.96720000000000e-03
	EQUILIBRIUM_PHASES 1
	    Ice(s)       0.0 0.0
	    Mirabilite   0.0 0.0
	    Halite       0.0 0.0
	    Hydrohalite  0.0 0.0
	    Calcite      0.0 0.0
	    Gypsum       0.0 0.0
	SELECTED_OUTPUT 1
	    file C:/Users/Kagiso/PHREEQC-Python/C3_Ca_minus10pct_FREZ_eq_+008p0.txt
	    reset false
	    user_punch true
	USER_PUNCH 1
	    headings Temp_C pH Water_kg Alk_eq_kgw Mu aw Na_mol K_mol Mg_mol Ca_mol Cl_mol S6_mol C4_mol Na_m K_m Mg_m Ca_m Cl_m S6_m C4_m Na_act Cl_act SO4_act SI_Ice SI_Mirabilite SI_Halite SI_Hydrohalite SI_Calcite SI_Gypsum Ice_mol Mirabilite_mol Halite_mol Hydrohalite_mol Calcite_mol Gypsum_mol Iterations
	    10 PUNCH TC, -LA("H+"), TOT("water"), ALK, MU, ACT("H2O")
	    20 PUNCH TOTMOLE("Na"), TOTMOLE("K"), TOTMOLE("Mg"), TOTMOLE("Ca")
	    30 PUNCH TOTMOLE("Cl"), TOTMOLE("S(6)"), TOTMOLE("C(4)")
	    40 PUNCH TOT("Na"), TOT("K"), TOT("Mg"), TOT("Ca")
	    50 PUNCH TOT("Cl"), TOT("S(6)"), TOT("C(4)")
	    60 PUNCH ACT("Na+"), ACT("Cl-"), ACT("SO4-2")
	    70 PUNCH SI("Ice(s)"), SI("Mirabilite"), SI("Halite"), SI("Hydrohalite"), SI("Calcite"), SI("Gypsum")
	    80 PUNCH EQUI("Ice(s)"), EQUI("Mirabilite"), EQUI("Halite"), EQUI("Hydrohalite"), EQUI("Calcite"), EQUI("Gypsum")
	    90 PUNCH ITERATIONS
	END
-----
TITLE
-----

 C3_Ca_minus10pct FREZCHEM sequential FC at 8.00 C

-------------------------------------------
Beginning of initial solution calculations.
-------------------------------------------

Initial solution 1.	

-----------------------------Solution composition------------------------------

	Elements           Molality       Moles

	C(4)              3.967e-03   3.967e-03
	Ca                2.167e-02   2.167e-02
	Cl                1.146e+00   1.146e+00
	K                 2.162e-02   2.162e-02
	Mg                1.163e-01   1.163e-01
	Na                9.390e-01   9.390e-01
	S(6)              5.965e-02   5.965e-02

----------------------------Description of solution----------------------------

                                       pH  =   7.010    
                                       pe  =   4.000    
      Specific Conductance (µS/cm,   8°C)  = 56816
                          Density (g/cm³)  =   1.05286
                               Volume (L)  =   1.01886
                        Activity of water  =   0.962
                 Ionic strength (mol/kgw)  =   1.450e+00
                       Mass of water (kg)  =   1.000e+00
                 Total alkalinity (eq/kg)  =   3.571e-03
                       Total CO2 (mol/kg)  =   3.967e-03
                         Temperature (°C)  =   8.00
                  Electrical balance (eq)  =  -3.213e-02
 Percent error, 100*(Cat-|An|)/(Cat+|An|)  =  -1.28
                               Iterations  =  13
                         Gamma iterations  =   4
                      Osmotic coefficient  =   0.92237
                         Density of water  =   0.99985
                                  Total H  = 1.110221e+02
                                  Total O  = 5.575939e+01

----------------------------Distribution of species----------------------------

                                                    Unscaled  Unscaled
                                Unscaled       Log       Log       Log    mole V
   Species          Molality    Activity  Molality  Activity     Gamma   cm³/mol

   H+              1.185e-07   9.768e-08    -6.926    -7.010    -0.084      0.00
   OH-             7.418e-08   2.439e-08    -7.130    -7.613    -0.483     -2.67
   H2O             5.551e+01   9.624e-01     1.744    -0.017     0.000     18.02
C(4)          3.967e-03
   HCO3-           3.534e-03   1.758e-03    -2.452    -2.755    -0.303     27.00
   CO2             4.149e-04   5.431e-04    -3.382    -3.265     0.117     34.44
   CO3-2           9.460e-06   5.515e-07    -5.024    -6.258    -1.234     -1.03
   MgCO3           9.158e-06   9.158e-06    -5.038    -5.038     0.000    -17.07
   CaCO3           1.926e-12   1.926e-12   -11.715   -11.715     0.000     (0)  
Ca            2.167e-02
   Ca+2            2.167e-02   3.985e-03    -1.664    -2.400    -0.735    -17.00
   CaCO3           1.926e-12   1.926e-12   -11.715   -11.715     0.000     (0)  
Cl            1.146e+00
   Cl-             1.146e+00   7.844e-01     0.059    -0.105    -0.165     18.24
K             2.162e-02
   K+              2.162e-02   1.163e-02    -1.665    -1.935    -0.269      9.48
Mg            1.163e-01
   Mg+2            1.163e-01   2.483e-02    -0.934    -1.605    -0.671    -19.50
   MgCO3           9.158e-06   9.158e-06    -5.038    -5.038     0.000    -17.07
   MgOH+           9.196e-08   7.868e-08    -7.036    -7.104    -0.068     (0)  
Na            9.390e-01
   Na+             9.390e-01   5.632e-01    -0.027    -0.249    -0.222     -0.98
S(6)          5.965e-02
   SO4-2           5.965e-02   3.869e-03    -1.224    -2.412    -1.188     17.58

------------------------------Saturation indices-------------------------------

  Phase               SI** log IAP   log K(281 K,   1 atm)

  Anhydrite        -0.70     -4.81   -4.11  CaSO4
  Antarcticite     -6.13     -2.71    3.42  CaCl2:6H2O
  Aphthitalite    -13.44    -21.76   -8.32  Na2SO4:3K2SO4
  Aragonite        -0.41     -8.66   -8.25  CaCO3
  Arcanite         -4.23     -6.28   -2.05  K2SO4
  Bischofite       -6.64     -1.92    4.73  MgCl2:6H2O
  Bloedite         -4.56     -7.00   -2.43  Na2Mg(SO4)2:4H2O
  Calcite          -0.25     -8.66   -8.40  CaCO3
  Carnallite       -8.00     -3.96    4.05  KMgCl3:6H2O
  CO2(g)           -2.03     -3.27   -1.24  CO2
  Dolomite          0.14    -16.52  -16.66  CaMg(CO3)2
  Epsomite         -2.04     -4.13   -2.10  MgSO4:7H2O
  Gypsum           -0.22     -4.85   -4.62  CaSO4:2H2O
  Halite           -1.88     -0.35    1.53  NaCl
  Hexahydrite      -2.44     -4.12   -1.68  MgSO4:6H2O
  Hydrohalite      -1.75     -0.39    1.36  NaCl:2H2O
  Hydromagnesite   -4.83    -40.47  -35.64  (MgCO3)3:Mg(OH)2:3H2O
  Ice(s)           -0.05     -0.02    0.03  H2O
  Ikaite           -1.76     -8.76   -6.99  CaCO3:6H2O
  Kalicinite       -4.64     -4.69   -0.05  KHCO3
  Kieserite        -4.26     -4.03    0.23  MgSO4:H2O
  Landsfordite     -2.75     -7.95   -5.20  MgCO3:5H2O
  Magnesite        -0.11     -7.86   -7.76  MgCO3
  Meridianite      -2.20     -4.20   -2.00  MgSO4:11H2O
  MgCl2:12H2O      -5.39     -2.02    3.37  MgCl2:12H2O
  MgCl2:8H2O       -5.92     -1.95    3.97  MgCl2:8H2O
  Mirabilite       -0.99     -3.08   -2.09  Na2SO4:10H2O
  Na2CO3:7H2O      -6.01     -6.87   -0.86  Na2CO3:7H2O
  Nahcolite        -2.39     -3.00   -0.61  NaHCO3
  Natron           -5.43     -6.92   -1.50  Na2CO3:10H2O
  Nesquehonite     -2.74     -7.91   -5.18  MgCO3:3H2O
  Picromerite      -5.62    -10.40   -4.78  MgSO4:K2SO4:6H2O
  Sylvite          -2.73     -2.04    0.69  KCl
  Tachyhydrite    -24.40     -6.44   17.96  CaCl2:(MgCl2)2:12H2O
  Thenardite       -2.61     -2.91   -0.30  Na2SO4
  Trona            -8.59     -9.79   -1.21  Na3H(CO3)2:2H2O
  Vaterite         -0.87     -8.66   -7.79  CaCO3

**For a gas, SI = log10(fugacity). Fugacity = pressure * phi / 1 atm.
  For ideal gases, phi = 1.

-----------------------------------------
Beginning of batch-reaction calculations.
-----------------------------------------

Reaction step 1.

Using solution 1.	
Using pure phase assemblage 1.	

-------------------------------Phase assemblage--------------------------------

                                                      Moles in assemblage
Phase               SI  log IAP  log K(T, P)   Initial       Final       Delta

Calcite          -0.25    -8.66     -8.40    0.000e+00           0   0.000e+00
Gypsum           -0.22    -4.85     -4.62    0.000e+00           0   0.000e+00
Halite           -1.88    -0.35      1.53    0.000e+00           0   0.000e+00
Hydrohalite      -1.75    -0.39      1.36    0.000e+00           0   0.000e+00
Ice(s)           -0.05    -0.02      0.03    0.000e+00           0   0.000e+00
Mirabilite       -0.99    -3.08     -2.09    0.000e+00           0   0.000e+00

-----------------------------Solution composition------------------------------

	Elements           Molality       Moles

	C                 3.967e-03   3.967e-03
	Ca                2.167e-02   2.167e-02
	Cl                1.146e+00   1.146e+00
	K                 2.162e-02   2.162e-02
	Mg                1.163e-01   1.163e-01
	Na                9.390e-01   9.390e-01
	S                 5.965e-02   5.965e-02

----------------------------Description of solution----------------------------

                                       pH  =   7.010      Charge balance
                                       pe  =   4.000      Adjusted to redox equilibrium
      Specific Conductance (µS/cm,   8°C)  = 56816
                          Density (g/cm³)  =   1.05286
                               Volume (L)  =   1.01886
                        Activity of water  =   0.962
                 Ionic strength (mol/kgw)  =   1.450e+00
                       Mass of water (kg)  =   1.000e+00
                 Total alkalinity (eq/kg)  =   3.571e-03
                       Total CO2 (mol/kg)  =   3.967e-03
                         Temperature (°C)  =   8.00
                  Electrical balance (eq)  =  -3.213e-02
 Percent error, 100*(Cat-|An|)/(Cat+|An|)  =  -1.28
                               Iterations  =   1
                         Gamma iterations  =   1
                      Osmotic coefficient  =   0.92237
                         Density of water  =   0.99985
                                  Total H  = 1.110221e+02
                                  Total O  = 5.575939e+01

----------------------------Distribution of species----------------------------

                                                    Unscaled  Unscaled
                                Unscaled       Log       Log       Log    mole V
   Species          Molality    Activity  Molality  Activity     Gamma   cm³/mol

   H+              1.185e-07   9.768e-08    -6.926    -7.010    -0.084      0.00
   OH-             7.418e-08   2.439e-08    -7.130    -7.613    -0.483     -2.67
   H2O             5.551e+01   9.624e-01     1.744    -0.017     0.000     18.02
C(4)          3.967e-03
   HCO3-           3.534e-03   1.758e-03    -2.452    -2.755    -0.303     27.00
   CO2             4.149e-04   5.431e-04    -3.382    -3.265     0.117     34.44
   CO3-2           9.460e-06   5.515e-07    -5.024    -6.258    -1.234     -1.03
   MgCO3           9.158e-06   9.158e-06    -5.038    -5.038     0.000    -17.07
   CaCO3           1.926e-12   1.926e-12   -11.715   -11.715     0.000     (0)  
Ca            2.167e-02
   Ca+2            2.167e-02   3.985e-03    -1.664    -2.400    -0.735    -17.00
   CaCO3           1.926e-12   1.926e-12   -11.715   -11.715     0.000     (0)  
Cl            1.146e+00
   Cl-             1.146e+00   7.844e-01     0.059    -0.105    -0.165     18.24
K             2.162e-02
   K+              2.162e-02   1.163e-02    -1.665    -1.935    -0.269      9.48
Mg            1.163e-01
   Mg+2            1.163e-01   2.483e-02    -0.934    -1.605    -0.671    -19.50
   MgCO3           9.158e-06   9.158e-06    -5.038    -5.038     0.000    -17.07
   MgOH+           9.196e-08   7.868e-08    -7.036    -7.104    -0.068     (0)  
Na            9.390e-01
   Na+             9.390e-01   5.632e-01    -0.027    -0.249    -0.222     -0.98
S(6)          5.965e-02
   SO4-2           5.965e-02   3.869e-03    -1.224    -2.412    -1.188     17.58

------------------------------Saturation indices-------------------------------

  Phase               SI** log IAP   log K(281 K,   1 atm)

  Anhydrite        -0.70     -4.81   -4.11  CaSO4
  Antarcticite     -6.13     -2.71    3.42  CaCl2:6H2O
  Aphthitalite    -13.44    -21.76   -8.32  Na2SO4:3K2SO4
  Aragonite        -0.41     -8.66   -8.25  CaCO3
  Arcanite         -4.23     -6.28   -2.05  K2SO4
  Bischofite       -6.64     -1.92    4.73  MgCl2:6H2O
  Bloedite         -4.56     -7.00   -2.43  Na2Mg(SO4)2:4H2O
  Calcite          -0.25     -8.66   -8.40  CaCO3
  Carnallite       -8.00     -3.96    4.05  KMgCl3:6H2O
  CO2(g)           -2.03     -3.27   -1.24  CO2
  Dolomite          0.14    -16.52  -16.66  CaMg(CO3)2
  Epsomite         -2.04     -4.13   -2.10  MgSO4:7H2O
  Gypsum           -0.22     -4.85   -4.62  CaSO4:2H2O
  Halite           -1.88     -0.35    1.53  NaCl
  Hexahydrite      -2.44     -4.12   -1.68  MgSO4:6H2O
  Hydrohalite      -1.75     -0.39    1.36  NaCl:2H2O
  Hydromagnesite   -4.83    -40.47  -35.64  (MgCO3)3:Mg(OH)2:3H2O
  Ice(s)           -0.05     -0.02    0.03  H2O
  Ikaite           -1.76     -8.76   -6.99  CaCO3:6H2O
  Kalicinite       -4.64     -4.69   -0.05  KHCO3
  Kieserite        -4.26     -4.03    0.23  MgSO4:H2O
  Landsfordite     -2.75     -7.95   -5.20  MgCO3:5H2O
  Magnesite        -0.11     -7.86   -7.76  MgCO3
  Meridianite      -2.20     -4.20   -2.00  MgSO4:11H2O
  MgCl2:12H2O      -5.39     -2.02    3.37  MgCl2:12H2O
  MgCl2:8H2O       -5.92     -1.95    3.97  MgCl2:8H2O
  Mirabilite       -0.99     -3.08   -2.09  Na2SO4:10H2O
  Na2CO3:7H2O      -6.01     -6.87   -0.86  Na2CO3:7H2O
  Nahcolite        -2.39     -3.00   -0.61  NaHCO3
  Natron           -5.43     -6.92   -1.50  Na2CO3:10H2O
  Nesquehonite     -2.74     -7.91   -5.18  MgCO3:3H2O
  Picromerite      -5.62    -10.40   -4.78  MgSO4:K2SO4:6H2O
  Sylvite          -2.73     -2.04    0.69  KCl
  Tachyhydrite    -24.40     -6.44   17.96  CaCl2:(MgCl2)2:12H2O
  Thenardite       -2.61     -2.91   -0.30  Na2SO4
  Trona            -8.59     -9.79   -1.21  Na3H(CO3)2:2H2O
  Vaterite         -0.87     -8.66   -7.79  CaCO3

**For a gas, SI = log10(fugacity). Fugacity = pressure * phi / 1 atm.
  For ideal gases, phi = 1.

------------------
End of simulation.
------------------

------------------------------------
Reading input data for simulation 2.
------------------------------------

-------------------------------
End of Run after 1.356 Seconds.
-------------------------------

