   Input file: C:\Users\Kagiso\PHREEQC-Python\C3_Cl_minus10pct_FREZ_eq_+020p0.pqi
  Output file: C:\Users\Kagiso\PHREEQC-Python\C3_Cl_minus10pct_FREZ_eq_+020p0.out
Database file: C:\Program Files\USGS\phreeqc-3.8.6-17100-x64\database\frezchem.dat

------------------
Reading data base.
------------------

	PITZER
	SOLUTION_MASTER_SPECIES
	SOLUTION_SPECIES
	PHASES
	PITZER
	EXCHANGE_MASTER_SPECIES
	EXCHANGE_SPECIES
	SURFACE_MASTER_SPECIES
	SURFACE_SPECIES
	END
------------------------------------
Reading input data for simulation 1.
------------------------------------

	TITLE C3_Cl_minus10pct FREZCHEM sequential FC at 20.00 C
	SOLUTION 1
	    temp 20.00000000
	    pH 7.0050000000
	    units mol/kgw
	    water 1.000000000000
	    Na 9.35250000000000e-01
	    K 2.15320000000000e-02
	    Mg 1.15860000000000e-01
	    Ca 2.40190000000000e-02
	    Cl 1.02710000000000e+00
	    S(6) 5.94160000000000e-02
	    C(4) 3.96930000000000e-03
	EQUILIBRIUM_PHASES 1
	    Ice(s)       0.0 0.0
	    Mirabilite   0.0 0.0
	    Halite       0.0 0.0
	    Hydrohalite  0.0 0.0
	    Calcite      0.0 0.0
	    Gypsum       0.0 0.0
	SELECTED_OUTPUT 1
	    file C:/Users/Kagiso/PHREEQC-Python/C3_Cl_minus10pct_FREZ_eq_+020p0.txt
	    reset false
	    user_punch true
	USER_PUNCH 1
	    headings Temp_C pH Water_kg Alk_eq_kgw Mu aw Na_mol K_mol Mg_mol Ca_mol Cl_mol S6_mol C4_mol Na_m K_m Mg_m Ca_m Cl_m S6_m C4_m Na_act Cl_act SO4_act SI_Ice SI_Mirabilite SI_Halite SI_Hydrohalite SI_Calcite SI_Gypsum Ice_mol Mirabilite_mol Halite_mol Hydrohalite_mol Calcite_mol Gypsum_mol Iterations
	    10 PUNCH TC, -LA("H+"), TOT("water"), ALK, MU, ACT("H2O")
	    20 PUNCH TOTMOLE("Na"), TOTMOLE("K"), TOTMOLE("Mg"), TOTMOLE("Ca")
	    30 PUNCH TOTMOLE("Cl"), TOTMOLE("S(6)"), TOTMOLE("C(4)")
	    40 PUNCH TOT("Na"), TOT("K"), TOT("Mg"), TOT("Ca")
	    50 PUNCH TOT("Cl"), TOT("S(6)"), TOT("C(4)")
	    60 PUNCH ACT("Na+"), ACT("Cl-"), ACT("SO4-2")
	    70 PUNCH SI("Ice(s)"), SI("Mirabilite"), SI("Halite"), SI("Hydrohalite"), SI("Calcite"), SI("Gypsum")
	    80 PUNCH EQUI("Ice(s)"), EQUI("Mirabilite"), EQUI("Halite"), EQUI("Hydrohalite"), EQUI("Calcite"), EQUI("Gypsum")
	    90 PUNCH ITERATIONS
	END
-----
TITLE
-----

 C3_Cl_minus10pct FREZCHEM sequential FC at 20.00 C

-------------------------------------------
Beginning of initial solution calculations.
-------------------------------------------

Initial solution 1.	

-----------------------------Solution composition------------------------------

	Elements           Molality       Moles

	C(4)              3.969e-03   3.969e-03
	Ca                2.402e-02   2.402e-02
	Cl                1.027e+00   1.027e+00
	K                 2.153e-02   2.153e-02
	Mg                1.159e-01   1.159e-01
	Na                9.352e-01   9.352e-01
	S(6)              5.942e-02   5.942e-02

----------------------------Description of solution----------------------------

                                       pH  =   7.005    
                                       pe  =   4.000    
      Specific Conductance (µS/cm,  20°C)  = 73906
                          Density (g/cm³)  =   1.04782
                               Volume (L)  =   1.01972
                        Activity of water  =   0.964
                 Ionic strength (mol/kgw)  =   1.392e+00
                       Mass of water (kg)  =   1.000e+00
                 Total alkalinity (eq/kg)  =   3.648e-03
                       Total CO2 (mol/kg)  =   3.969e-03
                         Temperature (°C)  =  20.00
                  Electrical balance (eq)  =   8.696e-02
 Percent error, 100*(Cat-|An|)/(Cat+|An|)  =   3.64
                               Iterations  =  12
                         Gamma iterations  =   4
                      Osmotic coefficient  =   0.92602
                         Density of water  =   0.99820
                                  Total H  = 1.110222e+02
                                  Total O  = 5.575852e+01

----------------------------Distribution of species----------------------------

                                                    Unscaled  Unscaled
                                Unscaled       Log       Log       Log    mole V
   Species          Molality    Activity  Molality  Activity     Gamma   cm³/mol

   OH-             1.837e-07   6.706e-08    -6.736    -7.174    -0.438     -1.78
   H+              1.284e-07   9.886e-08    -6.892    -7.005    -0.113      0.00
   H2O             5.551e+01   9.642e-01     1.744    -0.016     0.000     18.05
C(4)          3.969e-03
   HCO3-           3.594e-03   1.823e-03    -2.444    -2.739    -0.295     27.85
   CO2             3.484e-04   4.504e-04    -3.458    -3.346     0.112     30.37
   MgCO3           1.426e-05   1.426e-05    -4.846    -4.846     0.000    -17.08
   CO3-2           1.250e-05   7.768e-07    -4.903    -6.110    -1.207      0.83
   CaCO3           2.315e-12   2.315e-12   -11.635   -11.635     0.000     (0)  
Ca            2.402e-02
   Ca+2            2.402e-02   3.856e-03    -1.619    -2.414    -0.794    -16.41
   CaCO3           2.315e-12   2.315e-12   -11.635   -11.635     0.000     (0)  
Cl            1.027e+00
   Cl-             1.027e+00   7.298e-01     0.012    -0.137    -0.148     18.91
K             2.153e-02
   K+              2.153e-02   1.158e-02    -1.667    -1.936    -0.269      9.89
Mg            1.159e-01
   Mg+2            1.158e-01   2.326e-02    -0.936    -1.633    -0.697    -19.82
   MgCO3           1.426e-05   1.426e-05    -4.846    -4.846     0.000    -17.08
   MgOH+           2.805e-07   2.259e-07    -6.552    -6.646    -0.094     (0)  
Na            9.352e-01
   Na+             9.352e-01   5.609e-01    -0.029    -0.251    -0.222     -0.33
S(6)          5.942e-02
   SO4-2           5.942e-02   4.453e-03    -1.226    -2.351    -1.125     19.59

------------------------------Saturation indices-------------------------------

  Phase               SI** log IAP   log K(293 K,   1 atm)

  Anhydrite        -0.55     -4.77   -4.21  CaSO4
  Antarcticite     -6.46     -2.78    3.68  CaCl2:6H2O
  Aphthitalite    -14.00    -21.52   -7.52  Na2SO4:3K2SO4
  Aragonite        -0.22     -8.52   -8.31  CaCO3
  Arcanite         -4.37     -6.22   -1.85  K2SO4
  Bischofite       -6.67     -2.00    4.66  MgCl2:6H2O
  Bloedite         -4.51     -6.90   -2.39  Na2Mg(SO4)2:4H2O
  Calcite          -0.07     -8.52   -8.45  CaCO3
  Carnallite       -8.30     -4.07    4.23  KMgCl3:6H2O
  CO2(g)           -1.94     -3.35   -1.41  CO2
  Dolomite          0.70    -16.27  -16.96  CaMg(CO3)2
  Epsomite         -2.15     -4.10   -1.94  MgSO4:7H2O
  Gypsum           -0.20     -4.80   -4.60  CaSO4:2H2O
  Halite           -1.95     -0.39    1.56  NaCl
  Hexahydrite      -2.44     -4.08   -1.64  MgSO4:6H2O
  Hydrohalite      -1.90     -0.42    1.48  NaCl:2H2O
  Hydromagnesite   -2.81    -39.26  -36.45  (MgCO3)3:Mg(OH)2:3H2O
  Ice(s)           -0.10     -0.02    0.08  H2O
  Ikaite           -1.92     -8.62   -6.70  CaCO3:6H2O
  Kalicinite       -4.79     -4.68    0.12  KHCO3
  Kieserite        -3.89     -4.00   -0.11  MgSO4:H2O
  Landsfordite     -2.71     -7.82   -5.11  MgCO3:5H2O
  Magnesite         0.21     -7.74   -7.95  MgCO3
  Meridianite      -2.65     -4.16   -1.51  MgSO4:11H2O
  MgCl2:12H2O      -6.36     -2.10    4.27  MgCl2:12H2O
  MgCl2:8H2O       -6.15     -2.03    4.11  MgCl2:8H2O
  Mirabilite       -1.54     -3.01   -1.47  Na2SO4:10H2O
  Na2CO3:7H2O      -6.16     -6.72   -0.56  Na2CO3:7H2O
  Nahcolite        -2.53     -2.99   -0.46  NaHCO3
  Natron           -5.76     -6.77   -1.01  Na2CO3:10H2O
  Nesquehonite     -2.50     -7.79   -5.29  MgCO3:3H2O
  Picromerite      -5.83    -10.30   -4.48  MgSO4:K2SO4:6H2O
  Sylvite          -2.92     -2.07    0.84  KCl
  Tachyhydrite    -23.93     -6.69   17.24  CaCl2:(MgCl2)2:12H2O
  Thenardite       -2.56     -2.85   -0.29  Na2SO4
  Trona            -8.56     -9.63   -1.07  Na3H(CO3)2:2H2O
  Vaterite         -0.65     -8.52   -7.87  CaCO3

**For a gas, SI = log10(fugacity). Fugacity = pressure * phi / 1 atm.
  For ideal gases, phi = 1.

-----------------------------------------
Beginning of batch-reaction calculations.
-----------------------------------------

Reaction step 1.

Using solution 1.	
Using pure phase assemblage 1.	

-------------------------------Phase assemblage--------------------------------

                                                      Moles in assemblage
Phase               SI  log IAP  log K(T, P)   Initial       Final       Delta

Calcite          -0.07    -8.52     -8.45    0.000e+00           0   0.000e+00
Gypsum           -0.20    -4.80     -4.60    0.000e+00           0   0.000e+00
Halite           -1.95    -0.39      1.56    0.000e+00           0   0.000e+00
Hydrohalite      -1.90    -0.42      1.48    0.000e+00           0   0.000e+00
Ice(s)           -0.10    -0.02      0.08    0.000e+00           0   0.000e+00
Mirabilite       -1.54    -3.01     -1.47    0.000e+00           0   0.000e+00

-----------------------------Solution composition------------------------------

	Elements           Molality       Moles

	C                 3.969e-03   3.969e-03
	Ca                2.402e-02   2.402e-02
	Cl                1.027e+00   1.027e+00
	K                 2.153e-02   2.153e-02
	Mg                1.159e-01   1.159e-01
	Na                9.352e-01   9.352e-01
	S                 5.942e-02   5.942e-02

----------------------------Description of solution----------------------------

                                       pH  =   7.005      Charge balance
                                       pe  =   4.000      Adjusted to redox equilibrium
      Specific Conductance (µS/cm,  20°C)  = 73906
                          Density (g/cm³)  =   1.04782
                               Volume (L)  =   1.01972
                        Activity of water  =   0.964
                 Ionic strength (mol/kgw)  =   1.392e+00
                       Mass of water (kg)  =   1.000e+00
                 Total alkalinity (eq/kg)  =   3.648e-03
                       Total CO2 (mol/kg)  =   3.969e-03
                         Temperature (°C)  =  20.00
                  Electrical balance (eq)  =   8.696e-02
 Percent error, 100*(Cat-|An|)/(Cat+|An|)  =   3.64
                               Iterations  =   1
                         Gamma iterations  =   1
                      Osmotic coefficient  =   0.92602
                         Density of water  =   0.99820
                                  Total H  = 1.110222e+02
                                  Total O  = 5.575852e+01

----------------------------Distribution of species----------------------------

                                                    Unscaled  Unscaled
                                Unscaled       Log       Log       Log    mole V
   Species          Molality    Activity  Molality  Activity     Gamma   cm³/mol

   OH-             1.837e-07   6.706e-08    -6.736    -7.174    -0.438     -1.78
   H+              1.284e-07   9.886e-08    -6.892    -7.005    -0.113      0.00
   H2O             5.551e+01   9.642e-01     1.744    -0.016     0.000     18.05
C(4)          3.969e-03
   HCO3-           3.594e-03   1.823e-03    -2.444    -2.739    -0.295     27.85
   CO2             3.484e-04   4.504e-04    -3.458    -3.346     0.112     30.37
   MgCO3           1.426e-05   1.426e-05    -4.846    -4.846     0.000    -17.08
   CO3-2           1.250e-05   7.768e-07    -4.903    -6.110    -1.207      0.83
   CaCO3           2.315e-12   2.315e-12   -11.635   -11.635     0.000     (0)  
Ca            2.402e-02
   Ca+2            2.402e-02   3.856e-03    -1.619    -2.414    -0.794    -16.41
   CaCO3           2.315e-12   2.315e-12   -11.635   -11.635     0.000     (0)  
Cl            1.027e+00
   Cl-             1.027e+00   7.298e-01     0.012    -0.137    -0.148     18.91
K             2.153e-02
   K+              2.153e-02   1.158e-02    -1.667    -1.936    -0.269      9.89
Mg            1.159e-01
   Mg+2            1.158e-01   2.326e-02    -0.936    -1.633    -0.697    -19.82
   MgCO3           1.426e-05   1.426e-05    -4.846    -4.846     0.000    -17.08
   MgOH+           2.805e-07   2.259e-07    -6.552    -6.646    -0.094     (0)  
Na            9.352e-01
   Na+             9.352e-01   5.609e-01    -0.029    -0.251    -0.222     -0.33
S(6)          5.942e-02
   SO4-2           5.942e-02   4.453e-03    -1.226    -2.351    -1.125     19.59

------------------------------Saturation indices-------------------------------

  Phase               SI** log IAP   log K(293 K,   1 atm)

  Anhydrite        -0.55     -4.77   -4.21  CaSO4
  Antarcticite     -6.46     -2.78    3.68  CaCl2:6H2O
  Aphthitalite    -14.00    -21.52   -7.52  Na2SO4:3K2SO4
  Aragonite        -0.22     -8.52   -8.31  CaCO3
  Arcanite         -4.37     -6.22   -1.85  K2SO4
  Bischofite       -6.67     -2.00    4.66  MgCl2:6H2O
  Bloedite         -4.51     -6.90   -2.39  Na2Mg(SO4)2:4H2O
  Calcite          -0.07     -8.52   -8.45  CaCO3
  Carnallite       -8.30     -4.07    4.23  KMgCl3:6H2O
  CO2(g)           -1.94     -3.35   -1.41  CO2
  Dolomite          0.70    -16.27  -16.96  CaMg(CO3)2
  Epsomite         -2.15     -4.10   -1.94  MgSO4:7H2O
  Gypsum           -0.20     -4.80   -4.60  CaSO4:2H2O
  Halite           -1.95     -0.39    1.56  NaCl
  Hexahydrite      -2.44     -4.08   -1.64  MgSO4:6H2O
  Hydrohalite      -1.90     -0.42    1.48  NaCl:2H2O
  Hydromagnesite   -2.81    -39.26  -36.45  (MgCO3)3:Mg(OH)2:3H2O
  Ice(s)           -0.10     -0.02    0.08  H2O
  Ikaite           -1.92     -8.62   -6.70  CaCO3:6H2O
  Kalicinite       -4.79     -4.68    0.12  KHCO3
  Kieserite        -3.89     -4.00   -0.11  MgSO4:H2O
  Landsfordite     -2.71     -7.82   -5.11  MgCO3:5H2O
  Magnesite         0.21     -7.74   -7.95  MgCO3
  Meridianite      -2.65     -4.16   -1.51  MgSO4:11H2O
  MgCl2:12H2O      -6.36     -2.10    4.27  MgCl2:12H2O
  MgCl2:8H2O       -6.15     -2.03    4.11  MgCl2:8H2O
  Mirabilite       -1.54     -3.01   -1.47  Na2SO4:10H2O
  Na2CO3:7H2O      -6.16     -6.72   -0.56  Na2CO3:7H2O
  Nahcolite        -2.53     -2.99   -0.46  NaHCO3
  Natron           -5.76     -6.77   -1.01  Na2CO3:10H2O
  Nesquehonite     -2.50     -7.79   -5.29  MgCO3:3H2O
  Picromerite      -5.83    -10.30   -4.48  MgSO4:K2SO4:6H2O
  Sylvite          -2.92     -2.07    0.84  KCl
  Tachyhydrite    -23.93     -6.69   17.24  CaCl2:(MgCl2)2:12H2O
  Thenardite       -2.56     -2.85   -0.29  Na2SO4
  Trona            -8.56     -9.63   -1.07  Na3H(CO3)2:2H2O
  Vaterite         -0.65     -8.52   -7.87  CaCO3

**For a gas, SI = log10(fugacity). Fugacity = pressure * phi / 1 atm.
  For ideal gases, phi = 1.

------------------
End of simulation.
------------------

------------------------------------
Reading input data for simulation 2.
------------------------------------

------------------------------
End of Run after 1.17 Seconds.
------------------------------

