   Input file: C:\Users\Kagiso\PHREEQC-Python\C3_Ca_minus10pct_FREZ_pre_+012p0.pqi
  Output file: C:\Users\Kagiso\PHREEQC-Python\C3_Ca_minus10pct_FREZ_pre_+012p0.out
Database file: C:\Program Files\USGS\phreeqc-3.8.6-17100-x64\database\frezchem.dat

------------------
Reading data base.
------------------

	PITZER
	SOLUTION_MASTER_SPECIES
	SOLUTION_SPECIES
	PHASES
	PITZER
	EXCHANGE_MASTER_SPECIES
	EXCHANGE_SPECIES
	SURFACE_MASTER_SPECIES
	SURFACE_SPECIES
	END
------------------------------------
Reading input data for simulation 1.
------------------------------------

	TITLE C3_Ca_minus10pct FREZCHEM sequential FC at 12.00 C
	SOLUTION 1
	    temp 12.00000000
	    pH 7.0102000000
	    units mol/kgw
	    water 1.000000000000
	    Na 9.38960000000000e-01
	    K 2.16170000000000e-02
	    Mg 1.16320000000000e-01
	    Ca 2.16650000000000e-02
	    Cl 1.14580000000000e+00
	    S(6) 5.96520000000000e-02
	    C(4) 3.96720000000000e-03
	SELECTED_OUTPUT 1
	    file C:/Users/Kagiso/PHREEQC-Python/C3_Ca_minus10pct_FREZ_pre_+012p0.txt
	    reset false
	    user_punch true
	USER_PUNCH 1
	    headings Temp_C pH Water_kg Alk_eq_kgw Mu aw Na_mol K_mol Mg_mol Ca_mol Cl_mol S6_mol C4_mol Na_m K_m Mg_m Ca_m Cl_m S6_m C4_m Na_act Cl_act SO4_act SI_Ice SI_Mirabilite SI_Halite SI_Hydrohalite SI_Calcite SI_Gypsum Iterations
	    10 PUNCH TC, -LA("H+"), TOT("water"), ALK, MU, ACT("H2O")
	    20 PUNCH TOTMOLE("Na"), TOTMOLE("K"), TOTMOLE("Mg"), TOTMOLE("Ca")
	    30 PUNCH TOTMOLE("Cl"), TOTMOLE("S(6)"), TOTMOLE("C(4)")
	    40 PUNCH TOT("Na"), TOT("K"), TOT("Mg"), TOT("Ca")
	    50 PUNCH TOT("Cl"), TOT("S(6)"), TOT("C(4)")
	    60 PUNCH ACT("Na+"), ACT("Cl-"), ACT("SO4-2")
	    70 PUNCH SI("Ice(s)"), SI("Mirabilite"), SI("Halite"), SI("Hydrohalite"), SI("Calcite"), SI("Gypsum")
	    80 PUNCH ITERATIONS
	END
-----
TITLE
-----

 C3_Ca_minus10pct FREZCHEM sequential FC at 12.00 C

-------------------------------------------
Beginning of initial solution calculations.
-------------------------------------------

Initial solution 1.	

-----------------------------Solution composition------------------------------

	Elements           Molality       Moles

	C(4)              3.967e-03   3.967e-03
	Ca                2.167e-02   2.167e-02
	Cl                1.146e+00   1.146e+00
	K                 2.162e-02   2.162e-02
	Mg                1.163e-01   1.163e-01
	Na                9.390e-01   9.390e-01
	S(6)              5.965e-02   5.965e-02

----------------------------Description of solution----------------------------

                                       pH  =   7.010    
                                       pe  =   4.000    
      Specific Conductance (µS/cm,  12°C)  = 63562
                          Density (g/cm³)  =   1.05186
                               Volume (L)  =   1.01982
                        Activity of water  =   0.962
                 Ionic strength (mol/kgw)  =   1.450e+00
                       Mass of water (kg)  =   1.000e+00
                 Total alkalinity (eq/kg)  =   3.606e-03
                       Total CO2 (mol/kg)  =   3.967e-03
                         Temperature (°C)  =  12.00
                  Electrical balance (eq)  =  -3.216e-02
 Percent error, 100*(Cat-|An|)/(Cat+|An|)  =  -1.28
                               Iterations  =  13
                         Gamma iterations  =   4
                      Osmotic coefficient  =   0.92629
                         Density of water  =   0.99950
                                  Total H  = 1.110222e+02
                                  Total O  = 5.575942e+01

----------------------------Distribution of species----------------------------

                                                    Unscaled  Unscaled
                                Unscaled       Log       Log       Log    mole V
   Species          Molality    Activity  Molality  Activity     Gamma   cm³/mol

   H+              1.195e-07   9.768e-08    -6.922    -7.010    -0.088      0.00
   OH-             1.028e-07   3.482e-08    -6.988    -7.458    -0.470     -2.28
   H2O             5.551e+01   9.622e-01     1.744    -0.017     0.000     18.03
C(4)          3.967e-03
   HCO3-           3.562e-03   1.775e-03    -2.448    -2.751    -0.302     27.38
   CO2             3.834e-04   5.015e-04    -3.416    -3.300     0.117     32.89
   MgCO3           1.121e-05   1.121e-05    -4.950    -4.950     0.000    -17.07
   CO3-2           1.080e-05   6.254e-07    -4.967    -6.204    -1.237     -0.23
   CaCO3           2.106e-12   2.106e-12   -11.677   -11.677     0.000     (0)  
Ca            2.167e-02
   Ca+2            2.167e-02   3.941e-03    -1.664    -2.404    -0.740    -16.76
   CaCO3           2.106e-12   2.106e-12   -11.677   -11.677     0.000     (0)  
Cl            1.146e+00
   Cl-             1.146e+00   7.901e-01     0.059    -0.102    -0.161     18.52
K             2.162e-02
   K+              2.162e-02   1.166e-02    -1.665    -1.933    -0.268      9.65
Mg            1.163e-01
   Mg+2            1.163e-01   2.538e-02    -0.934    -1.595    -0.661    -19.60
   MgCO3           1.121e-05   1.121e-05    -4.950    -4.950     0.000    -17.07
   MgOH+           1.394e-07   1.185e-07    -6.856    -6.926    -0.071     (0)  
Na            9.390e-01
   Na+             9.390e-01   5.671e-01    -0.027    -0.246    -0.219     -0.72
S(6)          5.965e-02
   SO4-2           5.965e-02   3.954e-03    -1.224    -2.403    -1.179     18.45

------------------------------Saturation indices-------------------------------

  Phase               SI** log IAP   log K(285 K,   1 atm)

  Anhydrite        -0.67     -4.81   -4.14  CaSO4
  Antarcticite     -6.22     -2.71    3.51  CaCl2:6H2O
  Aphthitalite    -13.65    -21.70   -8.05  Na2SO4:3K2SO4
  Aragonite        -0.34     -8.61   -8.26  CaCO3
  Arcanite         -4.28     -6.27   -1.99  K2SO4
  Bischofite       -6.61     -1.90    4.71  MgCl2:6H2O
  Bloedite         -4.54     -6.96   -2.42  Na2Mg(SO4)2:4H2O
  Calcite          -0.19     -8.61   -8.42  CaCO3
  Carnallite       -8.05     -3.94    4.12  KMgCl3:6H2O
  CO2(g)           -2.00     -3.30   -1.30  CO2
  Dolomite          0.36    -16.41  -16.77  CaMg(CO3)2
  Epsomite         -2.07     -4.12   -2.05  MgSO4:7H2O
  Gypsum           -0.23     -4.84   -4.61  CaSO4:2H2O
  Halite           -1.89     -0.35    1.54  NaCl
  Hexahydrite      -2.43     -4.10   -1.67  MgSO4:6H2O
  Hydrohalite      -1.79     -0.38    1.41  NaCl:2H2O
  Hydromagnesite   -4.04    -39.96  -35.92  (MgCO3)3:Mg(OH)2:3H2O
  Ice(s)           -0.07     -0.02    0.05  H2O
  Ikaite           -1.82     -8.71   -6.89  CaCO3:6H2O
  Kalicinite       -4.69     -4.68    0.00  KHCO3
  Kieserite        -4.11     -4.02    0.09  MgSO4:H2O
  Landsfordite     -2.71     -7.88   -5.18  MgCO3:5H2O
  Magnesite         0.02     -7.80   -7.82  MgCO3
  Meridianite      -2.35     -4.18   -1.84  MgSO4:11H2O
  MgCl2:12H2O      -5.66     -2.00    3.66  MgCl2:12H2O
  MgCl2:8H2O       -5.95     -1.93    4.02  MgCl2:8H2O
  Mirabilite       -1.18     -3.06   -1.88  Na2SO4:10H2O
  Na2CO3:7H2O      -6.05     -6.81   -0.76  Na2CO3:7H2O
  Nahcolite        -2.44     -3.00   -0.56  NaHCO3
  Natron           -5.52     -6.86   -1.34  Na2CO3:10H2O
  Nesquehonite     -2.62     -7.85   -5.23  MgCO3:3H2O
  Picromerite      -5.70    -10.37   -4.67  MgSO4:K2SO4:6H2O
  Sylvite          -2.78     -2.04    0.75  KCl
  Tachyhydrite    -24.13     -6.41   17.72  CaCl2:(MgCl2)2:12H2O
  Thenardite       -2.60     -2.90   -0.30  Na2SO4
  Trona            -8.56     -9.73   -1.16  Na3H(CO3)2:2H2O
  Vaterite         -0.79     -8.61   -7.82  CaCO3

**For a gas, SI = log10(fugacity). Fugacity = pressure * phi / 1 atm.
  For ideal gases, phi = 1.

------------------
End of simulation.
------------------

------------------------------------
Reading input data for simulation 2.
------------------------------------

-------------------------------
End of Run after 1.304 Seconds.
-------------------------------

