   Input file: C:\Users\Kagiso\PHREEQC-Python\C3_Ca_plus10pct_FREZ_pre_-013p0.pqi
  Output file: C:\Users\Kagiso\PHREEQC-Python\C3_Ca_plus10pct_FREZ_pre_-013p0.out
Database file: C:\Program Files\USGS\phreeqc-3.8.6-17100-x64\database\frezchem.dat

------------------
Reading data base.
------------------

	PITZER
	SOLUTION_MASTER_SPECIES
	SOLUTION_SPECIES
	PHASES
	PITZER
	EXCHANGE_MASTER_SPECIES
	EXCHANGE_SPECIES
	SURFACE_MASTER_SPECIES
	SURFACE_SPECIES
	END
------------------------------------
Reading input data for simulation 1.
------------------------------------

	TITLE C3_Ca_plus10pct FREZCHEM sequential FC at -13.00 C
	SOLUTION 1
	    temp -13.00000000
	    pH 6.6877000000
	    units mol/kgw
	    water 0.358570000000
	    Na 2.42348774297906e+00
	    K 6.02978497922303e-02
	    Mg 3.24455475918231e-01
	    Ca 5.30022031960287e-02
	    Cl 3.19602866943693e+00
	    S(6) 4.78037761106618e-02
	    C(4) 1.07560587890788e-02
	SELECTED_OUTPUT 1
	    file C:/Users/Kagiso/PHREEQC-Python/C3_Ca_plus10pct_FREZ_pre_-013p0.txt
	    reset false
	    user_punch true
	USER_PUNCH 1
	    headings Temp_C pH Water_kg Alk_eq_kgw Mu aw Na_mol K_mol Mg_mol Ca_mol Cl_mol S6_mol C4_mol Na_m K_m Mg_m Ca_m Cl_m S6_m C4_m Na_act Cl_act SO4_act SI_Ice SI_Mirabilite SI_Halite SI_Hydrohalite SI_Calcite SI_Gypsum Iterations
	    10 PUNCH TC, -LA("H+"), TOT("water"), ALK, MU, ACT("H2O")
	    20 PUNCH TOTMOLE("Na"), TOTMOLE("K"), TOTMOLE("Mg"), TOTMOLE("Ca")
	    30 PUNCH TOTMOLE("Cl"), TOTMOLE("S(6)"), TOTMOLE("C(4)")
	    40 PUNCH TOT("Na"), TOT("K"), TOT("Mg"), TOT("Ca")
	    50 PUNCH TOT("Cl"), TOT("S(6)"), TOT("C(4)")
	    60 PUNCH ACT("Na+"), ACT("Cl-"), ACT("SO4-2")
	    70 PUNCH SI("Ice(s)"), SI("Mirabilite"), SI("Halite"), SI("Hydrohalite"), SI("Calcite"), SI("Gypsum")
	    80 PUNCH ITERATIONS
	END
-----
TITLE
-----

 C3_Ca_plus10pct FREZCHEM sequential FC at -13.00 C

-------------------------------------------
Beginning of initial solution calculations.
-------------------------------------------

Initial solution 1.	

-----------------------------Solution composition------------------------------

	Elements           Molality       Moles

	C(4)              1.076e-02   3.857e-03
	Ca                5.300e-02   1.901e-02
	Cl                3.196e+00   1.146e+00
	K                 6.030e-02   2.162e-02
	Mg                3.245e-01   1.163e-01
	Na                2.423e+00   8.690e-01
	S(6)              4.780e-02   1.714e-02

----------------------------Description of solution----------------------------

                                       pH  =   6.688    
                                       pe  =   4.000    
      Specific Conductance (µS/cm, -13°C)  = 50186
                          Density (g/cm³)  =   1.13479
                               Volume (L)  =   0.37494
                        Activity of water  =   0.890
                 Ionic strength (mol/kgw)  =   3.694e+00
                       Mass of water (kg)  =   3.586e-01
                 Total alkalinity (eq/kg)  =   7.990e-03
                       Total CO2 (mol/kg)  =   1.076e-02
                         Temperature (°C)  = -13.00
                  Electrical balance (eq)  =  -2.185e-02
 Percent error, 100*(Cat-|An|)/(Cat+|An|)  =  -0.93
                               Iterations  =  16
                         Gamma iterations  =   5
                      Osmotic coefficient  =   1.05352
                         Density of water  =   0.99712
                                  Total H  = 3.981078e+01
                                  Total O  = 1.998310e+01

----------------------------Distribution of species----------------------------

                                                    Unscaled  Unscaled
                                Unscaled       Log       Log       Log    mole V
   Species          Molality    Activity  Molality  Activity     Gamma   cm³/mol

   H+              1.096e-07   2.053e-07    -6.960    -6.688     0.273      0.00
   OH-             1.527e-08   1.235e-09    -7.816    -8.908    -1.092     -3.72
   H2O             5.551e+01   8.904e-01     1.744    -0.050     0.000     18.07
C(4)          1.076e-02
   HCO3-           7.938e-03   3.362e-03    -2.100    -2.473    -0.373     31.74
   CO2             2.792e-03   4.796e-03    -2.554    -2.319     0.235     48.94
   MgCO3           1.427e-05   1.427e-05    -4.846    -4.846     0.000    -17.00
   CO3-2           1.168e-05   2.253e-07    -4.933    -6.647    -1.714     -1.58
   CaCO3           2.817e-12   2.817e-12   -11.550   -11.550     0.000     (0)  
Ca            5.300e-02
   Ca+2            5.300e-02   1.819e-02    -1.276    -1.740    -0.465    -20.26
   CaCO3           2.817e-12   2.817e-12   -11.550   -11.550     0.000     (0)  
Cl            3.196e+00
   Cl-             3.196e+00   2.393e+00     0.505     0.379    -0.126     16.47
K             6.030e-02
   K+              6.030e-02   2.603e-02    -1.220    -1.585    -0.365     10.09
Mg            3.245e-01
   Mg+2            3.244e-01   1.234e-01    -0.489    -0.909    -0.420    -18.57
   MgCO3           1.427e-05   1.427e-05    -4.846    -4.846     0.000    -17.00
   MgOH+           2.690e-08   1.855e-08    -7.570    -7.732    -0.161     (0)  
Na            2.423e+00
   Na+             2.423e+00   1.396e+00     0.384     0.145    -0.240     -1.80
S(6)          4.780e-02
   SO4-2           4.780e-02   1.131e-03    -1.321    -2.947    -1.626     12.37

------------------------------Saturation indices-------------------------------

  Phase               SI** log IAP   log K(260 K,   1 atm)

  Anhydrite        -0.66     -4.69   -4.02  CaSO4
  Antarcticite     -4.34     -1.28    3.05  CaCl2:6H2O
  Aphthitalite    -11.30    -21.00   -9.71  Na2SO4:3K2SO4
  Aragonite        -0.20     -8.39   -8.19  CaCO3
  Arcanite         -3.67     -6.12   -2.45  K2SO4
  Bischofite       -5.19     -0.45    4.73  MgCl2:6H2O
  Bloedite         -4.21     -6.71   -2.51  Na2Mg(SO4)2:4H2O
  Calcite          -0.02     -8.39   -8.36  CaCO3
  Carnallite       -5.23     -1.66    3.57  KMgCl3:6H2O
  CO2(g)           -1.46     -2.32   -0.86  CO2
  Dolomite          0.13    -15.94  -16.07  CaMg(CO3)2
  Epsomite         -1.80     -4.21   -2.41  MgSO4:7H2O
  Gypsum           -0.03     -4.79   -4.76  CaSO4:2H2O
  Halite           -0.90      0.52    1.43  NaCl
  Hexahydrite      -2.42     -4.16   -1.74  MgSO4:6H2O
  Hydrohalite      -0.63      0.42    1.05  NaCl:2H2O
  Hydromagnesite   -7.51    -41.54  -34.03  (MgCO3)3:Mg(OH)2:3H2O
  Ice(s)            0.00     -0.05   -0.05  H2O
  Ikaite           -1.12     -8.69   -7.57  CaCO3:6H2O
  Kalicinite       -3.72     -4.06   -0.34  KHCO3
  Kieserite        -5.14     -3.91    1.23  MgSO4:H2O
  Landsfordite     -2.89     -7.81   -4.91  MgCO3:5H2O
  Magnesite        -0.19     -7.56   -7.37  MgCO3
  Meridianite      -1.56     -4.41   -2.85  MgSO4:11H2O
  MgCl2:12H2O      -2.91     -0.76    2.16  MgCl2:12H2O
  MgCl2:8H2O       -4.16     -0.55    3.61  MgCl2:8H2O
  Mirabilite        0.04     -3.16   -3.20  Na2SO4:10H2O
  Na2CO3:7H2O      -5.33     -6.71   -1.38  Na2CO3:7H2O
  Nahcolite        -1.46     -2.33   -0.87  NaHCO3
  Natron           -4.60     -6.86   -2.26  Na2CO3:10H2O
  Nesquehonite     -2.97     -7.71   -4.74  MgCO3:3H2O
  Picromerite      -4.74    -10.27   -5.53  MgSO4:K2SO4:6H2O
  Sylvite          -1.57     -1.21    0.36  KCl
  Tachyhydrite    -21.11     -1.89   19.22  CaCl2:(MgCl2)2:12H2O
  Thenardite       -2.34     -2.66   -0.32  Na2SO4
  Trona            -7.35     -8.79   -1.44  Na3H(CO3)2:2H2O
  Vaterite         -0.70     -8.39   -7.68  CaCO3

**For a gas, SI = log10(fugacity). Fugacity = pressure * phi / 1 atm.
  For ideal gases, phi = 1.

------------------
End of simulation.
------------------

------------------------------------
Reading input data for simulation 2.
------------------------------------

-------------------------------
End of Run after 1.655 Seconds.
-------------------------------

