   Input file: C:\Users\Kagiso\PHREEQC-Python\C3_Ca_plus10pct_FREZ_eq_-014p0.pqi
  Output file: C:\Users\Kagiso\PHREEQC-Python\C3_Ca_plus10pct_FREZ_eq_-014p0.out
Database file: C:\Program Files\USGS\phreeqc-3.8.6-17100-x64\database\frezchem.dat

------------------
Reading data base.
------------------

	PITZER
	SOLUTION_MASTER_SPECIES
	SOLUTION_SPECIES
	PHASES
	PITZER
	EXCHANGE_MASTER_SPECIES
	EXCHANGE_SPECIES
	SURFACE_MASTER_SPECIES
	SURFACE_SPECIES
	END
------------------------------------
Reading input data for simulation 1.
------------------------------------

	TITLE C3_Ca_plus10pct FREZCHEM sequential FC at -14.00 C
	SOLUTION 1
	    temp -14.00000000
	    pH 6.6359000000
	    units mol/kgw
	    water 0.335560000000
	    Na 2.57450232447252e+00
	    K 6.44325902968173e-02
	    Mg 3.46704017165336e-01
	    Ca 5.65323638097509e-02
	    Cl 3.41518655382048e+00
	    S(6) 4.34944570270592e-02
	    C(4) 1.13902133746573e-02
	EQUILIBRIUM_PHASES 1
	    Ice(s)       0.0 0.0
	    Mirabilite   0.0 0.0
	    Halite       0.0 0.0
	    Hydrohalite  0.0 0.0
	    Calcite      0.0 0.0
	    Gypsum       0.0 0.0
	SELECTED_OUTPUT 1
	    file C:/Users/Kagiso/PHREEQC-Python/C3_Ca_plus10pct_FREZ_eq_-014p0.txt
	    reset false
	    user_punch true
	USER_PUNCH 1
	    headings Temp_C pH Water_kg Alk_eq_kgw Mu aw Na_mol K_mol Mg_mol Ca_mol Cl_mol S6_mol C4_mol Na_m K_m Mg_m Ca_m Cl_m S6_m C4_m Na_act Cl_act SO4_act SI_Ice SI_Mirabilite SI_Halite SI_Hydrohalite SI_Calcite SI_Gypsum Ice_mol Mirabilite_mol Halite_mol Hydrohalite_mol Calcite_mol Gypsum_mol Iterations
	    10 PUNCH TC, -LA("H+"), TOT("water"), ALK, MU, ACT("H2O")
	    20 PUNCH TOTMOLE("Na"), TOTMOLE("K"), TOTMOLE("Mg"), TOTMOLE("Ca")
	    30 PUNCH TOTMOLE("Cl"), TOTMOLE("S(6)"), TOTMOLE("C(4)")
	    40 PUNCH TOT("Na"), TOT("K"), TOT("Mg"), TOT("Ca")
	    50 PUNCH TOT("Cl"), TOT("S(6)"), TOT("C(4)")
	    60 PUNCH ACT("Na+"), ACT("Cl-"), ACT("SO4-2")
	    70 PUNCH SI("Ice(s)"), SI("Mirabilite"), SI("Halite"), SI("Hydrohalite"), SI("Calcite"), SI("Gypsum")
	    80 PUNCH EQUI("Ice(s)"), EQUI("Mirabilite"), EQUI("Halite"), EQUI("Hydrohalite"), EQUI("Calcite"), EQUI("Gypsum")
	    90 PUNCH ITERATIONS
	END
-----
TITLE
-----

 C3_Ca_plus10pct FREZCHEM sequential FC at -14.00 C

-------------------------------------------
Beginning of initial solution calculations.
-------------------------------------------

Initial solution 1.	

-----------------------------Solution composition------------------------------

	Elements           Molality       Moles

	C(4)              1.139e-02   3.822e-03
	Ca                5.653e-02   1.897e-02
	Cl                3.415e+00   1.146e+00
	K                 6.443e-02   2.162e-02
	Mg                3.467e-01   1.163e-01
	Na                2.575e+00   8.639e-01
	S(6)              4.349e-02   1.460e-02

----------------------------Description of solution----------------------------

                                       pH  =   6.636    
                                       pe  =   4.000    
      Specific Conductance (µS/cm, -14°C)  = 49586
                          Density (g/cm³)  =   1.14282
                               Volume (L)  =   0.35185
                        Activity of water  =   0.882
                 Ionic strength (mol/kgw)  =   3.925e+00
                       Mass of water (kg)  =   3.356e-01
                 Total alkalinity (eq/kg)  =   8.209e-03
                       Total CO2 (mol/kg)  =   1.139e-02
                         Temperature (°C)  = -14.00
                  Electrical balance (eq)  =  -2.180e-02
 Percent error, 100*(Cat-|An|)/(Cat+|An|)  =  -0.93
                               Iterations  =  16
                         Gamma iterations  =   5
                      Osmotic coefficient  =   1.07237
                         Density of water  =   0.99673
                                  Total H  = 3.725614e+01
                                  Total O  = 1.869547e+01

----------------------------Distribution of species----------------------------

                                                    Unscaled  Unscaled
                                Unscaled       Log       Log       Log    mole V
   Species          Molality    Activity  Molality  Activity     Gamma   cm³/mol

   H+              1.122e-07   2.313e-07    -6.950    -6.636     0.314      0.00
   OH-             1.385e-08   9.662e-10    -7.859    -9.015    -1.156     -3.77
   H2O             5.551e+01   8.818e-01     1.744    -0.055     0.000     18.08
C(4)          1.139e-02
   HCO3-           8.159e-03   3.399e-03    -2.088    -2.469    -0.380     32.57
   CO2             3.206e-03   5.774e-03    -2.494    -2.239     0.255     50.12
   MgCO3           1.431e-05   1.431e-05    -4.844    -4.844     0.000    -16.99
   CO3-2           1.087e-05   1.928e-07    -4.964    -6.715    -1.751     -1.29
   CaCO3           2.727e-12   2.727e-12   -11.564   -11.564     0.000     (0)  
Ca            5.653e-02
   Ca+2            5.653e-02   2.123e-02    -1.248    -1.673    -0.425    -20.68
   CaCO3           2.727e-12   2.727e-12   -11.564   -11.564     0.000     (0)  
Cl            3.415e+00
   Cl-             3.415e+00   2.605e+00     0.533     0.416    -0.118     16.38
K             6.443e-02
   K+              6.443e-02   2.728e-02    -1.191    -1.564    -0.373     10.26
Mg            3.467e-01
   Mg+2            3.467e-01   1.463e-01    -0.460    -0.835    -0.375    -18.57
   MgCO3           1.431e-05   1.431e-05    -4.844    -4.844     0.000    -16.99
   MgOH+           2.574e-08   1.723e-08    -7.589    -7.764    -0.174     (0)  
Na            2.575e+00
   Na+             2.575e+00   1.492e+00     0.411     0.174    -0.237     -1.82
S(6)          4.349e-02
   SO4-2           4.349e-02   9.615e-04    -1.362    -3.017    -1.655     11.93

------------------------------Saturation indices-------------------------------

  Phase               SI** log IAP   log K(259 K,   1 atm)

  Anhydrite        -0.67     -4.69   -4.02  CaSO4
  Antarcticite     -4.21     -1.17    3.04  CaCl2:6H2O
  Aphthitalite    -11.33    -21.11   -9.77  Na2SO4:3K2SO4
  Aragonite        -0.20     -8.39   -8.19  CaCO3
  Arcanite         -3.68     -6.15   -2.47  K2SO4
  Bischofite       -5.06     -0.33    4.73  MgCl2:6H2O
  Bloedite         -4.23     -6.74   -2.51  Na2Mg(SO4)2:4H2O
  Calcite          -0.02     -8.39   -8.36  CaCO3
  Carnallite       -5.03     -1.48    3.55  KMgCl3:6H2O
  CO2(g)           -1.40     -2.24   -0.84  CO2
  Dolomite          0.10    -15.94  -16.04  CaMg(CO3)2
  Epsomite         -1.81     -4.23   -2.42  MgSO4:7H2O
  Gypsum           -0.03     -4.80   -4.77  CaSO4:2H2O
  Halite           -0.83      0.59    1.42  NaCl
  Hexahydrite      -2.44     -4.18   -1.74  MgSO4:6H2O
  Hydrohalite      -0.55      0.48    1.03  NaCl:2H2O
  Hydromagnesite   -7.73    -41.68  -33.95  (MgCO3)3:Mg(OH)2:3H2O
  Ice(s)            0.00     -0.05   -0.06  H2O
  Ikaite           -1.12     -8.72   -7.60  CaCO3:6H2O
  Kalicinite       -3.68     -4.03   -0.35  KHCO3
  Kieserite        -5.20     -3.91    1.29  MgSO4:H2O
  Landsfordite     -2.95     -7.82   -4.87  MgCO3:5H2O
  Magnesite        -0.20     -7.55   -7.35  MgCO3
  Meridianite      -1.56     -4.45   -2.89  MgSO4:11H2O
  MgCl2:12H2O      -2.77     -0.66    2.11  MgCl2:12H2O
  MgCl2:8H2O       -4.03     -0.44    3.59  MgCl2:8H2O
  Mirabilite        0.04     -3.22   -3.26  Na2SO4:10H2O
  Na2CO3:7H2O      -5.34     -6.75   -1.41  Na2CO3:7H2O
  Nahcolite        -1.42     -2.29   -0.87  NaHCO3
  Natron           -4.62     -6.91   -2.30  Na2CO3:10H2O
  Nesquehonite     -3.01     -7.71   -4.71  MgCO3:3H2O
  Picromerite      -4.75    -10.33   -5.57  MgSO4:K2SO4:6H2O
  Sylvite          -1.49     -1.15    0.34  KCl
  Tachyhydrite    -20.79     -1.50   19.29  CaCl2:(MgCl2)2:12H2O
  Thenardite       -2.35     -2.67   -0.32  Na2SO4
  Trona            -7.32     -8.77   -1.45  Na3H(CO3)2:2H2O
  Vaterite         -0.71     -8.39   -7.68  CaCO3

**For a gas, SI = log10(fugacity). Fugacity = pressure * phi / 1 atm.
  For ideal gases, phi = 1.

-----------------------------------------
Beginning of batch-reaction calculations.
-----------------------------------------

Reaction step 1.

WARNING: Maximum iterations exceeded, 200

WARNING: Numerical method failed with this set of convergence parameters.

WARNING: Trying smaller step size, pe step size 10, 5 ... 

WARNING: Maximum iterations exceeded, 400

WARNING: Numerical method failed with this set of convergence parameters.

WARNING: Trying reduced tolerance 1e-16 ...

WARNING: Maximum iterations exceeded, 400

WARNING: Numerical method failed with this set of convergence parameters.

WARNING: Trying increased tolerance 1e-14 ...

WARNING: Maximum iterations exceeded, 400

WARNING: Numerical method failed with this set of convergence parameters.

WARNING: Trying diagonal scaling ...

Using solution 1.	
Using pure phase assemblage 1.	

-------------------------------Phase assemblage--------------------------------

                                                      Moles in assemblage
Phase               SI  log IAP  log K(T, P)   Initial       Final       Delta

Calcite          -0.00    -8.36     -8.36    0.000e+00   2.876e-05   2.876e-05
Gypsum           -0.03    -4.81     -4.77    0.000e+00           0   0.000e+00
Halite           -0.76     0.66      1.42    0.000e+00           0   0.000e+00
Hydrohalite      -0.49     0.54      1.03    0.000e+00           0   0.000e+00
Ice(s)            0.00    -0.06     -0.06    0.000e+00   1.068e+00   1.068e+00
Mirabilite        0.00    -3.26     -3.26    0.000e+00   2.035e-03   2.035e-03

-----------------------------Solution composition------------------------------

	Elements           Molality       Moles

	C                 1.201e-02   3.793e-03
	Ca                5.995e-02   1.894e-02
	Cl                3.627e+00   1.146e+00
	K                 6.843e-02   2.162e-02
	Mg                3.682e-01   1.163e-01
	Na                2.721e+00   8.598e-01
	S                 3.975e-02   1.256e-02

----------------------------Description of solution----------------------------

                                       pH  =   6.589      Charge balance
                                       pe  =   4.000      Adjusted to redox equilibrium
      Specific Conductance (µS/cm, -14°C)  = 51164
                          Density (g/cm³)  =   1.14979
                               Volume (L)  =   0.33241
                        Activity of water  =   0.873
                 Ionic strength (mol/kgw)  =   4.149e+00
                       Mass of water (kg)  =   3.160e-01
                 Total alkalinity (eq/kg)  =   8.536e-03
                       Total CO2 (mol/kg)  =   1.201e-02
                         Temperature (°C)  = -14.00
                  Electrical balance (eq)  =  -2.180e-02
 Percent error, 100*(Cat-|An|)/(Cat+|An|)  =  -0.94
                               Iterations  =   8 (1412 overall)
                         Gamma iterations  =   1
                      Osmotic coefficient  =   1.09370
                         Density of water  =   0.99673
                                  Total H  = 3.507930e+01
                                  Total O  = 1.759883e+01

----------------------------Distribution of species----------------------------

                                                    Unscaled  Unscaled
                                Unscaled       Log       Log       Log    mole V
   Species          Molality    Activity  Molality  Activity     Gamma   cm³/mol

   H+              1.147e-07   2.577e-07    -6.940    -6.589     0.351      0.00
   OH-             1.372e-08   8.582e-10    -7.863    -9.066    -1.204     -3.49
   H2O             5.551e+01   8.729e-01     1.744    -0.059     0.000     18.08
C(4)          1.201e-02
   HCO3-           8.484e-03   3.464e-03    -2.071    -2.460    -0.389     33.44
   CO2             3.496e-03   6.625e-03    -2.456    -2.179     0.278     50.12
   MgCO3           1.559e-05   1.559e-05    -4.807    -4.807     0.000    -16.99
   CO3-2           1.067e-05   1.763e-07    -4.972    -6.754    -1.782     -0.52
   CaCO3           2.882e-12   2.882e-12   -11.540   -11.540     0.000     (0)  
Ca            5.995e-02
   Ca+2            5.995e-02   2.453e-02    -1.222    -1.610    -0.388    -20.77
   CaCO3           2.882e-12   2.882e-12   -11.540   -11.540     0.000     (0)  
Cl            3.627e+00
   Cl-             3.627e+00   2.839e+00     0.560     0.453    -0.106     16.48
K             6.843e-02
   K+              6.843e-02   2.860e-02    -1.165    -1.544    -0.379     10.47
Mg            3.682e-01
   Mg+2            3.682e-01   1.743e-01    -0.434    -0.759    -0.325    -18.55
   MgCO3           1.559e-05   1.559e-05    -4.807    -4.807     0.000    -16.99
   MgOH+           2.817e-08   1.823e-08    -7.550    -7.739    -0.189     (0)  
Na            2.721e+00
   Na+             2.721e+00   1.601e+00     0.435     0.204    -0.230     -1.68
S(6)          3.975e-02
   SO4-2           3.975e-02   8.368e-04    -1.401    -3.077    -1.677     12.27

------------------------------Saturation indices-------------------------------

  Phase               SI** log IAP   log K(259 K,   1 atm)

  Anhydrite        -0.67     -4.69   -4.02  CaSO4
  Antarcticite     -4.09     -1.06    3.04  CaCl2:6H2O
  Aphthitalite    -11.39    -21.16   -9.77  Na2SO4:3K2SO4
  Aragonite        -0.18     -8.36   -8.19  CaCO3
  Arcanite         -3.70     -6.16   -2.47  K2SO4
  Bischofite       -4.94     -0.21    4.73  MgCl2:6H2O
  Bloedite         -4.23     -6.74   -2.51  Na2Mg(SO4)2:4H2O
  Calcite          -0.00     -8.36   -8.36  CaCO3
  Carnallite       -4.84     -1.30    3.55  KMgCl3:6H2O
  CO2(g)           -1.34     -2.18   -0.84  CO2
  Dolomite          0.17    -15.88  -16.04  CaMg(CO3)2
  Epsomite         -1.83     -4.25   -2.42  MgSO4:7H2O
  Gypsum           -0.03     -4.81   -4.77  CaSO4:2H2O
  Halite           -0.76      0.66    1.42  NaCl
  Hexahydrite      -2.45     -4.19   -1.74  MgSO4:6H2O
  Hydrohalite      -0.49      0.54    1.03  NaCl:2H2O
  Hydromagnesite   -7.66    -41.61  -33.95  (MgCO3)3:Mg(OH)2:3H2O
  Ice(s)            0.00     -0.06   -0.06  H2O
  Ikaite           -1.12     -8.72   -7.60  CaCO3:6H2O
  Kalicinite       -3.65     -4.00   -0.35  KHCO3
  Kieserite        -5.19     -3.90    1.29  MgSO4:H2O
  Landsfordite     -2.93     -7.81   -4.87  MgCO3:5H2O
  Magnesite        -0.16     -7.51   -7.35  MgCO3
  Meridianite      -1.59     -4.49   -2.89  MgSO4:11H2O
  MgCl2:12H2O      -2.67     -0.56    2.11  MgCl2:12H2O
  MgCl2:8H2O       -3.91     -0.32    3.59  MgCl2:8H2O
  Mirabilite        0.00     -3.26   -3.26  Na2SO4:10H2O
  Na2CO3:7H2O      -5.35     -6.76   -1.41  Na2CO3:7H2O
  Nahcolite        -1.38     -2.26   -0.87  NaHCO3
  Natron           -4.64     -6.93   -2.30  Na2CO3:10H2O
  Nesquehonite     -2.98     -7.69   -4.71  MgCO3:3H2O
  Picromerite      -4.78    -10.35   -5.57  MgSO4:K2SO4:6H2O
  Sylvite          -1.43     -1.09    0.34  KCl
  Tachyhydrite    -20.40     -1.12   19.29  CaCl2:(MgCl2)2:12H2O
  Thenardite       -2.35     -2.67   -0.32  Na2SO4
  Trona            -7.27     -8.72   -1.45  Na3H(CO3)2:2H2O
  Vaterite         -0.69     -8.36   -7.68  CaCO3

**For a gas, SI = log10(fugacity). Fugacity = pressure * phi / 1 atm.
  For ideal gases, phi = 1.

------------------
End of simulation.
------------------

------------------------------------
Reading input data for simulation 2.
------------------------------------

-------------------------------
End of Run after 1.461 Seconds.
-------------------------------

