   Input file: C:\Users\Kagiso\PHREEQC-Python\C3_Cl_minus10pct_FREZ_eq_+012p0.pqi
  Output file: C:\Users\Kagiso\PHREEQC-Python\C3_Cl_minus10pct_FREZ_eq_+012p0.out
Database file: C:\Program Files\USGS\phreeqc-3.8.6-17100-x64\database\frezchem.dat

------------------
Reading data base.
------------------

	PITZER
	SOLUTION_MASTER_SPECIES
	SOLUTION_SPECIES
	PHASES
	PITZER
	EXCHANGE_MASTER_SPECIES
	EXCHANGE_SPECIES
	SURFACE_MASTER_SPECIES
	SURFACE_SPECIES
	END
------------------------------------
Reading input data for simulation 1.
------------------------------------

	TITLE C3_Cl_minus10pct FREZCHEM sequential FC at 12.00 C
	SOLUTION 1
	    temp 12.00000000
	    pH 7.0050000000
	    units mol/kgw
	    water 1.000000000000
	    Na 9.35250000000000e-01
	    K 2.15320000000000e-02
	    Mg 1.15860000000000e-01
	    Ca 2.40190000000000e-02
	    Cl 1.02710000000000e+00
	    S(6) 5.94160000000000e-02
	    C(4) 3.96930000000000e-03
	EQUILIBRIUM_PHASES 1
	    Ice(s)       0.0 0.0
	    Mirabilite   0.0 0.0
	    Halite       0.0 0.0
	    Hydrohalite  0.0 0.0
	    Calcite      0.0 0.0
	    Gypsum       0.0 0.0
	SELECTED_OUTPUT 1
	    file C:/Users/Kagiso/PHREEQC-Python/C3_Cl_minus10pct_FREZ_eq_+012p0.txt
	    reset false
	    user_punch true
	USER_PUNCH 1
	    headings Temp_C pH Water_kg Alk_eq_kgw Mu aw Na_mol K_mol Mg_mol Ca_mol Cl_mol S6_mol C4_mol Na_m K_m Mg_m Ca_m Cl_m S6_m C4_m Na_act Cl_act SO4_act SI_Ice SI_Mirabilite SI_Halite SI_Hydrohalite SI_Calcite SI_Gypsum Ice_mol Mirabilite_mol Halite_mol Hydrohalite_mol Calcite_mol Gypsum_mol Iterations
	    10 PUNCH TC, -LA("H+"), TOT("water"), ALK, MU, ACT("H2O")
	    20 PUNCH TOTMOLE("Na"), TOTMOLE("K"), TOTMOLE("Mg"), TOTMOLE("Ca")
	    30 PUNCH TOTMOLE("Cl"), TOTMOLE("S(6)"), TOTMOLE("C(4)")
	    40 PUNCH TOT("Na"), TOT("K"), TOT("Mg"), TOT("Ca")
	    50 PUNCH TOT("Cl"), TOT("S(6)"), TOT("C(4)")
	    60 PUNCH ACT("Na+"), ACT("Cl-"), ACT("SO4-2")
	    70 PUNCH SI("Ice(s)"), SI("Mirabilite"), SI("Halite"), SI("Hydrohalite"), SI("Calcite"), SI("Gypsum")
	    80 PUNCH EQUI("Ice(s)"), EQUI("Mirabilite"), EQUI("Halite"), EQUI("Hydrohalite"), EQUI("Calcite"), EQUI("Gypsum")
	    90 PUNCH ITERATIONS
	END
-----
TITLE
-----

 C3_Cl_minus10pct FREZCHEM sequential FC at 12.00 C

-------------------------------------------
Beginning of initial solution calculations.
-------------------------------------------

Initial solution 1.	

-----------------------------Solution composition------------------------------

	Elements           Molality       Moles

	C(4)              3.969e-03   3.969e-03
	Ca                2.402e-02   2.402e-02
	Cl                1.027e+00   1.027e+00
	K                 2.153e-02   2.153e-02
	Mg                1.159e-01   1.159e-01
	Na                9.352e-01   9.352e-01
	S(6)              5.942e-02   5.942e-02

----------------------------Description of solution----------------------------

                                       pH  =   7.005    
                                       pe  =   4.000    
      Specific Conductance (µS/cm,  12°C)  = 60369
                          Density (g/cm³)  =   1.05007
                               Volume (L)  =   1.01753
                        Activity of water  =   0.964
                 Ionic strength (mol/kgw)  =   1.392e+00
                       Mass of water (kg)  =   1.000e+00
                 Total alkalinity (eq/kg)  =   3.596e-03
                       Total CO2 (mol/kg)  =   3.969e-03
                         Temperature (°C)  =  12.00
                  Electrical balance (eq)  =   8.701e-02
 Percent error, 100*(Cat-|An|)/(Cat+|An|)  =   3.65
                               Iterations  =  13
                         Gamma iterations  =   4
                      Osmotic coefficient  =   0.91978
                         Density of water  =   0.99950
                                  Total H  = 1.110222e+02
                                  Total O  = 5.575848e+01

----------------------------Distribution of species----------------------------

                                                    Unscaled  Unscaled
                                Unscaled       Log       Log       Log    mole V
   Species          Molality    Activity  Molality  Activity     Gamma   cm³/mol

   H+              1.264e-07   9.886e-08    -6.898    -7.005    -0.107      0.00
   OH-             9.925e-08   3.448e-08    -7.003    -7.462    -0.459     -2.37
   H2O             5.551e+01   9.644e-01     1.744    -0.016     0.000     18.03
C(4)          3.969e-03
   HCO3-           3.557e-03   1.790e-03    -2.449    -2.747    -0.298     27.24
   CO2             3.928e-04   5.106e-04    -3.406    -3.292     0.114     32.89
   MgCO3           9.971e-06   9.971e-06    -5.001    -5.001     0.000    -17.07
   CO3-2           9.841e-06   6.230e-07    -5.007    -6.206    -1.199     -0.37
   CaCO3           2.103e-12   2.103e-12   -11.677   -11.677     0.000     (0)  
Ca            2.402e-02
   Ca+2            2.402e-02   3.950e-03    -1.619    -2.403    -0.784    -16.78
   CaCO3           2.103e-12   2.103e-12   -11.677   -11.677     0.000     (0)  
Cl            1.027e+00
   Cl-             1.027e+00   7.217e-01     0.012    -0.142    -0.153     18.49
K             2.153e-02
   K+              2.153e-02   1.157e-02    -1.667    -1.937    -0.270      9.61
Mg            1.159e-01
   Mg+2            1.158e-01   2.267e-02    -0.936    -1.645    -0.709    -19.63
   MgCO3           9.971e-06   9.971e-06    -5.001    -5.001     0.000    -17.07
   MgOH+           1.283e-07   1.048e-07    -6.892    -6.980    -0.088     (0)  
Na            9.352e-01
   Na+             9.352e-01   5.557e-01    -0.029    -0.255    -0.226     -0.75
S(6)          5.942e-02
   SO4-2           5.942e-02   4.247e-03    -1.226    -2.372    -1.146     18.32

------------------------------Saturation indices-------------------------------

  Phase               SI** log IAP   log K(285 K,   1 atm)

  Anhydrite        -0.63     -4.78   -4.14  CaSO4
  Antarcticite     -6.29     -2.78    3.51  CaCl2:6H2O
  Aphthitalite    -13.57    -21.62   -8.05  Na2SO4:3K2SO4
  Aragonite        -0.34     -8.61   -8.26  CaCO3
  Arcanite         -4.26     -6.25   -1.99  K2SO4
  Bischofite       -6.73     -2.02    4.71  MgCl2:6H2O
  Bloedite         -4.54     -6.96   -2.42  Na2Mg(SO4)2:4H2O
  Calcite          -0.19     -8.61   -8.42  CaCO3
  Carnallite       -8.22     -4.10    4.12  KMgCl3:6H2O
  CO2(g)           -1.99     -3.29   -1.30  CO2
  Dolomite          0.31    -16.46  -16.77  CaMg(CO3)2
  Epsomite         -2.08     -4.13   -2.05  MgSO4:7H2O
  Gypsum           -0.20     -4.81   -4.61  CaSO4:2H2O
  Halite           -1.94     -0.40    1.54  NaCl
  Hexahydrite      -2.45     -4.11   -1.67  MgSO4:6H2O
  Hydrohalite      -1.83     -0.43    1.41  NaCl:2H2O
  Hydromagnesite   -4.25    -40.17  -35.92  (MgCO3)3:Mg(OH)2:3H2O
  Ice(s)           -0.07     -0.02    0.05  H2O
  Ikaite           -1.81     -8.70   -6.89  CaCO3:6H2O
  Kalicinite       -4.69     -4.68    0.00  KHCO3
  Kieserite        -4.13     -4.03    0.09  MgSO4:H2O
  Landsfordite     -2.75     -7.93   -5.18  MgCO3:5H2O
  Magnesite        -0.03     -7.85   -7.82  MgCO3
  Meridianite      -2.35     -4.19   -1.84  MgSO4:11H2O
  MgCl2:12H2O      -5.77     -2.12    3.66  MgCl2:12H2O
  MgCl2:8H2O       -6.07     -2.05    4.02  MgCl2:8H2O
  Mirabilite       -1.16     -3.04   -1.88  Na2SO4:10H2O
  Na2CO3:7H2O      -6.07     -6.83   -0.76  Na2CO3:7H2O
  Nahcolite        -2.44     -3.00   -0.56  NaHCO3
  Natron           -5.53     -6.87   -1.34  Na2CO3:10H2O
  Nesquehonite     -2.67     -7.90   -5.23  MgCO3:3H2O
  Picromerite      -5.69    -10.36   -4.67  MgSO4:K2SO4:6H2O
  Sylvite          -2.82     -2.08    0.75  KCl
  Tachyhydrite    -24.45     -6.73   17.72  CaCl2:(MgCl2)2:12H2O
  Thenardite       -2.58     -2.88   -0.30  Na2SO4
  Trona            -8.59     -9.75   -1.16  Na3H(CO3)2:2H2O
  Vaterite         -0.79     -8.61   -7.82  CaCO3

**For a gas, SI = log10(fugacity). Fugacity = pressure * phi / 1 atm.
  For ideal gases, phi = 1.

-----------------------------------------
Beginning of batch-reaction calculations.
-----------------------------------------

Reaction step 1.

Using solution 1.	
Using pure phase assemblage 1.	

-------------------------------Phase assemblage--------------------------------

                                                      Moles in assemblage
Phase               SI  log IAP  log K(T, P)   Initial       Final       Delta

Calcite          -0.19    -8.61     -8.42    0.000e+00           0   0.000e+00
Gypsum           -0.20    -4.81     -4.61    0.000e+00           0   0.000e+00
Halite           -1.94    -0.40      1.54    0.000e+00           0   0.000e+00
Hydrohalite      -1.83    -0.43      1.41    0.000e+00           0   0.000e+00
Ice(s)           -0.07    -0.02      0.05    0.000e+00           0   0.000e+00
Mirabilite       -1.16    -3.04     -1.88    0.000e+00           0   0.000e+00

-----------------------------Solution composition------------------------------

	Elements           Molality       Moles

	C                 3.969e-03   3.969e-03
	Ca                2.402e-02   2.402e-02
	Cl                1.027e+00   1.027e+00
	K                 2.153e-02   2.153e-02
	Mg                1.159e-01   1.159e-01
	Na                9.352e-01   9.352e-01
	S                 5.942e-02   5.942e-02

----------------------------Description of solution----------------------------

                                       pH  =   7.005      Charge balance
                                       pe  =   4.000      Adjusted to redox equilibrium
      Specific Conductance (µS/cm,  12°C)  = 60369
                          Density (g/cm³)  =   1.05007
                               Volume (L)  =   1.01753
                        Activity of water  =   0.964
                 Ionic strength (mol/kgw)  =   1.392e+00
                       Mass of water (kg)  =   1.000e+00
                 Total alkalinity (eq/kg)  =   3.596e-03
                       Total CO2 (mol/kg)  =   3.969e-03
                         Temperature (°C)  =  12.00
                  Electrical balance (eq)  =   8.701e-02
 Percent error, 100*(Cat-|An|)/(Cat+|An|)  =   3.65
                               Iterations  =   1
                         Gamma iterations  =   1
                      Osmotic coefficient  =   0.91978
                         Density of water  =   0.99950
                                  Total H  = 1.110222e+02
                                  Total O  = 5.575848e+01

----------------------------Distribution of species----------------------------

                                                    Unscaled  Unscaled
                                Unscaled       Log       Log       Log    mole V
   Species          Molality    Activity  Molality  Activity     Gamma   cm³/mol

   H+              1.264e-07   9.886e-08    -6.898    -7.005    -0.107      0.00
   OH-             9.925e-08   3.448e-08    -7.003    -7.462    -0.459     -2.37
   H2O             5.551e+01   9.644e-01     1.744    -0.016     0.000     18.03
C(4)          3.969e-03
   HCO3-           3.557e-03   1.790e-03    -2.449    -2.747    -0.298     27.24
   CO2             3.928e-04   5.106e-04    -3.406    -3.292     0.114     32.89
   MgCO3           9.971e-06   9.971e-06    -5.001    -5.001     0.000    -17.07
   CO3-2           9.841e-06   6.230e-07    -5.007    -6.206    -1.199     -0.37
   CaCO3           2.103e-12   2.103e-12   -11.677   -11.677     0.000     (0)  
Ca            2.402e-02
   Ca+2            2.402e-02   3.950e-03    -1.619    -2.403    -0.784    -16.78
   CaCO3           2.103e-12   2.103e-12   -11.677   -11.677     0.000     (0)  
Cl            1.027e+00
   Cl-             1.027e+00   7.217e-01     0.012    -0.142    -0.153     18.49
K             2.153e-02
   K+              2.153e-02   1.157e-02    -1.667    -1.937    -0.270      9.61
Mg            1.159e-01
   Mg+2            1.158e-01   2.267e-02    -0.936    -1.645    -0.709    -19.63
   MgCO3           9.971e-06   9.971e-06    -5.001    -5.001     0.000    -17.07
   MgOH+           1.283e-07   1.048e-07    -6.892    -6.980    -0.088     (0)  
Na            9.352e-01
   Na+             9.352e-01   5.557e-01    -0.029    -0.255    -0.226     -0.75
S(6)          5.942e-02
   SO4-2           5.942e-02   4.247e-03    -1.226    -2.372    -1.146     18.32

------------------------------Saturation indices-------------------------------

  Phase               SI** log IAP   log K(285 K,   1 atm)

  Anhydrite        -0.63     -4.78   -4.14  CaSO4
  Antarcticite     -6.29     -2.78    3.51  CaCl2:6H2O
  Aphthitalite    -13.57    -21.62   -8.05  Na2SO4:3K2SO4
  Aragonite        -0.34     -8.61   -8.26  CaCO3
  Arcanite         -4.26     -6.25   -1.99  K2SO4
  Bischofite       -6.73     -2.02    4.71  MgCl2:6H2O
  Bloedite         -4.54     -6.96   -2.42  Na2Mg(SO4)2:4H2O
  Calcite          -0.19     -8.61   -8.42  CaCO3
  Carnallite       -8.22     -4.10    4.12  KMgCl3:6H2O
  CO2(g)           -1.99     -3.29   -1.30  CO2
  Dolomite          0.31    -16.46  -16.77  CaMg(CO3)2
  Epsomite         -2.08     -4.13   -2.05  MgSO4:7H2O
  Gypsum           -0.20     -4.81   -4.61  CaSO4:2H2O
  Halite           -1.94     -0.40    1.54  NaCl
  Hexahydrite      -2.45     -4.11   -1.67  MgSO4:6H2O
  Hydrohalite      -1.83     -0.43    1.41  NaCl:2H2O
  Hydromagnesite   -4.25    -40.17  -35.92  (MgCO3)3:Mg(OH)2:3H2O
  Ice(s)           -0.07     -0.02    0.05  H2O
  Ikaite           -1.81     -8.70   -6.89  CaCO3:6H2O
  Kalicinite       -4.69     -4.68    0.00  KHCO3
  Kieserite        -4.13     -4.03    0.09  MgSO4:H2O
  Landsfordite     -2.75     -7.93   -5.18  MgCO3:5H2O
  Magnesite        -0.03     -7.85   -7.82  MgCO3
  Meridianite      -2.35     -4.19   -1.84  MgSO4:11H2O
  MgCl2:12H2O      -5.77     -2.12    3.66  MgCl2:12H2O
  MgCl2:8H2O       -6.07     -2.05    4.02  MgCl2:8H2O
  Mirabilite       -1.16     -3.04   -1.88  Na2SO4:10H2O
  Na2CO3:7H2O      -6.07     -6.83   -0.76  Na2CO3:7H2O
  Nahcolite        -2.44     -3.00   -0.56  NaHCO3
  Natron           -5.53     -6.87   -1.34  Na2CO3:10H2O
  Nesquehonite     -2.67     -7.90   -5.23  MgCO3:3H2O
  Picromerite      -5.69    -10.36   -4.67  MgSO4:K2SO4:6H2O
  Sylvite          -2.82     -2.08    0.75  KCl
  Tachyhydrite    -24.45     -6.73   17.72  CaCl2:(MgCl2)2:12H2O
  Thenardite       -2.58     -2.88   -0.30  Na2SO4
  Trona            -8.59     -9.75   -1.16  Na3H(CO3)2:2H2O
  Vaterite         -0.79     -8.61   -7.82  CaCO3

**For a gas, SI = log10(fugacity). Fugacity = pressure * phi / 1 atm.
  For ideal gases, phi = 1.

------------------
End of simulation.
------------------

------------------------------------
Reading input data for simulation 2.
------------------------------------

-------------------------------
End of Run after 1.254 Seconds.
-------------------------------

