   Input file: C:\Users\Kagiso\PHREEQC-Python\C3_Ca_plus10pct_FREZ_eq_+013p0.pqi
  Output file: C:\Users\Kagiso\PHREEQC-Python\C3_Ca_plus10pct_FREZ_eq_+013p0.out
Database file: C:\Program Files\USGS\phreeqc-3.8.6-17100-x64\database\frezchem.dat

------------------
Reading data base.
------------------

	PITZER
	SOLUTION_MASTER_SPECIES
	SOLUTION_SPECIES
	PHASES
	PITZER
	EXCHANGE_MASTER_SPECIES
	EXCHANGE_SPECIES
	SURFACE_MASTER_SPECIES
	SURFACE_SPECIES
	END
------------------------------------
Reading input data for simulation 1.
------------------------------------

	TITLE C3_Ca_plus10pct FREZCHEM sequential FC at 13.00 C
	SOLUTION 1
	    temp 13.00000000
	    pH 6.9385000000
	    units mol/kgw
	    water 1.000000000000
	    Na 9.39140000000000e-01
	    K 2.16210000000000e-02
	    Mg 1.16340000000000e-01
	    Ca 2.65090000000000e-02
	    Cl 1.14600000000000e+00
	    S(6) 5.96640000000000e-02
	    C(4) 3.91420000000000e-03
	EQUILIBRIUM_PHASES 1
	    Ice(s)       0.0 0.0
	    Mirabilite   0.0 0.0
	    Halite       0.0 0.0
	    Hydrohalite  0.0 0.0
	    Calcite      0.0 0.0
	    Gypsum       0.0 0.0
	SELECTED_OUTPUT 1
	    file C:/Users/Kagiso/PHREEQC-Python/C3_Ca_plus10pct_FREZ_eq_+013p0.txt
	    reset false
	    user_punch true
	USER_PUNCH 1
	    headings Temp_C pH Water_kg Alk_eq_kgw Mu aw Na_mol K_mol Mg_mol Ca_mol Cl_mol S6_mol C4_mol Na_m K_m Mg_m Ca_m Cl_m S6_m C4_m Na_act Cl_act SO4_act SI_Ice SI_Mirabilite SI_Halite SI_Hydrohalite SI_Calcite SI_Gypsum Ice_mol Mirabilite_mol Halite_mol Hydrohalite_mol Calcite_mol Gypsum_mol Iterations
	    10 PUNCH TC, -LA("H+"), TOT("water"), ALK, MU, ACT("H2O")
	    20 PUNCH TOTMOLE("Na"), TOTMOLE("K"), TOTMOLE("Mg"), TOTMOLE("Ca")
	    30 PUNCH TOTMOLE("Cl"), TOTMOLE("S(6)"), TOTMOLE("C(4)")
	    40 PUNCH TOT("Na"), TOT("K"), TOT("Mg"), TOT("Ca")
	    50 PUNCH TOT("Cl"), TOT("S(6)"), TOT("C(4)")
	    60 PUNCH ACT("Na+"), ACT("Cl-"), ACT("SO4-2")
	    70 PUNCH SI("Ice(s)"), SI("Mirabilite"), SI("Halite"), SI("Hydrohalite"), SI("Calcite"), SI("Gypsum")
	    80 PUNCH EQUI("Ice(s)"), EQUI("Mirabilite"), EQUI("Halite"), EQUI("Hydrohalite"), EQUI("Calcite"), EQUI("Gypsum")
	    90 PUNCH ITERATIONS
	END
-----
TITLE
-----

 C3_Ca_plus10pct FREZCHEM sequential FC at 13.00 C

-------------------------------------------
Beginning of initial solution calculations.
-------------------------------------------

Initial solution 1.	

-----------------------------Solution composition------------------------------

	Elements           Molality       Moles

	C(4)              3.914e-03   3.914e-03
	Ca                2.651e-02   2.651e-02
	Cl                1.146e+00   1.146e+00
	K                 2.162e-02   2.162e-02
	Mg                1.163e-01   1.163e-01
	Na                9.391e-01   9.391e-01
	S(6)              5.966e-02   5.966e-02

----------------------------Description of solution----------------------------

                                       pH  =   6.939    
                                       pe  =   4.000    
      Specific Conductance (µS/cm,  13°C)  = 65323
                          Density (g/cm³)  =   1.05187
                               Volume (L)  =   1.02001
                        Activity of water  =   0.962
                 Ionic strength (mol/kgw)  =   1.460e+00
                       Mass of water (kg)  =   1.000e+00
                 Total alkalinity (eq/kg)  =   3.502e-03
                       Total CO2 (mol/kg)  =   3.914e-03
                         Temperature (°C)  =  13.00
                  Electrical balance (eq)  =  -2.237e-02
 Percent error, 100*(Cat-|An|)/(Cat+|An|)  =  -0.89
                               Iterations  =  13
                         Gamma iterations  =   4
                      Osmotic coefficient  =   0.92740
                         Density of water  =   0.99938
                                  Total H  = 1.110221e+02
                                  Total O  = 5.575927e+01

----------------------------Distribution of species----------------------------

                                                    Unscaled  Unscaled
                                Unscaled       Log       Log       Log    mole V
   Species          Molality    Activity  Molality  Activity     Gamma   cm³/mol

   H+              1.416e-07   1.152e-07    -6.849    -6.939    -0.090      0.00
   OH-             9.485e-08   3.218e-08    -7.023    -7.492    -0.469     -2.18
   H2O             5.551e+01   9.621e-01     1.744    -0.017     0.000     18.03
C(4)          3.914e-03
   HCO3-           3.464e-03   1.731e-03    -2.460    -2.762    -0.301     27.49
   CO2             4.316e-04   5.652e-04    -3.365    -3.248     0.117     32.54
   MgCO3           9.606e-06   9.606e-06    -5.017    -5.017     0.000    -17.08
   CO3-2           9.278e-06   5.314e-07    -5.033    -6.275    -1.242     -0.03
   CaCO3           2.141e-12   2.141e-12   -11.669   -11.669     0.000     (0)  
Ca            2.651e-02
   Ca+2            2.651e-02   4.758e-03    -1.577    -2.323    -0.746    -16.70
   CaCO3           2.141e-12   2.141e-12   -11.669   -11.669     0.000     (0)  
Cl            1.146e+00
   Cl-             1.146e+00   7.947e-01     0.059    -0.100    -0.159     18.58
K             2.162e-02
   K+              2.162e-02   1.164e-02    -1.665    -1.934    -0.269      9.69
Mg            1.163e-01
   Mg+2            1.163e-01   2.525e-02    -0.934    -1.598    -0.663    -19.62
   MgCO3           9.606e-06   9.606e-06    -5.017    -5.017     0.000    -17.08
   MgOH+           1.305e-07   1.099e-07    -6.885    -6.959    -0.075     (0)  
Na            9.391e-01
   Na+             9.391e-01   5.664e-01    -0.027    -0.247    -0.220     -0.65
S(6)          5.966e-02
   SO4-2           5.966e-02   3.967e-03    -1.224    -2.402    -1.177     18.66

------------------------------Saturation indices-------------------------------

  Phase               SI** log IAP   log K(286 K,   1 atm)

  Anhydrite        -0.58     -4.72   -4.15  CaSO4
  Antarcticite     -6.15     -2.62    3.53  CaCl2:6H2O
  Aphthitalite    -13.72    -21.70   -7.98  Na2SO4:3K2SO4
  Aragonite        -0.33     -8.60   -8.27  CaCO3
  Arcanite         -4.30     -6.27   -1.97  K2SO4
  Bischofite       -6.60     -1.90    4.71  MgCl2:6H2O
  Bloedite         -4.55     -6.96   -2.41  Na2Mg(SO4)2:4H2O
  Calcite          -0.18     -8.60   -8.42  CaCO3
  Carnallite       -8.06     -3.93    4.13  KMgCl3:6H2O
  CO2(g)           -1.93     -3.25   -1.31  CO2
  Dolomite          0.32    -16.47  -16.79  CaMg(CO3)2
  Epsomite         -2.08     -4.12   -2.03  MgSO4:7H2O
  Gypsum           -0.15     -4.76   -4.61  CaSO4:2H2O
  Halite           -1.89     -0.35    1.54  NaCl
  Hexahydrite      -2.44     -4.10   -1.66  MgSO4:6H2O
  Hydrohalite      -1.80     -0.38    1.42  NaCl:2H2O
  Hydromagnesite   -4.27    -40.25  -35.98  (MgCO3)3:Mg(OH)2:3H2O
  Ice(s)           -0.07     -0.02    0.05  H2O
  Ikaite           -1.83     -8.70   -6.87  CaCO3:6H2O
  Kalicinite       -4.71     -4.70    0.02  KHCO3
  Kieserite        -4.08     -4.02    0.06  MgSO4:H2O
  Landsfordite     -2.79     -7.96   -5.17  MgCO3:5H2O
  Magnesite        -0.03     -7.87   -7.84  MgCO3
  Meridianite      -2.39     -4.18   -1.80  MgSO4:11H2O
  MgCl2:12H2O      -5.73     -2.00    3.73  MgCl2:12H2O
  MgCl2:8H2O       -5.96     -1.93    4.03  MgCl2:8H2O
  Mirabilite       -1.23     -3.06   -1.83  Na2SO4:10H2O
  Na2CO3:7H2O      -6.15     -6.89   -0.74  Na2CO3:7H2O
  Nahcolite        -2.46     -3.01   -0.55  NaHCO3
  Natron           -5.64     -6.94   -1.30  Na2CO3:10H2O
  Nesquehonite     -2.69     -7.92   -5.24  MgCO3:3H2O
  Picromerite      -5.73    -10.37   -4.64  MgSO4:K2SO4:6H2O
  Sylvite          -2.79     -2.03    0.76  KCl
  Tachyhydrite    -23.98     -6.32   17.66  CaCl2:(MgCl2)2:12H2O
  Thenardite       -2.60     -2.90   -0.30  Na2SO4
  Trona            -8.66     -9.81   -1.15  Na3H(CO3)2:2H2O
  Vaterite         -0.77     -8.60   -7.82  CaCO3

**For a gas, SI = log10(fugacity). Fugacity = pressure * phi / 1 atm.
  For ideal gases, phi = 1.

-----------------------------------------
Beginning of batch-reaction calculations.
-----------------------------------------

Reaction step 1.

Using solution 1.	
Using pure phase assemblage 1.	

-------------------------------Phase assemblage--------------------------------

                                                      Moles in assemblage
Phase               SI  log IAP  log K(T, P)   Initial       Final       Delta

Calcite          -0.18    -8.60     -8.42    0.000e+00           0   0.000e+00
Gypsum           -0.15    -4.76     -4.61    0.000e+00           0   0.000e+00
Halite           -1.89    -0.35      1.54    0.000e+00           0   0.000e+00
Hydrohalite      -1.80    -0.38      1.42    0.000e+00           0   0.000e+00
Ice(s)           -0.07    -0.02      0.05    0.000e+00           0   0.000e+00
Mirabilite       -1.23    -3.06     -1.83    0.000e+00           0   0.000e+00

-----------------------------Solution composition------------------------------

	Elements           Molality       Moles

	C                 3.914e-03   3.914e-03
	Ca                2.651e-02   2.651e-02
	Cl                1.146e+00   1.146e+00
	K                 2.162e-02   2.162e-02
	Mg                1.163e-01   1.163e-01
	Na                9.391e-01   9.391e-01
	S                 5.966e-02   5.966e-02

----------------------------Description of solution----------------------------

                                       pH  =   6.939      Charge balance
                                       pe  =   4.000      Adjusted to redox equilibrium
      Specific Conductance (µS/cm,  13°C)  = 65323
                          Density (g/cm³)  =   1.05187
                               Volume (L)  =   1.02001
                        Activity of water  =   0.962
                 Ionic strength (mol/kgw)  =   1.460e+00
                       Mass of water (kg)  =   1.000e+00
                 Total alkalinity (eq/kg)  =   3.502e-03
                       Total CO2 (mol/kg)  =   3.914e-03
                         Temperature (°C)  =  13.00
                  Electrical balance (eq)  =  -2.237e-02
 Percent error, 100*(Cat-|An|)/(Cat+|An|)  =  -0.89
                               Iterations  =   1
                         Gamma iterations  =   1
                      Osmotic coefficient  =   0.92740
                         Density of water  =   0.99938
                                  Total H  = 1.110221e+02
                                  Total O  = 5.575927e+01

----------------------------Distribution of species----------------------------

                                                    Unscaled  Unscaled
                                Unscaled       Log       Log       Log    mole V
   Species          Molality    Activity  Molality  Activity     Gamma   cm³/mol

   H+              1.416e-07   1.152e-07    -6.849    -6.939    -0.090      0.00
   OH-             9.485e-08   3.218e-08    -7.023    -7.492    -0.469     -2.18
   H2O             5.551e+01   9.621e-01     1.744    -0.017     0.000     18.03
C(4)          3.914e-03
   HCO3-           3.464e-03   1.731e-03    -2.460    -2.762    -0.301     27.49
   CO2             4.316e-04   5.652e-04    -3.365    -3.248     0.117     32.54
   MgCO3           9.606e-06   9.606e-06    -5.017    -5.017     0.000    -17.08
   CO3-2           9.278e-06   5.314e-07    -5.033    -6.275    -1.242     -0.03
   CaCO3           2.141e-12   2.141e-12   -11.669   -11.669     0.000     (0)  
Ca            2.651e-02
   Ca+2            2.651e-02   4.758e-03    -1.577    -2.323    -0.746    -16.70
   CaCO3           2.141e-12   2.141e-12   -11.669   -11.669     0.000     (0)  
Cl            1.146e+00
   Cl-             1.146e+00   7.947e-01     0.059    -0.100    -0.159     18.58
K             2.162e-02
   K+              2.162e-02   1.164e-02    -1.665    -1.934    -0.269      9.69
Mg            1.163e-01
   Mg+2            1.163e-01   2.525e-02    -0.934    -1.598    -0.663    -19.62
   MgCO3           9.606e-06   9.606e-06    -5.017    -5.017     0.000    -17.08
   MgOH+           1.305e-07   1.099e-07    -6.885    -6.959    -0.075     (0)  
Na            9.391e-01
   Na+             9.391e-01   5.664e-01    -0.027    -0.247    -0.220     -0.65
S(6)          5.966e-02
   SO4-2           5.966e-02   3.967e-03    -1.224    -2.402    -1.177     18.66

------------------------------Saturation indices-------------------------------

  Phase               SI** log IAP   log K(286 K,   1 atm)

  Anhydrite        -0.58     -4.72   -4.15  CaSO4
  Antarcticite     -6.15     -2.62    3.53  CaCl2:6H2O
  Aphthitalite    -13.72    -21.70   -7.98  Na2SO4:3K2SO4
  Aragonite        -0.33     -8.60   -8.27  CaCO3
  Arcanite         -4.30     -6.27   -1.97  K2SO4
  Bischofite       -6.60     -1.90    4.71  MgCl2:6H2O
  Bloedite         -4.55     -6.96   -2.41  Na2Mg(SO4)2:4H2O
  Calcite          -0.18     -8.60   -8.42  CaCO3
  Carnallite       -8.06     -3.93    4.13  KMgCl3:6H2O
  CO2(g)           -1.93     -3.25   -1.31  CO2
  Dolomite          0.32    -16.47  -16.79  CaMg(CO3)2
  Epsomite         -2.08     -4.12   -2.03  MgSO4:7H2O
  Gypsum           -0.15     -4.76   -4.61  CaSO4:2H2O
  Halite           -1.89     -0.35    1.54  NaCl
  Hexahydrite      -2.44     -4.10   -1.66  MgSO4:6H2O
  Hydrohalite      -1.80     -0.38    1.42  NaCl:2H2O
  Hydromagnesite   -4.27    -40.25  -35.98  (MgCO3)3:Mg(OH)2:3H2O
  Ice(s)           -0.07     -0.02    0.05  H2O
  Ikaite           -1.83     -8.70   -6.87  CaCO3:6H2O
  Kalicinite       -4.71     -4.70    0.02  KHCO3
  Kieserite        -4.08     -4.02    0.06  MgSO4:H2O
  Landsfordite     -2.79     -7.96   -5.17  MgCO3:5H2O
  Magnesite        -0.03     -7.87   -7.84  MgCO3
  Meridianite      -2.39     -4.18   -1.80  MgSO4:11H2O
  MgCl2:12H2O      -5.73     -2.00    3.73  MgCl2:12H2O
  MgCl2:8H2O       -5.96     -1.93    4.03  MgCl2:8H2O
  Mirabilite       -1.23     -3.06   -1.83  Na2SO4:10H2O
  Na2CO3:7H2O      -6.15     -6.89   -0.74  Na2CO3:7H2O
  Nahcolite        -2.46     -3.01   -0.55  NaHCO3
  Natron           -5.64     -6.94   -1.30  Na2CO3:10H2O
  Nesquehonite     -2.69     -7.92   -5.24  MgCO3:3H2O
  Picromerite      -5.73    -10.37   -4.64  MgSO4:K2SO4:6H2O
  Sylvite          -2.79     -2.03    0.76  KCl
  Tachyhydrite    -23.98     -6.32   17.66  CaCl2:(MgCl2)2:12H2O
  Thenardite       -2.60     -2.90   -0.30  Na2SO4
  Trona            -8.66     -9.81   -1.15  Na3H(CO3)2:2H2O
  Vaterite         -0.77     -8.60   -7.82  CaCO3

**For a gas, SI = log10(fugacity). Fugacity = pressure * phi / 1 atm.
  For ideal gases, phi = 1.

------------------
End of simulation.
------------------

------------------------------------
Reading input data for simulation 2.
------------------------------------

-------------------------------
End of Run after 1.405 Seconds.
-------------------------------

