   Input file: C:\Users\Kagiso\PHREEQC-Python\C3_Cl_minus10pct_FREZ_eq_+009p0.pqi
  Output file: C:\Users\Kagiso\PHREEQC-Python\C3_Cl_minus10pct_FREZ_eq_+009p0.out
Database file: C:\Program Files\USGS\phreeqc-3.8.6-17100-x64\database\frezchem.dat

------------------
Reading data base.
------------------

	PITZER
	SOLUTION_MASTER_SPECIES
	SOLUTION_SPECIES
	PHASES
	PITZER
	EXCHANGE_MASTER_SPECIES
	EXCHANGE_SPECIES
	SURFACE_MASTER_SPECIES
	SURFACE_SPECIES
	END
------------------------------------
Reading input data for simulation 1.
------------------------------------

	TITLE C3_Cl_minus10pct FREZCHEM sequential FC at 9.00 C
	SOLUTION 1
	    temp 9.00000000
	    pH 7.0050000000
	    units mol/kgw
	    water 1.000000000000
	    Na 9.35250000000000e-01
	    K 2.15320000000000e-02
	    Mg 1.15860000000000e-01
	    Ca 2.40190000000000e-02
	    Cl 1.02710000000000e+00
	    S(6) 5.94160000000000e-02
	    C(4) 3.96930000000000e-03
	EQUILIBRIUM_PHASES 1
	    Ice(s)       0.0 0.0
	    Mirabilite   0.0 0.0
	    Halite       0.0 0.0
	    Hydrohalite  0.0 0.0
	    Calcite      0.0 0.0
	    Gypsum       0.0 0.0
	SELECTED_OUTPUT 1
	    file C:/Users/Kagiso/PHREEQC-Python/C3_Cl_minus10pct_FREZ_eq_+009p0.txt
	    reset false
	    user_punch true
	USER_PUNCH 1
	    headings Temp_C pH Water_kg Alk_eq_kgw Mu aw Na_mol K_mol Mg_mol Ca_mol Cl_mol S6_mol C4_mol Na_m K_m Mg_m Ca_m Cl_m S6_m C4_m Na_act Cl_act SO4_act SI_Ice SI_Mirabilite SI_Halite SI_Hydrohalite SI_Calcite SI_Gypsum Ice_mol Mirabilite_mol Halite_mol Hydrohalite_mol Calcite_mol Gypsum_mol Iterations
	    10 PUNCH TC, -LA("H+"), TOT("water"), ALK, MU, ACT("H2O")
	    20 PUNCH TOTMOLE("Na"), TOTMOLE("K"), TOTMOLE("Mg"), TOTMOLE("Ca")
	    30 PUNCH TOTMOLE("Cl"), TOTMOLE("S(6)"), TOTMOLE("C(4)")
	    40 PUNCH TOT("Na"), TOT("K"), TOT("Mg"), TOT("Ca")
	    50 PUNCH TOT("Cl"), TOT("S(6)"), TOT("C(4)")
	    60 PUNCH ACT("Na+"), ACT("Cl-"), ACT("SO4-2")
	    70 PUNCH SI("Ice(s)"), SI("Mirabilite"), SI("Halite"), SI("Hydrohalite"), SI("Calcite"), SI("Gypsum")
	    80 PUNCH EQUI("Ice(s)"), EQUI("Mirabilite"), EQUI("Halite"), EQUI("Hydrohalite"), EQUI("Calcite"), EQUI("Gypsum")
	    90 PUNCH ITERATIONS
	END
-----
TITLE
-----

 C3_Cl_minus10pct FREZCHEM sequential FC at 9.00 C

-------------------------------------------
Beginning of initial solution calculations.
-------------------------------------------

Initial solution 1.	

-----------------------------Solution composition------------------------------

	Elements           Molality       Moles

	C(4)              3.969e-03   3.969e-03
	Ca                2.402e-02   2.402e-02
	Cl                1.027e+00   1.027e+00
	K                 2.153e-02   2.153e-02
	Mg                1.159e-01   1.159e-01
	Na                9.352e-01   9.352e-01
	S(6)              5.942e-02   5.942e-02

----------------------------Description of solution----------------------------

                                       pH  =   7.005    
                                       pe  =   4.000    
      Specific Conductance (µS/cm,   9°C)  = 55539
                          Density (g/cm³)  =   1.05080
                               Volume (L)  =   1.01682
                        Activity of water  =   0.965
                 Ionic strength (mol/kgw)  =   1.392e+00
                       Mass of water (kg)  =   1.000e+00
                 Total alkalinity (eq/kg)  =   3.571e-03
                       Total CO2 (mol/kg)  =   3.969e-03
                         Temperature (°C)  =   9.00
                  Electrical balance (eq)  =   8.704e-02
 Percent error, 100*(Cat-|An|)/(Cat+|An|)  =   3.65
                               Iterations  =  13
                         Gamma iterations  =   4
                      Osmotic coefficient  =   0.91694
                         Density of water  =   0.99978
                                  Total H  = 1.110221e+02
                                  Total O  = 5.575845e+01

----------------------------Distribution of species----------------------------

                                                    Unscaled  Unscaled
                                Unscaled       Log       Log       Log    mole V
   Species          Molality    Activity  Molality  Activity     Gamma   cm³/mol

   H+              1.256e-07   9.886e-08    -6.901    -7.005    -0.104      0.00
   OH-             7.781e-08   2.644e-08    -7.109    -7.578    -0.469     -2.65
   H2O             5.551e+01   9.645e-01     1.744    -0.016     0.000     18.02
C(4)          3.969e-03
   HCO3-           3.536e-03   1.776e-03    -2.452    -2.751    -0.299     26.96
   CO2             4.162e-04   5.412e-04    -3.381    -3.267     0.114     34.03
   CO3-2           8.922e-06   5.673e-07    -5.050    -6.246    -1.197     -0.96
   MgCO3           8.595e-06   8.595e-06    -5.066    -5.066     0.000    -17.07
   CaCO3           1.971e-12   1.971e-12   -11.705   -11.705     0.000     (0)  
Ca            2.402e-02
   Ca+2            2.402e-02   3.983e-03    -1.619    -2.400    -0.780    -16.96
   CaCO3           1.971e-12   1.971e-12   -11.705   -11.705     0.000     (0)  
Cl            1.027e+00
   Cl-             1.027e+00   7.177e-01     0.012    -0.144    -0.156     18.29
K             2.153e-02
   K+              2.153e-02   1.155e-02    -1.667    -1.938    -0.271      9.49
Mg            1.159e-01
   Mg+2            1.159e-01   2.235e-02    -0.936    -1.651    -0.715    -19.55
   MgCO3           8.595e-06   8.595e-06    -5.066    -5.066     0.000    -17.07
   MgOH+           9.420e-08   7.735e-08    -7.026    -7.112    -0.086     (0)  
Na            9.352e-01
   Na+             9.352e-01   5.533e-01    -0.029    -0.257    -0.228     -0.94
S(6)          5.942e-02
   SO4-2           5.942e-02   4.174e-03    -1.226    -2.379    -1.153     17.69

------------------------------Saturation indices-------------------------------

  Phase               SI** log IAP   log K(282 K,   1 atm)

  Anhydrite        -0.66     -4.78   -4.12  CaSO4
  Antarcticite     -6.23     -2.78    3.44  CaCl2:6H2O
  Aphthitalite    -13.41    -21.66   -8.25  Na2SO4:3K2SO4
  Aragonite        -0.39     -8.65   -8.25  CaCO3
  Arcanite         -4.22     -6.25   -2.04  K2SO4
  Bischofite       -6.76     -2.03    4.72  MgCl2:6H2O
  Bloedite         -4.56     -6.99   -2.43  Na2Mg(SO4)2:4H2O
  Calcite          -0.24     -8.65   -8.41  CaCO3
  Carnallite       -8.18     -4.11    4.07  KMgCl3:6H2O
  CO2(g)           -2.01     -3.27   -1.25  CO2
  Dolomite          0.15    -16.54  -16.69  CaMg(CO3)2
  Epsomite         -2.05     -4.14   -2.09  MgSO4:7H2O
  Gypsum           -0.19     -4.81   -4.62  CaSO4:2H2O
  Halite           -1.93     -0.40    1.53  NaCl
  Hexahydrite      -2.45     -4.12   -1.67  MgSO4:6H2O
  Hydrohalite      -1.80     -0.43    1.37  NaCl:2H2O
  Hydromagnesite   -4.84    -40.54  -35.71  (MgCO3)3:Mg(OH)2:3H2O
  Ice(s)           -0.05     -0.02    0.04  H2O
  Ikaite           -1.77     -8.74   -6.97  CaCO3:6H2O
  Kalicinite       -4.65     -4.69   -0.04  KHCO3
  Kieserite        -4.24     -4.05    0.19  MgSO4:H2O
  Landsfordite     -2.78     -7.98   -5.19  MgCO3:5H2O
  Magnesite        -0.12     -7.90   -7.77  MgCO3
  Meridianite      -2.24     -4.20   -1.96  MgSO4:11H2O
  MgCl2:12H2O      -5.57     -2.13    3.44  MgCl2:12H2O
  MgCl2:8H2O       -6.05     -2.06    3.98  MgCl2:8H2O
  Mirabilite       -1.01     -3.05   -2.04  Na2SO4:10H2O
  Na2CO3:7H2O      -6.03     -6.87   -0.84  Na2CO3:7H2O
  Nahcolite        -2.41     -3.01   -0.60  NaHCO3
  Natron           -5.46     -6.92   -1.46  Na2CO3:10H2O
  Nesquehonite     -2.75     -7.94   -5.19  MgCO3:3H2O
  Picromerite      -5.63    -10.38   -4.75  MgSO4:K2SO4:6H2O
  Sylvite          -2.79     -2.08    0.71  KCl
  Tachyhydrite    -24.65     -6.75   17.90  CaCl2:(MgCl2)2:12H2O
  Thenardite       -2.59     -2.89   -0.30  Na2SO4
  Trona            -8.60     -9.80   -1.20  Na3H(CO3)2:2H2O
  Vaterite         -0.85     -8.65   -7.80  CaCO3

**For a gas, SI = log10(fugacity). Fugacity = pressure * phi / 1 atm.
  For ideal gases, phi = 1.

-----------------------------------------
Beginning of batch-reaction calculations.
-----------------------------------------

Reaction step 1.

Using solution 1.	
Using pure phase assemblage 1.	

-------------------------------Phase assemblage--------------------------------

                                                      Moles in assemblage
Phase               SI  log IAP  log K(T, P)   Initial       Final       Delta

Calcite          -0.24    -8.65     -8.41    0.000e+00           0   0.000e+00
Gypsum           -0.19    -4.81     -4.62    0.000e+00           0   0.000e+00
Halite           -1.93    -0.40      1.53    0.000e+00           0   0.000e+00
Hydrohalite      -1.80    -0.43      1.37    0.000e+00           0   0.000e+00
Ice(s)           -0.05    -0.02      0.04    0.000e+00           0   0.000e+00
Mirabilite       -1.01    -3.05     -2.04    0.000e+00           0   0.000e+00

-----------------------------Solution composition------------------------------

	Elements           Molality       Moles

	C                 3.969e-03   3.969e-03
	Ca                2.402e-02   2.402e-02
	Cl                1.027e+00   1.027e+00
	K                 2.153e-02   2.153e-02
	Mg                1.159e-01   1.159e-01
	Na                9.352e-01   9.352e-01
	S                 5.942e-02   5.942e-02

----------------------------Description of solution----------------------------

                                       pH  =   7.005      Charge balance
                                       pe  =   4.000      Adjusted to redox equilibrium
      Specific Conductance (µS/cm,   9°C)  = 55539
                          Density (g/cm³)  =   1.05080
                               Volume (L)  =   1.01682
                        Activity of water  =   0.965
                 Ionic strength (mol/kgw)  =   1.392e+00
                       Mass of water (kg)  =   1.000e+00
                 Total alkalinity (eq/kg)  =   3.571e-03
                       Total CO2 (mol/kg)  =   3.969e-03
                         Temperature (°C)  =   9.00
                  Electrical balance (eq)  =   8.704e-02
 Percent error, 100*(Cat-|An|)/(Cat+|An|)  =   3.65
                               Iterations  =   1
                         Gamma iterations  =   1
                      Osmotic coefficient  =   0.91694
                         Density of water  =   0.99978
                                  Total H  = 1.110221e+02
                                  Total O  = 5.575845e+01

----------------------------Distribution of species----------------------------

                                                    Unscaled  Unscaled
                                Unscaled       Log       Log       Log    mole V
   Species          Molality    Activity  Molality  Activity     Gamma   cm³/mol

   H+              1.256e-07   9.886e-08    -6.901    -7.005    -0.104      0.00
   OH-             7.781e-08   2.644e-08    -7.109    -7.578    -0.469     -2.65
   H2O             5.551e+01   9.645e-01     1.744    -0.016     0.000     18.02
C(4)          3.969e-03
   HCO3-           3.536e-03   1.776e-03    -2.452    -2.751    -0.299     26.96
   CO2             4.162e-04   5.412e-04    -3.381    -3.267     0.114     34.03
   CO3-2           8.922e-06   5.673e-07    -5.050    -6.246    -1.197     -0.96
   MgCO3           8.595e-06   8.595e-06    -5.066    -5.066     0.000    -17.07
   CaCO3           1.971e-12   1.971e-12   -11.705   -11.705     0.000     (0)  
Ca            2.402e-02
   Ca+2            2.402e-02   3.983e-03    -1.619    -2.400    -0.780    -16.96
   CaCO3           1.971e-12   1.971e-12   -11.705   -11.705     0.000     (0)  
Cl            1.027e+00
   Cl-             1.027e+00   7.177e-01     0.012    -0.144    -0.156     18.29
K             2.153e-02
   K+              2.153e-02   1.155e-02    -1.667    -1.938    -0.271      9.49
Mg            1.159e-01
   Mg+2            1.159e-01   2.235e-02    -0.936    -1.651    -0.715    -19.55
   MgCO3           8.595e-06   8.595e-06    -5.066    -5.066     0.000    -17.07
   MgOH+           9.420e-08   7.735e-08    -7.026    -7.112    -0.086     (0)  
Na            9.352e-01
   Na+             9.352e-01   5.533e-01    -0.029    -0.257    -0.228     -0.94
S(6)          5.942e-02
   SO4-2           5.942e-02   4.174e-03    -1.226    -2.379    -1.153     17.69

------------------------------Saturation indices-------------------------------

  Phase               SI** log IAP   log K(282 K,   1 atm)

  Anhydrite        -0.66     -4.78   -4.12  CaSO4
  Antarcticite     -6.23     -2.78    3.44  CaCl2:6H2O
  Aphthitalite    -13.41    -21.66   -8.25  Na2SO4:3K2SO4
  Aragonite        -0.39     -8.65   -8.25  CaCO3
  Arcanite         -4.22     -6.25   -2.04  K2SO4
  Bischofite       -6.76     -2.03    4.72  MgCl2:6H2O
  Bloedite         -4.56     -6.99   -2.43  Na2Mg(SO4)2:4H2O
  Calcite          -0.24     -8.65   -8.41  CaCO3
  Carnallite       -8.18     -4.11    4.07  KMgCl3:6H2O
  CO2(g)           -2.01     -3.27   -1.25  CO2
  Dolomite          0.15    -16.54  -16.69  CaMg(CO3)2
  Epsomite         -2.05     -4.14   -2.09  MgSO4:7H2O
  Gypsum           -0.19     -4.81   -4.62  CaSO4:2H2O
  Halite           -1.93     -0.40    1.53  NaCl
  Hexahydrite      -2.45     -4.12   -1.67  MgSO4:6H2O
  Hydrohalite      -1.80     -0.43    1.37  NaCl:2H2O
  Hydromagnesite   -4.84    -40.54  -35.71  (MgCO3)3:Mg(OH)2:3H2O
  Ice(s)           -0.05     -0.02    0.04  H2O
  Ikaite           -1.77     -8.74   -6.97  CaCO3:6H2O
  Kalicinite       -4.65     -4.69   -0.04  KHCO3
  Kieserite        -4.24     -4.05    0.19  MgSO4:H2O
  Landsfordite     -2.78     -7.98   -5.19  MgCO3:5H2O
  Magnesite        -0.12     -7.90   -7.77  MgCO3
  Meridianite      -2.24     -4.20   -1.96  MgSO4:11H2O
  MgCl2:12H2O      -5.57     -2.13    3.44  MgCl2:12H2O
  MgCl2:8H2O       -6.05     -2.06    3.98  MgCl2:8H2O
  Mirabilite       -1.01     -3.05   -2.04  Na2SO4:10H2O
  Na2CO3:7H2O      -6.03     -6.87   -0.84  Na2CO3:7H2O
  Nahcolite        -2.41     -3.01   -0.60  NaHCO3
  Natron           -5.46     -6.92   -1.46  Na2CO3:10H2O
  Nesquehonite     -2.75     -7.94   -5.19  MgCO3:3H2O
  Picromerite      -5.63    -10.38   -4.75  MgSO4:K2SO4:6H2O
  Sylvite          -2.79     -2.08    0.71  KCl
  Tachyhydrite    -24.65     -6.75   17.90  CaCl2:(MgCl2)2:12H2O
  Thenardite       -2.59     -2.89   -0.30  Na2SO4
  Trona            -8.60     -9.80   -1.20  Na3H(CO3)2:2H2O
  Vaterite         -0.85     -8.65   -7.80  CaCO3

**For a gas, SI = log10(fugacity). Fugacity = pressure * phi / 1 atm.
  For ideal gases, phi = 1.

------------------
End of simulation.
------------------

------------------------------------
Reading input data for simulation 2.
------------------------------------

-------------------------------
End of Run after 1.184 Seconds.
-------------------------------

