   Input file: C:\Users\Kagiso\PHREEQC-Python\C3_Ca_plus10pct_FREZ_eq_-007p0.pqi
  Output file: C:\Users\Kagiso\PHREEQC-Python\C3_Ca_plus10pct_FREZ_eq_-007p0.out
Database file: C:\Program Files\USGS\phreeqc-3.8.6-17100-x64\database\frezchem.dat

------------------
Reading data base.
------------------

	PITZER
	SOLUTION_MASTER_SPECIES
	SOLUTION_SPECIES
	PHASES
	PITZER
	EXCHANGE_MASTER_SPECIES
	EXCHANGE_SPECIES
	SURFACE_MASTER_SPECIES
	SURFACE_SPECIES
	END
------------------------------------
Reading input data for simulation 1.
------------------------------------

	TITLE C3_Ca_plus10pct FREZCHEM sequential FC at -7.00 C
	SOLUTION 1
	    temp -7.00000000
	    pH 6.8838000000
	    units mol/kgw
	    water 0.671160000000
	    Na 1.39927886048036e+00
	    K 3.22143751117468e-02
	    Mg 1.73341677096370e-01
	    Ca 3.19893915012814e-02
	    Cl 1.70749150724119e+00
	    S(6) 8.13889385541451e-02
	    C(4) 5.83199237141665e-03
	EQUILIBRIUM_PHASES 1
	    Ice(s)       0.0 0.0
	    Mirabilite   0.0 0.0
	    Halite       0.0 0.0
	    Hydrohalite  0.0 0.0
	    Calcite      0.0 0.0
	    Gypsum       0.0 0.0
	SELECTED_OUTPUT 1
	    file C:/Users/Kagiso/PHREEQC-Python/C3_Ca_plus10pct_FREZ_eq_-007p0.txt
	    reset false
	    user_punch true
	USER_PUNCH 1
	    headings Temp_C pH Water_kg Alk_eq_kgw Mu aw Na_mol K_mol Mg_mol Ca_mol Cl_mol S6_mol C4_mol Na_m K_m Mg_m Ca_m Cl_m S6_m C4_m Na_act Cl_act SO4_act SI_Ice SI_Mirabilite SI_Halite SI_Hydrohalite SI_Calcite SI_Gypsum Ice_mol Mirabilite_mol Halite_mol Hydrohalite_mol Calcite_mol Gypsum_mol Iterations
	    10 PUNCH TC, -LA("H+"), TOT("water"), ALK, MU, ACT("H2O")
	    20 PUNCH TOTMOLE("Na"), TOTMOLE("K"), TOTMOLE("Mg"), TOTMOLE("Ca")
	    30 PUNCH TOTMOLE("Cl"), TOTMOLE("S(6)"), TOTMOLE("C(4)")
	    40 PUNCH TOT("Na"), TOT("K"), TOT("Mg"), TOT("Ca")
	    50 PUNCH TOT("Cl"), TOT("S(6)"), TOT("C(4)")
	    60 PUNCH ACT("Na+"), ACT("Cl-"), ACT("SO4-2")
	    70 PUNCH SI("Ice(s)"), SI("Mirabilite"), SI("Halite"), SI("Hydrohalite"), SI("Calcite"), SI("Gypsum")
	    80 PUNCH EQUI("Ice(s)"), EQUI("Mirabilite"), EQUI("Halite"), EQUI("Hydrohalite"), EQUI("Calcite"), EQUI("Gypsum")
	    90 PUNCH ITERATIONS
	END
-----
TITLE
-----

 C3_Ca_plus10pct FREZCHEM sequential FC at -7.00 C

-------------------------------------------
Beginning of initial solution calculations.
-------------------------------------------

Initial solution 1.	

-----------------------------Solution composition------------------------------

	Elements           Molality       Moles

	C(4)              5.832e-03   3.914e-03
	Ca                3.199e-02   2.147e-02
	Cl                1.707e+00   1.146e+00
	K                 3.221e-02   2.162e-02
	Mg                1.733e-01   1.163e-01
	Na                1.399e+00   9.391e-01
	S(6)              8.139e-02   5.463e-02

----------------------------Description of solution----------------------------

                                       pH  =   6.884    
                                       pe  =   4.000    
      Specific Conductance (µS/cm,  -7°C)  = 44992
                          Density (g/cm³)  =   1.08074
                               Volume (L)  =   0.68785
                        Activity of water  =   0.944
                 Ionic strength (mol/kgw)  =   2.145e+00
                       Mass of water (kg)  =   6.712e-01
                 Total alkalinity (eq/kg)  =   4.757e-03
                       Total CO2 (mol/kg)  =   5.832e-03
                         Temperature (°C)  =  -7.00
                  Electrical balance (eq)  =  -2.206e-02
 Percent error, 100*(Cat-|An|)/(Cat+|An|)  =  -0.88
                               Iterations  =  14
                         Gamma iterations  =   4
                      Osmotic coefficient  =   0.93569
                         Density of water  =   0.99888
                                  Total H  = 7.451441e+01
                                  Total O  = 3.748513e+01

----------------------------Distribution of species----------------------------

                                                    Unscaled  Unscaled
                                Unscaled       Log       Log       Log    mole V
   Species          Molality    Activity  Molality  Activity     Gamma   cm³/mol

   H+              1.274e-07   1.307e-07    -6.895    -6.884     0.011      0.00
   OH-             2.016e-08   4.025e-09    -7.696    -8.395    -0.700     -4.08
   H2O             5.551e+01   9.438e-01     1.744    -0.025     0.000     18.04
C(4)          5.832e-03
   HCO3-           4.729e-03   2.220e-03    -2.325    -2.654    -0.328     27.02
   CO2             1.089e-03   1.482e-03    -2.963    -2.829     0.134     43.16
   CO3-2           7.818e-06   3.046e-07    -5.107    -6.516    -1.409     -3.78
   MgCO3           6.206e-06   6.206e-06    -5.207    -5.207     0.000    -17.03
   CaCO3           1.584e-12   1.584e-12   -11.800   -11.800     0.000     (0)  
Ca            3.199e-02
   Ca+2            3.199e-02   6.540e-03    -1.495    -2.184    -0.689    -18.54
   CaCO3           1.584e-12   1.584e-12   -11.800   -11.800     0.000     (0)  
Cl            1.707e+00
   Cl-             1.707e+00   1.149e+00     0.232     0.060    -0.172     16.84
K             3.221e-02
   K+              3.221e-02   1.583e-02    -1.492    -1.801    -0.309      9.12
Mg            1.733e-01
   Mg+2            1.733e-01   3.694e-02    -0.761    -1.433    -0.671    -18.89
   MgCO3           6.206e-06   6.206e-06    -5.207    -5.207     0.000    -17.03
   MgOH+           2.229e-08   1.811e-08    -7.652    -7.742    -0.090     (0)  
Na            1.399e+00
   Na+             1.399e+00   7.900e-01     0.146    -0.102    -0.248     -1.94
S(6)          8.139e-02
   SO4-2           8.139e-02   3.413e-03    -1.089    -2.467    -1.377     13.55

------------------------------Saturation indices-------------------------------

  Phase               SI** log IAP   log K(266 K,   1 atm)

  Anhydrite        -0.62     -4.65   -4.03  CaSO4
  Antarcticite     -5.36     -2.21    3.14  CaCl2:6H2O
  Aphthitalite    -11.56    -20.88   -9.31  Na2SO4:3K2SO4
  Aragonite        -0.50     -8.70   -8.20  CaCO3
  Arcanite         -3.74     -6.07   -2.33  K2SO4
  Bischofite       -6.21     -1.46    4.75  MgCl2:6H2O
  Bloedite         -4.19     -6.67   -2.49  Na2Mg(SO4)2:4H2O
  Calcite          -0.33     -8.70   -8.37  CaCO3
  Carnallite       -6.93     -3.20    3.73  KMgCl3:6H2O
  CO2(g)           -1.85     -2.83   -0.98  CO2
  Dolomite         -0.40    -16.65  -16.25  CaMg(CO3)2
  Epsomite         -1.76     -4.08   -2.31  MgSO4:7H2O
  Gypsum            0.01     -4.70   -4.71  CaSO4:2H2O
  Halite           -1.50     -0.04    1.46  NaCl
  Hexahydrite      -2.33     -4.05   -1.72  MgSO4:6H2O
  Hydrohalite      -1.24     -0.09    1.15  NaCl:2H2O
  Hydromagnesite   -7.63    -42.14  -34.52  (MgCO3)3:Mg(OH)2:3H2O
  Ice(s)            0.00     -0.03   -0.03  H2O
  Ikaite           -1.45     -8.85   -7.40  CaCO3:6H2O
  Kalicinite       -4.19     -4.45   -0.26  KHCO3
  Kieserite        -4.81     -3.92    0.89  MgSO4:H2O
  Landsfordite     -2.98     -8.07   -5.09  MgCO3:5H2O
  Magnesite        -0.46     -7.95   -7.49  MgCO3
  Meridianite      -1.57     -4.18   -2.61  MgSO4:11H2O
  MgCl2:12H2O      -4.07     -1.61    2.45  MgCl2:12H2O
  MgCl2:8H2O       -5.24     -1.51    3.73  MgCl2:8H2O
  Mirabilite       -0.04     -2.92   -2.88  Na2SO4:10H2O
  Na2CO3:7H2O      -5.66     -6.90   -1.23  Na2CO3:7H2O
  Nahcolite        -1.95     -2.76   -0.80  NaHCO3
  Natron           -4.92     -6.97   -2.05  Na2CO3:10H2O
  Nesquehonite     -3.13     -8.02   -4.89  MgCO3:3H2O
  Picromerite      -4.83    -10.12   -5.29  MgSO4:K2SO4:6H2O
  Sylvite          -2.20     -1.74    0.46  KCl
  Tachyhydrite    -23.85     -4.99   18.86  CaCl2:(MgCl2)2:12H2O
  Thenardite       -2.36     -2.67   -0.31  Na2SO4
  Trona            -8.15     -9.53   -1.37  Na3H(CO3)2:2H2O
  Vaterite         -0.99     -8.70   -7.71  CaCO3

**For a gas, SI = log10(fugacity). Fugacity = pressure * phi / 1 atm.
  For ideal gases, phi = 1.

-----------------------------------------
Beginning of batch-reaction calculations.
-----------------------------------------

Reaction step 1.

WARNING: Maximum iterations exceeded, 200

WARNING: Numerical method failed with this set of convergence parameters.

WARNING: Trying smaller step size, pe step size 10, 5 ... 

WARNING: Maximum iterations exceeded, 400

WARNING: Numerical method failed with this set of convergence parameters.

WARNING: Trying reduced tolerance 1e-16 ...

WARNING: Maximum iterations exceeded, 400

WARNING: Numerical method failed with this set of convergence parameters.

WARNING: Trying increased tolerance 1e-14 ...

WARNING: Maximum iterations exceeded, 400

WARNING: Numerical method failed with this set of convergence parameters.

WARNING: Trying diagonal scaling ...

Using solution 1.	
Using pure phase assemblage 1.	

-------------------------------Phase assemblage--------------------------------

                                                      Moles in assemblage
Phase               SI  log IAP  log K(T, P)   Initial       Final       Delta

Calcite          -0.26    -8.63     -8.37    0.000e+00           0   0.000e+00
Gypsum            0.00    -4.71     -4.71    0.000e+00   2.408e-03   2.408e-03
Halite           -1.37     0.09      1.46    0.000e+00           0   0.000e+00
Hydrohalite      -1.12     0.03      1.15    0.000e+00           0   0.000e+00
Ice(s)            0.00    -0.03     -0.03    0.000e+00   4.913e+00   4.913e+00
Mirabilite        0.00    -2.88     -2.88    0.000e+00   2.983e-03   2.983e-03

-----------------------------Solution composition------------------------------

	Elements           Molality       Moles

	C                 6.725e-03   3.914e-03
	Ca                3.275e-02   1.906e-02
	Cl                1.969e+00   1.146e+00
	K                 3.715e-02   2.162e-02
	Mg                1.999e-01   1.163e-01
	Na                1.603e+00   9.332e-01
	S                 8.459e-02   4.923e-02

----------------------------Description of solution----------------------------

                                       pH  =   6.864      Charge balance
                                       pe  =   4.000      Adjusted to redox equilibrium
      Specific Conductance (µS/cm,  -7°C)  = 49294
                          Density (g/cm³)  =   1.09105
                               Volume (L)  =   0.59897
                        Activity of water  =   0.935
                 Ionic strength (mol/kgw)  =   2.442e+00
                       Mass of water (kg)  =   5.820e-01
                 Total alkalinity (eq/kg)  =   5.486e-03
                       Total CO2 (mol/kg)  =   6.725e-03
                         Temperature (°C)  =  -7.00
                  Electrical balance (eq)  =  -2.206e-02
 Percent error, 100*(Cat-|An|)/(Cat+|An|)  =  -0.89
                               Iterations  =  11 (1415 overall)
                         Gamma iterations  =   1
                      Osmotic coefficient  =   0.95498
                         Density of water  =   0.99888
                                  Total H  = 6.461960e+01
                                  Total O  = 3.251616e+01

----------------------------Distribution of species----------------------------

                                                    Unscaled  Unscaled
                                Unscaled       Log       Log       Log    mole V
   Species          Molality    Activity  Molality  Activity     Gamma   cm³/mol

   H+              1.211e-07   1.367e-07    -6.917    -6.864     0.053      0.00
   OH-             2.202e-08   3.810e-09    -7.657    -8.419    -0.762     -3.69
   H2O             5.551e+01   9.346e-01     1.744    -0.029     0.000     18.04
C(4)          6.725e-03
   HCO3-           5.450e-03   2.481e-03    -2.264    -2.605    -0.342     27.99
   CO2             1.257e-03   1.750e-03    -2.901    -2.757     0.144     43.16
   CO3-2           9.654e-06   3.254e-07    -5.015    -6.488    -1.472     -2.87
   MgCO3           8.381e-06   8.381e-06    -5.077    -5.077     0.000    -17.03
   CaCO3           1.854e-12   1.854e-12   -11.732   -11.732     0.000     (0)  
Ca            3.275e-02
   Ca+2            3.275e-02   7.166e-03    -1.485    -2.145    -0.660    -18.55
   CaCO3           1.854e-12   1.854e-12   -11.732   -11.732     0.000     (0)  
Cl            1.969e+00
   Cl-             1.969e+00   1.348e+00     0.294     0.130    -0.164     16.97
K             3.715e-02
   K+              3.715e-02   1.786e-02    -1.430    -1.748    -0.318      9.36
Mg            1.999e-01
   Mg+2            1.999e-01   4.670e-02    -0.699    -1.331    -0.631    -18.80
   MgCO3           8.381e-06   8.381e-06    -5.077    -5.077     0.000    -17.03
   MgOH+           2.756e-08   2.168e-08    -7.560    -7.664    -0.104     (0)  
Na            1.603e+00
   Na+             1.603e+00   9.070e-01     0.205    -0.042    -0.247     -1.76
S(6)          8.459e-02
   SO4-2           8.459e-02   3.135e-03    -1.073    -2.504    -1.431     14.12

------------------------------Saturation indices-------------------------------

  Phase               SI** log IAP   log K(266 K,   1 atm)

  Anhydrite        -0.61     -4.65   -4.03  CaSO4
  Antarcticite     -5.21     -2.06    3.14  CaCl2:6H2O
  Aphthitalite    -11.28    -20.59   -9.31  Na2SO4:3K2SO4
  Aragonite        -0.43     -8.63   -8.20  CaCO3
  Arcanite         -3.67     -6.00   -2.33  K2SO4
  Bischofite       -6.00     -1.25    4.75  MgCl2:6H2O
  Bloedite         -4.05     -6.54   -2.49  Na2Mg(SO4)2:4H2O
  Calcite          -0.26     -8.63   -8.37  CaCO3
  Carnallite       -6.60     -2.87    3.73  KMgCl3:6H2O
  CO2(g)           -1.78     -2.76   -0.98  CO2
  Dolomite         -0.20    -16.45  -16.25  CaMg(CO3)2
  Epsomite         -1.73     -4.04   -2.31  MgSO4:7H2O
  Gypsum            0.00     -4.71   -4.71  CaSO4:2H2O
  Halite           -1.37      0.09    1.46  NaCl
  Hexahydrite      -2.29     -4.01   -1.72  MgSO4:6H2O
  Hydrohalite      -1.12      0.03    1.15  NaCl:2H2O
  Hydromagnesite   -7.19    -41.71  -34.52  (MgCO3)3:Mg(OH)2:3H2O
  Ice(s)            0.00     -0.03   -0.03  H2O
  Ikaite           -1.41     -8.81   -7.40  CaCO3:6H2O
  Kalicinite       -4.09     -4.35   -0.26  KHCO3
  Kieserite        -4.75     -3.86    0.89  MgSO4:H2O
  Landsfordite     -2.87     -7.97   -5.09  MgCO3:5H2O
  Magnesite        -0.33     -7.82   -7.49  MgCO3
  Meridianite      -1.55     -4.16   -2.61  MgSO4:11H2O
  MgCl2:12H2O      -3.88     -1.42    2.45  MgCl2:12H2O
  MgCl2:8H2O       -5.04     -1.31    3.73  MgCl2:8H2O
  Mirabilite        0.00     -2.88   -2.88  Na2SO4:10H2O
  Na2CO3:7H2O      -5.55     -6.78   -1.23  Na2CO3:7H2O
  Nahcolite        -1.84     -2.65   -0.80  NaHCO3
  Natron           -4.81     -6.87   -2.05  Na2CO3:10H2O
  Nesquehonite     -3.01     -7.91   -4.89  MgCO3:3H2O
  Picromerite      -4.72    -10.01   -5.29  MgSO4:K2SO4:6H2O
  Sylvite          -2.08     -1.62    0.46  KCl
  Tachyhydrite    -23.24     -4.38   18.86  CaCl2:(MgCl2)2:12H2O
  Thenardite       -2.27     -2.59   -0.31  Na2SO4
  Trona            -7.91     -9.28   -1.37  Na3H(CO3)2:2H2O
  Vaterite         -0.92     -8.63   -7.71  CaCO3

**For a gas, SI = log10(fugacity). Fugacity = pressure * phi / 1 atm.
  For ideal gases, phi = 1.

------------------
End of simulation.
------------------

------------------------------------
Reading input data for simulation 2.
------------------------------------

-------------------------------
End of Run after 1.473 Seconds.
-------------------------------

