   Input file: C:\Users\Kagiso\PHREEQC-Python\C3_Ca_plus10pct_FREZ_pre_+002p0.pqi
  Output file: C:\Users\Kagiso\PHREEQC-Python\C3_Ca_plus10pct_FREZ_pre_+002p0.out
Database file: C:\Program Files\USGS\phreeqc-3.8.6-17100-x64\database\frezchem.dat

------------------
Reading data base.
------------------

	PITZER
	SOLUTION_MASTER_SPECIES
	SOLUTION_SPECIES
	PHASES
	PITZER
	EXCHANGE_MASTER_SPECIES
	EXCHANGE_SPECIES
	SURFACE_MASTER_SPECIES
	SURFACE_SPECIES
	END
------------------------------------
Reading input data for simulation 1.
------------------------------------

	TITLE C3_Ca_plus10pct FREZCHEM sequential FC at 2.00 C
	SOLUTION 1
	    temp 2.00000000
	    pH 6.9385000000
	    units mol/kgw
	    water 1.000000000000
	    Na 9.39140000000000e-01
	    K 2.16210000000000e-02
	    Mg 1.16340000000000e-01
	    Ca 2.65090000000000e-02
	    Cl 1.14600000000000e+00
	    S(6) 5.96640000000000e-02
	    C(4) 3.91420000000000e-03
	SELECTED_OUTPUT 1
	    file C:/Users/Kagiso/PHREEQC-Python/C3_Ca_plus10pct_FREZ_pre_+002p0.txt
	    reset false
	    user_punch true
	USER_PUNCH 1
	    headings Temp_C pH Water_kg Alk_eq_kgw Mu aw Na_mol K_mol Mg_mol Ca_mol Cl_mol S6_mol C4_mol Na_m K_m Mg_m Ca_m Cl_m S6_m C4_m Na_act Cl_act SO4_act SI_Ice SI_Mirabilite SI_Halite SI_Hydrohalite SI_Calcite SI_Gypsum Iterations
	    10 PUNCH TC, -LA("H+"), TOT("water"), ALK, MU, ACT("H2O")
	    20 PUNCH TOTMOLE("Na"), TOTMOLE("K"), TOTMOLE("Mg"), TOTMOLE("Ca")
	    30 PUNCH TOTMOLE("Cl"), TOTMOLE("S(6)"), TOTMOLE("C(4)")
	    40 PUNCH TOT("Na"), TOT("K"), TOT("Mg"), TOT("Ca")
	    50 PUNCH TOT("Cl"), TOT("S(6)"), TOT("C(4)")
	    60 PUNCH ACT("Na+"), ACT("Cl-"), ACT("SO4-2")
	    70 PUNCH SI("Ice(s)"), SI("Mirabilite"), SI("Halite"), SI("Hydrohalite"), SI("Calcite"), SI("Gypsum")
	    80 PUNCH ITERATIONS
	END
-----
TITLE
-----

 C3_Ca_plus10pct FREZCHEM sequential FC at 2.00 C

-------------------------------------------
Beginning of initial solution calculations.
-------------------------------------------

Initial solution 1.	

-----------------------------Solution composition------------------------------

	Elements           Molality       Moles

	C(4)              3.914e-03   3.914e-03
	Ca                2.651e-02   2.651e-02
	Cl                1.146e+00   1.146e+00
	K                 2.162e-02   2.162e-02
	Mg                1.163e-01   1.163e-01
	Na                9.391e-01   9.391e-01
	S(6)              5.966e-02   5.966e-02

----------------------------Description of solution----------------------------

                                       pH  =   6.939    
                                       pe  =   4.000    
      Specific Conductance (µS/cm,   2°C)  = 47236
                          Density (g/cm³)  =   1.05442
                               Volume (L)  =   1.01754
                        Activity of water  =   0.963
                 Ionic strength (mol/kgw)  =   1.460e+00
                       Mass of water (kg)  =   1.000e+00
                 Total alkalinity (eq/kg)  =   3.378e-03
                       Total CO2 (mol/kg)  =   3.914e-03
                         Temperature (°C)  =   2.00
                  Electrical balance (eq)  =  -2.225e-02
 Percent error, 100*(Cat-|An|)/(Cat+|An|)  =  -0.88
                               Iterations  =  13
                         Gamma iterations  =   4
                      Osmotic coefficient  =   0.91574
                         Density of water  =   0.99994
                                  Total H  = 1.110220e+02
                                  Total O  = 5.575915e+01

----------------------------Distribution of species----------------------------

                                                    Unscaled  Unscaled
                                Unscaled       Log       Log       Log    mole V
   Species          Molality    Activity  Molality  Activity     Gamma   cm³/mol

   H+              1.383e-07   1.152e-07    -6.859    -6.939    -0.079      0.00
   OH-             3.782e-08   1.174e-08    -7.422    -7.930    -0.508     -3.40
   H2O             5.551e+01   9.626e-01     1.744    -0.017     0.000     18.02
C(4)          3.914e-03
   HCO3-           3.355e-03   1.677e-03    -2.474    -2.775    -0.301     26.31
   CO2             5.480e-04   7.163e-04    -3.261    -3.145     0.116     37.26
   CO3-2           6.329e-06   3.673e-07    -5.199    -6.435    -1.236     -2.54
   MgCO3           5.354e-06   5.354e-06    -5.271    -5.271     0.000    -17.05
   CaCO3           1.579e-12   1.579e-12   -11.802   -11.802     0.000     (0)  
Ca            2.651e-02
   Ca+2            2.651e-02   4.901e-03    -1.577    -2.310    -0.733    -17.47
   CaCO3           1.579e-12   1.579e-12   -11.802   -11.802     0.000     (0)  
Cl            1.146e+00
   Cl-             1.146e+00   7.768e-01     0.059    -0.110    -0.169     17.71
K             2.162e-02
   K+              2.162e-02   1.151e-02    -1.665    -1.939    -0.274      9.18
Mg            1.163e-01
   Mg+2            1.163e-01   2.358e-02    -0.934    -1.627    -0.693    -19.34
   MgCO3           5.354e-06   5.354e-06    -5.271    -5.271     0.000    -17.05
   MgOH+           4.041e-08   3.472e-08    -7.394    -7.459    -0.066     (0)  
Na            9.391e-01
   Na+             9.391e-01   5.544e-01    -0.027    -0.256    -0.229     -1.44
S(6)          5.966e-02
   SO4-2           5.966e-02   3.737e-03    -1.224    -2.427    -1.203     15.91

------------------------------Saturation indices-------------------------------

  Phase               SI** log IAP   log K(275 K,   1 atm)

  Anhydrite        -0.66     -4.74   -4.07  CaSO4
  Antarcticite     -5.93     -2.63    3.31  CaCl2:6H2O
  Aphthitalite    -13.14    -21.85   -8.71  Na2SO4:3K2SO4
  Aragonite        -0.52     -8.74   -8.22  CaCO3
  Arcanite         -4.14     -6.31   -2.16  K2SO4
  Bischofite       -6.69     -1.95    4.74  MgCl2:6H2O
  Bloedite         -4.61     -7.06   -2.45  Na2Mg(SO4)2:4H2O
  Calcite          -0.36     -8.74   -8.39  CaCO3
  Carnallite       -7.93     -3.99    3.93  KMgCl3:6H2O
  CO2(g)           -2.00     -3.14   -1.14  CO2
  Dolomite         -0.30    -16.81  -16.50  CaMg(CO3)2
  Epsomite         -1.99     -4.17   -2.18  MgSO4:7H2O
  Gypsum           -0.12     -4.77   -4.65  CaSO4:2H2O
  Halite           -1.87     -0.37    1.50  NaCl
  Hexahydrite      -2.46     -4.15   -1.69  MgSO4:6H2O
  Hydrohalite      -1.68     -0.40    1.28  NaCl:2H2O
  Hydromagnesite   -6.52    -41.72  -35.20  (MgCO3)3:Mg(OH)2:3H2O
  Ice(s)           -0.02     -0.02    0.01  H2O
  Ikaite           -1.69     -8.84   -7.15  CaCO3:6H2O
  Kalicinite       -4.58     -4.71   -0.14  KHCO3
  Kieserite        -4.53     -4.07    0.46  MgSO4:H2O
  Landsfordite     -2.94     -8.15   -5.20  MgCO3:5H2O
  Magnesite        -0.41     -8.06   -7.65  MgCO3
  Meridianite      -1.99     -4.24   -2.24  MgSO4:11H2O
  MgCl2:12H2O      -5.02     -2.05    2.97  MgCl2:12H2O
  MgCl2:8H2O       -5.86     -1.98    3.88  MgCl2:8H2O
  Mirabilite       -0.70     -3.11   -2.41  Na2SO4:10H2O
  Na2CO3:7H2O      -6.05     -7.06   -1.01  Na2CO3:7H2O
  Nahcolite        -2.34     -3.03   -0.69  NaHCO3
  Natron           -5.39     -7.11   -1.73  Na2CO3:10H2O
  Nesquehonite     -3.03     -8.11   -5.08  MgCO3:3H2O
  Picromerite      -5.49    -10.46   -4.97  MgSO4:K2SO4:6H2O
  Sylvite          -2.66     -2.05    0.61  KCl
  Tachyhydrite    -24.74     -6.42   18.32  CaCl2:(MgCl2)2:12H2O
  Thenardite       -2.63     -2.94   -0.31  Na2SO4
  Trona            -8.74    -10.01   -1.27  Na3H(CO3)2:2H2O
  Vaterite         -0.99     -8.74   -7.75  CaCO3

**For a gas, SI = log10(fugacity). Fugacity = pressure * phi / 1 atm.
  For ideal gases, phi = 1.

------------------
End of simulation.
------------------

------------------------------------
Reading input data for simulation 2.
------------------------------------

-------------------------------
End of Run after 1.289 Seconds.
-------------------------------

