   Input file: C:\Users\Kagiso\PHREEQC-Python\C3_Ca_minus10pct_FREZ_eq_-006p0.pqi
  Output file: C:\Users\Kagiso\PHREEQC-Python\C3_Ca_minus10pct_FREZ_eq_-006p0.out
Database file: C:\Program Files\USGS\phreeqc-3.8.6-17100-x64\database\frezchem.dat

------------------
Reading data base.
------------------

	PITZER
	SOLUTION_MASTER_SPECIES
	SOLUTION_SPECIES
	PHASES
	PITZER
	EXCHANGE_MASTER_SPECIES
	EXCHANGE_SPECIES
	SURFACE_MASTER_SPECIES
	SURFACE_SPECIES
	END
------------------------------------
Reading input data for simulation 1.
------------------------------------

	TITLE C3_Ca_minus10pct FREZCHEM sequential FC at -6.00 C
	SOLUTION 1
	    temp -6.00000000
	    pH 6.9785000000
	    units mol/kgw
	    water 0.793690000000
	    Na 1.18303115826078e+00
	    K 2.72360745379178e-02
	    Mg 1.46555960135569e-01
	    Ca 2.72965515503534e-02
	    Cl 1.44363668434779e+00
	    S(6) 7.51578072043241e-02
	    C(4) 4.99842507780116e-03
	EQUILIBRIUM_PHASES 1
	    Ice(s)       0.0 0.0
	    Mirabilite   0.0 0.0
	    Halite       0.0 0.0
	    Hydrohalite  0.0 0.0
	    Calcite      0.0 0.0
	    Gypsum       0.0 0.0
	SELECTED_OUTPUT 1
	    file C:/Users/Kagiso/PHREEQC-Python/C3_Ca_minus10pct_FREZ_eq_-006p0.txt
	    reset false
	    user_punch true
	USER_PUNCH 1
	    headings Temp_C pH Water_kg Alk_eq_kgw Mu aw Na_mol K_mol Mg_mol Ca_mol Cl_mol S6_mol C4_mol Na_m K_m Mg_m Ca_m Cl_m S6_m C4_m Na_act Cl_act SO4_act SI_Ice SI_Mirabilite SI_Halite SI_Hydrohalite SI_Calcite SI_Gypsum Ice_mol Mirabilite_mol Halite_mol Hydrohalite_mol Calcite_mol Gypsum_mol Iterations
	    10 PUNCH TC, -LA("H+"), TOT("water"), ALK, MU, ACT("H2O")
	    20 PUNCH TOTMOLE("Na"), TOTMOLE("K"), TOTMOLE("Mg"), TOTMOLE("Ca")
	    30 PUNCH TOTMOLE("Cl"), TOTMOLE("S(6)"), TOTMOLE("C(4)")
	    40 PUNCH TOT("Na"), TOT("K"), TOT("Mg"), TOT("Ca")
	    50 PUNCH TOT("Cl"), TOT("S(6)"), TOT("C(4)")
	    60 PUNCH ACT("Na+"), ACT("Cl-"), ACT("SO4-2")
	    70 PUNCH SI("Ice(s)"), SI("Mirabilite"), SI("Halite"), SI("Hydrohalite"), SI("Calcite"), SI("Gypsum")
	    80 PUNCH EQUI("Ice(s)"), EQUI("Mirabilite"), EQUI("Halite"), EQUI("Hydrohalite"), EQUI("Calcite"), EQUI("Gypsum")
	    90 PUNCH ITERATIONS
	END
-----
TITLE
-----

 C3_Ca_minus10pct FREZCHEM sequential FC at -6.00 C

-------------------------------------------
Beginning of initial solution calculations.
-------------------------------------------

Initial solution 1.	

-----------------------------Solution composition------------------------------

	Elements           Molality       Moles

	C(4)              4.998e-03   3.967e-03
	Ca                2.730e-02   2.167e-02
	Cl                1.444e+00   1.146e+00
	K                 2.724e-02   2.162e-02
	Mg                1.466e-01   1.163e-01
	Na                1.183e+00   9.390e-01
	S(6)              7.516e-02   5.965e-02

----------------------------Description of solution----------------------------

                                       pH  =   6.979    
                                       pe  =   4.000    
      Specific Conductance (µS/cm,  -6°C)  = 41798
                          Density (g/cm³)  =   1.06920
                               Volume (L)  =   0.81033
                        Activity of water  =   0.953
                 Ionic strength (mol/kgw)  =   1.827e+00
                       Mass of water (kg)  =   7.937e-01
                 Total alkalinity (eq/kg)  =   4.233e-03
                       Total CO2 (mol/kg)  =   4.998e-03
                         Temperature (°C)  =  -6.00
                  Electrical balance (eq)  =  -3.192e-02
 Percent error, 100*(Cat-|An|)/(Cat+|An|)  =  -1.27
                               Iterations  =  13
                         Gamma iterations  =   4
                      Osmotic coefficient  =   0.91961
                         Density of water  =   0.99908
                                  Total H  = 8.811769e+01
                                  Total O  = 4.430707e+01

----------------------------Distribution of species----------------------------

                                                    Unscaled  Unscaled
                                Unscaled       Log       Log       Log    mole V
   Species          Molality    Activity  Molality  Activity     Gamma   cm³/mol

   H+              1.125e-07   1.051e-07    -6.949    -6.979    -0.030      0.00
   OH-             2.370e-08   5.629e-09    -7.625    -8.250    -0.624     -4.29
   H2O             5.551e+01   9.530e-01     1.744    -0.021     0.000     18.03
C(4)          4.998e-03
   HCO3-           4.205e-03   2.033e-03    -2.376    -2.692    -0.316     26.15
   CO2             7.796e-04   1.041e-03    -3.108    -2.983     0.126     42.37
   CO3-2           7.807e-06   3.615e-07    -5.108    -6.442    -1.334     -4.34
   MgCO3           5.952e-06   5.952e-06    -5.225    -5.225     0.000    -17.03
   CaCO3           1.557e-12   1.557e-12   -11.808   -11.808     0.000     (0)  
Ca            2.730e-02
   Ca+2            2.730e-02   5.325e-03    -1.564    -2.274    -0.710    -18.37
   CaCO3           1.557e-12   1.557e-12   -11.808   -11.808     0.000     (0)  
Cl            1.444e+00
   Cl-             1.444e+00   9.594e-01     0.159    -0.018    -0.177     16.86
K             2.724e-02
   K+              2.724e-02   1.380e-02    -1.565    -1.860    -0.295      8.94
Mg            1.466e-01
   Mg+2            1.465e-01   2.949e-02    -0.834    -1.530    -0.696    -19.00
   MgCO3           5.952e-06   5.952e-06    -5.225    -5.225     0.000    -17.03
   MgOH+           2.407e-08   2.025e-08    -7.618    -7.693    -0.075     (0)  
Na            1.183e+00
   Na+             1.183e+00   6.744e-01     0.073    -0.171    -0.244     -2.03
S(6)          7.516e-02
   SO4-2           7.516e-02   3.680e-03    -1.124    -2.434    -1.310     13.42

------------------------------Saturation indices-------------------------------

  Phase               SI** log IAP   log K(267 K,   1 atm)

  Anhydrite        -0.67     -4.71   -4.04  CaSO4
  Antarcticite     -5.60     -2.44    3.16  CaCl2:6H2O
  Aphthitalite    -12.00    -21.24   -9.24  Na2SO4:3K2SO4
  Aragonite        -0.51     -8.72   -8.20  CaCO3
  Arcanite         -3.84     -6.15   -2.31  K2SO4
  Bischofite       -6.44     -1.69    4.75  MgCl2:6H2O
  Bloedite         -4.34     -6.82   -2.48  Na2Mg(SO4)2:4H2O
  Calcite          -0.34     -8.72   -8.37  CaCO3
  Carnallite       -7.33     -3.57    3.76  KMgCl3:6H2O
  CO2(g)           -1.98     -2.98   -1.00  CO2
  Dolomite         -0.41    -16.69  -16.28  CaMg(CO3)2
  Epsomite         -1.81     -4.11   -2.30  MgSO4:7H2O
  Gypsum           -0.05     -4.75   -4.70  CaSO4:2H2O
  Halite           -1.66     -0.19    1.47  NaCl
  Hexahydrite      -2.37     -4.09   -1.72  MgSO4:6H2O
  Hydrohalite      -1.39     -0.23    1.16  NaCl:2H2O
  Hydromagnesite   -7.41    -42.01  -34.60  (MgCO3)3:Mg(OH)2:3H2O
  Ice(s)            0.00     -0.02   -0.03  H2O
  Ikaite           -1.47     -8.84   -7.37  CaCO3:6H2O
  Kalicinite       -4.31     -4.55   -0.25  KHCO3
  Kieserite        -4.82     -3.99    0.84  MgSO4:H2O
  Landsfordite     -2.96     -8.08   -5.11  MgCO3:5H2O
  Magnesite        -0.47     -7.97   -7.51  MgCO3
  Meridianite      -1.63     -4.19   -2.57  MgSO4:11H2O
  MgCl2:12H2O      -4.32     -1.82    2.50  MgCl2:12H2O
  MgCl2:8H2O       -5.48     -1.73    3.75  MgCl2:8H2O
  Mirabilite       -0.16     -2.99   -2.83  Na2SO4:10H2O
  Na2CO3:7H2O      -5.72     -6.93   -1.21  Na2CO3:7H2O
  Nahcolite        -2.07     -2.86   -0.79  NaHCO3
  Natron           -4.97     -6.99   -2.02  Na2CO3:10H2O
  Nesquehonite     -3.12     -8.04   -4.92  MgCO3:3H2O
  Picromerite      -5.00    -10.24   -5.25  MgSO4:K2SO4:6H2O
  Sylvite          -2.36     -1.88    0.48  KCl
  Tachyhydrite    -24.50     -5.69   18.80  CaCl2:(MgCl2)2:12H2O
  Thenardite       -2.46     -2.78   -0.31  Na2SO4
  Trona            -8.33     -9.69   -1.36  Na3H(CO3)2:2H2O
  Vaterite         -1.00     -8.72   -7.71  CaCO3

**For a gas, SI = log10(fugacity). Fugacity = pressure * phi / 1 atm.
  For ideal gases, phi = 1.

-----------------------------------------
Beginning of batch-reaction calculations.
-----------------------------------------

Reaction step 1.

WARNING: Maximum iterations exceeded, 200

WARNING: Numerical method failed with this set of convergence parameters.

WARNING: Trying smaller step size, pe step size 10, 5 ... 

WARNING: Maximum iterations exceeded, 400

WARNING: Numerical method failed with this set of convergence parameters.

WARNING: Trying reduced tolerance 1e-16 ...

WARNING: Maximum iterations exceeded, 400

WARNING: Numerical method failed with this set of convergence parameters.

WARNING: Trying increased tolerance 1e-14 ...

WARNING: Maximum iterations exceeded, 400

WARNING: Numerical method failed with this set of convergence parameters.

WARNING: Trying diagonal scaling ...

Using solution 1.	
Using pure phase assemblage 1.	

-------------------------------Phase assemblage--------------------------------

                                                      Moles in assemblage
Phase               SI  log IAP  log K(T, P)   Initial       Final       Delta

Calcite          -0.25    -8.62     -8.37    0.000e+00           0   0.000e+00
Gypsum            0.00    -4.70     -4.70    0.000e+00   1.468e-03   1.468e-03
Halite           -1.51    -0.04      1.47    0.000e+00           0   0.000e+00
Hydrohalite      -1.25    -0.09      1.16    0.000e+00           0   0.000e+00
Ice(s)            0.00    -0.03     -0.03    0.000e+00   6.827e+00   6.827e+00
Mirabilite       -0.06    -2.89     -2.83    0.000e+00           0   0.000e+00

-----------------------------Solution composition------------------------------

	Elements           Molality       Moles

	C                 5.916e-03   3.967e-03
	Ca                3.012e-02   2.020e-02
	Cl                1.709e+00   1.146e+00
	K                 3.223e-02   2.162e-02
	Mg                1.734e-01   1.163e-01
	Na                1.400e+00   9.390e-01
	S                 8.676e-02   5.818e-02

----------------------------Description of solution----------------------------

                                       pH  =   6.958      Charge balance
                                       pe  =   4.000      Adjusted to redox equilibrium
      Specific Conductance (µS/cm,  -6°C)  = 46849
                          Density (g/cm³)  =   1.08079
                               Volume (L)  =   0.68760
                        Activity of water  =   0.944
                 Ionic strength (mol/kgw)  =   2.154e+00
                       Mass of water (kg)  =   6.706e-01
                 Total alkalinity (eq/kg)  =   5.009e-03
                       Total CO2 (mol/kg)  =   5.916e-03
                         Temperature (°C)  =  -6.00
                  Electrical balance (eq)  =  -3.192e-02
 Percent error, 100*(Cat-|An|)/(Cat+|An|)  =  -1.28
                               Iterations  =  14 (1418 overall)
                         Gamma iterations  =   2
                      Osmotic coefficient  =   0.93609
                         Density of water  =   0.99908
                                  Total H  = 7.445720e+01
                                  Total O  = 3.747095e+01

----------------------------Distribution of species----------------------------

                                                    Unscaled  Unscaled
                                Unscaled       Log       Log       Log    mole V
   Species          Molality    Activity  Molality  Activity     Gamma   cm³/mol

   H+              1.078e-07   1.102e-07    -6.967    -6.958     0.010      0.00
   OH-             2.620e-08   5.314e-09    -7.582    -8.275    -0.693     -3.85
   H2O             5.551e+01   9.437e-01     1.744    -0.025     0.000     18.03
C(4)          5.916e-03
   HCO3-           4.973e-03   2.318e-03    -2.303    -2.635    -0.332     27.20
   CO2             9.247e-04   1.257e-03    -3.034    -2.901     0.133     42.37
   CO3-2           1.010e-05   3.930e-07    -4.995    -6.406    -1.410     -3.34
   MgCO3           8.238e-06   8.238e-06    -5.084    -5.084     0.000    -17.03
   CaCO3           1.957e-12   1.957e-12   -11.708   -11.708     0.000     (0)  
Ca            3.012e-02
   Ca+2            3.012e-02   6.155e-03    -1.521    -2.211    -0.690    -18.37
   CaCO3           1.957e-12   1.957e-12   -11.708   -11.708     0.000     (0)  
Cl            1.709e+00
   Cl-             1.709e+00   1.151e+00     0.233     0.061    -0.172     17.00
K             3.223e-02
   K+              3.223e-02   1.589e-02    -1.492    -1.799    -0.307      9.20
Mg            1.734e-01
   Mg+2            1.734e-01   3.754e-02    -0.761    -1.425    -0.665    -18.90
   MgCO3           8.238e-06   8.238e-06    -5.084    -5.084     0.000    -17.03
   MgOH+           3.011e-08   2.435e-08    -7.521    -7.614    -0.092     (0)  
Na            1.400e+00
   Na+             1.400e+00   7.940e-01     0.146    -0.100    -0.246     -1.82
S(6)          8.676e-02
   SO4-2           8.676e-02   3.645e-03    -1.062    -2.438    -1.377     14.09

------------------------------Saturation indices-------------------------------

  Phase               SI** log IAP   log K(267 K,   1 atm)

  Anhydrite        -0.61     -4.65   -4.04  CaSO4
  Antarcticite     -5.40     -2.24    3.16  CaCl2:6H2O
  Aphthitalite    -11.50    -20.75   -9.24  Na2SO4:3K2SO4
  Aragonite        -0.41     -8.62   -8.20  CaCO3
  Arcanite         -3.73     -6.04   -2.31  K2SO4
  Bischofite       -6.20     -1.45    4.75  MgCl2:6H2O
  Bloedite         -4.12     -6.60   -2.48  Na2Mg(SO4)2:4H2O
  Calcite          -0.25     -8.62   -8.37  CaCO3
  Carnallite       -6.95     -3.19    3.76  KMgCl3:6H2O
  CO2(g)           -1.90     -2.90   -1.00  CO2
  Dolomite         -0.17    -16.45  -16.28  CaMg(CO3)2
  Epsomite         -1.74     -4.04   -2.30  MgSO4:7H2O
  Gypsum            0.00     -4.70   -4.70  CaSO4:2H2O
  Halite           -1.51     -0.04    1.47  NaCl
  Hexahydrite      -2.30     -4.01   -1.72  MgSO4:6H2O
  Hydrohalite      -1.25     -0.09    1.16  NaCl:2H2O
  Hydromagnesite   -6.95    -41.54  -34.60  (MgCO3)3:Mg(OH)2:3H2O
  Ice(s)            0.00     -0.03   -0.03  H2O
  Ikaite           -1.40     -8.77   -7.37  CaCO3:6H2O
  Kalicinite       -4.19     -4.43   -0.25  KHCO3
  Kieserite        -4.73     -3.89    0.84  MgSO4:H2O
  Landsfordite     -2.84     -7.96   -5.11  MgCO3:5H2O
  Magnesite        -0.33     -7.83   -7.51  MgCO3
  Meridianite      -1.57     -4.14   -2.57  MgSO4:11H2O
  MgCl2:12H2O      -4.11     -1.61    2.50  MgCl2:12H2O
  MgCl2:8H2O       -5.25     -1.50    3.75  MgCl2:8H2O
  Mirabilite       -0.06     -2.89   -2.83  Na2SO4:10H2O
  Na2CO3:7H2O      -5.57     -6.78   -1.21  Na2CO3:7H2O
  Nahcolite        -1.94     -2.74   -0.79  NaHCO3
  Natron           -4.84     -6.86   -2.02  Na2CO3:10H2O
  Nesquehonite     -2.99     -7.91   -4.92  MgCO3:3H2O
  Picromerite      -4.80    -10.05   -5.25  MgSO4:K2SO4:6H2O
  Sylvite          -2.22     -1.74    0.48  KCl
  Tachyhydrite    -23.80     -5.00   18.80  CaCl2:(MgCl2)2:12H2O
  Thenardite       -2.32     -2.64   -0.31  Na2SO4
  Trona            -8.03     -9.39   -1.36  Na3H(CO3)2:2H2O
  Vaterite         -0.90     -8.62   -7.71  CaCO3

**For a gas, SI = log10(fugacity). Fugacity = pressure * phi / 1 atm.
  For ideal gases, phi = 1.

------------------
End of simulation.
------------------

------------------------------------
Reading input data for simulation 2.
------------------------------------

-------------------------------
End of Run after 1.466 Seconds.
-------------------------------

