   Input file: C:\Users\Kagiso\PHREEQC-Python\C3_Ca_plus10pct_FREZ_eq_-016p0.pqi
  Output file: C:\Users\Kagiso\PHREEQC-Python\C3_Ca_plus10pct_FREZ_eq_-016p0.out
Database file: C:\Program Files\USGS\phreeqc-3.8.6-17100-x64\database\frezchem.dat

------------------
Reading data base.
------------------

	PITZER
	SOLUTION_MASTER_SPECIES
	SOLUTION_SPECIES
	PHASES
	PITZER
	EXCHANGE_MASTER_SPECIES
	EXCHANGE_SPECIES
	SURFACE_MASTER_SPECIES
	SURFACE_SPECIES
	END
------------------------------------
Reading input data for simulation 1.
------------------------------------

	TITLE C3_Ca_plus10pct FREZCHEM sequential FC at -16.00 C
	SOLUTION 1
	    temp -16.00000000
	    pH 6.5456000000
	    units mol/kgw
	    water 0.299030000000
	    Na 2.86436143530749e+00
	    K 7.23037822292078e-02
	    Mg 3.89057954051433e-01
	    Ca 6.32612112497074e-02
	    Cl 3.83239139885630e+00
	    S(6) 3.64879777948701e-02
	    C(4) 1.26064274487510e-02
	EQUILIBRIUM_PHASES 1
	    Ice(s)       0.0 0.0
	    Mirabilite   0.0 0.0
	    Halite       0.0 0.0
	    Hydrohalite  0.0 0.0
	    Calcite      0.0 0.0
	    Gypsum       0.0 0.0
	SELECTED_OUTPUT 1
	    file C:/Users/Kagiso/PHREEQC-Python/C3_Ca_plus10pct_FREZ_eq_-016p0.txt
	    reset false
	    user_punch true
	USER_PUNCH 1
	    headings Temp_C pH Water_kg Alk_eq_kgw Mu aw Na_mol K_mol Mg_mol Ca_mol Cl_mol S6_mol C4_mol Na_m K_m Mg_m Ca_m Cl_m S6_m C4_m Na_act Cl_act SO4_act SI_Ice SI_Mirabilite SI_Halite SI_Hydrohalite SI_Calcite SI_Gypsum Ice_mol Mirabilite_mol Halite_mol Hydrohalite_mol Calcite_mol Gypsum_mol Iterations
	    10 PUNCH TC, -LA("H+"), TOT("water"), ALK, MU, ACT("H2O")
	    20 PUNCH TOTMOLE("Na"), TOTMOLE("K"), TOTMOLE("Mg"), TOTMOLE("Ca")
	    30 PUNCH TOTMOLE("Cl"), TOTMOLE("S(6)"), TOTMOLE("C(4)")
	    40 PUNCH TOT("Na"), TOT("K"), TOT("Mg"), TOT("Ca")
	    50 PUNCH TOT("Cl"), TOT("S(6)"), TOT("C(4)")
	    60 PUNCH ACT("Na+"), ACT("Cl-"), ACT("SO4-2")
	    70 PUNCH SI("Ice(s)"), SI("Mirabilite"), SI("Halite"), SI("Hydrohalite"), SI("Calcite"), SI("Gypsum")
	    80 PUNCH EQUI("Ice(s)"), EQUI("Mirabilite"), EQUI("Halite"), EQUI("Hydrohalite"), EQUI("Calcite"), EQUI("Gypsum")
	    90 PUNCH ITERATIONS
	END
-----
TITLE
-----

 C3_Ca_plus10pct FREZCHEM sequential FC at -16.00 C

-------------------------------------------
Beginning of initial solution calculations.
-------------------------------------------

Initial solution 1.	

-----------------------------Solution composition------------------------------

	Elements           Molality       Moles

	C(4)              1.261e-02   3.770e-03
	Ca                6.326e-02   1.892e-02
	Cl                3.832e+00   1.146e+00
	K                 7.230e-02   2.162e-02
	Mg                3.891e-01   1.163e-01
	Na                2.864e+00   8.565e-01
	S(6)              3.649e-02   1.091e-02

----------------------------Description of solution----------------------------

                                       pH  =   6.546    
                                       pe  =   4.000    
      Specific Conductance (µS/cm, -16°C)  = 47658
                          Density (g/cm³)  =   1.15840
                               Volume (L)  =   0.31512
                        Activity of water  =   0.865
                 Ionic strength (mol/kgw)  =   4.366e+00
                       Mass of water (kg)  =   2.990e-01
                 Total alkalinity (eq/kg)  =   8.582e-03
                       Total CO2 (mol/kg)  =   1.261e-02
                         Temperature (°C)  = -16.00
                  Electrical balance (eq)  =  -2.172e-02
 Percent error, 100*(Cat-|An|)/(Cat+|An|)  =  -0.94
                               Iterations  =  16
                         Gamma iterations  =   5
                      Osmotic coefficient  =   1.10932
                         Density of water  =   0.99584
                                  Total H  = 3.320044e+01
                                  Total O  = 1.665269e+01

----------------------------Distribution of species----------------------------

                                                    Unscaled  Unscaled
                                Unscaled       Log       Log       Log    mole V
   Species          Molality    Activity  Molality  Activity     Gamma   cm³/mol

   H+              1.147e-07   2.847e-07    -6.940    -6.546     0.395      0.00
   OH-             1.171e-08   6.073e-10    -7.931    -9.217    -1.285     -3.97
   H2O             5.551e+01   8.648e-01     1.744    -0.063     0.000     18.09
C(4)          1.261e-02
   HCO3-           8.535e-03   3.431e-03    -2.069    -2.465    -0.396     34.31
   CO2             4.048e-03   8.049e-03    -2.393    -2.094     0.298     52.72
   MgCO3           1.437e-05   1.437e-05    -4.842    -4.842     0.000    -16.98
   CO3-2           9.407e-06   1.434e-07    -5.027    -6.843    -1.817     -0.75
   CaCO3           2.539e-12   2.539e-12   -11.595   -11.595     0.000     (0)  
Ca            6.326e-02
   Ca+2            6.326e-02   2.848e-02    -1.199    -1.545    -0.347    -21.67
   CaCO3           2.539e-12   2.539e-12   -11.595   -11.595     0.000     (0)  
Cl            3.832e+00
   Cl-             3.832e+00   3.031e+00     0.583     0.482    -0.102     16.16
K             7.230e-02
   K+              7.230e-02   2.943e-02    -1.141    -1.531    -0.390     10.61
Mg            3.891e-01
   Mg+2            3.890e-01   2.022e-01    -0.410    -0.694    -0.284    -18.63
   MgCO3           1.437e-05   1.437e-05    -4.842    -4.842     0.000    -16.98
   MgOH+           2.380e-08   1.503e-08    -7.623    -7.823    -0.200     (0)  
Na            2.864e+00
   Na+             2.864e+00   1.683e+00     0.457     0.226    -0.231     -1.87
S(6)          3.649e-02
   SO4-2           3.649e-02   7.139e-04    -1.438    -3.146    -1.708     10.82

------------------------------Saturation indices-------------------------------

  Phase               SI** log IAP   log K(257 K,   1 atm)

  Anhydrite        -0.67     -4.69   -4.02  CaSO4
  Antarcticite     -3.97     -0.96    3.01  CaCl2:6H2O
  Aphthitalite    -11.41    -21.32   -9.91  Na2SO4:3K2SO4
  Aragonite        -0.20     -8.39   -8.19  CaCO3
  Arcanite         -3.70     -6.21   -2.51  K2SO4
  Bischofite       -4.83     -0.11    4.72  MgCl2:6H2O
  Bloedite         -4.27     -6.79   -2.52  Na2Mg(SO4)2:4H2O
  Calcite          -0.03     -8.39   -8.36  CaCO3
  Carnallite       -4.65     -1.16    3.49  KMgCl3:6H2O
  CO2(g)           -1.30     -2.09   -0.79  CO2
  Dolomite          0.05    -15.93  -15.98  CaMg(CO3)2
  Epsomite         -1.83     -4.28   -2.46  MgSO4:7H2O
  Gypsum           -0.02     -4.82   -4.79  CaSO4:2H2O
  Halite           -0.70      0.71    1.41  NaCl
  Hexahydrite      -2.47     -4.22   -1.75  MgSO4:6H2O
  Hydrohalite      -0.41      0.58    1.00  NaCl:2H2O
  Hydromagnesite   -8.15    -41.93  -33.78  (MgCO3)3:Mg(OH)2:3H2O
  Ice(s)            0.00     -0.06   -0.07  H2O
  Ikaite           -1.11     -8.77   -7.66  CaCO3:6H2O
  Kalicinite       -3.61     -4.00   -0.38  KHCO3
  Kieserite        -5.32     -3.90    1.41  MgSO4:H2O
  Landsfordite     -3.07     -7.85   -4.78  MgCO3:5H2O
  Magnesite        -0.23     -7.54   -7.31  MgCO3
  Meridianite      -1.56     -4.53   -2.97  MgSO4:11H2O
  MgCl2:12H2O      -2.51     -0.49    2.02  MgCl2:12H2O
  MgCl2:8H2O       -3.78     -0.24    3.54  MgCl2:8H2O
  Mirabilite        0.04     -3.33   -3.37  Na2SO4:10H2O
  Na2CO3:7H2O      -5.38     -6.83   -1.46  Na2CO3:7H2O
  Nahcolite        -1.35     -2.24   -0.89  NaHCO3
  Natron           -4.66     -7.02   -2.36  Na2CO3:10H2O
  Nesquehonite     -3.08     -7.73   -4.65  MgCO3:3H2O
  Picromerite      -4.77    -10.43   -5.66  MgSO4:K2SO4:6H2O
  Sylvite          -1.35     -1.05    0.30  KCl
  Tachyhydrite    -20.21     -0.80   19.41  CaCl2:(MgCl2)2:12H2O
  Thenardite       -2.37     -2.69   -0.32  Na2SO4
  Trona            -7.28     -8.76   -1.47  Na3H(CO3)2:2H2O
  Vaterite         -0.72     -8.39   -7.67  CaCO3

**For a gas, SI = log10(fugacity). Fugacity = pressure * phi / 1 atm.
  For ideal gases, phi = 1.

-----------------------------------------
Beginning of batch-reaction calculations.
-----------------------------------------

Reaction step 1.

WARNING: Maximum iterations exceeded, 200

WARNING: Numerical method failed with this set of convergence parameters.

WARNING: Trying smaller step size, pe step size 10, 5 ... 

WARNING: Maximum iterations exceeded, 400

WARNING: Numerical method failed with this set of convergence parameters.

WARNING: Trying reduced tolerance 1e-16 ...

WARNING: Maximum iterations exceeded, 400

WARNING: Numerical method failed with this set of convergence parameters.

WARNING: Trying increased tolerance 1e-14 ...

WARNING: Maximum iterations exceeded, 400

WARNING: Numerical method failed with this set of convergence parameters.

WARNING: Trying diagonal scaling ...

Using solution 1.	
Using pure phase assemblage 1.	

-------------------------------Phase assemblage--------------------------------

                                                      Moles in assemblage
Phase               SI  log IAP  log K(T, P)   Initial       Final       Delta

Calcite           0.00    -8.36     -8.36    0.000e+00   1.891e-05   1.891e-05
Gypsum           -0.03    -4.82     -4.79    0.000e+00           0   0.000e+00
Halite           -0.64     0.77      1.41    0.000e+00           0   0.000e+00
Hydrohalite      -0.36     0.63      1.00    0.000e+00           0   0.000e+00
Ice(s)            0.00    -0.07     -0.07    0.000e+00   8.055e-01   8.055e-01
Mirabilite        0.00    -3.37     -3.37    0.000e+00   1.355e-03   1.355e-03

-----------------------------Solution composition------------------------------

	Elements           Molality       Moles

	C                 1.319e-02   3.751e-03
	Ca                6.648e-02   1.890e-02
	Cl                4.031e+00   1.146e+00
	K                 7.606e-02   2.162e-02
	Mg                4.093e-01   1.163e-01
	Na                3.004e+00   8.538e-01
	S                 3.362e-02   9.556e-03

----------------------------Description of solution----------------------------

                                       pH  =   6.506      Charge balance
                                       pe  =   4.000      Adjusted to redox equilibrium
      Specific Conductance (µS/cm, -16°C)  = 48867
                          Density (g/cm³)  =   1.16487
                               Volume (L)  =   0.30054
                        Activity of water  =   0.856
                 Ionic strength (mol/kgw)  =   4.579e+00
                       Mass of water (kg)  =   2.843e-01
                 Total alkalinity (eq/kg)  =   8.895e-03
                       Total CO2 (mol/kg)  =   1.319e-02
                         Temperature (°C)  = -16.00
                  Electrical balance (eq)  =  -2.172e-02
 Percent error, 100*(Cat-|An|)/(Cat+|An|)  =  -0.94
                               Iterations  =   8 (1412 overall)
                         Gamma iterations  =   1
                      Osmotic coefficient  =   1.13034
                         Density of water  =   0.99584
                                  Total H  = 3.156227e+01
                                  Total O  = 1.582812e+01

----------------------------Distribution of species----------------------------

                                                    Unscaled  Unscaled
                                Unscaled       Log       Log       Log    mole V
   Species          Molality    Activity  Molality  Activity     Gamma   cm³/mol

   H+              1.158e-07   3.121e-07    -6.936    -6.506     0.431      0.00
   OH-             1.175e-08   5.483e-10    -7.930    -9.261    -1.331     -3.71
   H2O             5.551e+01   8.560e-01     1.744    -0.068     0.000     18.09
C(4)          1.319e-02
   HCO3-           8.845e-03   3.482e-03    -2.053    -2.458    -0.405     35.19
   CO2             4.325e-03   9.045e-03    -2.364    -2.044     0.320     52.72
   MgCO3           1.569e-05   1.569e-05    -4.804    -4.804     0.000    -16.98
   CO3-2           9.246e-06   1.327e-07    -5.034    -6.877    -1.843      0.02
   CaCO3           2.691e-12   2.691e-12   -11.570   -11.570     0.000     (0)  
Ca            6.648e-02
   Ca+2            6.648e-02   3.261e-02    -1.177    -1.487    -0.309    -21.78
   CaCO3           2.691e-12   2.691e-12   -11.570   -11.570     0.000     (0)  
Cl            4.031e+00
   Cl-             4.031e+00   3.274e+00     0.605     0.515    -0.090     16.27
K             7.606e-02
   K+              7.606e-02   3.057e-02    -1.119    -1.515    -0.396     10.83
Mg            4.093e-01
   Mg+2            4.092e-01   2.385e-01    -0.388    -0.623    -0.235    -18.63
   MgCO3           1.569e-05   1.569e-05    -4.804    -4.804     0.000    -16.98
   MgOH+           2.618e-08   1.601e-08    -7.582    -7.796    -0.214     (0)  
Na            3.004e+00
   Na+             3.004e+00   1.794e+00     0.478     0.254    -0.224     -1.74
S(6)          3.362e-02
   SO4-2           3.362e-02   6.321e-04    -1.473    -3.199    -1.726     11.13

------------------------------Saturation indices-------------------------------

  Phase               SI** log IAP   log K(257 K,   1 atm)

  Anhydrite        -0.66     -4.69   -4.02  CaSO4
  Antarcticite     -3.87     -0.86    3.01  CaCl2:6H2O
  Aphthitalite    -11.47    -21.38   -9.91  Na2SO4:3K2SO4
  Aragonite        -0.18     -8.36   -8.19  CaCO3
  Arcanite         -3.72     -6.23   -2.51  K2SO4
  Bischofite       -4.72      0.00    4.72  MgCl2:6H2O
  Bloedite         -4.27     -6.78   -2.52  Na2Mg(SO4)2:4H2O
  Calcite           0.00     -8.36   -8.36  CaCO3
  Carnallite       -4.49     -1.00    3.49  KMgCl3:6H2O
  CO2(g)           -1.25     -2.04   -0.79  CO2
  Dolomite          0.12    -15.86  -15.98  CaMg(CO3)2
  Epsomite         -1.84     -4.29   -2.46  MgSO4:7H2O
  Gypsum           -0.03     -4.82   -4.79  CaSO4:2H2O
  Halite           -0.64      0.77    1.41  NaCl
  Hexahydrite      -2.48     -4.23   -1.75  MgSO4:6H2O
  Hydrohalite      -0.36      0.63    1.00  NaCl:2H2O
  Hydromagnesite   -8.06    -41.85  -33.78  (MgCO3)3:Mg(OH)2:3H2O
  Ice(s)            0.00     -0.07   -0.07  H2O
  Ikaite           -1.11     -8.77   -7.66  CaCO3:6H2O
  Kalicinite       -3.59     -3.97   -0.38  KHCO3
  Kieserite        -5.30     -3.89    1.41  MgSO4:H2O
  Landsfordite     -3.05     -7.84   -4.78  MgCO3:5H2O
  Magnesite        -0.19     -7.50   -7.31  MgCO3
  Meridianite      -1.59     -4.56   -2.97  MgSO4:11H2O
  MgCl2:12H2O      -2.43     -0.40    2.02  MgCl2:12H2O
  MgCl2:8H2O       -3.67     -0.13    3.54  MgCl2:8H2O
  Mirabilite        0.00     -3.37   -3.37  Na2SO4:10H2O
  Na2CO3:7H2O      -5.39     -6.84   -1.46  Na2CO3:7H2O
  Nahcolite        -1.31     -2.20   -0.89  NaHCO3
  Natron           -4.68     -7.04   -2.36  Na2CO3:10H2O
  Nesquehonite     -3.05     -7.70   -4.65  MgCO3:3H2O
  Picromerite      -4.80    -10.46   -5.66  MgSO4:K2SO4:6H2O
  Sylvite          -1.30     -1.00    0.30  KCl
  Tachyhydrite    -19.86     -0.45   19.41  CaCl2:(MgCl2)2:12H2O
  Thenardite       -2.37     -2.69   -0.32  Na2SO4
  Trona            -7.23     -8.71   -1.47  Na3H(CO3)2:2H2O
  Vaterite         -0.69     -8.36   -7.67  CaCO3

**For a gas, SI = log10(fugacity). Fugacity = pressure * phi / 1 atm.
  For ideal gases, phi = 1.

------------------
End of simulation.
------------------

------------------------------------
Reading input data for simulation 2.
------------------------------------

-------------------------------
End of Run after 1.461 Seconds.
-------------------------------

