   Input file: C:\Users\Kagiso\PHREEQC-Python\C3_Cl_minus10pct_FREZ_eq_+006p0.pqi
  Output file: C:\Users\Kagiso\PHREEQC-Python\C3_Cl_minus10pct_FREZ_eq_+006p0.out
Database file: C:\Program Files\USGS\phreeqc-3.8.6-17100-x64\database\frezchem.dat

------------------
Reading data base.
------------------

	PITZER
	SOLUTION_MASTER_SPECIES
	SOLUTION_SPECIES
	PHASES
	PITZER
	EXCHANGE_MASTER_SPECIES
	EXCHANGE_SPECIES
	SURFACE_MASTER_SPECIES
	SURFACE_SPECIES
	END
------------------------------------
Reading input data for simulation 1.
------------------------------------

	TITLE C3_Cl_minus10pct FREZCHEM sequential FC at 6.00 C
	SOLUTION 1
	    temp 6.00000000
	    pH 7.0050000000
	    units mol/kgw
	    water 1.000000000000
	    Na 9.35250000000000e-01
	    K 2.15320000000000e-02
	    Mg 1.15860000000000e-01
	    Ca 2.40190000000000e-02
	    Cl 1.02710000000000e+00
	    S(6) 5.94160000000000e-02
	    C(4) 3.96930000000000e-03
	EQUILIBRIUM_PHASES 1
	    Ice(s)       0.0 0.0
	    Mirabilite   0.0 0.0
	    Halite       0.0 0.0
	    Hydrohalite  0.0 0.0
	    Calcite      0.0 0.0
	    Gypsum       0.0 0.0
	SELECTED_OUTPUT 1
	    file C:/Users/Kagiso/PHREEQC-Python/C3_Cl_minus10pct_FREZ_eq_+006p0.txt
	    reset false
	    user_punch true
	USER_PUNCH 1
	    headings Temp_C pH Water_kg Alk_eq_kgw Mu aw Na_mol K_mol Mg_mol Ca_mol Cl_mol S6_mol C4_mol Na_m K_m Mg_m Ca_m Cl_m S6_m C4_m Na_act Cl_act SO4_act SI_Ice SI_Mirabilite SI_Halite SI_Hydrohalite SI_Calcite SI_Gypsum Ice_mol Mirabilite_mol Halite_mol Hydrohalite_mol Calcite_mol Gypsum_mol Iterations
	    10 PUNCH TC, -LA("H+"), TOT("water"), ALK, MU, ACT("H2O")
	    20 PUNCH TOTMOLE("Na"), TOTMOLE("K"), TOTMOLE("Mg"), TOTMOLE("Ca")
	    30 PUNCH TOTMOLE("Cl"), TOTMOLE("S(6)"), TOTMOLE("C(4)")
	    40 PUNCH TOT("Na"), TOT("K"), TOT("Mg"), TOT("Ca")
	    50 PUNCH TOT("Cl"), TOT("S(6)"), TOT("C(4)")
	    60 PUNCH ACT("Na+"), ACT("Cl-"), ACT("SO4-2")
	    70 PUNCH SI("Ice(s)"), SI("Mirabilite"), SI("Halite"), SI("Hydrohalite"), SI("Calcite"), SI("Gypsum")
	    80 PUNCH EQUI("Ice(s)"), EQUI("Mirabilite"), EQUI("Halite"), EQUI("Hydrohalite"), EQUI("Calcite"), EQUI("Gypsum")
	    90 PUNCH ITERATIONS
	END
-----
TITLE
-----

 C3_Cl_minus10pct FREZCHEM sequential FC at 6.00 C

-------------------------------------------
Beginning of initial solution calculations.
-------------------------------------------

Initial solution 1.	

-----------------------------Solution composition------------------------------

	Elements           Molality       Moles

	C(4)              3.969e-03   3.969e-03
	Ca                2.402e-02   2.402e-02
	Cl                1.027e+00   1.027e+00
	K                 2.153e-02   2.153e-02
	Mg                1.159e-01   1.159e-01
	Na                9.352e-01   9.352e-01
	S(6)              5.942e-02   5.942e-02

----------------------------Description of solution----------------------------

                                       pH  =   7.005    
                                       pe  =   4.000    
      Specific Conductance (µS/cm,   6°C)  = 50851
                          Density (g/cm³)  =   1.05147
                               Volume (L)  =   1.01617
                        Activity of water  =   0.965
                 Ionic strength (mol/kgw)  =   1.392e+00
                       Mass of water (kg)  =   1.000e+00
                 Total alkalinity (eq/kg)  =   3.540e-03
                       Total CO2 (mol/kg)  =   3.969e-03
                         Temperature (°C)  =   6.00
                  Electrical balance (eq)  =   8.707e-02
 Percent error, 100*(Cat-|An|)/(Cat+|An|)  =   3.65
                               Iterations  =  13
                         Gamma iterations  =   4
                      Osmotic coefficient  =   0.91382
                         Density of water  =   0.99994
                                  Total H  = 1.110221e+02
                                  Total O  = 5.575843e+01

----------------------------Distribution of species----------------------------

                                                    Unscaled  Unscaled
                                Unscaled       Log       Log       Log    mole V
   Species          Molality    Activity  Molality  Activity     Gamma   cm³/mol

   H+              1.248e-07   9.886e-08    -6.904    -7.005    -0.101      0.00
   OH-             6.057e-08   2.009e-08    -7.218    -7.697    -0.479     -2.98
   H2O             5.551e+01   9.646e-01     1.744    -0.016     0.000     18.02
C(4)          3.969e-03
   HCO3-           3.509e-03   1.762e-03    -2.455    -2.754    -0.299     26.63
   CO2             4.445e-04   5.776e-04    -3.352    -3.238     0.114     35.30
   CO3-2           8.051e-06   5.134e-07    -5.094    -6.290    -1.195     -1.65
   MgCO3           7.350e-06   7.350e-06    -5.134    -5.134     0.000    -17.06
   CaCO3           1.817e-12   1.817e-12   -11.741   -11.741     0.000     (0)  
Ca            2.402e-02
   Ca+2            2.402e-02   4.015e-03    -1.619    -2.396    -0.777    -17.17
   CaCO3           1.817e-12   1.817e-12   -11.741   -11.741     0.000     (0)  
Cl            1.027e+00
   Cl-             1.027e+00   7.130e-01     0.012    -0.147    -0.159     18.05
K             2.153e-02
   K+              2.153e-02   1.152e-02    -1.667    -1.938    -0.272      9.35
Mg            1.159e-01
   Mg+2            1.159e-01   2.198e-02    -0.936    -1.658    -0.722    -19.48
   MgCO3           7.350e-06   7.350e-06    -5.134    -5.134     0.000    -17.06
   MgOH+           6.860e-08   5.662e-08    -7.164    -7.247    -0.083     (0)  
Na            9.352e-01
   Na+             9.352e-01   5.505e-01    -0.029    -0.259    -0.230     -1.16
S(6)          5.942e-02
   SO4-2           5.942e-02   4.103e-03    -1.226    -2.387    -1.161     16.94

------------------------------Saturation indices-------------------------------

  Phase               SI** log IAP   log K(279 K,   1 atm)

  Anhydrite        -0.69     -4.78   -4.10  CaSO4
  Antarcticite     -6.17     -2.78    3.38  CaCl2:6H2O
  Aphthitalite    -13.25    -21.70   -8.45  Na2SO4:3K2SO4
  Aragonite        -0.45     -8.69   -8.24  CaCO3
  Arcanite         -4.17     -6.26   -2.09  K2SO4
  Bischofite       -6.78     -2.05    4.73  MgCl2:6H2O
  Bloedite         -4.57     -7.01   -2.44  Na2Mg(SO4)2:4H2O
  Calcite          -0.29     -8.69   -8.40  CaCO3
  Carnallite       -8.14     -4.13    4.01  KMgCl3:6H2O
  CO2(g)           -2.03     -3.24   -1.21  CO2
  Dolomite         -0.02    -16.63  -16.61  CaMg(CO3)2
  Epsomite         -2.03     -4.15   -2.13  MgSO4:7H2O
  Gypsum           -0.18     -4.81   -4.63  CaSO4:2H2O
  Halite           -1.93     -0.41    1.52  NaCl
  Hexahydrite      -2.46     -4.14   -1.68  MgSO4:6H2O
  Hydrohalite      -1.77     -0.44    1.34  NaCl:2H2O
  Hydromagnesite   -5.45    -40.94  -35.49  (MgCO3)3:Mg(OH)2:3H2O
  Ice(s)           -0.04     -0.02    0.02  H2O
  Ikaite           -1.74     -8.78   -7.04  CaCO3:6H2O
  Kalicinite       -4.61     -4.69   -0.08  KHCO3
  Kieserite        -4.36     -4.06    0.30  MgSO4:H2O
  Landsfordite     -2.82     -8.03   -5.20  MgCO3:5H2O
  Magnesite        -0.23     -7.95   -7.72  MgCO3
  Meridianite      -2.14     -4.22   -2.08  MgSO4:11H2O
  MgCl2:12H2O      -5.37     -2.14    3.23  MgCl2:12H2O
  MgCl2:8H2O       -6.02     -2.08    3.94  MgCl2:8H2O
  Mirabilite       -0.87     -3.06   -2.20  Na2SO4:10H2O
  Na2CO3:7H2O      -6.01     -6.92   -0.91  Na2CO3:7H2O
  Nahcolite        -2.37     -3.01   -0.64  NaHCO3
  Natron           -5.39     -6.96   -1.57  Na2CO3:10H2O
  Nesquehonite     -2.85     -7.99   -5.15  MgCO3:3H2O
  Picromerite      -5.56    -10.40   -4.84  MgSO4:K2SO4:6H2O
  Sylvite          -2.75     -2.09    0.66  KCl
  Tachyhydrite    -24.86     -6.78   18.08  CaCl2:(MgCl2)2:12H2O
  Thenardite       -2.60     -2.91   -0.30  Na2SO4
  Trona            -8.62     -9.85   -1.23  Na3H(CO3)2:2H2O
  Vaterite         -0.91     -8.69   -7.78  CaCO3

**For a gas, SI = log10(fugacity). Fugacity = pressure * phi / 1 atm.
  For ideal gases, phi = 1.

-----------------------------------------
Beginning of batch-reaction calculations.
-----------------------------------------

Reaction step 1.

Using solution 1.	
Using pure phase assemblage 1.	

-------------------------------Phase assemblage--------------------------------

                                                      Moles in assemblage
Phase               SI  log IAP  log K(T, P)   Initial       Final       Delta

Calcite          -0.29    -8.69     -8.40    0.000e+00           0   0.000e+00
Gypsum           -0.18    -4.81     -4.63    0.000e+00           0   0.000e+00
Halite           -1.93    -0.41      1.52    0.000e+00           0   0.000e+00
Hydrohalite      -1.77    -0.44      1.34    0.000e+00           0   0.000e+00
Ice(s)           -0.04    -0.02      0.02    0.000e+00           0   0.000e+00
Mirabilite       -0.87    -3.06     -2.20    0.000e+00           0   0.000e+00

-----------------------------Solution composition------------------------------

	Elements           Molality       Moles

	C                 3.969e-03   3.969e-03
	Ca                2.402e-02   2.402e-02
	Cl                1.027e+00   1.027e+00
	K                 2.153e-02   2.153e-02
	Mg                1.159e-01   1.159e-01
	Na                9.352e-01   9.352e-01
	S                 5.942e-02   5.942e-02

----------------------------Description of solution----------------------------

                                       pH  =   7.005      Charge balance
                                       pe  =   4.000      Adjusted to redox equilibrium
      Specific Conductance (µS/cm,   6°C)  = 50851
                          Density (g/cm³)  =   1.05147
                               Volume (L)  =   1.01617
                        Activity of water  =   0.965
                 Ionic strength (mol/kgw)  =   1.392e+00
                       Mass of water (kg)  =   1.000e+00
                 Total alkalinity (eq/kg)  =   3.540e-03
                       Total CO2 (mol/kg)  =   3.969e-03
                         Temperature (°C)  =   6.00
                  Electrical balance (eq)  =   8.707e-02
 Percent error, 100*(Cat-|An|)/(Cat+|An|)  =   3.65
                               Iterations  =   1
                         Gamma iterations  =   1
                      Osmotic coefficient  =   0.91382
                         Density of water  =   0.99994
                                  Total H  = 1.110221e+02
                                  Total O  = 5.575843e+01

----------------------------Distribution of species----------------------------

                                                    Unscaled  Unscaled
                                Unscaled       Log       Log       Log    mole V
   Species          Molality    Activity  Molality  Activity     Gamma   cm³/mol

   H+              1.248e-07   9.886e-08    -6.904    -7.005    -0.101      0.00
   OH-             6.057e-08   2.009e-08    -7.218    -7.697    -0.479     -2.98
   H2O             5.551e+01   9.646e-01     1.744    -0.016     0.000     18.02
C(4)          3.969e-03
   HCO3-           3.509e-03   1.762e-03    -2.455    -2.754    -0.299     26.63
   CO2             4.445e-04   5.776e-04    -3.352    -3.238     0.114     35.30
   CO3-2           8.051e-06   5.134e-07    -5.094    -6.290    -1.195     -1.65
   MgCO3           7.350e-06   7.350e-06    -5.134    -5.134     0.000    -17.06
   CaCO3           1.817e-12   1.817e-12   -11.741   -11.741     0.000     (0)  
Ca            2.402e-02
   Ca+2            2.402e-02   4.015e-03    -1.619    -2.396    -0.777    -17.17
   CaCO3           1.817e-12   1.817e-12   -11.741   -11.741     0.000     (0)  
Cl            1.027e+00
   Cl-             1.027e+00   7.130e-01     0.012    -0.147    -0.159     18.05
K             2.153e-02
   K+              2.153e-02   1.152e-02    -1.667    -1.938    -0.272      9.35
Mg            1.159e-01
   Mg+2            1.159e-01   2.198e-02    -0.936    -1.658    -0.722    -19.48
   MgCO3           7.350e-06   7.350e-06    -5.134    -5.134     0.000    -17.06
   MgOH+           6.860e-08   5.662e-08    -7.164    -7.247    -0.083     (0)  
Na            9.352e-01
   Na+             9.352e-01   5.505e-01    -0.029    -0.259    -0.230     -1.16
S(6)          5.942e-02
   SO4-2           5.942e-02   4.103e-03    -1.226    -2.387    -1.161     16.94

------------------------------Saturation indices-------------------------------

  Phase               SI** log IAP   log K(279 K,   1 atm)

  Anhydrite        -0.69     -4.78   -4.10  CaSO4
  Antarcticite     -6.17     -2.78    3.38  CaCl2:6H2O
  Aphthitalite    -13.25    -21.70   -8.45  Na2SO4:3K2SO4
  Aragonite        -0.45     -8.69   -8.24  CaCO3
  Arcanite         -4.17     -6.26   -2.09  K2SO4
  Bischofite       -6.78     -2.05    4.73  MgCl2:6H2O
  Bloedite         -4.57     -7.01   -2.44  Na2Mg(SO4)2:4H2O
  Calcite          -0.29     -8.69   -8.40  CaCO3
  Carnallite       -8.14     -4.13    4.01  KMgCl3:6H2O
  CO2(g)           -2.03     -3.24   -1.21  CO2
  Dolomite         -0.02    -16.63  -16.61  CaMg(CO3)2
  Epsomite         -2.03     -4.15   -2.13  MgSO4:7H2O
  Gypsum           -0.18     -4.81   -4.63  CaSO4:2H2O
  Halite           -1.93     -0.41    1.52  NaCl
  Hexahydrite      -2.46     -4.14   -1.68  MgSO4:6H2O
  Hydrohalite      -1.77     -0.44    1.34  NaCl:2H2O
  Hydromagnesite   -5.45    -40.94  -35.49  (MgCO3)3:Mg(OH)2:3H2O
  Ice(s)           -0.04     -0.02    0.02  H2O
  Ikaite           -1.74     -8.78   -7.04  CaCO3:6H2O
  Kalicinite       -4.61     -4.69   -0.08  KHCO3
  Kieserite        -4.36     -4.06    0.30  MgSO4:H2O
  Landsfordite     -2.82     -8.03   -5.20  MgCO3:5H2O
  Magnesite        -0.23     -7.95   -7.72  MgCO3
  Meridianite      -2.14     -4.22   -2.08  MgSO4:11H2O
  MgCl2:12H2O      -5.37     -2.14    3.23  MgCl2:12H2O
  MgCl2:8H2O       -6.02     -2.08    3.94  MgCl2:8H2O
  Mirabilite       -0.87     -3.06   -2.20  Na2SO4:10H2O
  Na2CO3:7H2O      -6.01     -6.92   -0.91  Na2CO3:7H2O
  Nahcolite        -2.37     -3.01   -0.64  NaHCO3
  Natron           -5.39     -6.96   -1.57  Na2CO3:10H2O
  Nesquehonite     -2.85     -7.99   -5.15  MgCO3:3H2O
  Picromerite      -5.56    -10.40   -4.84  MgSO4:K2SO4:6H2O
  Sylvite          -2.75     -2.09    0.66  KCl
  Tachyhydrite    -24.86     -6.78   18.08  CaCl2:(MgCl2)2:12H2O
  Thenardite       -2.60     -2.91   -0.30  Na2SO4
  Trona            -8.62     -9.85   -1.23  Na3H(CO3)2:2H2O
  Vaterite         -0.91     -8.69   -7.78  CaCO3

**For a gas, SI = log10(fugacity). Fugacity = pressure * phi / 1 atm.
  For ideal gases, phi = 1.

------------------
End of simulation.
------------------

------------------------------------
Reading input data for simulation 2.
------------------------------------

-------------------------------
End of Run after 1.228 Seconds.
-------------------------------

