   Input file: C:\Users\Kagiso\PHREEQC-Python\C3_Ca_minus10pct_FREZ_eq_-007p0.pqi
  Output file: C:\Users\Kagiso\PHREEQC-Python\C3_Ca_minus10pct_FREZ_eq_-007p0.out
Database file: C:\Program Files\USGS\phreeqc-3.8.6-17100-x64\database\frezchem.dat

------------------
Reading data base.
------------------

	PITZER
	SOLUTION_MASTER_SPECIES
	SOLUTION_SPECIES
	PHASES
	PITZER
	EXCHANGE_MASTER_SPECIES
	EXCHANGE_SPECIES
	SURFACE_MASTER_SPECIES
	SURFACE_SPECIES
	END
------------------------------------
Reading input data for simulation 1.
------------------------------------

	TITLE C3_Ca_minus10pct FREZCHEM sequential FC at -7.00 C
	SOLUTION 1
	    temp -7.00000000
	    pH 6.9578000000
	    units mol/kgw
	    water 0.670640000000
	    Na 1.40009543122987e+00
	    K 3.22333890015508e-02
	    Mg 1.73446260288679e-01
	    Ca 3.01160085888107e-02
	    Cl 1.70851723726590e+00
	    S(6) 8.67589168555410e-02
	    C(4) 5.91554336156507e-03
	EQUILIBRIUM_PHASES 1
	    Ice(s)       0.0 0.0
	    Mirabilite   0.0 0.0
	    Halite       0.0 0.0
	    Hydrohalite  0.0 0.0
	    Calcite      0.0 0.0
	    Gypsum       0.0 0.0
	SELECTED_OUTPUT 1
	    file C:/Users/Kagiso/PHREEQC-Python/C3_Ca_minus10pct_FREZ_eq_-007p0.txt
	    reset false
	    user_punch true
	USER_PUNCH 1
	    headings Temp_C pH Water_kg Alk_eq_kgw Mu aw Na_mol K_mol Mg_mol Ca_mol Cl_mol S6_mol C4_mol Na_m K_m Mg_m Ca_m Cl_m S6_m C4_m Na_act Cl_act SO4_act SI_Ice SI_Mirabilite SI_Halite SI_Hydrohalite SI_Calcite SI_Gypsum Ice_mol Mirabilite_mol Halite_mol Hydrohalite_mol Calcite_mol Gypsum_mol Iterations
	    10 PUNCH TC, -LA("H+"), TOT("water"), ALK, MU, ACT("H2O")
	    20 PUNCH TOTMOLE("Na"), TOTMOLE("K"), TOTMOLE("Mg"), TOTMOLE("Ca")
	    30 PUNCH TOTMOLE("Cl"), TOTMOLE("S(6)"), TOTMOLE("C(4)")
	    40 PUNCH TOT("Na"), TOT("K"), TOT("Mg"), TOT("Ca")
	    50 PUNCH TOT("Cl"), TOT("S(6)"), TOT("C(4)")
	    60 PUNCH ACT("Na+"), ACT("Cl-"), ACT("SO4-2")
	    70 PUNCH SI("Ice(s)"), SI("Mirabilite"), SI("Halite"), SI("Hydrohalite"), SI("Calcite"), SI("Gypsum")
	    80 PUNCH EQUI("Ice(s)"), EQUI("Mirabilite"), EQUI("Halite"), EQUI("Hydrohalite"), EQUI("Calcite"), EQUI("Gypsum")
	    90 PUNCH ITERATIONS
	END
-----
TITLE
-----

 C3_Ca_minus10pct FREZCHEM sequential FC at -7.00 C

-------------------------------------------
Beginning of initial solution calculations.
-------------------------------------------

Initial solution 1.	

-----------------------------Solution composition------------------------------

	Elements           Molality       Moles

	C(4)              5.916e-03   3.967e-03
	Ca                3.012e-02   2.020e-02
	Cl                1.709e+00   1.146e+00
	K                 3.223e-02   2.162e-02
	Mg                1.734e-01   1.163e-01
	Na                1.400e+00   9.390e-01
	S(6)              8.676e-02   5.818e-02

----------------------------Description of solution----------------------------

                                       pH  =   6.958    
                                       pe  =   4.000    
      Specific Conductance (µS/cm,  -7°C)  = 45031
                          Density (g/cm³)  =   1.08109
                               Volume (L)  =   0.68741
                        Activity of water  =   0.944
                 Ionic strength (mol/kgw)  =   2.154e+00
                       Mass of water (kg)  =   6.706e-01
                 Total alkalinity (eq/kg)  =   4.970e-03
                       Total CO2 (mol/kg)  =   5.916e-03
                         Temperature (°C)  =  -7.00
                  Electrical balance (eq)  =  -3.189e-02
 Percent error, 100*(Cat-|An|)/(Cat+|An|)  =  -1.28
                               Iterations  =  13
                         Gamma iterations  =   4
                      Osmotic coefficient  =   0.93418
                         Density of water  =   0.99888
                                  Total H  = 7.445682e+01
                                  Total O  = 3.747075e+01

----------------------------Distribution of species----------------------------

                                                    Unscaled  Unscaled
                                Unscaled       Log       Log       Log    mole V
   Species          Molality    Activity  Molality  Activity     Gamma   cm³/mol

   H+              1.074e-07   1.102e-07    -6.969    -6.958     0.011      0.00
   OH-             2.394e-08   4.773e-09    -7.621    -8.321    -0.700     -4.07
   H2O             5.551e+01   9.438e-01     1.744    -0.025     0.000     18.04
C(4)          5.916e-03
   HCO3-           4.935e-03   2.307e-03    -2.307    -2.637    -0.330     27.04
   CO2             9.629e-04   1.299e-03    -3.016    -2.886     0.130     43.16
   CO3-2           9.674e-06   3.754e-07    -5.014    -6.425    -1.411     -3.76
   MgCO3           7.694e-06   7.694e-06    -5.114    -5.114     0.000    -17.03
   CaCO3           1.841e-12   1.841e-12   -11.735   -11.735     0.000     (0)  
Ca            3.012e-02
   Ca+2            3.012e-02   6.170e-03    -1.521    -2.210    -0.689    -18.54
   CaCO3           1.841e-12   1.841e-12   -11.735   -11.735     0.000     (0)  
Cl            1.709e+00
   Cl-             1.709e+00   1.146e+00     0.233     0.059    -0.174     16.85
K             3.223e-02
   K+              3.223e-02   1.585e-02    -1.492    -1.800    -0.308      9.13
Mg            1.734e-01
   Mg+2            1.734e-01   3.716e-02    -0.761    -1.430    -0.669    -18.88
   MgCO3           7.694e-06   7.694e-06    -5.114    -5.114     0.000    -17.03
   MgOH+           2.666e-08   2.161e-08    -7.574    -7.665    -0.091     (0)  
Na            1.400e+00
   Na+             1.400e+00   7.905e-01     0.146    -0.102    -0.248     -1.94
S(6)          8.676e-02
   SO4-2           8.676e-02   3.617e-03    -1.062    -2.442    -1.380     13.56

------------------------------Saturation indices-------------------------------

  Phase               SI** log IAP   log K(266 K,   1 atm)

  Anhydrite        -0.62     -4.65   -4.03  CaSO4
  Antarcticite     -5.39     -2.24    3.14  CaCl2:6H2O
  Aphthitalite    -11.46    -20.77   -9.31  Na2SO4:3K2SO4
  Aragonite        -0.44     -8.64   -8.20  CaCO3
  Arcanite         -3.71     -6.04   -2.33  K2SO4
  Bischofite       -6.21     -1.46    4.75  MgCl2:6H2O
  Bloedite         -4.13     -6.62   -2.49  Na2Mg(SO4)2:4H2O
  Calcite          -0.27     -8.64   -8.37  CaCO3
  Carnallite       -6.94     -3.20    3.73  KMgCl3:6H2O
  CO2(g)           -1.91     -2.89   -0.98  CO2
  Dolomite         -0.24    -16.49  -16.25  CaMg(CO3)2
  Epsomite         -1.73     -4.05   -2.31  MgSO4:7H2O
  Gypsum            0.01     -4.70   -4.71  CaSO4:2H2O
  Halite           -1.50     -0.04    1.46  NaCl
  Hexahydrite      -2.30     -4.02   -1.72  MgSO4:6H2O
  Hydrohalite      -1.24     -0.09    1.15  NaCl:2H2O
  Hydromagnesite   -7.20    -41.71  -34.52  (MgCO3)3:Mg(OH)2:3H2O
  Ice(s)            0.00     -0.03   -0.03  H2O
  Ikaite           -1.39     -8.79   -7.40  CaCO3:6H2O
  Kalicinite       -4.18     -4.44   -0.26  KHCO3
  Kieserite        -4.79     -3.90    0.89  MgSO4:H2O
  Landsfordite     -2.89     -7.98   -5.09  MgCO3:5H2O
  Magnesite        -0.37     -7.86   -7.49  MgCO3
  Meridianite      -1.54     -4.15   -2.61  MgSO4:11H2O
  MgCl2:12H2O      -4.07     -1.61    2.45  MgCl2:12H2O
  MgCl2:8H2O       -5.24     -1.51    3.73  MgCl2:8H2O
  Mirabilite       -0.01     -2.90   -2.88  Na2SO4:10H2O
  Na2CO3:7H2O      -5.57     -6.81   -1.23  Na2CO3:7H2O
  Nahcolite        -1.93     -2.74   -0.80  NaHCO3
  Natron           -4.83     -6.88   -2.05  Na2CO3:10H2O
  Nesquehonite     -3.04     -7.93   -4.89  MgCO3:3H2O
  Picromerite      -4.78    -10.06   -5.29  MgSO4:K2SO4:6H2O
  Sylvite          -2.21     -1.74    0.46  KCl
  Tachyhydrite    -23.88     -5.02   18.86  CaCl2:(MgCl2)2:12H2O
  Thenardite       -2.33     -2.65   -0.31  Na2SO4
  Trona            -8.05     -9.42   -1.37  Na3H(CO3)2:2H2O
  Vaterite         -0.93     -8.64   -7.71  CaCO3

**For a gas, SI = log10(fugacity). Fugacity = pressure * phi / 1 atm.
  For ideal gases, phi = 1.

-----------------------------------------
Beginning of batch-reaction calculations.
-----------------------------------------

Reaction step 1.

WARNING: Maximum iterations exceeded, 200

WARNING: Numerical method failed with this set of convergence parameters.

WARNING: Trying smaller step size, pe step size 10, 5 ... 

WARNING: Maximum iterations exceeded, 400

WARNING: Numerical method failed with this set of convergence parameters.

WARNING: Trying reduced tolerance 1e-16 ...

WARNING: Maximum iterations exceeded, 400

WARNING: Numerical method failed with this set of convergence parameters.

WARNING: Trying increased tolerance 1e-14 ...

WARNING: Maximum iterations exceeded, 400

WARNING: Numerical method failed with this set of convergence parameters.

WARNING: Trying diagonal scaling ...

Using solution 1.	
Using pure phase assemblage 1.	

-------------------------------Phase assemblage--------------------------------

                                                      Moles in assemblage
Phase               SI  log IAP  log K(T, P)   Initial       Final       Delta

Calcite          -0.17    -8.54     -8.37    0.000e+00           0   0.000e+00
Gypsum            0.00    -4.71     -4.71    0.000e+00   1.528e-03   1.528e-03
Halite           -1.38     0.09      1.46    0.000e+00           0   0.000e+00
Hydrohalite      -1.12     0.03      1.15    0.000e+00           0   0.000e+00
Ice(s)            0.00    -0.03     -0.03    0.000e+00   4.964e+00   4.964e+00
Mirabilite        0.00    -2.88     -2.88    0.000e+00   7.097e-03   7.097e-03

-----------------------------Solution composition------------------------------

	Elements           Molality       Moles

	C                 6.841e-03   3.967e-03
	Ca                3.220e-02   1.867e-02
	Cl                1.976e+00   1.146e+00
	K                 3.728e-02   2.162e-02
	Mg                2.006e-01   1.163e-01
	Na                1.595e+00   9.248e-01
	S                 8.546e-02   4.956e-02

----------------------------Description of solution----------------------------

                                       pH  =   6.936      Charge balance
                                       pe  =   4.000      Adjusted to redox equilibrium
      Specific Conductance (µS/cm,  -7°C)  = 49323
                          Density (g/cm³)  =   1.09103
                               Volume (L)  =   0.59684
                        Activity of water  =   0.935
                 Ionic strength (mol/kgw)  =   2.443e+00
                       Mass of water (kg)  =   5.799e-01
                 Total alkalinity (eq/kg)  =   5.748e-03
                       Total CO2 (mol/kg)  =   6.841e-03
                         Temperature (°C)  =  -7.00
                  Electrical balance (eq)  =  -3.189e-02
 Percent error, 100*(Cat-|An|)/(Cat+|An|)  =  -1.29
                               Iterations  =   8 (1412 overall)
                         Gamma iterations  =   1
                      Osmotic coefficient  =   0.95505
                         Density of water  =   0.99888
                                  Total H  = 6.438047e+01
                                  Total O  = 3.239807e+01

----------------------------Distribution of species----------------------------

                                                    Unscaled  Unscaled
                                Unscaled       Log       Log       Log    mole V
   Species          Molality    Activity  Molality  Activity     Gamma   cm³/mol

   H+              1.023e-07   1.158e-07    -6.990    -6.936     0.054      0.00
   OH-             2.594e-08   4.499e-09    -7.586    -8.347    -0.761     -3.69
   H2O             5.551e+01   9.346e-01     1.744    -0.029     0.000     18.04
C(4)          6.841e-03
   HCO3-           5.703e-03   2.596e-03    -2.244    -2.586    -0.342     27.99
   CO2             1.116e-03   1.551e-03    -2.952    -2.809     0.143     43.16
   CO3-2           1.200e-05   4.021e-07    -4.921    -6.396    -1.475     -2.87
   MgCO3           1.048e-05   1.048e-05    -4.980    -4.980     0.000    -17.03
   CaCO3           2.271e-12   2.271e-12   -11.644   -11.644     0.000     (0)  
Ca            3.220e-02
   Ca+2            3.220e-02   7.105e-03    -1.492    -2.148    -0.656    -18.55
   CaCO3           2.271e-12   2.271e-12   -11.644   -11.644     0.000     (0)  
Cl            1.976e+00
   Cl-             1.976e+00   1.351e+00     0.296     0.131    -0.165     16.97
K             3.728e-02
   K+              3.728e-02   1.793e-02    -1.429    -1.746    -0.318      9.37
Mg            2.006e-01
   Mg+2            2.006e-01   4.726e-02    -0.698    -1.325    -0.628    -18.80
   MgCO3           1.048e-05   1.048e-05    -4.980    -4.980     0.000    -17.03
   MgOH+           3.288e-08   2.591e-08    -7.483    -7.587    -0.103     (0)  
Na            1.595e+00
   Na+             1.595e+00   9.031e-01     0.203    -0.044    -0.247     -1.76
S(6)          8.546e-02
   SO4-2           8.546e-02   3.161e-03    -1.068    -2.500    -1.432     14.12

------------------------------Saturation indices-------------------------------

  Phase               SI** log IAP   log K(266 K,   1 atm)

  Anhydrite        -0.61     -4.65   -4.03  CaSO4
  Antarcticite     -5.21     -2.06    3.14  CaCl2:6H2O
  Aphthitalite    -11.26    -20.57   -9.31  Na2SO4:3K2SO4
  Aragonite        -0.34     -8.54   -8.20  CaCO3
  Arcanite         -3.66     -5.99   -2.33  K2SO4
  Bischofite       -5.99     -1.24    4.75  MgCl2:6H2O
  Bloedite         -4.05     -6.53   -2.49  Na2Mg(SO4)2:4H2O
  Calcite          -0.17     -8.54   -8.37  CaCO3
  Carnallite       -6.59     -2.86    3.73  KMgCl3:6H2O
  CO2(g)           -1.83     -2.81   -0.98  CO2
  Dolomite         -0.01    -16.27  -16.25  CaMg(CO3)2
  Epsomite         -1.72     -4.03   -2.31  MgSO4:7H2O
  Gypsum            0.00     -4.71   -4.71  CaSO4:2H2O
  Halite           -1.38      0.09    1.46  NaCl
  Hexahydrite      -2.28     -4.00   -1.72  MgSO4:6H2O
  Hydrohalite      -1.12      0.03    1.15  NaCl:2H2O
  Hydromagnesite   -6.75    -41.27  -34.52  (MgCO3)3:Mg(OH)2:3H2O
  Ice(s)            0.00     -0.03   -0.03  H2O
  Ikaite           -1.32     -8.72   -7.40  CaCO3:6H2O
  Kalicinite       -4.07     -4.33   -0.26  KHCO3
  Kieserite        -4.74     -3.85    0.89  MgSO4:H2O
  Landsfordite     -2.77     -7.87   -5.09  MgCO3:5H2O
  Magnesite        -0.23     -7.72   -7.49  MgCO3
  Meridianite      -1.54     -4.15   -2.61  MgSO4:11H2O
  MgCl2:12H2O      -3.87     -1.42    2.45  MgCl2:12H2O
  MgCl2:8H2O       -5.03     -1.30    3.73  MgCl2:8H2O
  Mirabilite        0.00     -2.88   -2.88  Na2SO4:10H2O
  Na2CO3:7H2O      -5.46     -6.69   -1.23  Na2CO3:7H2O
  Nahcolite        -1.83     -2.63   -0.80  NaHCO3
  Natron           -4.72     -6.78   -2.05  Na2CO3:10H2O
  Nesquehonite     -2.92     -7.81   -4.89  MgCO3:3H2O
  Picromerite      -4.71     -9.99   -5.29  MgSO4:K2SO4:6H2O
  Sylvite          -2.08     -1.62    0.46  KCl
  Tachyhydrite    -23.23     -4.37   18.86  CaCl2:(MgCl2)2:12H2O
  Thenardite       -2.27     -2.59   -0.31  Na2SO4
  Trona            -7.80     -9.17   -1.37  Na3H(CO3)2:2H2O
  Vaterite         -0.84     -8.54   -7.71  CaCO3

**For a gas, SI = log10(fugacity). Fugacity = pressure * phi / 1 atm.
  For ideal gases, phi = 1.

------------------
End of simulation.
------------------

------------------------------------
Reading input data for simulation 2.
------------------------------------

-------------------------------
End of Run after 1.728 Seconds.
-------------------------------

