   Input file: C:\Users\Kagiso\PHREEQC-Python\C3_Cl_minus10pct_FREZ_eq_+017p0.pqi
  Output file: C:\Users\Kagiso\PHREEQC-Python\C3_Cl_minus10pct_FREZ_eq_+017p0.out
Database file: C:\Program Files\USGS\phreeqc-3.8.6-17100-x64\database\frezchem.dat

------------------
Reading data base.
------------------

	PITZER
	SOLUTION_MASTER_SPECIES
	SOLUTION_SPECIES
	PHASES
	PITZER
	EXCHANGE_MASTER_SPECIES
	EXCHANGE_SPECIES
	SURFACE_MASTER_SPECIES
	SURFACE_SPECIES
	END
------------------------------------
Reading input data for simulation 1.
------------------------------------

	TITLE C3_Cl_minus10pct FREZCHEM sequential FC at 17.00 C
	SOLUTION 1
	    temp 17.00000000
	    pH 7.0050000000
	    units mol/kgw
	    water 1.000000000000
	    Na 9.35250000000000e-01
	    K 2.15320000000000e-02
	    Mg 1.15860000000000e-01
	    Ca 2.40190000000000e-02
	    Cl 1.02710000000000e+00
	    S(6) 5.94160000000000e-02
	    C(4) 3.96930000000000e-03
	EQUILIBRIUM_PHASES 1
	    Ice(s)       0.0 0.0
	    Mirabilite   0.0 0.0
	    Halite       0.0 0.0
	    Hydrohalite  0.0 0.0
	    Calcite      0.0 0.0
	    Gypsum       0.0 0.0
	SELECTED_OUTPUT 1
	    file C:/Users/Kagiso/PHREEQC-Python/C3_Cl_minus10pct_FREZ_eq_+017p0.txt
	    reset false
	    user_punch true
	USER_PUNCH 1
	    headings Temp_C pH Water_kg Alk_eq_kgw Mu aw Na_mol K_mol Mg_mol Ca_mol Cl_mol S6_mol C4_mol Na_m K_m Mg_m Ca_m Cl_m S6_m C4_m Na_act Cl_act SO4_act SI_Ice SI_Mirabilite SI_Halite SI_Hydrohalite SI_Calcite SI_Gypsum Ice_mol Mirabilite_mol Halite_mol Hydrohalite_mol Calcite_mol Gypsum_mol Iterations
	    10 PUNCH TC, -LA("H+"), TOT("water"), ALK, MU, ACT("H2O")
	    20 PUNCH TOTMOLE("Na"), TOTMOLE("K"), TOTMOLE("Mg"), TOTMOLE("Ca")
	    30 PUNCH TOTMOLE("Cl"), TOTMOLE("S(6)"), TOTMOLE("C(4)")
	    40 PUNCH TOT("Na"), TOT("K"), TOT("Mg"), TOT("Ca")
	    50 PUNCH TOT("Cl"), TOT("S(6)"), TOT("C(4)")
	    60 PUNCH ACT("Na+"), ACT("Cl-"), ACT("SO4-2")
	    70 PUNCH SI("Ice(s)"), SI("Mirabilite"), SI("Halite"), SI("Hydrohalite"), SI("Calcite"), SI("Gypsum")
	    80 PUNCH EQUI("Ice(s)"), EQUI("Mirabilite"), EQUI("Halite"), EQUI("Hydrohalite"), EQUI("Calcite"), EQUI("Gypsum")
	    90 PUNCH ITERATIONS
	END
-----
TITLE
-----

 C3_Cl_minus10pct FREZCHEM sequential FC at 17.00 C

-------------------------------------------
Beginning of initial solution calculations.
-------------------------------------------

Initial solution 1.	

-----------------------------Solution composition------------------------------

	Elements           Molality       Moles

	C(4)              3.969e-03   3.969e-03
	Ca                2.402e-02   2.402e-02
	Cl                1.027e+00   1.027e+00
	K                 2.153e-02   2.153e-02
	Mg                1.159e-01   1.159e-01
	Na                9.352e-01   9.352e-01
	S(6)              5.942e-02   5.942e-02

----------------------------Description of solution----------------------------

                                       pH  =   7.005    
                                       pe  =   4.000    
      Specific Conductance (µS/cm,  17°C)  = 68722
                          Density (g/cm³)  =   1.04871
                               Volume (L)  =   1.01885
                        Activity of water  =   0.964
                 Ionic strength (mol/kgw)  =   1.392e+00
                       Mass of water (kg)  =   1.000e+00
                 Total alkalinity (eq/kg)  =   3.631e-03
                       Total CO2 (mol/kg)  =   3.969e-03
                         Temperature (°C)  =  17.00
                  Electrical balance (eq)  =   8.698e-02
 Percent error, 100*(Cat-|An|)/(Cat+|An|)  =   3.65
                               Iterations  =  13
                         Gamma iterations  =   4
                      Osmotic coefficient  =   0.92389
                         Density of water  =   0.99877
                                  Total H  = 1.110222e+02
                                  Total O  = 5.575851e+01

----------------------------Distribution of species----------------------------

                                                    Unscaled  Unscaled
                                Unscaled       Log       Log       Log    mole V
   Species          Molality    Activity  Molality  Activity     Gamma   cm³/mol

   OH-             1.466e-07   5.262e-08    -6.834    -7.279    -0.445     -1.97
   H+              1.276e-07   9.886e-08    -6.894    -7.005    -0.111      0.00
   H2O             5.551e+01   9.643e-01     1.744    -0.016     0.000     18.04
C(4)          3.969e-03
   HCO3-           3.583e-03   1.811e-03    -2.446    -2.742    -0.296     27.65
   CO2             3.624e-04   4.699e-04    -3.441    -3.328     0.113     31.24
   MgCO3           1.255e-05   1.255e-05    -4.901    -4.901     0.000    -17.08
   CO3-2           1.147e-05   7.186e-07    -4.940    -6.144    -1.203      0.43
   CaCO3           2.261e-12   2.261e-12   -11.646   -11.646     0.000     (0)  
Ca            2.402e-02
   Ca+2            2.402e-02   3.893e-03    -1.619    -2.410    -0.790    -16.53
   CaCO3           2.261e-12   2.261e-12   -11.646   -11.646     0.000     (0)  
Cl            1.027e+00
   Cl-             1.027e+00   7.272e-01     0.012    -0.138    -0.150     18.77
K             2.153e-02
   K+              2.153e-02   1.158e-02    -1.667    -1.936    -0.269      9.80
Mg            1.159e-01
   Mg+2            1.158e-01   2.308e-02    -0.936    -1.637    -0.701    -19.75
   MgCO3           1.255e-05   1.255e-05    -4.901    -4.901     0.000    -17.08
   MgOH+           2.106e-07   1.705e-07    -6.677    -6.768    -0.092     (0)  
Na            9.352e-01
   Na+             9.352e-01   5.592e-01    -0.029    -0.252    -0.223     -0.47
S(6)          5.942e-02
   SO4-2           5.942e-02   4.374e-03    -1.226    -2.359    -1.133     19.18

------------------------------Saturation indices-------------------------------

  Phase               SI** log IAP   log K(290 K,   1 atm)

  Anhydrite        -0.59     -4.77   -4.18  CaSO4
  Antarcticite     -6.40     -2.78    3.61  CaCl2:6H2O
  Aphthitalite    -13.84    -21.56   -7.72  Na2SO4:3K2SO4
  Aragonite        -0.26     -8.55   -8.29  CaCO3
  Arcanite         -4.33     -6.23   -1.90  K2SO4
  Bischofite       -6.69     -2.01    4.68  MgCl2:6H2O
  Bloedite         -4.52     -6.92   -2.40  Na2Mg(SO4)2:4H2O
  Calcite          -0.11     -8.55   -8.44  CaCO3
  Carnallite       -8.27     -4.08    4.19  KMgCl3:6H2O
  CO2(g)           -1.96     -3.33   -1.37  CO2
  Dolomite          0.56    -16.33  -16.89  CaMg(CO3)2
  Epsomite         -2.13     -4.11   -1.98  MgSO4:7H2O
  Gypsum           -0.20     -4.80   -4.60  CaSO4:2H2O
  Halite           -1.95     -0.39    1.56  NaCl
  Hexahydrite      -2.44     -4.09   -1.65  MgSO4:6H2O
  Hydrohalite      -1.88     -0.42    1.46  NaCl:2H2O
  Hydromagnesite   -3.33    -39.58  -36.25  (MgCO3)3:Mg(OH)2:3H2O
  Ice(s)           -0.09     -0.02    0.07  H2O
  Ikaite           -1.88     -8.65   -6.77  CaCO3:6H2O
  Kalicinite       -4.75     -4.68    0.08  KHCO3
  Kieserite        -3.97     -4.01   -0.04  MgSO4:H2O
  Landsfordite     -2.72     -7.86   -5.14  MgCO3:5H2O
  Magnesite         0.13     -7.78   -7.91  MgCO3
  Meridianite      -2.54     -4.17   -1.63  MgSO4:11H2O
  MgCl2:12H2O      -6.14     -2.10    4.03  MgCl2:12H2O
  MgCl2:8H2O       -6.12     -2.04    4.08  MgCl2:8H2O
  Mirabilite       -1.40     -3.02   -1.62  Na2SO4:10H2O
  Na2CO3:7H2O      -6.12     -6.76   -0.64  Na2CO3:7H2O
  Nahcolite        -2.50     -2.99   -0.50  NaHCO3
  Natron           -5.67     -6.81   -1.14  Na2CO3:10H2O
  Nesquehonite     -2.55     -7.83   -5.27  MgCO3:3H2O
  Picromerite      -5.78    -10.32   -4.55  MgSO4:K2SO4:6H2O
  Sylvite          -2.88     -2.07    0.81  KCl
  Tachyhydrite    -24.12     -6.70   17.42  CaCl2:(MgCl2)2:12H2O
  Thenardite       -2.57     -2.86   -0.29  Na2SO4
  Trona            -8.57     -9.67   -1.11  Na3H(CO3)2:2H2O
  Vaterite         -0.70     -8.55   -7.85  CaCO3

**For a gas, SI = log10(fugacity). Fugacity = pressure * phi / 1 atm.
  For ideal gases, phi = 1.

-----------------------------------------
Beginning of batch-reaction calculations.
-----------------------------------------

Reaction step 1.

Using solution 1.	
Using pure phase assemblage 1.	

-------------------------------Phase assemblage--------------------------------

                                                      Moles in assemblage
Phase               SI  log IAP  log K(T, P)   Initial       Final       Delta

Calcite          -0.11    -8.55     -8.44    0.000e+00           0   0.000e+00
Gypsum           -0.20    -4.80     -4.60    0.000e+00           0   0.000e+00
Halite           -1.95    -0.39      1.56    0.000e+00           0   0.000e+00
Hydrohalite      -1.88    -0.42      1.46    0.000e+00           0   0.000e+00
Ice(s)           -0.09    -0.02      0.07    0.000e+00           0   0.000e+00
Mirabilite       -1.40    -3.02     -1.62    0.000e+00           0   0.000e+00

-----------------------------Solution composition------------------------------

	Elements           Molality       Moles

	C                 3.969e-03   3.969e-03
	Ca                2.402e-02   2.402e-02
	Cl                1.027e+00   1.027e+00
	K                 2.153e-02   2.153e-02
	Mg                1.159e-01   1.159e-01
	Na                9.352e-01   9.352e-01
	S                 5.942e-02   5.942e-02

----------------------------Description of solution----------------------------

                                       pH  =   7.005      Charge balance
                                       pe  =   4.000      Adjusted to redox equilibrium
      Specific Conductance (µS/cm,  17°C)  = 68722
                          Density (g/cm³)  =   1.04871
                               Volume (L)  =   1.01885
                        Activity of water  =   0.964
                 Ionic strength (mol/kgw)  =   1.392e+00
                       Mass of water (kg)  =   1.000e+00
                 Total alkalinity (eq/kg)  =   3.631e-03
                       Total CO2 (mol/kg)  =   3.969e-03
                         Temperature (°C)  =  17.00
                  Electrical balance (eq)  =   8.698e-02
 Percent error, 100*(Cat-|An|)/(Cat+|An|)  =   3.65
                               Iterations  =   1
                         Gamma iterations  =   1
                      Osmotic coefficient  =   0.92389
                         Density of water  =   0.99877
                                  Total H  = 1.110222e+02
                                  Total O  = 5.575851e+01

----------------------------Distribution of species----------------------------

                                                    Unscaled  Unscaled
                                Unscaled       Log       Log       Log    mole V
   Species          Molality    Activity  Molality  Activity     Gamma   cm³/mol

   OH-             1.466e-07   5.262e-08    -6.834    -7.279    -0.445     -1.97
   H+              1.276e-07   9.886e-08    -6.894    -7.005    -0.111      0.00
   H2O             5.551e+01   9.643e-01     1.744    -0.016     0.000     18.04
C(4)          3.969e-03
   HCO3-           3.583e-03   1.811e-03    -2.446    -2.742    -0.296     27.65
   CO2             3.624e-04   4.699e-04    -3.441    -3.328     0.113     31.24
   MgCO3           1.255e-05   1.255e-05    -4.901    -4.901     0.000    -17.08
   CO3-2           1.147e-05   7.186e-07    -4.940    -6.144    -1.203      0.43
   CaCO3           2.261e-12   2.261e-12   -11.646   -11.646     0.000     (0)  
Ca            2.402e-02
   Ca+2            2.402e-02   3.893e-03    -1.619    -2.410    -0.790    -16.53
   CaCO3           2.261e-12   2.261e-12   -11.646   -11.646     0.000     (0)  
Cl            1.027e+00
   Cl-             1.027e+00   7.272e-01     0.012    -0.138    -0.150     18.77
K             2.153e-02
   K+              2.153e-02   1.158e-02    -1.667    -1.936    -0.269      9.80
Mg            1.159e-01
   Mg+2            1.158e-01   2.308e-02    -0.936    -1.637    -0.701    -19.75
   MgCO3           1.255e-05   1.255e-05    -4.901    -4.901     0.000    -17.08
   MgOH+           2.106e-07   1.705e-07    -6.677    -6.768    -0.092     (0)  
Na            9.352e-01
   Na+             9.352e-01   5.592e-01    -0.029    -0.252    -0.223     -0.47
S(6)          5.942e-02
   SO4-2           5.942e-02   4.374e-03    -1.226    -2.359    -1.133     19.18

------------------------------Saturation indices-------------------------------

  Phase               SI** log IAP   log K(290 K,   1 atm)

  Anhydrite        -0.59     -4.77   -4.18  CaSO4
  Antarcticite     -6.40     -2.78    3.61  CaCl2:6H2O
  Aphthitalite    -13.84    -21.56   -7.72  Na2SO4:3K2SO4
  Aragonite        -0.26     -8.55   -8.29  CaCO3
  Arcanite         -4.33     -6.23   -1.90  K2SO4
  Bischofite       -6.69     -2.01    4.68  MgCl2:6H2O
  Bloedite         -4.52     -6.92   -2.40  Na2Mg(SO4)2:4H2O
  Calcite          -0.11     -8.55   -8.44  CaCO3
  Carnallite       -8.27     -4.08    4.19  KMgCl3:6H2O
  CO2(g)           -1.96     -3.33   -1.37  CO2
  Dolomite          0.56    -16.33  -16.89  CaMg(CO3)2
  Epsomite         -2.13     -4.11   -1.98  MgSO4:7H2O
  Gypsum           -0.20     -4.80   -4.60  CaSO4:2H2O
  Halite           -1.95     -0.39    1.56  NaCl
  Hexahydrite      -2.44     -4.09   -1.65  MgSO4:6H2O
  Hydrohalite      -1.88     -0.42    1.46  NaCl:2H2O
  Hydromagnesite   -3.33    -39.58  -36.25  (MgCO3)3:Mg(OH)2:3H2O
  Ice(s)           -0.09     -0.02    0.07  H2O
  Ikaite           -1.88     -8.65   -6.77  CaCO3:6H2O
  Kalicinite       -4.75     -4.68    0.08  KHCO3
  Kieserite        -3.97     -4.01   -0.04  MgSO4:H2O
  Landsfordite     -2.72     -7.86   -5.14  MgCO3:5H2O
  Magnesite         0.13     -7.78   -7.91  MgCO3
  Meridianite      -2.54     -4.17   -1.63  MgSO4:11H2O
  MgCl2:12H2O      -6.14     -2.10    4.03  MgCl2:12H2O
  MgCl2:8H2O       -6.12     -2.04    4.08  MgCl2:8H2O
  Mirabilite       -1.40     -3.02   -1.62  Na2SO4:10H2O
  Na2CO3:7H2O      -6.12     -6.76   -0.64  Na2CO3:7H2O
  Nahcolite        -2.50     -2.99   -0.50  NaHCO3
  Natron           -5.67     -6.81   -1.14  Na2CO3:10H2O
  Nesquehonite     -2.55     -7.83   -5.27  MgCO3:3H2O
  Picromerite      -5.78    -10.32   -4.55  MgSO4:K2SO4:6H2O
  Sylvite          -2.88     -2.07    0.81  KCl
  Tachyhydrite    -24.12     -6.70   17.42  CaCl2:(MgCl2)2:12H2O
  Thenardite       -2.57     -2.86   -0.29  Na2SO4
  Trona            -8.57     -9.67   -1.11  Na3H(CO3)2:2H2O
  Vaterite         -0.70     -8.55   -7.85  CaCO3

**For a gas, SI = log10(fugacity). Fugacity = pressure * phi / 1 atm.
  For ideal gases, phi = 1.

------------------
End of simulation.
------------------

------------------------------------
Reading input data for simulation 2.
------------------------------------

-------------------------------
End of Run after 1.345 Seconds.
-------------------------------

