   Input file: C:\Users\Kagiso\PHREEQC-Python\C3_Ca_minus10pct_FREZ_pre_+021p0.pqi
  Output file: C:\Users\Kagiso\PHREEQC-Python\C3_Ca_minus10pct_FREZ_pre_+021p0.out
Database file: C:\Program Files\USGS\phreeqc-3.8.6-17100-x64\database\frezchem.dat

------------------
Reading data base.
------------------

	PITZER
	SOLUTION_MASTER_SPECIES
	SOLUTION_SPECIES
	PHASES
	PITZER
	EXCHANGE_MASTER_SPECIES
	EXCHANGE_SPECIES
	SURFACE_MASTER_SPECIES
	SURFACE_SPECIES
	END
------------------------------------
Reading input data for simulation 1.
------------------------------------

	TITLE C3_Ca_minus10pct FREZCHEM sequential FC at 21.00 C
	SOLUTION 1
	    temp 21.00000000
	    pH 7.0102000000
	    units mol/kgw
	    water 1.000000000000
	    Na 9.38960000000000e-01
	    K 2.16170000000000e-02
	    Mg 1.16320000000000e-01
	    Ca 2.16650000000000e-02
	    Cl 1.14580000000000e+00
	    S(6) 5.96520000000000e-02
	    C(4) 3.96720000000000e-03
	SELECTED_OUTPUT 1
	    file C:/Users/Kagiso/PHREEQC-Python/C3_Ca_minus10pct_FREZ_pre_+021p0.txt
	    reset false
	    user_punch true
	USER_PUNCH 1
	    headings Temp_C pH Water_kg Alk_eq_kgw Mu aw Na_mol K_mol Mg_mol Ca_mol Cl_mol S6_mol C4_mol Na_m K_m Mg_m Ca_m Cl_m S6_m C4_m Na_act Cl_act SO4_act SI_Ice SI_Mirabilite SI_Halite SI_Hydrohalite SI_Calcite SI_Gypsum Iterations
	    10 PUNCH TC, -LA("H+"), TOT("water"), ALK, MU, ACT("H2O")
	    20 PUNCH TOTMOLE("Na"), TOTMOLE("K"), TOTMOLE("Mg"), TOTMOLE("Ca")
	    30 PUNCH TOTMOLE("Cl"), TOTMOLE("S(6)"), TOTMOLE("C(4)")
	    40 PUNCH TOT("Na"), TOT("K"), TOT("Mg"), TOT("Ca")
	    50 PUNCH TOT("Cl"), TOT("S(6)"), TOT("C(4)")
	    60 PUNCH ACT("Na+"), ACT("Cl-"), ACT("SO4-2")
	    70 PUNCH SI("Ice(s)"), SI("Mirabilite"), SI("Halite"), SI("Hydrohalite"), SI("Calcite"), SI("Gypsum")
	    80 PUNCH ITERATIONS
	END
-----
TITLE
-----

 C3_Ca_minus10pct FREZCHEM sequential FC at 21.00 C

-------------------------------------------
Beginning of initial solution calculations.
-------------------------------------------

Initial solution 1.	

-----------------------------Solution composition------------------------------

	Elements           Molality       Moles

	C(4)              3.967e-03   3.967e-03
	Ca                2.166e-02   2.166e-02
	Cl                1.146e+00   1.146e+00
	K                 2.162e-02   2.162e-02
	Mg                1.163e-01   1.163e-01
	Na                9.390e-01   9.390e-01
	S(6)              5.965e-02   5.965e-02

----------------------------Description of solution----------------------------

                                       pH  =   7.010    
                                       pe  =   4.000    
      Specific Conductance (µS/cm,  21°C)  = 79656
                          Density (g/cm³)  =   1.04925
                               Volume (L)  =   1.02237
                        Activity of water  =   0.962
                 Ionic strength (mol/kgw)  =   1.450e+00
                       Mass of water (kg)  =   1.000e+00
                 Total alkalinity (eq/kg)  =   3.662e-03
                       Total CO2 (mol/kg)  =   3.967e-03
                         Temperature (°C)  =  21.00
                  Electrical balance (eq)  =  -3.222e-02
 Percent error, 100*(Cat-|An|)/(Cat+|An|)  =  -1.29
                               Iterations  =  12
                         Gamma iterations  =   4
                      Osmotic coefficient  =   0.93330
                         Density of water  =   0.99799
                                  Total H  = 1.110222e+02
                                  Total O  = 5.575947e+01

----------------------------Distribution of species----------------------------

                                                    Unscaled  Unscaled
                                Unscaled       Log       Log       Log    mole V
   Species          Molality    Activity  Molality  Activity     Gamma   cm³/mol

   OH-             2.049e-07   7.328e-08    -6.688    -7.135    -0.447     -1.63
   H+              1.218e-07   9.768e-08    -6.914    -7.010    -0.096      0.00
   H2O             5.551e+01   9.619e-01     1.744    -0.017     0.000     18.05
C(4)          3.967e-03
   HCO3-           3.600e-03   1.810e-03    -2.444    -2.742    -0.299     28.03
   CO2             3.361e-04   4.362e-04    -3.474    -3.360     0.113     30.10
   MgCO3           1.676e-05   1.676e-05    -4.776    -4.776     0.000    -17.08
   CO3-2           1.411e-05   7.983e-07    -4.850    -6.098    -1.248      1.08
   CaCO3           2.327e-12   2.327e-12   -11.633   -11.633     0.000     (0)  
Ca            2.166e-02
   Ca+2            2.166e-02   3.835e-03    -1.664    -2.416    -0.752    -16.34
   CaCO3           2.327e-12   2.327e-12   -11.633   -11.633     0.000     (0)  
Cl            1.146e+00
   Cl-             1.146e+00   7.991e-01     0.059    -0.097    -0.157     18.97
K             2.162e-02
   K+              2.162e-02   1.171e-02    -1.665    -1.932    -0.266      9.96
Mg            1.163e-01
   Mg+2            1.163e-01   2.623e-02    -0.934    -1.581    -0.647    -19.81
   MgCO3           1.676e-05   1.676e-05    -4.776    -4.776     0.000    -17.08
   MgOH+           3.367e-07   2.814e-07    -6.473    -6.551    -0.078     (0)  
Na            9.390e-01
   Na+             9.390e-01   5.738e-01    -0.027    -0.241    -0.214     -0.25
S(6)          5.965e-02
   SO4-2           5.965e-02   4.157e-03    -1.224    -2.381    -1.157     19.84

------------------------------Saturation indices-------------------------------

  Phase               SI** log IAP   log K(294 K,   1 atm)

  Anhydrite        -0.58     -4.80   -4.22  CaSO4
  Antarcticite     -6.41     -2.71    3.70  CaCl2:6H2O
  Aphthitalite    -14.14    -21.60   -7.45  Na2SO4:3K2SO4
  Aragonite        -0.20     -8.51   -8.31  CaCO3
  Arcanite         -4.41     -6.24   -1.84  K2SO4
  Bischofite       -6.53     -1.88    4.66  MgCl2:6H2O
  Bloedite         -4.51     -6.89   -2.39  Na2Mg(SO4)2:4H2O
  Calcite          -0.06     -8.51   -8.46  CaCO3
  Carnallite       -8.15     -3.91    4.24  KMgCl3:6H2O
  CO2(g)           -1.94     -3.36   -1.42  CO2
  Dolomite          0.80    -16.19  -16.99  CaMg(CO3)2
  Epsomite         -2.15     -4.08   -1.93  MgSO4:7H2O
  Gypsum           -0.23     -4.83   -4.60  CaSO4:2H2O
  Halite           -1.91     -0.34    1.57  NaCl
  Hexahydrite      -2.43     -4.06   -1.64  MgSO4:6H2O
  Hydrohalite      -1.86     -0.37    1.49  NaCl:2H2O
  Hydromagnesite   -2.42    -38.94  -36.51  (MgCO3)3:Mg(OH)2:3H2O
  Ice(s)           -0.10     -0.02    0.09  H2O
  Ikaite           -1.94     -8.62   -6.68  CaCO3:6H2O
  Kalicinite       -4.81     -4.67    0.13  KHCO3
  Kieserite        -3.85     -3.98   -0.13  MgSO4:H2O
  Landsfordite     -2.66     -7.76   -5.10  MgCO3:5H2O
  Magnesite         0.29     -7.68   -7.97  MgCO3
  Meridianite      -2.68     -4.15   -1.47  MgSO4:11H2O
  MgCl2:12H2O      -6.33     -1.98    4.35  MgCl2:12H2O
  MgCl2:8H2O       -6.04     -1.91    4.12  MgCl2:8H2O
  Mirabilite       -1.61     -3.03   -1.42  Na2SO4:10H2O
  Na2CO3:7H2O      -6.16     -6.70   -0.54  Na2CO3:7H2O
  Nahcolite        -2.54     -2.98   -0.45  NaHCO3
  Natron           -5.78     -6.75   -0.97  Na2CO3:10H2O
  Nesquehonite     -2.43     -7.73   -5.30  MgCO3:3H2O
  Picromerite      -5.85    -10.31   -4.46  MgSO4:K2SO4:6H2O
  Sylvite          -2.88     -2.03    0.85  KCl
  Tachyhydrite    -23.54     -6.37   17.18  CaCl2:(MgCl2)2:12H2O
  Thenardite       -2.57     -2.86   -0.29  Na2SO4
  Trona            -8.54     -9.60   -1.06  Na3H(CO3)2:2H2O
  Vaterite         -0.63     -8.51   -7.88  CaCO3

**For a gas, SI = log10(fugacity). Fugacity = pressure * phi / 1 atm.
  For ideal gases, phi = 1.

------------------
End of simulation.
------------------

------------------------------------
Reading input data for simulation 2.
------------------------------------

-------------------------------
End of Run after 1.286 Seconds.
-------------------------------

