   Input file: C:\Users\Kagiso\PHREEQC-Python\C3_Ca_minus10pct_FREZ_pre_-018p0.pqi
  Output file: C:\Users\Kagiso\PHREEQC-Python\C3_Ca_minus10pct_FREZ_pre_-018p0.out
Database file: C:\Program Files\USGS\phreeqc-3.8.6-17100-x64\database\frezchem.dat

------------------
Reading data base.
------------------

	PITZER
	SOLUTION_MASTER_SPECIES
	SOLUTION_SPECIES
	PHASES
	PITZER
	EXCHANGE_MASTER_SPECIES
	EXCHANGE_SPECIES
	SURFACE_MASTER_SPECIES
	SURFACE_SPECIES
	END
------------------------------------
Reading input data for simulation 1.
------------------------------------

	TITLE C3_Ca_minus10pct FREZCHEM sequential FC at -18.00 C
	SOLUTION 1
	    temp -18.00000000
	    pH 6.4724000000
	    units mol/kgw
	    water 0.270190000000
	    Na 3.11847218623931e+00
	    K 8.00066619786077e-02
	    Mg 4.30511862023021e-01
	    Ca 6.81261334616381e-02
	    Cl 4.24071949368963e+00
	    S(6) 3.13546023168881e-02
	    C(4) 1.37147932936082e-02
	SELECTED_OUTPUT 1
	    file C:/Users/Kagiso/PHREEQC-Python/C3_Ca_minus10pct_FREZ_pre_-018p0.txt
	    reset false
	    user_punch true
	USER_PUNCH 1
	    headings Temp_C pH Water_kg Alk_eq_kgw Mu aw Na_mol K_mol Mg_mol Ca_mol Cl_mol S6_mol C4_mol Na_m K_m Mg_m Ca_m Cl_m S6_m C4_m Na_act Cl_act SO4_act SI_Ice SI_Mirabilite SI_Halite SI_Hydrohalite SI_Calcite SI_Gypsum Iterations
	    10 PUNCH TC, -LA("H+"), TOT("water"), ALK, MU, ACT("H2O")
	    20 PUNCH TOTMOLE("Na"), TOTMOLE("K"), TOTMOLE("Mg"), TOTMOLE("Ca")
	    30 PUNCH TOTMOLE("Cl"), TOTMOLE("S(6)"), TOTMOLE("C(4)")
	    40 PUNCH TOT("Na"), TOT("K"), TOT("Mg"), TOT("Ca")
	    50 PUNCH TOT("Cl"), TOT("S(6)"), TOT("C(4)")
	    60 PUNCH ACT("Na+"), ACT("Cl-"), ACT("SO4-2")
	    70 PUNCH SI("Ice(s)"), SI("Mirabilite"), SI("Halite"), SI("Hydrohalite"), SI("Calcite"), SI("Gypsum")
	    80 PUNCH ITERATIONS
	END
-----
TITLE
-----

 C3_Ca_minus10pct FREZCHEM sequential FC at -18.00 C

-------------------------------------------
Beginning of initial solution calculations.
-------------------------------------------

Initial solution 1.	

-----------------------------Solution composition------------------------------

	Elements           Molality       Moles

	C(4)              1.371e-02   3.706e-03
	Ca                6.813e-02   1.841e-02
	Cl                4.241e+00   1.146e+00
	K                 8.001e-02   2.162e-02
	Mg                4.305e-01   1.163e-01
	Na                3.118e+00   8.426e-01
	S(6)              3.135e-02   8.472e-03

----------------------------Description of solution----------------------------

                                       pH  =   6.472    
                                       pe  =   4.000    
      Specific Conductance (µS/cm, -18°C)  = 45030
                          Density (g/cm³)  =   1.17327
                               Volume (L)  =   0.28604
                        Activity of water  =   0.848
                 Ionic strength (mol/kgw)  =   4.784e+00
                       Mass of water (kg)  =   2.702e-01
                 Total alkalinity (eq/kg)  =   8.877e-03
                       Total CO2 (mol/kg)  =   1.371e-02
                         Temperature (°C)  = -18.00
                  Electrical balance (eq)  =  -3.149e-02
 Percent error, 100*(Cat-|An|)/(Cat+|An|)  =  -1.37
                               Iterations  =  16
                         Gamma iterations  =   5
                      Osmotic coefficient  =   1.14590
                         Density of water  =   0.99480
                                  Total H  = 2.999850e+01
                                  Total O  = 1.504175e+01

----------------------------Distribution of species----------------------------

                                                    Unscaled  Unscaled
                                Unscaled       Log       Log       Log    mole V
   Species          Molality    Activity  Molality  Activity     Gamma   cm³/mol

   H+              1.127e-07   3.370e-07    -6.948    -6.472     0.476      0.00
   OH-             1.018e-08   3.949e-10    -7.992    -9.404    -1.411     -4.31
   H2O             5.551e+01   8.481e-01     1.744    -0.072     0.000     18.11
C(4)          1.371e-02
   HCO3-           8.831e-03   3.415e-03    -2.054    -2.467    -0.413     36.19
   CO2             4.861e-03   1.069e-02    -2.313    -1.971     0.342     55.71
   MgCO3           1.477e-05   1.477e-05    -4.831    -4.831     0.000    -16.96
   CO3-2           8.210e-06   1.090e-07    -5.086    -6.963    -1.877     -0.27
   CaCO3           2.340e-12   2.340e-12   -11.631   -11.631     0.000     (0)  
Ca            6.813e-02
   Ca+2            6.813e-02   3.736e-02    -1.167    -1.428    -0.261    -22.88
   CaCO3           2.340e-12   2.340e-12   -11.631   -11.631     0.000     (0)  
Cl            4.241e+00
   Cl-             4.241e+00   3.467e+00     0.627     0.540    -0.087     15.91
K             8.001e-02
   K+              8.001e-02   3.123e-02    -1.097    -1.505    -0.409     10.98
Mg            4.305e-01
   Mg+2            4.305e-01   2.798e-01    -0.366    -0.553    -0.187    -18.77
   MgCO3           1.477e-05   1.477e-05    -4.831    -4.831     0.000    -16.96
   MgOH+           2.269e-08   1.360e-08    -7.644    -7.866    -0.222     (0)  
Na            3.118e+00
   Na+             3.118e+00   1.862e+00     0.494     0.270    -0.224     -1.96
S(6)          3.135e-02
   SO4-2           3.135e-02   5.509e-04    -1.504    -3.259    -1.755      9.38

------------------------------Saturation indices-------------------------------

  Phase               SI** log IAP   log K(255 K,   1 atm)

  Anhydrite        -0.66     -4.69   -4.02  CaSO4
  Antarcticite     -3.76     -0.78    2.98  CaCl2:6H2O
  Aphthitalite    -11.49    -21.53  -10.04  Na2SO4:3K2SO4
  Aragonite        -0.21     -8.39   -8.18  CaCO3
  Arcanite         -3.72     -6.27   -2.55  K2SO4
  Bischofite       -4.61      0.10    4.71  MgCl2:6H2O
  Bloedite         -4.29     -6.82   -2.53  Na2Mg(SO4)2:4H2O
  Calcite          -0.03     -8.39   -8.36  CaCO3
  Carnallite       -4.30     -0.87    3.43  KMgCl3:6H2O
  CO2(g)           -1.23     -1.97   -0.74  CO2
  Dolomite          0.01    -15.91  -15.92  CaMg(CO3)2
  Epsomite         -1.83     -4.31   -2.49  MgSO4:7H2O
  Gypsum           -0.01     -4.83   -4.82  CaSO4:2H2O
  Halite           -0.58      0.81    1.39  NaCl
  Hexahydrite      -2.49     -4.24   -1.75  MgSO4:6H2O
  Hydrohalite      -0.29      0.67    0.96  NaCl:2H2O
  Hydromagnesite   -8.51    -42.12  -33.61  (MgCO3)3:Mg(OH)2:3H2O
  Ice(s)            0.00     -0.07   -0.08  H2O
  Ikaite           -1.10     -8.82   -7.72  CaCO3:6H2O
  Kalicinite       -3.56     -3.97   -0.41  KHCO3
  Kieserite        -5.43     -3.88    1.54  MgSO4:H2O
  Landsfordite     -3.19     -7.87   -4.68  MgCO3:5H2O
  Magnesite        -0.25     -7.52   -7.27  MgCO3
  Meridianite      -1.54     -4.60   -3.05  MgSO4:11H2O
  MgCl2:12H2O      -2.27     -0.33    1.94  MgCl2:12H2O
  MgCl2:8H2O       -3.54     -0.05    3.49  MgCl2:8H2O
  Mirabilite        0.04     -3.43   -3.48  Na2SO4:10H2O
  Na2CO3:7H2O      -5.42     -6.92   -1.51  Na2CO3:7H2O
  Nahcolite        -1.29     -2.20   -0.91  NaHCO3
  Natron           -4.71     -7.14   -2.43  Na2CO3:10H2O
  Nesquehonite     -3.14     -7.73   -4.59  MgCO3:3H2O
  Picromerite      -4.76    -10.51   -5.75  MgSO4:K2SO4:6H2O
  Sylvite          -1.23     -0.97    0.27  KCl
  Tachyhydrite    -19.68     -0.15   19.53  CaCl2:(MgCl2)2:12H2O
  Thenardite       -2.40     -2.72   -0.32  Na2SO4
  Trona            -7.27     -8.76   -1.50  Na3H(CO3)2:2H2O
  Vaterite         -0.73     -8.39   -7.66  CaCO3

**For a gas, SI = log10(fugacity). Fugacity = pressure * phi / 1 atm.
  For ideal gases, phi = 1.

------------------
End of simulation.
------------------

------------------------------------
Reading input data for simulation 2.
------------------------------------

------------------------------
End of Run after 1.28 Seconds.
------------------------------

