   Input file: C:\Users\Kagiso\PHREEQC-Python\C3_Ca_minus10pct_FREZ_eq_+016p0.pqi
  Output file: C:\Users\Kagiso\PHREEQC-Python\C3_Ca_minus10pct_FREZ_eq_+016p0.out
Database file: C:\Program Files\USGS\phreeqc-3.8.6-17100-x64\database\frezchem.dat

------------------
Reading data base.
------------------

	PITZER
	SOLUTION_MASTER_SPECIES
	SOLUTION_SPECIES
	PHASES
	PITZER
	EXCHANGE_MASTER_SPECIES
	EXCHANGE_SPECIES
	SURFACE_MASTER_SPECIES
	SURFACE_SPECIES
	END
------------------------------------
Reading input data for simulation 1.
------------------------------------

	TITLE C3_Ca_minus10pct FREZCHEM sequential FC at 16.00 C
	SOLUTION 1
	    temp 16.00000000
	    pH 7.0102000000
	    units mol/kgw
	    water 1.000000000000
	    Na 9.38960000000000e-01
	    K 2.16170000000000e-02
	    Mg 1.16320000000000e-01
	    Ca 2.16650000000000e-02
	    Cl 1.14580000000000e+00
	    S(6) 5.96520000000000e-02
	    C(4) 3.96720000000000e-03
	EQUILIBRIUM_PHASES 1
	    Ice(s)       0.0 0.0
	    Mirabilite   0.0 0.0
	    Halite       0.0 0.0
	    Hydrohalite  0.0 0.0
	    Calcite      0.0 0.0
	    Gypsum       0.0 0.0
	SELECTED_OUTPUT 1
	    file C:/Users/Kagiso/PHREEQC-Python/C3_Ca_minus10pct_FREZ_eq_+016p0.txt
	    reset false
	    user_punch true
	USER_PUNCH 1
	    headings Temp_C pH Water_kg Alk_eq_kgw Mu aw Na_mol K_mol Mg_mol Ca_mol Cl_mol S6_mol C4_mol Na_m K_m Mg_m Ca_m Cl_m S6_m C4_m Na_act Cl_act SO4_act SI_Ice SI_Mirabilite SI_Halite SI_Hydrohalite SI_Calcite SI_Gypsum Ice_mol Mirabilite_mol Halite_mol Hydrohalite_mol Calcite_mol Gypsum_mol Iterations
	    10 PUNCH TC, -LA("H+"), TOT("water"), ALK, MU, ACT("H2O")
	    20 PUNCH TOTMOLE("Na"), TOTMOLE("K"), TOTMOLE("Mg"), TOTMOLE("Ca")
	    30 PUNCH TOTMOLE("Cl"), TOTMOLE("S(6)"), TOTMOLE("C(4)")
	    40 PUNCH TOT("Na"), TOT("K"), TOT("Mg"), TOT("Ca")
	    50 PUNCH TOT("Cl"), TOT("S(6)"), TOT("C(4)")
	    60 PUNCH ACT("Na+"), ACT("Cl-"), ACT("SO4-2")
	    70 PUNCH SI("Ice(s)"), SI("Mirabilite"), SI("Halite"), SI("Hydrohalite"), SI("Calcite"), SI("Gypsum")
	    80 PUNCH EQUI("Ice(s)"), EQUI("Mirabilite"), EQUI("Halite"), EQUI("Hydrohalite"), EQUI("Calcite"), EQUI("Gypsum")
	    90 PUNCH ITERATIONS
	END
-----
TITLE
-----

 C3_Ca_minus10pct FREZCHEM sequential FC at 16.00 C

-------------------------------------------
Beginning of initial solution calculations.
-------------------------------------------

Initial solution 1.	

-----------------------------Solution composition------------------------------

	Elements           Molality       Moles

	C(4)              3.967e-03   3.967e-03
	Ca                2.166e-02   2.166e-02
	Cl                1.146e+00   1.146e+00
	K                 2.162e-02   2.162e-02
	Mg                1.163e-01   1.163e-01
	Na                9.390e-01   9.390e-01
	S(6)              5.965e-02   5.965e-02

----------------------------Description of solution----------------------------

                                       pH  =   7.010    
                                       pe  =   4.000    
      Specific Conductance (µS/cm,  16°C)  = 70564
                          Density (g/cm³)  =   1.05076
                               Volume (L)  =   1.02089
                        Activity of water  =   0.962
                 Ionic strength (mol/kgw)  =   1.450e+00
                       Mass of water (kg)  =   1.000e+00
                 Total alkalinity (eq/kg)  =   3.634e-03
                       Total CO2 (mol/kg)  =   3.967e-03
                         Temperature (°C)  =  16.00
                  Electrical balance (eq)  =  -3.219e-02
 Percent error, 100*(Cat-|An|)/(Cat+|An|)  =  -1.28
                               Iterations  =  13
                         Gamma iterations  =   4
                      Osmotic coefficient  =   0.92970
                         Density of water  =   0.99894
                                  Total H  = 1.110222e+02
                                  Total O  = 5.575945e+01

----------------------------Distribution of species----------------------------

                                                    Unscaled  Unscaled
                                Unscaled       Log       Log       Log    mole V
   Species          Molality    Activity  Molality  Activity     Gamma   cm³/mol

   OH-             1.407e-07   4.892e-08    -6.852    -7.311    -0.459     -1.96
   H+              1.205e-07   9.768e-08    -6.919    -7.010    -0.091      0.00
   H2O             5.551e+01   9.621e-01     1.744    -0.017     0.000     18.04
C(4)          3.967e-03
   HCO3-           3.583e-03   1.792e-03    -2.446    -2.747    -0.301     27.70
   CO2             3.589e-04   4.684e-04    -3.445    -3.329     0.116     31.55
   MgCO3           1.352e-05   1.352e-05    -4.869    -4.869     0.000    -17.08
   CO3-2           1.222e-05   7.016e-07    -4.913    -6.154    -1.241      0.42
   CaCO3           2.238e-12   2.238e-12   -11.650   -11.650     0.000     (0)  
Ca            2.166e-02
   Ca+2            2.166e-02   3.895e-03    -1.664    -2.410    -0.745    -16.55
   CaCO3           2.238e-12   2.238e-12   -11.650   -11.650     0.000     (0)  
Cl            1.146e+00
   Cl-             1.146e+00   7.948e-01     0.059    -0.100    -0.159     18.74
K             2.162e-02
   K+              2.162e-02   1.169e-02    -1.665    -1.932    -0.267      9.79
Mg            1.163e-01
   Mg+2            1.163e-01   2.583e-02    -0.934    -1.588    -0.654    -19.69
   MgCO3           1.352e-05   1.352e-05    -4.869    -4.869     0.000    -17.08
   MgOH+           2.082e-07   1.756e-07    -6.681    -6.755    -0.074     (0)  
Na            9.390e-01
   Na+             9.390e-01   5.704e-01    -0.027    -0.244    -0.216     -0.49
S(6)          5.965e-02
   SO4-2           5.965e-02   4.042e-03    -1.224    -2.393    -1.169     19.15

------------------------------Saturation indices-------------------------------

  Phase               SI** log IAP   log K(289 K,   1 atm)

  Anhydrite        -0.63     -4.80   -4.17  CaSO4
  Antarcticite     -6.30     -2.71    3.59  CaCl2:6H2O
  Aphthitalite    -13.87    -21.65   -7.79  Na2SO4:3K2SO4
  Aragonite        -0.28     -8.56   -8.28  CaCO3
  Arcanite         -4.34     -6.26   -1.92  K2SO4
  Bischofite       -6.58     -1.89    4.69  MgCl2:6H2O
  Bloedite         -4.53     -6.93   -2.40  Na2Mg(SO4)2:4H2O
  Calcite          -0.13     -8.56   -8.43  CaCO3
  Carnallite       -8.10     -3.92    4.18  KMgCl3:6H2O
  CO2(g)           -1.97     -3.33   -1.35  CO2
  Dolomite          0.56    -16.31  -16.87  CaMg(CO3)2
  Epsomite         -2.11     -4.10   -1.99  MgSO4:7H2O
  Gypsum           -0.23     -4.84   -4.60  CaSO4:2H2O
  Halite           -1.90     -0.34    1.55  NaCl
  Hexahydrite      -2.43     -4.08   -1.65  MgSO4:6H2O
  Hydrohalite      -1.82     -0.38    1.45  NaCl:2H2O
  Hydromagnesite   -3.30    -39.48  -36.19  (MgCO3)3:Mg(OH)2:3H2O
  Ice(s)           -0.08     -0.02    0.07  H2O
  Ikaite           -1.87     -8.66   -6.80  CaCO3:6H2O
  Kalicinite       -4.74     -4.68    0.06  KHCO3
  Kieserite        -3.98     -4.00   -0.02  MgSO4:H2O
  Landsfordite     -2.68     -7.83   -5.15  MgCO3:5H2O
  Magnesite         0.15     -7.74   -7.89  MgCO3
  Meridianite      -2.49     -4.17   -1.67  MgSO4:11H2O
  MgCl2:12H2O      -5.95     -1.99    3.96  MgCl2:12H2O
  MgCl2:8H2O       -5.99     -1.92    4.07  MgCl2:8H2O
  Mirabilite       -1.37     -3.05   -1.68  Na2SO4:10H2O
  Na2CO3:7H2O      -6.10     -6.76   -0.66  Na2CO3:7H2O
  Nahcolite        -2.48     -2.99   -0.51  NaHCO3
  Natron           -5.63     -6.81   -1.18  Na2CO3:10H2O
  Nesquehonite     -2.53     -7.79   -5.27  MgCO3:3H2O
  Picromerite      -5.77    -10.34   -4.57  MgSO4:K2SO4:6H2O
  Sylvite          -2.83     -2.03    0.80  KCl
  Tachyhydrite    -23.86     -6.39   17.48  CaCl2:(MgCl2)2:12H2O
  Thenardite       -2.59     -2.88   -0.30  Na2SO4
  Trona            -8.55     -9.67   -1.12  Na3H(CO3)2:2H2O
  Vaterite         -0.72     -8.56   -7.84  CaCO3

**For a gas, SI = log10(fugacity). Fugacity = pressure * phi / 1 atm.
  For ideal gases, phi = 1.

-----------------------------------------
Beginning of batch-reaction calculations.
-----------------------------------------

Reaction step 1.

Using solution 1.	
Using pure phase assemblage 1.	

-------------------------------Phase assemblage--------------------------------

                                                      Moles in assemblage
Phase               SI  log IAP  log K(T, P)   Initial       Final       Delta

Calcite          -0.13    -8.56     -8.43    0.000e+00           0   0.000e+00
Gypsum           -0.23    -4.84     -4.60    0.000e+00           0   0.000e+00
Halite           -1.90    -0.34      1.55    0.000e+00           0   0.000e+00
Hydrohalite      -1.82    -0.38      1.45    0.000e+00           0   0.000e+00
Ice(s)           -0.08    -0.02      0.07    0.000e+00           0   0.000e+00
Mirabilite       -1.37    -3.05     -1.68    0.000e+00           0   0.000e+00

-----------------------------Solution composition------------------------------

	Elements           Molality       Moles

	C                 3.967e-03   3.967e-03
	Ca                2.166e-02   2.166e-02
	Cl                1.146e+00   1.146e+00
	K                 2.162e-02   2.162e-02
	Mg                1.163e-01   1.163e-01
	Na                9.390e-01   9.390e-01
	S                 5.965e-02   5.965e-02

----------------------------Description of solution----------------------------

                                       pH  =   7.010      Charge balance
                                       pe  =   4.000      Adjusted to redox equilibrium
      Specific Conductance (µS/cm,  16°C)  = 70564
                          Density (g/cm³)  =   1.05076
                               Volume (L)  =   1.02089
                        Activity of water  =   0.962
                 Ionic strength (mol/kgw)  =   1.450e+00
                       Mass of water (kg)  =   1.000e+00
                 Total alkalinity (eq/kg)  =   3.634e-03
                       Total CO2 (mol/kg)  =   3.967e-03
                         Temperature (°C)  =  16.00
                  Electrical balance (eq)  =  -3.219e-02
 Percent error, 100*(Cat-|An|)/(Cat+|An|)  =  -1.28
                               Iterations  =   1
                         Gamma iterations  =   1
                      Osmotic coefficient  =   0.92970
                         Density of water  =   0.99894
                                  Total H  = 1.110222e+02
                                  Total O  = 5.575945e+01

----------------------------Distribution of species----------------------------

                                                    Unscaled  Unscaled
                                Unscaled       Log       Log       Log    mole V
   Species          Molality    Activity  Molality  Activity     Gamma   cm³/mol

   OH-             1.407e-07   4.892e-08    -6.852    -7.311    -0.459     -1.96
   H+              1.205e-07   9.768e-08    -6.919    -7.010    -0.091      0.00
   H2O             5.551e+01   9.621e-01     1.744    -0.017     0.000     18.04
C(4)          3.967e-03
   HCO3-           3.583e-03   1.792e-03    -2.446    -2.747    -0.301     27.70
   CO2             3.589e-04   4.684e-04    -3.445    -3.329     0.116     31.55
   MgCO3           1.352e-05   1.352e-05    -4.869    -4.869     0.000    -17.08
   CO3-2           1.222e-05   7.016e-07    -4.913    -6.154    -1.241      0.42
   CaCO3           2.238e-12   2.238e-12   -11.650   -11.650     0.000     (0)  
Ca            2.166e-02
   Ca+2            2.166e-02   3.895e-03    -1.664    -2.410    -0.745    -16.55
   CaCO3           2.238e-12   2.238e-12   -11.650   -11.650     0.000     (0)  
Cl            1.146e+00
   Cl-             1.146e+00   7.948e-01     0.059    -0.100    -0.159     18.74
K             2.162e-02
   K+              2.162e-02   1.169e-02    -1.665    -1.932    -0.267      9.79
Mg            1.163e-01
   Mg+2            1.163e-01   2.583e-02    -0.934    -1.588    -0.654    -19.69
   MgCO3           1.352e-05   1.352e-05    -4.869    -4.869     0.000    -17.08
   MgOH+           2.082e-07   1.756e-07    -6.681    -6.755    -0.074     (0)  
Na            9.390e-01
   Na+             9.390e-01   5.704e-01    -0.027    -0.244    -0.216     -0.49
S(6)          5.965e-02
   SO4-2           5.965e-02   4.042e-03    -1.224    -2.393    -1.169     19.15

------------------------------Saturation indices-------------------------------

  Phase               SI** log IAP   log K(289 K,   1 atm)

  Anhydrite        -0.63     -4.80   -4.17  CaSO4
  Antarcticite     -6.30     -2.71    3.59  CaCl2:6H2O
  Aphthitalite    -13.87    -21.65   -7.79  Na2SO4:3K2SO4
  Aragonite        -0.28     -8.56   -8.28  CaCO3
  Arcanite         -4.34     -6.26   -1.92  K2SO4
  Bischofite       -6.58     -1.89    4.69  MgCl2:6H2O
  Bloedite         -4.53     -6.93   -2.40  Na2Mg(SO4)2:4H2O
  Calcite          -0.13     -8.56   -8.43  CaCO3
  Carnallite       -8.10     -3.92    4.18  KMgCl3:6H2O
  CO2(g)           -1.97     -3.33   -1.35  CO2
  Dolomite          0.56    -16.31  -16.87  CaMg(CO3)2
  Epsomite         -2.11     -4.10   -1.99  MgSO4:7H2O
  Gypsum           -0.23     -4.84   -4.60  CaSO4:2H2O
  Halite           -1.90     -0.34    1.55  NaCl
  Hexahydrite      -2.43     -4.08   -1.65  MgSO4:6H2O
  Hydrohalite      -1.82     -0.38    1.45  NaCl:2H2O
  Hydromagnesite   -3.30    -39.48  -36.19  (MgCO3)3:Mg(OH)2:3H2O
  Ice(s)           -0.08     -0.02    0.07  H2O
  Ikaite           -1.87     -8.66   -6.80  CaCO3:6H2O
  Kalicinite       -4.74     -4.68    0.06  KHCO3
  Kieserite        -3.98     -4.00   -0.02  MgSO4:H2O
  Landsfordite     -2.68     -7.83   -5.15  MgCO3:5H2O
  Magnesite         0.15     -7.74   -7.89  MgCO3
  Meridianite      -2.49     -4.17   -1.67  MgSO4:11H2O
  MgCl2:12H2O      -5.95     -1.99    3.96  MgCl2:12H2O
  MgCl2:8H2O       -5.99     -1.92    4.07  MgCl2:8H2O
  Mirabilite       -1.37     -3.05   -1.68  Na2SO4:10H2O
  Na2CO3:7H2O      -6.10     -6.76   -0.66  Na2CO3:7H2O
  Nahcolite        -2.48     -2.99   -0.51  NaHCO3
  Natron           -5.63     -6.81   -1.18  Na2CO3:10H2O
  Nesquehonite     -2.53     -7.79   -5.27  MgCO3:3H2O
  Picromerite      -5.77    -10.34   -4.57  MgSO4:K2SO4:6H2O
  Sylvite          -2.83     -2.03    0.80  KCl
  Tachyhydrite    -23.86     -6.39   17.48  CaCl2:(MgCl2)2:12H2O
  Thenardite       -2.59     -2.88   -0.30  Na2SO4
  Trona            -8.55     -9.67   -1.12  Na3H(CO3)2:2H2O
  Vaterite         -0.72     -8.56   -7.84  CaCO3

**For a gas, SI = log10(fugacity). Fugacity = pressure * phi / 1 atm.
  For ideal gases, phi = 1.

------------------
End of simulation.
------------------

------------------------------------
Reading input data for simulation 2.
------------------------------------

-------------------------------
End of Run after 1.742 Seconds.
-------------------------------

