   Input file: C:\Users\Kagiso\PHREEQC-Python\C3_Ca_plus10pct_FREZ_eq_-004p0.pqi
  Output file: C:\Users\Kagiso\PHREEQC-Python\C3_Ca_plus10pct_FREZ_eq_-004p0.out
Database file: C:\Program Files\USGS\phreeqc-3.8.6-17100-x64\database\frezchem.dat

------------------
Reading data base.
------------------

	PITZER
	SOLUTION_MASTER_SPECIES
	SOLUTION_SPECIES
	PHASES
	PITZER
	EXCHANGE_MASTER_SPECIES
	EXCHANGE_SPECIES
	SURFACE_MASTER_SPECIES
	SURFACE_SPECIES
	END
------------------------------------
Reading input data for simulation 1.
------------------------------------

	TITLE C3_Ca_plus10pct FREZCHEM sequential FC at -4.00 C
	SOLUTION 1
	    temp -4.00000000
	    pH 6.9385000000
	    units mol/kgw
	    water 1.000000000000
	    Na 9.39140000000000e-01
	    K 2.16210000000000e-02
	    Mg 1.16340000000000e-01
	    Ca 2.65090000000000e-02
	    Cl 1.14600000000000e+00
	    S(6) 5.96640000000000e-02
	    C(4) 3.91420000000000e-03
	EQUILIBRIUM_PHASES 1
	    Ice(s)       0.0 0.0
	    Mirabilite   0.0 0.0
	    Halite       0.0 0.0
	    Hydrohalite  0.0 0.0
	    Calcite      0.0 0.0
	    Gypsum       0.0 0.0
	SELECTED_OUTPUT 1
	    file C:/Users/Kagiso/PHREEQC-Python/C3_Ca_plus10pct_FREZ_eq_-004p0.txt
	    reset false
	    user_punch true
	USER_PUNCH 1
	    headings Temp_C pH Water_kg Alk_eq_kgw Mu aw Na_mol K_mol Mg_mol Ca_mol Cl_mol S6_mol C4_mol Na_m K_m Mg_m Ca_m Cl_m S6_m C4_m Na_act Cl_act SO4_act SI_Ice SI_Mirabilite SI_Halite SI_Hydrohalite SI_Calcite SI_Gypsum Ice_mol Mirabilite_mol Halite_mol Hydrohalite_mol Calcite_mol Gypsum_mol Iterations
	    10 PUNCH TC, -LA("H+"), TOT("water"), ALK, MU, ACT("H2O")
	    20 PUNCH TOTMOLE("Na"), TOTMOLE("K"), TOTMOLE("Mg"), TOTMOLE("Ca")
	    30 PUNCH TOTMOLE("Cl"), TOTMOLE("S(6)"), TOTMOLE("C(4)")
	    40 PUNCH TOT("Na"), TOT("K"), TOT("Mg"), TOT("Ca")
	    50 PUNCH TOT("Cl"), TOT("S(6)"), TOT("C(4)")
	    60 PUNCH ACT("Na+"), ACT("Cl-"), ACT("SO4-2")
	    70 PUNCH SI("Ice(s)"), SI("Mirabilite"), SI("Halite"), SI("Hydrohalite"), SI("Calcite"), SI("Gypsum")
	    80 PUNCH EQUI("Ice(s)"), EQUI("Mirabilite"), EQUI("Halite"), EQUI("Hydrohalite"), EQUI("Calcite"), EQUI("Gypsum")
	    90 PUNCH ITERATIONS
	END
-----
TITLE
-----

 C3_Ca_plus10pct FREZCHEM sequential FC at -4.00 C

-------------------------------------------
Beginning of initial solution calculations.
-------------------------------------------

Initial solution 1.	

-----------------------------Solution composition------------------------------

	Elements           Molality       Moles

	C(4)              3.914e-03   3.914e-03
	Ca                2.651e-02   2.651e-02
	Cl                1.146e+00   1.146e+00
	K                 2.162e-02   2.162e-02
	Mg                1.163e-01   1.163e-01
	Na                9.391e-01   9.391e-01
	S(6)              5.966e-02   5.966e-02

----------------------------Description of solution----------------------------

                                       pH  =   6.939    
                                       pe  =   4.000    
      Specific Conductance (µS/cm,  -4°C)  = 38292
                          Density (g/cm³)  =   1.05548
                               Volume (L)  =   1.01652
                        Activity of water  =   0.963
                 Ionic strength (mol/kgw)  =   1.460e+00
                       Mass of water (kg)  =   1.000e+00
                 Total alkalinity (eq/kg)  =   3.269e-03
                       Total CO2 (mol/kg)  =   3.914e-03
                         Temperature (°C)  =  -4.00
                  Electrical balance (eq)  =  -2.214e-02
 Percent error, 100*(Cat-|An|)/(Cat+|An|)  =  -0.88
                               Iterations  =  13
                         Gamma iterations  =   4
                      Osmotic coefficient  =   0.90755
                         Density of water  =   0.99941
                                  Total H  = 1.110218e+02
                                  Total O  = 5.575904e+01

----------------------------Distribution of species----------------------------

                                                    Unscaled  Unscaled
                                Unscaled       Log       Log       Log    mole V
   Species          Molality    Activity  Molality  Activity     Gamma   cm³/mol

   H+              1.364e-07   1.152e-07    -6.865    -6.939    -0.073      0.00
   OH-             2.194e-08   6.408e-09    -7.659    -8.193    -0.534     -4.39
   H2O             5.551e+01   9.629e-01     1.744    -0.016     0.000     18.03
C(4)          3.914e-03
   HCO3-           3.252e-03   1.643e-03    -2.488    -2.784    -0.297     25.35
   CO2             6.540e-04   8.496e-04    -3.184    -3.071     0.114     40.90
   CO3-2           4.974e-06   2.886e-07    -5.303    -6.540    -1.236     -4.64
   MgCO3           3.703e-06   3.703e-06    -5.431    -5.431     0.000    -17.04
   CaCO3           1.196e-12   1.196e-12   -11.922   -11.922     0.000     (0)  
Ca            2.651e-02
   Ca+2            2.651e-02   4.971e-03    -1.577    -2.304    -0.727    -18.12
   CaCO3           1.196e-12   1.196e-12   -11.922   -11.922     0.000     (0)  
Cl            1.146e+00
   Cl-             1.146e+00   7.633e-01     0.059    -0.117    -0.176     16.98
K             2.162e-02
   K+              2.162e-02   1.140e-02    -1.665    -1.943    -0.278      8.80
Mg            1.163e-01
   Mg+2            1.163e-01   2.242e-02    -0.934    -1.649    -0.715    -19.18
   MgCO3           3.703e-06   3.703e-06    -5.431    -5.431     0.000    -17.04
   MgOH+           2.027e-08   1.761e-08    -7.693    -7.754    -0.061     (0)  
Na            9.391e-01
   Na+             9.391e-01   5.456e-01    -0.027    -0.263    -0.236     -2.05
S(6)          5.966e-02
   SO4-2           5.966e-02   3.621e-03    -1.224    -2.441    -1.217     13.56

------------------------------Saturation indices-------------------------------

  Phase               SI** log IAP   log K(269 K,   1 atm)

  Anhydrite        -0.70     -4.74   -4.04  CaSO4
  Antarcticite     -5.83     -2.64    3.20  CaCl2:6H2O
  Aphthitalite    -12.84    -21.95   -9.11  Na2SO4:3K2SO4
  Aragonite        -0.64     -8.84   -8.21  CaCO3
  Arcanite         -4.06     -6.33   -2.27  K2SO4
  Bischofite       -6.73     -1.98    4.75  MgCl2:6H2O
  Bloedite         -4.65     -7.12   -2.48  Na2Mg(SO4)2:4H2O
  Calcite          -0.47     -8.84   -8.37  CaCO3
  Carnallite       -7.85     -4.04    3.80  KMgCl3:6H2O
  CO2(g)           -2.03     -3.07   -1.04  CO2
  Dolomite         -0.69    -17.03  -16.34  CaMg(CO3)2
  Epsomite         -1.94     -4.21   -2.27  MgSO4:7H2O
  Gypsum           -0.09     -4.78   -4.68  CaSO4:2H2O
  Halite           -1.86     -0.38    1.48  NaCl
  Hexahydrite      -2.48     -4.19   -1.71  MgSO4:6H2O
  Hydrohalite      -1.61     -0.41    1.20  NaCl:2H2O
  Hydromagnesite   -7.90    -42.65  -34.75  (MgCO3)3:Mg(OH)2:3H2O
  Ice(s)            0.00     -0.02   -0.02  H2O
  Ikaite           -1.63     -8.94   -7.31  CaCO3:6H2O
  Kalicinite       -4.51     -4.73   -0.22  KHCO3
  Kieserite        -4.84     -4.11    0.74  MgSO4:H2O
  Landsfordite     -3.12     -8.27   -5.15  MgCO3:5H2O
  Magnesite        -0.65     -8.19   -7.54  MgCO3
  Meridianite      -1.78     -4.27   -2.49  MgSO4:11H2O
  MgCl2:12H2O      -4.70     -2.08    2.61  MgCl2:12H2O
  MgCl2:8H2O       -5.80     -2.02    3.78  MgCl2:8H2O
  Mirabilite       -0.41     -3.13   -2.72  Na2SO4:10H2O
  Na2CO3:7H2O      -6.02     -7.18   -1.16  Na2CO3:7H2O
  Nahcolite        -2.28     -3.05   -0.77  NaHCO3
  Natron           -5.28     -7.23   -1.95  Na2CO3:10H2O
  Nesquehonite     -3.28     -8.24   -4.96  MgCO3:3H2O
  Picromerite      -5.34    -10.52   -5.17  MgSO4:K2SO4:6H2O
  Sylvite          -2.57     -2.06    0.51  KCl
  Tachyhydrite    -25.19     -6.50   18.68  CaCl2:(MgCl2)2:12H2O
  Thenardite       -2.66     -2.97   -0.31  Na2SO4
  Trona            -8.81    -10.15   -1.34  Na3H(CO3)2:2H2O
  Vaterite         -1.12     -8.84   -7.72  CaCO3

**For a gas, SI = log10(fugacity). Fugacity = pressure * phi / 1 atm.
  For ideal gases, phi = 1.

-----------------------------------------
Beginning of batch-reaction calculations.
-----------------------------------------

Reaction step 1.

WARNING: Maximum iterations exceeded, 200

WARNING: Numerical method failed with this set of convergence parameters.

WARNING: Trying smaller step size, pe step size 10, 5 ... 

WARNING: Maximum iterations exceeded, 400

WARNING: Numerical method failed with this set of convergence parameters.

WARNING: Trying reduced tolerance 1e-16 ...

WARNING: Maximum iterations exceeded, 400

WARNING: Numerical method failed with this set of convergence parameters.

WARNING: Trying increased tolerance 1e-14 ...

WARNING: Maximum iterations exceeded, 400

WARNING: Numerical method failed with this set of convergence parameters.

WARNING: Trying diagonal scaling ...

Using solution 1.	
Using pure phase assemblage 1.	

-------------------------------Phase assemblage--------------------------------

                                                      Moles in assemblage
Phase               SI  log IAP  log K(T, P)   Initial       Final       Delta

Calcite          -0.46    -8.83     -8.37    0.000e+00           0   0.000e+00
Gypsum           -0.08    -4.77     -4.68    0.000e+00           0   0.000e+00
Halite           -1.84    -0.36      1.48    0.000e+00           0   0.000e+00
Hydrohalite      -1.59    -0.40      1.20    0.000e+00           0   0.000e+00
Ice(s)            0.00    -0.02     -0.02    0.000e+00   1.034e+00   1.034e+00
Mirabilite       -0.40    -3.12     -2.72    0.000e+00           0   0.000e+00

-----------------------------Solution composition------------------------------

	Elements           Molality       Moles

	C                 3.988e-03   3.914e-03
	Ca                2.701e-02   2.651e-02
	Cl                1.168e+00   1.146e+00
	K                 2.203e-02   2.162e-02
	Mg                1.185e-01   1.163e-01
	Na                9.570e-01   9.391e-01
	S                 6.080e-02   5.966e-02

----------------------------Description of solution----------------------------

                                       pH  =   6.936      Charge balance
                                       pe  =   4.000      Adjusted to redox equilibrium
      Specific Conductance (µS/cm,  -4°C)  = 38820
                          Density (g/cm³)  =   1.05648
                               Volume (L)  =   0.99792
                        Activity of water  =   0.962
                 Ionic strength (mol/kgw)  =   1.488e+00
                       Mass of water (kg)  =   9.814e-01
                 Total alkalinity (eq/kg)  =   3.331e-03
                       Total CO2 (mol/kg)  =   3.988e-03
                         Temperature (°C)  =  -4.00
                  Electrical balance (eq)  =  -2.214e-02
 Percent error, 100*(Cat-|An|)/(Cat+|An|)  =  -0.88
                               Iterations  =  18 (1422 overall)
                         Gamma iterations  =   2
                      Osmotic coefficient  =   0.90861
                         Density of water  =   0.99942
                                  Total H  = 1.089538e+02
                                  Total O  = 5.472500e+01

----------------------------Distribution of species----------------------------

                                                    Unscaled  Unscaled
                                Unscaled       Log       Log       Log    mole V
   Species          Molality    Activity  Molality  Activity     Gamma   cm³/mol

   H+              1.364e-07   1.159e-07    -6.865    -6.936    -0.071      0.00
   OH-             2.209e-08   6.364e-09    -7.656    -8.196    -0.540     -4.35
   H2O             5.551e+01   9.622e-01     1.744    -0.017     0.000     18.03
C(4)          3.988e-03
   HCO3-           3.313e-03   1.668e-03    -2.480    -2.778    -0.298     25.44
   CO2             6.665e-04   8.686e-04    -3.176    -3.061     0.115     40.90
   CO3-2           5.112e-06   2.912e-07    -5.291    -6.536    -1.244     -4.55
   MgCO3           3.818e-06   3.818e-06    -5.418    -5.418     0.000    -17.04
   CaCO3           1.231e-12   1.231e-12   -11.910   -11.910     0.000     (0)  
Ca            2.701e-02
   Ca+2            2.701e-02   5.069e-03    -1.568    -2.295    -0.727    -18.11
   CaCO3           1.231e-12   1.231e-12   -11.910   -11.910     0.000     (0)  
Cl            1.168e+00
   Cl-             1.168e+00   7.781e-01     0.067    -0.109    -0.176     17.00
K             2.203e-02
   K+              2.203e-02   1.158e-02    -1.657    -1.936    -0.279      8.82
Mg            1.185e-01
   Mg+2            1.185e-01   2.290e-02    -0.926    -1.640    -0.714    -19.17
   MgCO3           3.818e-06   3.818e-06    -5.418    -5.418     0.000    -17.04
   MgOH+           2.062e-08   1.787e-08    -7.686    -7.748    -0.062     (0)  
Na            9.570e-01
   Na+             9.570e-01   5.552e-01    -0.019    -0.256    -0.236     -2.03
S(6)          6.080e-02
   SO4-2           6.080e-02   3.630e-03    -1.216    -2.440    -1.224     13.62

------------------------------Saturation indices-------------------------------

  Phase               SI** log IAP   log K(269 K,   1 atm)

  Anhydrite        -0.69     -4.74   -4.04  CaSO4
  Antarcticite     -5.81     -2.61    3.20  CaCl2:6H2O
  Aphthitalite    -12.78    -21.89   -9.11  Na2SO4:3K2SO4
  Aragonite        -0.62     -8.83   -8.21  CaCO3
  Arcanite         -4.04     -6.31   -2.27  K2SO4
  Bischofite       -6.71     -1.96    4.75  MgCl2:6H2O
  Bloedite         -4.62     -7.10   -2.48  Na2Mg(SO4)2:4H2O
  Calcite          -0.46     -8.83   -8.37  CaCO3
  Carnallite       -7.81     -4.00    3.80  KMgCl3:6H2O
  CO2(g)           -2.02     -3.06   -1.04  CO2
  Dolomite         -0.67    -17.01  -16.34  CaMg(CO3)2
  Epsomite         -1.93     -4.20   -2.27  MgSO4:7H2O
  Gypsum           -0.08     -4.77   -4.68  CaSO4:2H2O
  Halite           -1.84     -0.36    1.48  NaCl
  Hexahydrite      -2.47     -4.18   -1.71  MgSO4:6H2O
  Hydrohalite      -1.59     -0.40    1.20  NaCl:2H2O
  Hydromagnesite   -7.86    -42.61  -34.75  (MgCO3)3:Mg(OH)2:3H2O
  Ice(s)            0.00     -0.02   -0.02  H2O
  Ikaite           -1.62     -8.93   -7.31  CaCO3:6H2O
  Kalicinite       -4.50     -4.71   -0.22  KHCO3
  Kieserite        -4.83     -4.10    0.74  MgSO4:H2O
  Landsfordite     -3.11     -8.26   -5.15  MgCO3:5H2O
  Magnesite        -0.63     -8.18   -7.54  MgCO3
  Meridianite      -1.78     -4.26   -2.49  MgSO4:11H2O
  MgCl2:12H2O      -4.67     -2.06    2.61  MgCl2:12H2O
  MgCl2:8H2O       -5.78     -1.99    3.78  MgCl2:8H2O
  Mirabilite       -0.40     -3.12   -2.72  Na2SO4:10H2O
  Na2CO3:7H2O      -6.01     -7.16   -1.16  Na2CO3:7H2O
  Nahcolite        -2.26     -3.03   -0.77  NaHCO3
  Natron           -5.27     -7.21   -1.95  Na2CO3:10H2O
  Nesquehonite     -3.26     -8.23   -4.96  MgCO3:3H2O
  Picromerite      -5.32    -10.49   -5.17  MgSO4:K2SO4:6H2O
  Sylvite          -2.56     -2.05    0.51  KCl
  Tachyhydrite    -25.11     -6.43   18.68  CaCl2:(MgCl2)2:12H2O
  Thenardite       -2.64     -2.95   -0.31  Na2SO4
  Trona            -8.77    -10.11   -1.34  Na3H(CO3)2:2H2O
  Vaterite         -1.11     -8.83   -7.72  CaCO3

**For a gas, SI = log10(fugacity). Fugacity = pressure * phi / 1 atm.
  For ideal gases, phi = 1.

------------------
End of simulation.
------------------

------------------------------------
Reading input data for simulation 2.
------------------------------------

-------------------------------
End of Run after 1.731 Seconds.
-------------------------------

