   Input file: C:\Users\Kagiso\PHREEQC-Python\C3_Ca_minus10pct_FREZ_pre_-019p0.pqi
  Output file: C:\Users\Kagiso\PHREEQC-Python\C3_Ca_minus10pct_FREZ_pre_-019p0.out
Database file: C:\Program Files\USGS\phreeqc-3.8.6-17100-x64\database\frezchem.dat

------------------
Reading data base.
------------------

	PITZER
	SOLUTION_MASTER_SPECIES
	SOLUTION_SPECIES
	PHASES
	PITZER
	EXCHANGE_MASTER_SPECIES
	EXCHANGE_SPECIES
	SURFACE_MASTER_SPECIES
	SURFACE_SPECIES
	END
------------------------------------
Reading input data for simulation 1.
------------------------------------

	TITLE C3_Ca_minus10pct FREZCHEM sequential FC at -19.00 C
	SOLUTION 1
	    temp -19.00000000
	    pH 6.4378000000
	    units mol/kgw
	    water 0.258700000000
	    Na 3.24963277928102e+00
	    K 8.35601082334751e-02
	    Mg 4.49632779281021e-01
	    Ca 7.11093931194434e-02
	    Cl 4.42906841901817e+00
	    S(6) 2.90792423656745e-02
	    C(4) 1.42817935833011e-02
	SELECTED_OUTPUT 1
	    file C:/Users/Kagiso/PHREEQC-Python/C3_Ca_minus10pct_FREZ_pre_-019p0.txt
	    reset false
	    user_punch true
	USER_PUNCH 1
	    headings Temp_C pH Water_kg Alk_eq_kgw Mu aw Na_mol K_mol Mg_mol Ca_mol Cl_mol S6_mol C4_mol Na_m K_m Mg_m Ca_m Cl_m S6_m C4_m Na_act Cl_act SO4_act SI_Ice SI_Mirabilite SI_Halite SI_Hydrohalite SI_Calcite SI_Gypsum Iterations
	    10 PUNCH TC, -LA("H+"), TOT("water"), ALK, MU, ACT("H2O")
	    20 PUNCH TOTMOLE("Na"), TOTMOLE("K"), TOTMOLE("Mg"), TOTMOLE("Ca")
	    30 PUNCH TOTMOLE("Cl"), TOTMOLE("S(6)"), TOTMOLE("C(4)")
	    40 PUNCH TOT("Na"), TOT("K"), TOT("Mg"), TOT("Ca")
	    50 PUNCH TOT("Cl"), TOT("S(6)"), TOT("C(4)")
	    60 PUNCH ACT("Na+"), ACT("Cl-"), ACT("SO4-2")
	    70 PUNCH SI("Ice(s)"), SI("Mirabilite"), SI("Halite"), SI("Hydrohalite"), SI("Calcite"), SI("Gypsum")
	    80 PUNCH ITERATIONS
	END
-----
TITLE
-----

 C3_Ca_minus10pct FREZCHEM sequential FC at -19.00 C

-------------------------------------------
Beginning of initial solution calculations.
-------------------------------------------

Initial solution 1.	

-----------------------------Solution composition------------------------------

	Elements           Molality       Moles

	C(4)              1.428e-02   3.695e-03
	Ca                7.111e-02   1.840e-02
	Cl                4.429e+00   1.146e+00
	K                 8.356e-02   2.162e-02
	Mg                4.496e-01   1.163e-01
	Na                3.250e+00   8.407e-01
	S(6)              2.908e-02   7.523e-03

----------------------------Description of solution----------------------------

                                       pH  =   6.438    
                                       pe  =   4.000    
      Specific Conductance (µS/cm, -19°C)  = 43503
                          Density (g/cm³)  =   1.18069
                               Volume (L)  =   0.27440
                        Activity of water  =   0.840
                 Ionic strength (mol/kgw)  =   4.985e+00
                       Mass of water (kg)  =   2.587e-01
                 Total alkalinity (eq/kg)  =   9.035e-03
                       Total CO2 (mol/kg)  =   1.428e-02
                         Temperature (°C)  = -19.00
                  Electrical balance (eq)  =  -3.145e-02
 Percent error, 100*(Cat-|An|)/(Cat+|An|)  =  -1.37
                               Iterations  =  16
                         Gamma iterations  =   5
                      Osmotic coefficient  =   1.16370
                         Density of water  =   0.99423
                                  Total H  = 2.872284e+01
                                  Total O  = 1.440007e+01

----------------------------Distribution of species----------------------------

                                                    Unscaled  Unscaled
                                Unscaled       Log       Log       Log    mole V
   Species          Molality    Activity  Molality  Activity     Gamma   cm³/mol

   H+              1.117e-07   3.649e-07    -6.952    -6.438     0.514      0.00
   OH-             9.579e-09   3.192e-10    -8.019    -9.496    -1.477     -4.55
   H2O             5.551e+01   8.398e-01     1.744    -0.076     0.000     18.12
C(4)          1.428e-02
   HCO3-           8.990e-03   3.401e-03    -2.046    -2.468    -0.422     37.19
   CO2             5.269e-03   1.227e-02    -2.278    -1.911     0.367     57.37
   MgCO3           1.478e-05   1.478e-05    -4.830    -4.830     0.000    -16.95
   CO3-2           7.617e-06   9.511e-08    -5.118    -7.022    -1.904     -0.05
   CaCO3           2.239e-12   2.239e-12   -11.650   -11.650     0.000     (0)  
Ca            7.111e-02
   Ca+2            7.111e-02   4.273e-02    -1.148    -1.369    -0.221    -23.59
   CaCO3           2.239e-12   2.239e-12   -11.650   -11.650     0.000     (0)  
Cl            4.429e+00
   Cl-             4.429e+00   3.685e+00     0.646     0.566    -0.080     15.76
K             8.356e-02
   K+              8.356e-02   3.192e-02    -1.078    -1.496    -0.418     11.18
Mg            4.496e-01
   Mg+2            4.496e-01   3.243e-01    -0.347    -0.489    -0.142    -18.87
   MgCO3           1.478e-05   1.478e-05    -4.830    -4.830     0.000    -16.95
   MgOH+           2.189e-08   1.279e-08    -7.660    -7.893    -0.233     (0)  
Na            3.250e+00
   Na+             3.250e+00   1.953e+00     0.512     0.291    -0.221     -2.03
S(6)          2.908e-02
   SO4-2           2.908e-02   4.860e-04    -1.536    -3.313    -1.777      8.51

------------------------------Saturation indices-------------------------------

  Phase               SI** log IAP   log K(254 K,   1 atm)

  Anhydrite        -0.66     -4.68   -4.02  CaSO4
  Antarcticite     -3.66     -0.69    2.97  CaCl2:6H2O
  Aphthitalite    -11.54    -21.65  -10.11  Na2SO4:3K2SO4
  Aragonite        -0.21     -8.39   -8.18  CaCO3
  Arcanite         -3.73     -6.31   -2.57  K2SO4
  Bischofite       -4.52      0.19    4.71  MgCl2:6H2O
  Bloedite         -4.31     -6.84   -2.53  Na2Mg(SO4)2:4H2O
  Calcite          -0.03     -8.39   -8.36  CaCO3
  Carnallite       -4.14     -0.74    3.40  KMgCl3:6H2O
  CO2(g)           -1.19     -1.91   -0.72  CO2
  Dolomite         -0.02    -15.90  -15.89  CaMg(CO3)2
  Epsomite         -1.83     -4.33   -2.50  MgSO4:7H2O
  Gypsum           -0.00     -4.83   -4.83  CaSO4:2H2O
  Halite           -0.53      0.86    1.38  NaCl
  Hexahydrite      -2.50     -4.26   -1.76  MgSO4:6H2O
  Hydrohalite      -0.24      0.71    0.94  NaCl:2H2O
  Hydromagnesite   -8.71    -42.24  -33.53  (MgCO3)3:Mg(OH)2:3H2O
  Ice(s)            0.00     -0.08   -0.08  H2O
  Ikaite           -1.09     -8.85   -7.75  CaCO3:6H2O
  Kalicinite       -3.54     -3.96   -0.42  KHCO3
  Kieserite        -5.49     -3.88    1.61  MgSO4:H2O
  Landsfordite     -3.27     -7.89   -4.62  MgCO3:5H2O
  Magnesite        -0.26     -7.51   -7.25  MgCO3
  Meridianite      -1.54     -4.64   -3.10  MgSO4:11H2O
  MgCl2:12H2O      -2.16     -0.27    1.90  MgCl2:12H2O
  MgCl2:8H2O       -3.43      0.04    3.47  MgCl2:8H2O
  Mirabilite        0.04     -3.49   -3.53  Na2SO4:10H2O
  Na2CO3:7H2O      -5.44     -6.97   -1.53  Na2CO3:7H2O
  Nahcolite        -1.26     -2.18   -0.91  NaHCO3
  Natron           -4.74     -7.20   -2.46  Na2CO3:10H2O
  Nesquehonite     -3.18     -7.74   -4.56  MgCO3:3H2O
  Picromerite      -4.77    -10.56   -5.79  MgSO4:K2SO4:6H2O
  Sylvite          -1.18     -0.93    0.25  KCl
  Tachyhydrite    -19.45      0.14   19.59  CaCl2:(MgCl2)2:12H2O
  Thenardite       -2.41     -2.73   -0.32  Na2SO4
  Trona            -7.26     -8.77   -1.51  Na3H(CO3)2:2H2O
  Vaterite         -0.73     -8.39   -7.66  CaCO3

**For a gas, SI = log10(fugacity). Fugacity = pressure * phi / 1 atm.
  For ideal gases, phi = 1.

------------------
End of simulation.
------------------

------------------------------------
Reading input data for simulation 2.
------------------------------------

-------------------------------
End of Run after 1.486 Seconds.
-------------------------------

