   Input file: C:\Users\Kagiso\PHREEQC-Python\C3_Cl_minus10pct_FREZ_eq_+001p0.pqi
  Output file: C:\Users\Kagiso\PHREEQC-Python\C3_Cl_minus10pct_FREZ_eq_+001p0.out
Database file: C:\Program Files\USGS\phreeqc-3.8.6-17100-x64\database\frezchem.dat

------------------
Reading data base.
------------------

	PITZER
	SOLUTION_MASTER_SPECIES
	SOLUTION_SPECIES
	PHASES
	PITZER
	EXCHANGE_MASTER_SPECIES
	EXCHANGE_SPECIES
	SURFACE_MASTER_SPECIES
	SURFACE_SPECIES
	END
------------------------------------
Reading input data for simulation 1.
------------------------------------

	TITLE C3_Cl_minus10pct FREZCHEM sequential FC at 1.00 C
	SOLUTION 1
	    temp 1.00000000
	    pH 7.0050000000
	    units mol/kgw
	    water 1.000000000000
	    Na 9.35250000000000e-01
	    K 2.15320000000000e-02
	    Mg 1.15860000000000e-01
	    Ca 2.40190000000000e-02
	    Cl 1.02710000000000e+00
	    S(6) 5.94160000000000e-02
	    C(4) 3.96930000000000e-03
	EQUILIBRIUM_PHASES 1
	    Ice(s)       0.0 0.0
	    Mirabilite   0.0 0.0
	    Halite       0.0 0.0
	    Hydrohalite  0.0 0.0
	    Calcite      0.0 0.0
	    Gypsum       0.0 0.0
	SELECTED_OUTPUT 1
	    file C:/Users/Kagiso/PHREEQC-Python/C3_Cl_minus10pct_FREZ_eq_+001p0.txt
	    reset false
	    user_punch true
	USER_PUNCH 1
	    headings Temp_C pH Water_kg Alk_eq_kgw Mu aw Na_mol K_mol Mg_mol Ca_mol Cl_mol S6_mol C4_mol Na_m K_m Mg_m Ca_m Cl_m S6_m C4_m Na_act Cl_act SO4_act SI_Ice SI_Mirabilite SI_Halite SI_Hydrohalite SI_Calcite SI_Gypsum Ice_mol Mirabilite_mol Halite_mol Hydrohalite_mol Calcite_mol Gypsum_mol Iterations
	    10 PUNCH TC, -LA("H+"), TOT("water"), ALK, MU, ACT("H2O")
	    20 PUNCH TOTMOLE("Na"), TOTMOLE("K"), TOTMOLE("Mg"), TOTMOLE("Ca")
	    30 PUNCH TOTMOLE("Cl"), TOTMOLE("S(6)"), TOTMOLE("C(4)")
	    40 PUNCH TOT("Na"), TOT("K"), TOT("Mg"), TOT("Ca")
	    50 PUNCH TOT("Cl"), TOT("S(6)"), TOT("C(4)")
	    60 PUNCH ACT("Na+"), ACT("Cl-"), ACT("SO4-2")
	    70 PUNCH SI("Ice(s)"), SI("Mirabilite"), SI("Halite"), SI("Hydrohalite"), SI("Calcite"), SI("Gypsum")
	    80 PUNCH EQUI("Ice(s)"), EQUI("Mirabilite"), EQUI("Halite"), EQUI("Hydrohalite"), EQUI("Calcite"), EQUI("Gypsum")
	    90 PUNCH ITERATIONS
	END
-----
TITLE
-----

 C3_Cl_minus10pct FREZCHEM sequential FC at 1.00 C

-------------------------------------------
Beginning of initial solution calculations.
-------------------------------------------

Initial solution 1.	

-----------------------------Solution composition------------------------------

	Elements           Molality       Moles

	C(4)              3.969e-03   3.969e-03
	Ca                2.402e-02   2.402e-02
	Cl                1.027e+00   1.027e+00
	K                 2.153e-02   2.153e-02
	Mg                1.159e-01   1.159e-01
	Na                9.352e-01   9.352e-01
	S(6)              5.942e-02   5.942e-02

----------------------------Description of solution----------------------------

                                       pH  =   7.005    
                                       pe  =   4.000    
      Specific Conductance (µS/cm,   1°C)  = 43374
                          Density (g/cm³)  =   1.05244
                               Volume (L)  =   1.01523
                        Activity of water  =   0.965
                 Ionic strength (mol/kgw)  =   1.392e+00
                       Mass of water (kg)  =   1.000e+00
                 Total alkalinity (eq/kg)  =   3.476e-03
                       Total CO2 (mol/kg)  =   3.969e-03
                         Temperature (°C)  =   1.00
                  Electrical balance (eq)  =   8.713e-02
 Percent error, 100*(Cat-|An|)/(Cat+|An|)  =   3.65
                               Iterations  =  13
                         Gamma iterations  =   4
                      Osmotic coefficient  =   0.90794
                         Density of water  =   0.99990
                                  Total H  = 1.110220e+02
                                  Total O  = 5.575836e+01

----------------------------Distribution of species----------------------------

                                                    Unscaled  Unscaled
                                Unscaled       Log       Log       Log    mole V
   Species          Molality    Activity  Molality  Activity     Gamma   cm³/mol

   H+              1.235e-07   9.886e-08    -6.908    -7.005    -0.097      0.00
   OH-             3.924e-08   1.244e-08    -7.406    -7.905    -0.499     -3.64
   H2O             5.551e+01   9.649e-01     1.744    -0.016     0.000     18.02
C(4)          3.969e-03
   HCO3-           3.452e-03   1.738e-03    -2.462    -2.760    -0.298     25.97
   CO2             5.052e-04   6.544e-04    -3.297    -3.184     0.112     37.80
   CO3-2           6.708e-06   4.285e-07    -5.173    -6.368    -1.195     -3.04
   MgCO3           5.562e-06   5.562e-06    -5.255    -5.255     0.000    -17.05
   CaCO3           1.521e-12   1.521e-12   -11.818   -11.818     0.000     (0)  
Ca            2.402e-02
   Ca+2            2.402e-02   4.066e-03    -1.619    -2.391    -0.771    -17.58
   CaCO3           1.521e-12   1.521e-12   -11.818   -11.818     0.000     (0)  
Cl            1.027e+00
   Cl-             1.027e+00   7.039e-01     0.012    -0.152    -0.164     17.57
K             2.153e-02
   K+              2.153e-02   1.147e-02    -1.667    -1.941    -0.274      9.08
Mg            1.159e-01
   Mg+2            1.159e-01   2.128e-02    -0.936    -1.672    -0.736    -19.35
   MgCO3           5.562e-06   5.562e-06    -5.255    -5.255     0.000    -17.05
   MgOH+           3.965e-08   3.302e-08    -7.402    -7.481    -0.079     (0)  
Na            9.352e-01
   Na+             9.352e-01   5.450e-01    -0.029    -0.264    -0.235     -1.58
S(6)          5.942e-02
   SO4-2           5.942e-02   3.988e-03    -1.226    -2.399    -1.173     15.41

------------------------------Saturation indices-------------------------------

  Phase               SI** log IAP   log K(274 K,   1 atm)

  Anhydrite        -0.72     -4.79   -4.07  CaSO4
  Antarcticite     -6.08     -2.79    3.29  CaCl2:6H2O
  Aphthitalite    -12.99    -21.77   -8.78  Na2SO4:3K2SO4
  Aragonite        -0.54     -8.76   -8.22  CaCO3
  Arcanite         -4.10     -6.28   -2.18  K2SO4
  Bischofite       -6.82     -2.07    4.75  MgCl2:6H2O
  Bloedite         -4.60     -7.06   -2.46  Na2Mg(SO4)2:4H2O
  Calcite          -0.38     -8.76   -8.38  CaCO3
  Carnallite       -8.08     -4.16    3.91  KMgCl3:6H2O
  CO2(g)           -2.06     -3.18   -1.13  CO2
  Dolomite         -0.32    -16.80  -16.48  CaMg(CO3)2
  Epsomite         -1.98     -4.18   -2.20  MgSO4:7H2O
  Gypsum           -0.17     -4.82   -4.65  CaSO4:2H2O
  Halite           -1.92     -0.42    1.50  NaCl
  Hexahydrite      -2.47     -4.16   -1.70  MgSO4:6H2O
  Hydrohalite      -1.72     -0.45    1.27  NaCl:2H2O
  Hydromagnesite   -6.52    -41.65  -35.13  (MgCO3)3:Mg(OH)2:3H2O
  Ice(s)           -0.02     -0.02    0.00  H2O
  Ikaite           -1.68     -8.85   -7.18  CaCO3:6H2O
  Kalicinite       -4.55     -4.70   -0.15  KHCO3
  Kieserite        -4.59     -4.09    0.50  MgSO4:H2O
  Landsfordite     -2.92     -8.12   -5.20  MgCO3:5H2O
  Magnesite        -0.41     -8.04   -7.63  MgCO3
  Meridianite      -1.96     -4.24   -2.28  MgSO4:11H2O
  MgCl2:12H2O      -5.07     -2.16    2.91  MgCl2:12H2O
  MgCl2:8H2O       -5.97     -2.10    3.87  MgCl2:8H2O
  Mirabilite       -0.62     -3.08   -2.46  Na2SO4:10H2O
  Na2CO3:7H2O      -5.97     -7.00   -1.03  Na2CO3:7H2O
  Nahcolite        -2.32     -3.02   -0.71  NaHCO3
  Natron           -5.29     -7.05   -1.76  Na2CO3:10H2O
  Nesquehonite     -3.02     -8.09   -5.06  MgCO3:3H2O
  Picromerite      -5.45    -10.44   -5.00  MgSO4:K2SO4:6H2O
  Sylvite          -2.68     -2.09    0.59  KCl
  Tachyhydrite    -25.22     -6.84   18.38  CaCl2:(MgCl2)2:12H2O
  Thenardite       -2.62     -2.93   -0.31  Na2SO4
  Trona            -8.67     -9.95   -1.28  Na3H(CO3)2:2H2O
  Vaterite         -1.01     -8.76   -7.75  CaCO3

**For a gas, SI = log10(fugacity). Fugacity = pressure * phi / 1 atm.
  For ideal gases, phi = 1.

-----------------------------------------
Beginning of batch-reaction calculations.
-----------------------------------------

Reaction step 1.

Using solution 1.	
Using pure phase assemblage 1.	

-------------------------------Phase assemblage--------------------------------

                                                      Moles in assemblage
Phase               SI  log IAP  log K(T, P)   Initial       Final       Delta

Calcite          -0.38    -8.76     -8.38    0.000e+00           0   0.000e+00
Gypsum           -0.17    -4.82     -4.65    0.000e+00           0   0.000e+00
Halite           -1.92    -0.42      1.50    0.000e+00           0   0.000e+00
Hydrohalite      -1.72    -0.45      1.27    0.000e+00           0   0.000e+00
Ice(s)           -0.02    -0.02      0.00    0.000e+00           0   0.000e+00
Mirabilite       -0.62    -3.08     -2.46    0.000e+00           0   0.000e+00

-----------------------------Solution composition------------------------------

	Elements           Molality       Moles

	C                 3.969e-03   3.969e-03
	Ca                2.402e-02   2.402e-02
	Cl                1.027e+00   1.027e+00
	K                 2.153e-02   2.153e-02
	Mg                1.159e-01   1.159e-01
	Na                9.352e-01   9.352e-01
	S                 5.942e-02   5.942e-02

----------------------------Description of solution----------------------------

                                       pH  =   7.005      Charge balance
                                       pe  =   4.000      Adjusted to redox equilibrium
      Specific Conductance (µS/cm,   1°C)  = 43374
                          Density (g/cm³)  =   1.05244
                               Volume (L)  =   1.01523
                        Activity of water  =   0.965
                 Ionic strength (mol/kgw)  =   1.392e+00
                       Mass of water (kg)  =   1.000e+00
                 Total alkalinity (eq/kg)  =   3.476e-03
                       Total CO2 (mol/kg)  =   3.969e-03
                         Temperature (°C)  =   1.00
                  Electrical balance (eq)  =   8.713e-02
 Percent error, 100*(Cat-|An|)/(Cat+|An|)  =   3.65
                               Iterations  =   1
                         Gamma iterations  =   1
                      Osmotic coefficient  =   0.90794
                         Density of water  =   0.99990
                                  Total H  = 1.110220e+02
                                  Total O  = 5.575836e+01

----------------------------Distribution of species----------------------------

                                                    Unscaled  Unscaled
                                Unscaled       Log       Log       Log    mole V
   Species          Molality    Activity  Molality  Activity     Gamma   cm³/mol

   H+              1.235e-07   9.886e-08    -6.908    -7.005    -0.097      0.00
   OH-             3.924e-08   1.244e-08    -7.406    -7.905    -0.499     -3.64
   H2O             5.551e+01   9.649e-01     1.744    -0.016     0.000     18.02
C(4)          3.969e-03
   HCO3-           3.452e-03   1.738e-03    -2.462    -2.760    -0.298     25.97
   CO2             5.052e-04   6.544e-04    -3.297    -3.184     0.112     37.80
   CO3-2           6.708e-06   4.285e-07    -5.173    -6.368    -1.195     -3.04
   MgCO3           5.562e-06   5.562e-06    -5.255    -5.255     0.000    -17.05
   CaCO3           1.521e-12   1.521e-12   -11.818   -11.818     0.000     (0)  
Ca            2.402e-02
   Ca+2            2.402e-02   4.066e-03    -1.619    -2.391    -0.771    -17.58
   CaCO3           1.521e-12   1.521e-12   -11.818   -11.818     0.000     (0)  
Cl            1.027e+00
   Cl-             1.027e+00   7.039e-01     0.012    -0.152    -0.164     17.57
K             2.153e-02
   K+              2.153e-02   1.147e-02    -1.667    -1.941    -0.274      9.08
Mg            1.159e-01
   Mg+2            1.159e-01   2.128e-02    -0.936    -1.672    -0.736    -19.35
   MgCO3           5.562e-06   5.562e-06    -5.255    -5.255     0.000    -17.05
   MgOH+           3.965e-08   3.302e-08    -7.402    -7.481    -0.079     (0)  
Na            9.352e-01
   Na+             9.352e-01   5.450e-01    -0.029    -0.264    -0.235     -1.58
S(6)          5.942e-02
   SO4-2           5.942e-02   3.988e-03    -1.226    -2.399    -1.173     15.41

------------------------------Saturation indices-------------------------------

  Phase               SI** log IAP   log K(274 K,   1 atm)

  Anhydrite        -0.72     -4.79   -4.07  CaSO4
  Antarcticite     -6.08     -2.79    3.29  CaCl2:6H2O
  Aphthitalite    -12.99    -21.77   -8.78  Na2SO4:3K2SO4
  Aragonite        -0.54     -8.76   -8.22  CaCO3
  Arcanite         -4.10     -6.28   -2.18  K2SO4
  Bischofite       -6.82     -2.07    4.75  MgCl2:6H2O
  Bloedite         -4.60     -7.06   -2.46  Na2Mg(SO4)2:4H2O
  Calcite          -0.38     -8.76   -8.38  CaCO3
  Carnallite       -8.08     -4.16    3.91  KMgCl3:6H2O
  CO2(g)           -2.06     -3.18   -1.13  CO2
  Dolomite         -0.32    -16.80  -16.48  CaMg(CO3)2
  Epsomite         -1.98     -4.18   -2.20  MgSO4:7H2O
  Gypsum           -0.17     -4.82   -4.65  CaSO4:2H2O
  Halite           -1.92     -0.42    1.50  NaCl
  Hexahydrite      -2.47     -4.16   -1.70  MgSO4:6H2O
  Hydrohalite      -1.72     -0.45    1.27  NaCl:2H2O
  Hydromagnesite   -6.52    -41.65  -35.13  (MgCO3)3:Mg(OH)2:3H2O
  Ice(s)           -0.02     -0.02    0.00  H2O
  Ikaite           -1.68     -8.85   -7.18  CaCO3:6H2O
  Kalicinite       -4.55     -4.70   -0.15  KHCO3
  Kieserite        -4.59     -4.09    0.50  MgSO4:H2O
  Landsfordite     -2.92     -8.12   -5.20  MgCO3:5H2O
  Magnesite        -0.41     -8.04   -7.63  MgCO3
  Meridianite      -1.96     -4.24   -2.28  MgSO4:11H2O
  MgCl2:12H2O      -5.07     -2.16    2.91  MgCl2:12H2O
  MgCl2:8H2O       -5.97     -2.10    3.87  MgCl2:8H2O
  Mirabilite       -0.62     -3.08   -2.46  Na2SO4:10H2O
  Na2CO3:7H2O      -5.97     -7.00   -1.03  Na2CO3:7H2O
  Nahcolite        -2.32     -3.02   -0.71  NaHCO3
  Natron           -5.29     -7.05   -1.76  Na2CO3:10H2O
  Nesquehonite     -3.02     -8.09   -5.06  MgCO3:3H2O
  Picromerite      -5.45    -10.44   -5.00  MgSO4:K2SO4:6H2O
  Sylvite          -2.68     -2.09    0.59  KCl
  Tachyhydrite    -25.22     -6.84   18.38  CaCl2:(MgCl2)2:12H2O
  Thenardite       -2.62     -2.93   -0.31  Na2SO4
  Trona            -8.67     -9.95   -1.28  Na3H(CO3)2:2H2O
  Vaterite         -1.01     -8.76   -7.75  CaCO3

**For a gas, SI = log10(fugacity). Fugacity = pressure * phi / 1 atm.
  For ideal gases, phi = 1.

------------------
End of simulation.
------------------

------------------------------------
Reading input data for simulation 2.
------------------------------------

-------------------------------
End of Run after 1.248 Seconds.
-------------------------------

