   Input file: C:\Users\Kagiso\PHREEQC-Python\C3_Cl_minus10pct_FREZ_eq_+010p0.pqi
  Output file: C:\Users\Kagiso\PHREEQC-Python\C3_Cl_minus10pct_FREZ_eq_+010p0.out
Database file: C:\Program Files\USGS\phreeqc-3.8.6-17100-x64\database\frezchem.dat

------------------
Reading data base.
------------------

	PITZER
	SOLUTION_MASTER_SPECIES
	SOLUTION_SPECIES
	PHASES
	PITZER
	EXCHANGE_MASTER_SPECIES
	EXCHANGE_SPECIES
	SURFACE_MASTER_SPECIES
	SURFACE_SPECIES
	END
------------------------------------
Reading input data for simulation 1.
------------------------------------

	TITLE C3_Cl_minus10pct FREZCHEM sequential FC at 10.00 C
	SOLUTION 1
	    temp 10.00000000
	    pH 7.0050000000
	    units mol/kgw
	    water 1.000000000000
	    Na 9.35250000000000e-01
	    K 2.15320000000000e-02
	    Mg 1.15860000000000e-01
	    Ca 2.40190000000000e-02
	    Cl 1.02710000000000e+00
	    S(6) 5.94160000000000e-02
	    C(4) 3.96930000000000e-03
	EQUILIBRIUM_PHASES 1
	    Ice(s)       0.0 0.0
	    Mirabilite   0.0 0.0
	    Halite       0.0 0.0
	    Hydrohalite  0.0 0.0
	    Calcite      0.0 0.0
	    Gypsum       0.0 0.0
	SELECTED_OUTPUT 1
	    file C:/Users/Kagiso/PHREEQC-Python/C3_Cl_minus10pct_FREZ_eq_+010p0.txt
	    reset false
	    user_punch true
	USER_PUNCH 1
	    headings Temp_C pH Water_kg Alk_eq_kgw Mu aw Na_mol K_mol Mg_mol Ca_mol Cl_mol S6_mol C4_mol Na_m K_m Mg_m Ca_m Cl_m S6_m C4_m Na_act Cl_act SO4_act SI_Ice SI_Mirabilite SI_Halite SI_Hydrohalite SI_Calcite SI_Gypsum Ice_mol Mirabilite_mol Halite_mol Hydrohalite_mol Calcite_mol Gypsum_mol Iterations
	    10 PUNCH TC, -LA("H+"), TOT("water"), ALK, MU, ACT("H2O")
	    20 PUNCH TOTMOLE("Na"), TOTMOLE("K"), TOTMOLE("Mg"), TOTMOLE("Ca")
	    30 PUNCH TOTMOLE("Cl"), TOTMOLE("S(6)"), TOTMOLE("C(4)")
	    40 PUNCH TOT("Na"), TOT("K"), TOT("Mg"), TOT("Ca")
	    50 PUNCH TOT("Cl"), TOT("S(6)"), TOT("C(4)")
	    60 PUNCH ACT("Na+"), ACT("Cl-"), ACT("SO4-2")
	    70 PUNCH SI("Ice(s)"), SI("Mirabilite"), SI("Halite"), SI("Hydrohalite"), SI("Calcite"), SI("Gypsum")
	    80 PUNCH EQUI("Ice(s)"), EQUI("Mirabilite"), EQUI("Halite"), EQUI("Hydrohalite"), EQUI("Calcite"), EQUI("Gypsum")
	    90 PUNCH ITERATIONS
	END
-----
TITLE
-----

 C3_Cl_minus10pct FREZCHEM sequential FC at 10.00 C

-------------------------------------------
Beginning of initial solution calculations.
-------------------------------------------

Initial solution 1.	

-----------------------------Solution composition------------------------------

	Elements           Molality       Moles

	C(4)              3.969e-03   3.969e-03
	Ca                2.402e-02   2.402e-02
	Cl                1.027e+00   1.027e+00
	K                 2.153e-02   2.153e-02
	Mg                1.159e-01   1.159e-01
	Na                9.352e-01   9.352e-01
	S(6)              5.942e-02   5.942e-02

----------------------------Description of solution----------------------------

                                       pH  =   7.005    
                                       pe  =   4.000    
      Specific Conductance (µS/cm,  10°C)  = 57134
                          Density (g/cm³)  =   1.05057
                               Volume (L)  =   1.01705
                        Activity of water  =   0.964
                 Ionic strength (mol/kgw)  =   1.392e+00
                       Mass of water (kg)  =   1.000e+00
                 Total alkalinity (eq/kg)  =   3.580e-03
                       Total CO2 (mol/kg)  =   3.969e-03
                         Temperature (°C)  =  10.00
                  Electrical balance (eq)  =   8.703e-02
 Percent error, 100*(Cat-|An|)/(Cat+|An|)  =   3.65
                               Iterations  =  13
                         Gamma iterations  =   4
                      Osmotic coefficient  =   0.91792
                         Density of water  =   0.99970
                                  Total H  = 1.110221e+02
                                  Total O  = 5.575846e+01

----------------------------Distribution of species----------------------------

                                                    Unscaled  Unscaled
                                Unscaled       Log       Log       Log    mole V
   Species          Molality    Activity  Molality  Activity     Gamma   cm³/mol

   H+              1.259e-07   9.886e-08    -6.900    -7.005    -0.105      0.00
   OH-             8.445e-08   2.892e-08    -7.073    -7.539    -0.465     -2.55
   H2O             5.551e+01   9.645e-01     1.744    -0.016     0.000     18.02
C(4)          3.969e-03
   HCO3-           3.543e-03   1.781e-03    -2.451    -2.749    -0.299     27.06
   CO2             4.079e-04   5.304e-04    -3.389    -3.275     0.114     33.63
   CO3-2           9.223e-06   5.857e-07    -5.035    -6.232    -1.197     -0.76
   MgCO3           9.039e-06   9.039e-06    -5.044    -5.044     0.000    -17.07
   CaCO3           2.018e-12   2.018e-12   -11.695   -11.695     0.000     (0)  
Ca            2.402e-02
   Ca+2            2.402e-02   3.973e-03    -1.619    -2.401    -0.781    -16.90
   CaCO3           2.018e-12   2.018e-12   -11.695   -11.695     0.000     (0)  
Cl            1.027e+00
   Cl-             1.027e+00   7.191e-01     0.012    -0.143    -0.155     18.36
K             2.153e-02
   K+              2.153e-02   1.155e-02    -1.667    -1.937    -0.270      9.53
Mg            1.159e-01
   Mg+2            1.159e-01   2.246e-02    -0.936    -1.649    -0.712    -19.58
   MgCO3           9.039e-06   9.039e-06    -5.044    -5.044     0.000    -17.07
   MgOH+           1.045e-07   8.566e-08    -6.981    -7.067    -0.086     (0)  
Na            9.352e-01
   Na+             9.352e-01   5.541e-01    -0.029    -0.256    -0.227     -0.87
S(6)          5.942e-02
   SO4-2           5.942e-02   4.198e-03    -1.226    -2.377    -1.151     17.91

------------------------------Saturation indices-------------------------------

  Phase               SI** log IAP   log K(283 K,   1 atm)

  Anhydrite        -0.65     -4.78   -4.13  CaSO4
  Antarcticite     -6.25     -2.78    3.47  CaCl2:6H2O
  Aphthitalite    -13.46    -21.64   -8.18  Na2SO4:3K2SO4
  Aragonite        -0.38     -8.63   -8.26  CaCO3
  Arcanite         -4.23     -6.25   -2.02  K2SO4
  Bischofite       -6.75     -2.03    4.72  MgCl2:6H2O
  Bloedite         -4.55     -6.98   -2.43  Na2Mg(SO4)2:4H2O
  Calcite          -0.22     -8.63   -8.41  CaCO3
  Carnallite       -8.19     -4.11    4.08  KMgCl3:6H2O
  CO2(g)           -2.01     -3.28   -1.27  CO2
  Dolomite          0.20    -16.51  -16.72  CaMg(CO3)2
  Epsomite         -2.06     -4.14   -2.07  MgSO4:7H2O
  Gypsum           -0.19     -4.81   -4.62  CaSO4:2H2O
  Halite           -1.93     -0.40    1.53  NaCl
  Hexahydrite      -2.45     -4.12   -1.67  MgSO4:6H2O
  Hydrohalite      -1.81     -0.43    1.38  NaCl:2H2O
  Hydromagnesite   -4.64    -40.42  -35.78  (MgCO3)3:Mg(OH)2:3H2O
  Ice(s)           -0.06     -0.02    0.04  H2O
  Ikaite           -1.78     -8.73   -6.94  CaCO3:6H2O
  Kalicinite       -4.66     -4.69   -0.02  KHCO3
  Kieserite        -4.20     -4.04    0.16  MgSO4:H2O
  Landsfordite     -2.77     -7.96   -5.19  MgCO3:5H2O
  Magnesite        -0.09     -7.88   -7.79  MgCO3
  Meridianite      -2.28     -4.20   -1.92  MgSO4:11H2O
  MgCl2:12H2O      -5.63     -2.12    3.51  MgCl2:12H2O
  MgCl2:8H2O       -6.05     -2.06    3.99  MgCl2:8H2O
  Mirabilite       -1.06     -3.05   -1.99  Na2SO4:10H2O
  Na2CO3:7H2O      -6.04     -6.86   -0.81  Na2CO3:7H2O
  Nahcolite        -2.42     -3.01   -0.59  NaHCO3
  Natron           -5.48     -6.90   -1.42  Na2CO3:10H2O
  Nesquehonite     -2.73     -7.93   -5.20  MgCO3:3H2O
  Picromerite      -5.65    -10.37   -4.72  MgSO4:K2SO4:6H2O
  Sylvite          -2.80     -2.08    0.72  KCl
  Tachyhydrite    -24.58     -6.75   17.84  CaCl2:(MgCl2)2:12H2O
  Thenardite       -2.59     -2.89   -0.30  Na2SO4
  Trona            -8.60     -9.78   -1.18  Na3H(CO3)2:2H2O
  Vaterite         -0.83     -8.63   -7.80  CaCO3

**For a gas, SI = log10(fugacity). Fugacity = pressure * phi / 1 atm.
  For ideal gases, phi = 1.

-----------------------------------------
Beginning of batch-reaction calculations.
-----------------------------------------

Reaction step 1.

Using solution 1.	
Using pure phase assemblage 1.	

-------------------------------Phase assemblage--------------------------------

                                                      Moles in assemblage
Phase               SI  log IAP  log K(T, P)   Initial       Final       Delta

Calcite          -0.22    -8.63     -8.41    0.000e+00           0   0.000e+00
Gypsum           -0.19    -4.81     -4.62    0.000e+00           0   0.000e+00
Halite           -1.93    -0.40      1.53    0.000e+00           0   0.000e+00
Hydrohalite      -1.81    -0.43      1.38    0.000e+00           0   0.000e+00
Ice(s)           -0.06    -0.02      0.04    0.000e+00           0   0.000e+00
Mirabilite       -1.06    -3.05     -1.99    0.000e+00           0   0.000e+00

-----------------------------Solution composition------------------------------

	Elements           Molality       Moles

	C                 3.969e-03   3.969e-03
	Ca                2.402e-02   2.402e-02
	Cl                1.027e+00   1.027e+00
	K                 2.153e-02   2.153e-02
	Mg                1.159e-01   1.159e-01
	Na                9.352e-01   9.352e-01
	S                 5.942e-02   5.942e-02

----------------------------Description of solution----------------------------

                                       pH  =   7.005      Charge balance
                                       pe  =   4.000      Adjusted to redox equilibrium
      Specific Conductance (µS/cm,  10°C)  = 57134
                          Density (g/cm³)  =   1.05057
                               Volume (L)  =   1.01705
                        Activity of water  =   0.964
                 Ionic strength (mol/kgw)  =   1.392e+00
                       Mass of water (kg)  =   1.000e+00
                 Total alkalinity (eq/kg)  =   3.580e-03
                       Total CO2 (mol/kg)  =   3.969e-03
                         Temperature (°C)  =  10.00
                  Electrical balance (eq)  =   8.703e-02
 Percent error, 100*(Cat-|An|)/(Cat+|An|)  =   3.65
                               Iterations  =   1
                         Gamma iterations  =   1
                      Osmotic coefficient  =   0.91792
                         Density of water  =   0.99970
                                  Total H  = 1.110221e+02
                                  Total O  = 5.575846e+01

----------------------------Distribution of species----------------------------

                                                    Unscaled  Unscaled
                                Unscaled       Log       Log       Log    mole V
   Species          Molality    Activity  Molality  Activity     Gamma   cm³/mol

   H+              1.259e-07   9.886e-08    -6.900    -7.005    -0.105      0.00
   OH-             8.445e-08   2.892e-08    -7.073    -7.539    -0.465     -2.55
   H2O             5.551e+01   9.645e-01     1.744    -0.016     0.000     18.02
C(4)          3.969e-03
   HCO3-           3.543e-03   1.781e-03    -2.451    -2.749    -0.299     27.06
   CO2             4.079e-04   5.304e-04    -3.389    -3.275     0.114     33.63
   CO3-2           9.223e-06   5.857e-07    -5.035    -6.232    -1.197     -0.76
   MgCO3           9.039e-06   9.039e-06    -5.044    -5.044     0.000    -17.07
   CaCO3           2.018e-12   2.018e-12   -11.695   -11.695     0.000     (0)  
Ca            2.402e-02
   Ca+2            2.402e-02   3.973e-03    -1.619    -2.401    -0.781    -16.90
   CaCO3           2.018e-12   2.018e-12   -11.695   -11.695     0.000     (0)  
Cl            1.027e+00
   Cl-             1.027e+00   7.191e-01     0.012    -0.143    -0.155     18.36
K             2.153e-02
   K+              2.153e-02   1.155e-02    -1.667    -1.937    -0.270      9.53
Mg            1.159e-01
   Mg+2            1.159e-01   2.246e-02    -0.936    -1.649    -0.712    -19.58
   MgCO3           9.039e-06   9.039e-06    -5.044    -5.044     0.000    -17.07
   MgOH+           1.045e-07   8.566e-08    -6.981    -7.067    -0.086     (0)  
Na            9.352e-01
   Na+             9.352e-01   5.541e-01    -0.029    -0.256    -0.227     -0.87
S(6)          5.942e-02
   SO4-2           5.942e-02   4.198e-03    -1.226    -2.377    -1.151     17.91

------------------------------Saturation indices-------------------------------

  Phase               SI** log IAP   log K(283 K,   1 atm)

  Anhydrite        -0.65     -4.78   -4.13  CaSO4
  Antarcticite     -6.25     -2.78    3.47  CaCl2:6H2O
  Aphthitalite    -13.46    -21.64   -8.18  Na2SO4:3K2SO4
  Aragonite        -0.38     -8.63   -8.26  CaCO3
  Arcanite         -4.23     -6.25   -2.02  K2SO4
  Bischofite       -6.75     -2.03    4.72  MgCl2:6H2O
  Bloedite         -4.55     -6.98   -2.43  Na2Mg(SO4)2:4H2O
  Calcite          -0.22     -8.63   -8.41  CaCO3
  Carnallite       -8.19     -4.11    4.08  KMgCl3:6H2O
  CO2(g)           -2.01     -3.28   -1.27  CO2
  Dolomite          0.20    -16.51  -16.72  CaMg(CO3)2
  Epsomite         -2.06     -4.14   -2.07  MgSO4:7H2O
  Gypsum           -0.19     -4.81   -4.62  CaSO4:2H2O
  Halite           -1.93     -0.40    1.53  NaCl
  Hexahydrite      -2.45     -4.12   -1.67  MgSO4:6H2O
  Hydrohalite      -1.81     -0.43    1.38  NaCl:2H2O
  Hydromagnesite   -4.64    -40.42  -35.78  (MgCO3)3:Mg(OH)2:3H2O
  Ice(s)           -0.06     -0.02    0.04  H2O
  Ikaite           -1.78     -8.73   -6.94  CaCO3:6H2O
  Kalicinite       -4.66     -4.69   -0.02  KHCO3
  Kieserite        -4.20     -4.04    0.16  MgSO4:H2O
  Landsfordite     -2.77     -7.96   -5.19  MgCO3:5H2O
  Magnesite        -0.09     -7.88   -7.79  MgCO3
  Meridianite      -2.28     -4.20   -1.92  MgSO4:11H2O
  MgCl2:12H2O      -5.63     -2.12    3.51  MgCl2:12H2O
  MgCl2:8H2O       -6.05     -2.06    3.99  MgCl2:8H2O
  Mirabilite       -1.06     -3.05   -1.99  Na2SO4:10H2O
  Na2CO3:7H2O      -6.04     -6.86   -0.81  Na2CO3:7H2O
  Nahcolite        -2.42     -3.01   -0.59  NaHCO3
  Natron           -5.48     -6.90   -1.42  Na2CO3:10H2O
  Nesquehonite     -2.73     -7.93   -5.20  MgCO3:3H2O
  Picromerite      -5.65    -10.37   -4.72  MgSO4:K2SO4:6H2O
  Sylvite          -2.80     -2.08    0.72  KCl
  Tachyhydrite    -24.58     -6.75   17.84  CaCl2:(MgCl2)2:12H2O
  Thenardite       -2.59     -2.89   -0.30  Na2SO4
  Trona            -8.60     -9.78   -1.18  Na3H(CO3)2:2H2O
  Vaterite         -0.83     -8.63   -7.80  CaCO3

**For a gas, SI = log10(fugacity). Fugacity = pressure * phi / 1 atm.
  For ideal gases, phi = 1.

------------------
End of simulation.
------------------

------------------------------------
Reading input data for simulation 2.
------------------------------------

------------------------------
End of Run after 1.67 Seconds.
------------------------------

