   Input file: C:\Users\Kagiso\PHREEQC-Python\C3_Ca_plus10pct_FREZ_eq_+000p0.pqi
  Output file: C:\Users\Kagiso\PHREEQC-Python\C3_Ca_plus10pct_FREZ_eq_+000p0.out
Database file: C:\Program Files\USGS\phreeqc-3.8.6-17100-x64\database\frezchem.dat

------------------
Reading data base.
------------------

	PITZER
	SOLUTION_MASTER_SPECIES
	SOLUTION_SPECIES
	PHASES
	PITZER
	EXCHANGE_MASTER_SPECIES
	EXCHANGE_SPECIES
	SURFACE_MASTER_SPECIES
	SURFACE_SPECIES
	END
------------------------------------
Reading input data for simulation 1.
------------------------------------

	TITLE C3_Ca_plus10pct FREZCHEM sequential FC at 0.00 C
	SOLUTION 1
	    temp 0.00000000
	    pH 6.9385000000
	    units mol/kgw
	    water 1.000000000000
	    Na 9.39140000000000e-01
	    K 2.16210000000000e-02
	    Mg 1.16340000000000e-01
	    Ca 2.65090000000000e-02
	    Cl 1.14600000000000e+00
	    S(6) 5.96640000000000e-02
	    C(4) 3.91420000000000e-03
	EQUILIBRIUM_PHASES 1
	    Ice(s)       0.0 0.0
	    Mirabilite   0.0 0.0
	    Halite       0.0 0.0
	    Hydrohalite  0.0 0.0
	    Calcite      0.0 0.0
	    Gypsum       0.0 0.0
	SELECTED_OUTPUT 1
	    file C:/Users/Kagiso/PHREEQC-Python/C3_Ca_plus10pct_FREZ_eq_+000p0.txt
	    reset false
	    user_punch true
	USER_PUNCH 1
	    headings Temp_C pH Water_kg Alk_eq_kgw Mu aw Na_mol K_mol Mg_mol Ca_mol Cl_mol S6_mol C4_mol Na_m K_m Mg_m Ca_m Cl_m S6_m C4_m Na_act Cl_act SO4_act SI_Ice SI_Mirabilite SI_Halite SI_Hydrohalite SI_Calcite SI_Gypsum Ice_mol Mirabilite_mol Halite_mol Hydrohalite_mol Calcite_mol Gypsum_mol Iterations
	    10 PUNCH TC, -LA("H+"), TOT("water"), ALK, MU, ACT("H2O")
	    20 PUNCH TOTMOLE("Na"), TOTMOLE("K"), TOTMOLE("Mg"), TOTMOLE("Ca")
	    30 PUNCH TOTMOLE("Cl"), TOTMOLE("S(6)"), TOTMOLE("C(4)")
	    40 PUNCH TOT("Na"), TOT("K"), TOT("Mg"), TOT("Ca")
	    50 PUNCH TOT("Cl"), TOT("S(6)"), TOT("C(4)")
	    60 PUNCH ACT("Na+"), ACT("Cl-"), ACT("SO4-2")
	    70 PUNCH SI("Ice(s)"), SI("Mirabilite"), SI("Halite"), SI("Hydrohalite"), SI("Calcite"), SI("Gypsum")
	    80 PUNCH EQUI("Ice(s)"), EQUI("Mirabilite"), EQUI("Halite"), EQUI("Hydrohalite"), EQUI("Calcite"), EQUI("Gypsum")
	    90 PUNCH ITERATIONS
	END
-----
TITLE
-----

 C3_Ca_plus10pct FREZCHEM sequential FC at 0.00 C

-------------------------------------------
Beginning of initial solution calculations.
-------------------------------------------

Initial solution 1.	

-----------------------------Solution composition------------------------------

	Elements           Molality       Moles

	C(4)              3.914e-03   3.914e-03
	Ca                2.651e-02   2.651e-02
	Cl                1.146e+00   1.146e+00
	K                 2.162e-02   2.162e-02
	Mg                1.163e-01   1.163e-01
	Na                9.391e-01   9.391e-01
	S(6)              5.966e-02   5.966e-02

----------------------------Description of solution----------------------------

                                       pH  =   6.939    
                                       pe  =   4.000    
      Specific Conductance (µS/cm,   0°C)  = 44178
                          Density (g/cm³)  =   1.05480
                               Volume (L)  =   1.01718
                        Activity of water  =   0.963
                 Ionic strength (mol/kgw)  =   1.460e+00
                       Mass of water (kg)  =   1.000e+00
                 Total alkalinity (eq/kg)  =   3.346e-03
                       Total CO2 (mol/kg)  =   3.914e-03
                         Temperature (°C)  =   0.00
                  Electrical balance (eq)  =  -2.221e-02
 Percent error, 100*(Cat-|An|)/(Cat+|An|)  =  -0.88
                               Iterations  =  13
                         Gamma iterations  =   4
                      Osmotic coefficient  =   0.91316
                         Density of water  =   0.99984
                                  Total H  = 1.110219e+02
                                  Total O  = 5.575912e+01

----------------------------Distribution of species----------------------------

                                                    Unscaled  Unscaled
                                Unscaled       Log       Log       Log    mole V
   Species          Molality    Activity  Molality  Activity     Gamma   cm³/mol

   H+              1.377e-07   1.152e-07    -6.861    -6.939    -0.077      0.00
   OH-             3.165e-08   9.641e-09    -7.500    -8.016    -0.516     -3.69
   H2O             5.551e+01   9.627e-01     1.744    -0.017     0.000     18.02
C(4)          3.914e-03
   HCO3-           3.325e-03   1.666e-03    -2.478    -2.778    -0.300     26.02
   CO2             5.790e-04   7.556e-04    -3.237    -3.122     0.116     38.36
   CO3-2           5.857e-06   3.401e-07    -5.232    -6.468    -1.236     -3.17
   MgCO3           4.754e-06   4.754e-06    -5.323    -5.323     0.000    -17.05
   CaCO3           1.454e-12   1.454e-12   -11.838   -11.838     0.000     (0)  
Ca            2.651e-02
   Ca+2            2.651e-02   4.925e-03    -1.577    -2.308    -0.731    -17.67
   CaCO3           1.454e-12   1.454e-12   -11.838   -11.838     0.000     (0)  
Cl            1.146e+00
   Cl-             1.146e+00   7.726e-01     0.059    -0.112    -0.171     17.49
K             2.162e-02
   K+              2.162e-02   1.148e-02    -1.665    -1.940    -0.275      9.07
Mg            1.163e-01
   Mg+2            1.163e-01   2.321e-02    -0.934    -1.634    -0.700    -19.29
   MgCO3           4.754e-06   4.754e-06    -5.323    -5.323     0.000    -17.05
   MgOH+           3.223e-08   2.780e-08    -7.492    -7.556    -0.064     (0)  
Na            9.391e-01
   Na+             9.391e-01   5.517e-01    -0.027    -0.258    -0.231     -1.63
S(6)          5.966e-02
   SO4-2           5.966e-02   3.698e-03    -1.224    -2.432    -1.208     15.21

------------------------------Saturation indices-------------------------------

  Phase               SI** log IAP   log K(273 K,   1 atm)

  Anhydrite        -0.68     -4.74   -4.06  CaSO4
  Antarcticite     -5.90     -2.63    3.27  CaCl2:6H2O
  Aphthitalite    -13.04    -21.89   -8.85  Na2SO4:3K2SO4
  Aragonite        -0.56     -8.78   -8.22  CaCO3
  Arcanite         -4.12     -6.31   -2.20  K2SO4
  Bischofite       -6.71     -1.96    4.75  MgCl2:6H2O
  Bloedite         -4.62     -7.08   -2.46  Na2Mg(SO4)2:4H2O
  Calcite          -0.39     -8.78   -8.38  CaCO3
  Carnallite       -7.90     -4.01    3.89  KMgCl3:6H2O
  CO2(g)           -2.01     -3.12   -1.11  CO2
  Dolomite         -0.43    -16.88  -16.45  CaMg(CO3)2
  Epsomite         -1.97     -4.18   -2.21  MgSO4:7H2O
  Gypsum           -0.11     -4.77   -4.66  CaSO4:2H2O
  Halite           -1.87     -0.37    1.50  NaCl
  Hexahydrite      -2.46     -4.17   -1.70  MgSO4:6H2O
  Hydrohalite      -1.66     -0.40    1.25  NaCl:2H2O
  Hydromagnesite   -6.97    -42.02  -35.05  (MgCO3)3:Mg(OH)2:3H2O
  Ice(s)           -0.02     -0.02    0.00  H2O
  Ikaite           -1.67     -8.88   -7.20  CaCO3:6H2O
  Kalicinite       -4.55     -4.72   -0.16  KHCO3
  Kieserite        -4.63     -4.08    0.55  MgSO4:H2O
  Landsfordite     -2.99     -8.19   -5.19  MgCO3:5H2O
  Magnesite        -0.49     -8.10   -7.62  MgCO3
  Meridianite      -1.92     -4.25   -2.32  MgSO4:11H2O
  MgCl2:12H2O      -4.90     -2.06    2.85  MgCl2:12H2O
  MgCl2:8H2O       -5.84     -1.99    3.85  MgCl2:8H2O
  Mirabilite       -0.60     -3.11   -2.51  Na2SO4:10H2O
  Na2CO3:7H2O      -6.04     -7.10   -1.06  Na2CO3:7H2O
  Nahcolite        -2.32     -3.04   -0.72  NaHCO3
  Natron           -5.35     -7.15   -1.80  Na2CO3:10H2O
  Nesquehonite     -3.11     -8.15   -5.04  MgCO3:3H2O
  Picromerite      -5.44    -10.48   -5.03  MgSO4:K2SO4:6H2O
  Sylvite          -2.63     -2.05    0.58  KCl
  Tachyhydrite    -24.89     -6.45   18.44  CaCl2:(MgCl2)2:12H2O
  Thenardite       -2.64     -2.95   -0.31  Na2SO4
  Trona            -8.76    -10.05   -1.30  Na3H(CO3)2:2H2O
  Vaterite         -1.03     -8.78   -7.74  CaCO3

**For a gas, SI = log10(fugacity). Fugacity = pressure * phi / 1 atm.
  For ideal gases, phi = 1.

-----------------------------------------
Beginning of batch-reaction calculations.
-----------------------------------------

Reaction step 1.

Using solution 1.	
Using pure phase assemblage 1.	

-------------------------------Phase assemblage--------------------------------

                                                      Moles in assemblage
Phase               SI  log IAP  log K(T, P)   Initial       Final       Delta

Calcite          -0.39    -8.78     -8.38    0.000e+00           0   0.000e+00
Gypsum           -0.11    -4.77     -4.66    0.000e+00           0   0.000e+00
Halite           -1.87    -0.37      1.50    0.000e+00           0   0.000e+00
Hydrohalite      -1.66    -0.40      1.25    0.000e+00           0   0.000e+00
Ice(s)           -0.02    -0.02      0.00    0.000e+00           0   0.000e+00
Mirabilite       -0.60    -3.11     -2.51    0.000e+00           0   0.000e+00

-----------------------------Solution composition------------------------------

	Elements           Molality       Moles

	C                 3.914e-03   3.914e-03
	Ca                2.651e-02   2.651e-02
	Cl                1.146e+00   1.146e+00
	K                 2.162e-02   2.162e-02
	Mg                1.163e-01   1.163e-01
	Na                9.391e-01   9.391e-01
	S                 5.966e-02   5.966e-02

----------------------------Description of solution----------------------------

                                       pH  =   6.938      Charge balance
                                       pe  =   4.000      Adjusted to redox equilibrium
      Specific Conductance (µS/cm,   0°C)  = 44178
                          Density (g/cm³)  =   1.05480
                               Volume (L)  =   1.01718
                        Activity of water  =   0.963
                 Ionic strength (mol/kgw)  =   1.460e+00
                       Mass of water (kg)  =   1.000e+00
                 Total alkalinity (eq/kg)  =   3.346e-03
                       Total CO2 (mol/kg)  =   3.914e-03
                         Temperature (°C)  =   0.00
                  Electrical balance (eq)  =  -2.221e-02
 Percent error, 100*(Cat-|An|)/(Cat+|An|)  =  -0.88
                               Iterations  =   1
                         Gamma iterations  =   1
                      Osmotic coefficient  =   0.91316
                         Density of water  =   0.99984
                                  Total H  = 1.110219e+02
                                  Total O  = 5.575912e+01

----------------------------Distribution of species----------------------------

                                                    Unscaled  Unscaled
                                Unscaled       Log       Log       Log    mole V
   Species          Molality    Activity  Molality  Activity     Gamma   cm³/mol

   H+              1.377e-07   1.152e-07    -6.861    -6.938    -0.077      0.00
   OH-             3.165e-08   9.641e-09    -7.500    -8.016    -0.516     -3.69
   H2O             5.551e+01   9.627e-01     1.744    -0.017     0.000     18.02
C(4)          3.914e-03
   HCO3-           3.325e-03   1.666e-03    -2.478    -2.778    -0.300     26.02
   CO2             5.790e-04   7.556e-04    -3.237    -3.122     0.116     38.36
   CO3-2           5.857e-06   3.401e-07    -5.232    -6.468    -1.236     -3.17
   MgCO3           4.754e-06   4.754e-06    -5.323    -5.323     0.000    -17.05
   CaCO3           1.454e-12   1.454e-12   -11.838   -11.838     0.000     (0)  
Ca            2.651e-02
   Ca+2            2.651e-02   4.925e-03    -1.577    -2.308    -0.731    -17.67
   CaCO3           1.454e-12   1.454e-12   -11.838   -11.838     0.000     (0)  
Cl            1.146e+00
   Cl-             1.146e+00   7.726e-01     0.059    -0.112    -0.171     17.49
K             2.162e-02
   K+              2.162e-02   1.148e-02    -1.665    -1.940    -0.275      9.07
Mg            1.163e-01
   Mg+2            1.163e-01   2.321e-02    -0.934    -1.634    -0.700    -19.29
   MgCO3           4.754e-06   4.754e-06    -5.323    -5.323     0.000    -17.05
   MgOH+           3.223e-08   2.780e-08    -7.492    -7.556    -0.064     (0)  
Na            9.391e-01
   Na+             9.391e-01   5.517e-01    -0.027    -0.258    -0.231     -1.63
S(6)          5.966e-02
   SO4-2           5.966e-02   3.698e-03    -1.224    -2.432    -1.208     15.21

------------------------------Saturation indices-------------------------------

  Phase               SI** log IAP   log K(273 K,   1 atm)

  Anhydrite        -0.68     -4.74   -4.06  CaSO4
  Antarcticite     -5.90     -2.63    3.27  CaCl2:6H2O
  Aphthitalite    -13.04    -21.89   -8.85  Na2SO4:3K2SO4
  Aragonite        -0.56     -8.78   -8.22  CaCO3
  Arcanite         -4.12     -6.31   -2.20  K2SO4
  Bischofite       -6.71     -1.96    4.75  MgCl2:6H2O
  Bloedite         -4.62     -7.08   -2.46  Na2Mg(SO4)2:4H2O
  Calcite          -0.39     -8.78   -8.38  CaCO3
  Carnallite       -7.90     -4.01    3.89  KMgCl3:6H2O
  CO2(g)           -2.01     -3.12   -1.11  CO2
  Dolomite         -0.43    -16.88  -16.45  CaMg(CO3)2
  Epsomite         -1.97     -4.18   -2.21  MgSO4:7H2O
  Gypsum           -0.11     -4.77   -4.66  CaSO4:2H2O
  Halite           -1.87     -0.37    1.50  NaCl
  Hexahydrite      -2.46     -4.17   -1.70  MgSO4:6H2O
  Hydrohalite      -1.66     -0.40    1.25  NaCl:2H2O
  Hydromagnesite   -6.97    -42.02  -35.05  (MgCO3)3:Mg(OH)2:3H2O
  Ice(s)           -0.02     -0.02    0.00  H2O
  Ikaite           -1.67     -8.88   -7.20  CaCO3:6H2O
  Kalicinite       -4.55     -4.72   -0.16  KHCO3
  Kieserite        -4.63     -4.08    0.55  MgSO4:H2O
  Landsfordite     -2.99     -8.19   -5.19  MgCO3:5H2O
  Magnesite        -0.49     -8.10   -7.62  MgCO3
  Meridianite      -1.92     -4.25   -2.32  MgSO4:11H2O
  MgCl2:12H2O      -4.90     -2.06    2.85  MgCl2:12H2O
  MgCl2:8H2O       -5.84     -1.99    3.85  MgCl2:8H2O
  Mirabilite       -0.60     -3.11   -2.51  Na2SO4:10H2O
  Na2CO3:7H2O      -6.04     -7.10   -1.06  Na2CO3:7H2O
  Nahcolite        -2.32     -3.04   -0.72  NaHCO3
  Natron           -5.35     -7.15   -1.80  Na2CO3:10H2O
  Nesquehonite     -3.11     -8.15   -5.04  MgCO3:3H2O
  Picromerite      -5.44    -10.48   -5.03  MgSO4:K2SO4:6H2O
  Sylvite          -2.63     -2.05    0.58  KCl
  Tachyhydrite    -24.89     -6.45   18.44  CaCl2:(MgCl2)2:12H2O
  Thenardite       -2.64     -2.95   -0.31  Na2SO4
  Trona            -8.76    -10.05   -1.30  Na3H(CO3)2:2H2O
  Vaterite         -1.03     -8.78   -7.74  CaCO3

**For a gas, SI = log10(fugacity). Fugacity = pressure * phi / 1 atm.
  For ideal gases, phi = 1.

------------------
End of simulation.
------------------

------------------------------------
Reading input data for simulation 2.
------------------------------------

-------------------------------
End of Run after 1.414 Seconds.
-------------------------------

