   Input file: C:\Users\Kagiso\PHREEQC-Python\C3_Cl_minus10pct_FREZ_eq_+016p0.pqi
  Output file: C:\Users\Kagiso\PHREEQC-Python\C3_Cl_minus10pct_FREZ_eq_+016p0.out
Database file: C:\Program Files\USGS\phreeqc-3.8.6-17100-x64\database\frezchem.dat

------------------
Reading data base.
------------------

	PITZER
	SOLUTION_MASTER_SPECIES
	SOLUTION_SPECIES
	PHASES
	PITZER
	EXCHANGE_MASTER_SPECIES
	EXCHANGE_SPECIES
	SURFACE_MASTER_SPECIES
	SURFACE_SPECIES
	END
------------------------------------
Reading input data for simulation 1.
------------------------------------

	TITLE C3_Cl_minus10pct FREZCHEM sequential FC at 16.00 C
	SOLUTION 1
	    temp 16.00000000
	    pH 7.0050000000
	    units mol/kgw
	    water 1.000000000000
	    Na 9.35250000000000e-01
	    K 2.15320000000000e-02
	    Mg 1.15860000000000e-01
	    Ca 2.40190000000000e-02
	    Cl 1.02710000000000e+00
	    S(6) 5.94160000000000e-02
	    C(4) 3.96930000000000e-03
	EQUILIBRIUM_PHASES 1
	    Ice(s)       0.0 0.0
	    Mirabilite   0.0 0.0
	    Halite       0.0 0.0
	    Hydrohalite  0.0 0.0
	    Calcite      0.0 0.0
	    Gypsum       0.0 0.0
	SELECTED_OUTPUT 1
	    file C:/Users/Kagiso/PHREEQC-Python/C3_Cl_minus10pct_FREZ_eq_+016p0.txt
	    reset false
	    user_punch true
	USER_PUNCH 1
	    headings Temp_C pH Water_kg Alk_eq_kgw Mu aw Na_mol K_mol Mg_mol Ca_mol Cl_mol S6_mol C4_mol Na_m K_m Mg_m Ca_m Cl_m S6_m C4_m Na_act Cl_act SO4_act SI_Ice SI_Mirabilite SI_Halite SI_Hydrohalite SI_Calcite SI_Gypsum Ice_mol Mirabilite_mol Halite_mol Hydrohalite_mol Calcite_mol Gypsum_mol Iterations
	    10 PUNCH TC, -LA("H+"), TOT("water"), ALK, MU, ACT("H2O")
	    20 PUNCH TOTMOLE("Na"), TOTMOLE("K"), TOTMOLE("Mg"), TOTMOLE("Ca")
	    30 PUNCH TOTMOLE("Cl"), TOTMOLE("S(6)"), TOTMOLE("C(4)")
	    40 PUNCH TOT("Na"), TOT("K"), TOT("Mg"), TOT("Ca")
	    50 PUNCH TOT("Cl"), TOT("S(6)"), TOT("C(4)")
	    60 PUNCH ACT("Na+"), ACT("Cl-"), ACT("SO4-2")
	    70 PUNCH SI("Ice(s)"), SI("Mirabilite"), SI("Halite"), SI("Hydrohalite"), SI("Calcite"), SI("Gypsum")
	    80 PUNCH EQUI("Ice(s)"), EQUI("Mirabilite"), EQUI("Halite"), EQUI("Hydrohalite"), EQUI("Calcite"), EQUI("Gypsum")
	    90 PUNCH ITERATIONS
	END
-----
TITLE
-----

 C3_Cl_minus10pct FREZCHEM sequential FC at 16.00 C

-------------------------------------------
Beginning of initial solution calculations.
-------------------------------------------

Initial solution 1.	

-----------------------------Solution composition------------------------------

	Elements           Molality       Moles

	C(4)              3.969e-03   3.969e-03
	Ca                2.402e-02   2.402e-02
	Cl                1.027e+00   1.027e+00
	K                 2.153e-02   2.153e-02
	Mg                1.159e-01   1.159e-01
	Na                9.352e-01   9.352e-01
	S(6)              5.942e-02   5.942e-02

----------------------------Description of solution----------------------------

                                       pH  =   7.005    
                                       pe  =   4.000    
      Specific Conductance (µS/cm,  16°C)  = 67023
                          Density (g/cm³)  =   1.04900
                               Volume (L)  =   1.01857
                        Activity of water  =   0.964
                 Ionic strength (mol/kgw)  =   1.392e+00
                       Mass of water (kg)  =   1.000e+00
                 Total alkalinity (eq/kg)  =   3.625e-03
                       Total CO2 (mol/kg)  =   3.969e-03
                         Temperature (°C)  =  16.00
                  Electrical balance (eq)  =   8.698e-02
 Percent error, 100*(Cat-|An|)/(Cat+|An|)  =   3.65
                               Iterations  =  13
                         Gamma iterations  =   4
                      Osmotic coefficient  =   0.92313
                         Density of water  =   0.99894
                                  Total H  = 1.110222e+02
                                  Total O  = 5.575850e+01

----------------------------Distribution of species----------------------------

                                                    Unscaled  Unscaled
                                Unscaled       Log       Log       Log    mole V
   Species          Molality    Activity  Molality  Activity     Gamma   cm³/mol

   OH-             1.358e-07   4.845e-08    -6.867    -7.315    -0.448     -2.05
   H+              1.274e-07   9.886e-08    -6.895    -7.005    -0.110      0.00
   H2O             5.551e+01   9.643e-01     1.744    -0.016     0.000     18.04
C(4)          3.969e-03
   HCO3-           3.578e-03   1.807e-03    -2.446    -2.743    -0.297     27.57
   CO2             3.677e-04   4.771e-04    -3.434    -3.321     0.113     31.55
   MgCO3           1.201e-05   1.201e-05    -4.921    -4.921     0.000    -17.08
   CO3-2           1.114e-05   6.993e-07    -4.953    -6.155    -1.202      0.29
   CaCO3           2.236e-12   2.236e-12   -11.651   -11.651     0.000     (0)  
Ca            2.402e-02
   Ca+2            2.402e-02   3.904e-03    -1.619    -2.408    -0.789    -16.58
   CaCO3           2.236e-12   2.236e-12   -11.651   -11.651     0.000     (0)  
Cl            1.027e+00
   Cl-             1.027e+00   7.262e-01     0.012    -0.139    -0.151     18.72
K             2.153e-02
   K+              2.153e-02   1.158e-02    -1.667    -1.936    -0.269      9.76
Mg            1.159e-01
   Mg+2            1.158e-01   2.301e-02    -0.936    -1.638    -0.702    -19.72
   MgCO3           1.201e-05   1.201e-05    -4.921    -4.921     0.000    -17.08
   MgOH+           1.911e-07   1.549e-07    -6.719    -6.810    -0.091     (0)  
Na            9.352e-01
   Na+             9.352e-01   5.586e-01    -0.029    -0.253    -0.224     -0.52
S(6)          5.942e-02
   SO4-2           5.942e-02   4.349e-03    -1.226    -2.362    -1.136     19.02

------------------------------Saturation indices-------------------------------

  Phase               SI** log IAP   log K(289 K,   1 atm)

  Anhydrite        -0.60     -4.77   -4.17  CaSO4
  Antarcticite     -6.37     -2.78    3.59  CaCl2:6H2O
  Aphthitalite    -13.78    -21.57   -7.79  Na2SO4:3K2SO4
  Aragonite        -0.28     -8.56   -8.28  CaCO3
  Arcanite         -4.31     -6.23   -1.92  K2SO4
  Bischofite       -6.70     -2.01    4.69  MgCl2:6H2O
  Bloedite         -4.53     -6.93   -2.40  Na2Mg(SO4)2:4H2O
  Calcite          -0.13     -8.56   -8.43  CaCO3
  Carnallite       -8.26     -4.09    4.18  KMgCl3:6H2O
  CO2(g)           -1.97     -3.32   -1.35  CO2
  Dolomite          0.51    -16.36  -16.87  CaMg(CO3)2
  Epsomite         -2.12     -4.11   -1.99  MgSO4:7H2O
  Gypsum           -0.20     -4.80   -4.60  CaSO4:2H2O
  Halite           -1.95     -0.39    1.55  NaCl
  Hexahydrite      -2.44     -4.09   -1.65  MgSO4:6H2O
  Hydrohalite      -1.87     -0.42    1.45  NaCl:2H2O
  Hydromagnesite   -3.51    -39.70  -36.19  (MgCO3)3:Mg(OH)2:3H2O
  Ice(s)           -0.08     -0.02    0.07  H2O
  Ikaite           -1.86     -8.66   -6.80  CaCO3:6H2O
  Kalicinite       -4.74     -4.68    0.06  KHCO3
  Kieserite        -4.00     -4.02   -0.02  MgSO4:H2O
  Landsfordite     -2.73     -7.87   -5.15  MgCO3:5H2O
  Magnesite         0.10     -7.79   -7.89  MgCO3
  Meridianite      -2.50     -4.17   -1.67  MgSO4:11H2O
  MgCl2:12H2O      -6.06     -2.11    3.96  MgCl2:12H2O
  MgCl2:8H2O       -6.11     -2.04    4.07  MgCl2:8H2O
  Mirabilite       -1.35     -3.03   -1.68  Na2SO4:10H2O
  Na2CO3:7H2O      -6.11     -6.77   -0.66  Na2CO3:7H2O
  Nahcolite        -2.49     -3.00   -0.51  NaHCO3
  Natron           -5.64     -6.82   -1.18  Na2CO3:10H2O
  Nesquehonite     -2.58     -7.84   -5.27  MgCO3:3H2O
  Picromerite      -5.76    -10.33   -4.57  MgSO4:K2SO4:6H2O
  Sylvite          -2.87     -2.08    0.80  KCl
  Tachyhydrite    -24.18     -6.71   17.48  CaCl2:(MgCl2)2:12H2O
  Thenardite       -2.57     -2.87   -0.30  Na2SO4
  Trona            -8.57     -9.69   -1.12  Na3H(CO3)2:2H2O
  Vaterite         -0.72     -8.56   -7.84  CaCO3

**For a gas, SI = log10(fugacity). Fugacity = pressure * phi / 1 atm.
  For ideal gases, phi = 1.

-----------------------------------------
Beginning of batch-reaction calculations.
-----------------------------------------

Reaction step 1.

Using solution 1.	
Using pure phase assemblage 1.	

-------------------------------Phase assemblage--------------------------------

                                                      Moles in assemblage
Phase               SI  log IAP  log K(T, P)   Initial       Final       Delta

Calcite          -0.13    -8.56     -8.43    0.000e+00           0   0.000e+00
Gypsum           -0.20    -4.80     -4.60    0.000e+00           0   0.000e+00
Halite           -1.95    -0.39      1.55    0.000e+00           0   0.000e+00
Hydrohalite      -1.87    -0.42      1.45    0.000e+00           0   0.000e+00
Ice(s)           -0.08    -0.02      0.07    0.000e+00           0   0.000e+00
Mirabilite       -1.35    -3.03     -1.68    0.000e+00           0   0.000e+00

-----------------------------Solution composition------------------------------

	Elements           Molality       Moles

	C                 3.969e-03   3.969e-03
	Ca                2.402e-02   2.402e-02
	Cl                1.027e+00   1.027e+00
	K                 2.153e-02   2.153e-02
	Mg                1.159e-01   1.159e-01
	Na                9.352e-01   9.352e-01
	S                 5.942e-02   5.942e-02

----------------------------Description of solution----------------------------

                                       pH  =   7.005      Charge balance
                                       pe  =   4.000      Adjusted to redox equilibrium
      Specific Conductance (µS/cm,  16°C)  = 67023
                          Density (g/cm³)  =   1.04900
                               Volume (L)  =   1.01857
                        Activity of water  =   0.964
                 Ionic strength (mol/kgw)  =   1.392e+00
                       Mass of water (kg)  =   1.000e+00
                 Total alkalinity (eq/kg)  =   3.625e-03
                       Total CO2 (mol/kg)  =   3.969e-03
                         Temperature (°C)  =  16.00
                  Electrical balance (eq)  =   8.698e-02
 Percent error, 100*(Cat-|An|)/(Cat+|An|)  =   3.65
                               Iterations  =   1
                         Gamma iterations  =   1
                      Osmotic coefficient  =   0.92313
                         Density of water  =   0.99894
                                  Total H  = 1.110222e+02
                                  Total O  = 5.575850e+01

----------------------------Distribution of species----------------------------

                                                    Unscaled  Unscaled
                                Unscaled       Log       Log       Log    mole V
   Species          Molality    Activity  Molality  Activity     Gamma   cm³/mol

   OH-             1.358e-07   4.845e-08    -6.867    -7.315    -0.448     -2.05
   H+              1.274e-07   9.886e-08    -6.895    -7.005    -0.110      0.00
   H2O             5.551e+01   9.643e-01     1.744    -0.016     0.000     18.04
C(4)          3.969e-03
   HCO3-           3.578e-03   1.807e-03    -2.446    -2.743    -0.297     27.57
   CO2             3.677e-04   4.771e-04    -3.434    -3.321     0.113     31.55
   MgCO3           1.201e-05   1.201e-05    -4.921    -4.921     0.000    -17.08
   CO3-2           1.114e-05   6.993e-07    -4.953    -6.155    -1.202      0.29
   CaCO3           2.236e-12   2.236e-12   -11.651   -11.651     0.000     (0)  
Ca            2.402e-02
   Ca+2            2.402e-02   3.904e-03    -1.619    -2.408    -0.789    -16.58
   CaCO3           2.236e-12   2.236e-12   -11.651   -11.651     0.000     (0)  
Cl            1.027e+00
   Cl-             1.027e+00   7.262e-01     0.012    -0.139    -0.151     18.72
K             2.153e-02
   K+              2.153e-02   1.158e-02    -1.667    -1.936    -0.269      9.76
Mg            1.159e-01
   Mg+2            1.158e-01   2.301e-02    -0.936    -1.638    -0.702    -19.72
   MgCO3           1.201e-05   1.201e-05    -4.921    -4.921     0.000    -17.08
   MgOH+           1.911e-07   1.549e-07    -6.719    -6.810    -0.091     (0)  
Na            9.352e-01
   Na+             9.352e-01   5.586e-01    -0.029    -0.253    -0.224     -0.52
S(6)          5.942e-02
   SO4-2           5.942e-02   4.349e-03    -1.226    -2.362    -1.136     19.02

------------------------------Saturation indices-------------------------------

  Phase               SI** log IAP   log K(289 K,   1 atm)

  Anhydrite        -0.60     -4.77   -4.17  CaSO4
  Antarcticite     -6.37     -2.78    3.59  CaCl2:6H2O
  Aphthitalite    -13.78    -21.57   -7.79  Na2SO4:3K2SO4
  Aragonite        -0.28     -8.56   -8.28  CaCO3
  Arcanite         -4.31     -6.23   -1.92  K2SO4
  Bischofite       -6.70     -2.01    4.69  MgCl2:6H2O
  Bloedite         -4.53     -6.93   -2.40  Na2Mg(SO4)2:4H2O
  Calcite          -0.13     -8.56   -8.43  CaCO3
  Carnallite       -8.26     -4.09    4.18  KMgCl3:6H2O
  CO2(g)           -1.97     -3.32   -1.35  CO2
  Dolomite          0.51    -16.36  -16.87  CaMg(CO3)2
  Epsomite         -2.12     -4.11   -1.99  MgSO4:7H2O
  Gypsum           -0.20     -4.80   -4.60  CaSO4:2H2O
  Halite           -1.95     -0.39    1.55  NaCl
  Hexahydrite      -2.44     -4.09   -1.65  MgSO4:6H2O
  Hydrohalite      -1.87     -0.42    1.45  NaCl:2H2O
  Hydromagnesite   -3.51    -39.70  -36.19  (MgCO3)3:Mg(OH)2:3H2O
  Ice(s)           -0.08     -0.02    0.07  H2O
  Ikaite           -1.86     -8.66   -6.80  CaCO3:6H2O
  Kalicinite       -4.74     -4.68    0.06  KHCO3
  Kieserite        -4.00     -4.02   -0.02  MgSO4:H2O
  Landsfordite     -2.73     -7.87   -5.15  MgCO3:5H2O
  Magnesite         0.10     -7.79   -7.89  MgCO3
  Meridianite      -2.50     -4.17   -1.67  MgSO4:11H2O
  MgCl2:12H2O      -6.06     -2.11    3.96  MgCl2:12H2O
  MgCl2:8H2O       -6.11     -2.04    4.07  MgCl2:8H2O
  Mirabilite       -1.35     -3.03   -1.68  Na2SO4:10H2O
  Na2CO3:7H2O      -6.11     -6.77   -0.66  Na2CO3:7H2O
  Nahcolite        -2.49     -3.00   -0.51  NaHCO3
  Natron           -5.64     -6.82   -1.18  Na2CO3:10H2O
  Nesquehonite     -2.58     -7.84   -5.27  MgCO3:3H2O
  Picromerite      -5.76    -10.33   -4.57  MgSO4:K2SO4:6H2O
  Sylvite          -2.87     -2.08    0.80  KCl
  Tachyhydrite    -24.18     -6.71   17.48  CaCl2:(MgCl2)2:12H2O
  Thenardite       -2.57     -2.87   -0.30  Na2SO4
  Trona            -8.57     -9.69   -1.12  Na3H(CO3)2:2H2O
  Vaterite         -0.72     -8.56   -7.84  CaCO3

**For a gas, SI = log10(fugacity). Fugacity = pressure * phi / 1 atm.
  For ideal gases, phi = 1.

------------------
End of simulation.
------------------

------------------------------------
Reading input data for simulation 2.
------------------------------------

-------------------------------
End of Run after 1.446 Seconds.
-------------------------------

