   Input file: C:\Users\Kagiso\PHREEQC-Python\C3_Ca_plus10pct_FREZ_eq_+007p0.pqi
  Output file: C:\Users\Kagiso\PHREEQC-Python\C3_Ca_plus10pct_FREZ_eq_+007p0.out
Database file: C:\Program Files\USGS\phreeqc-3.8.6-17100-x64\database\frezchem.dat

------------------
Reading data base.
------------------

	PITZER
	SOLUTION_MASTER_SPECIES
	SOLUTION_SPECIES
	PHASES
	PITZER
	EXCHANGE_MASTER_SPECIES
	EXCHANGE_SPECIES
	SURFACE_MASTER_SPECIES
	SURFACE_SPECIES
	END
------------------------------------
Reading input data for simulation 1.
------------------------------------

	TITLE C3_Ca_plus10pct FREZCHEM sequential FC at 7.00 C
	SOLUTION 1
	    temp 7.00000000
	    pH 6.9385000000
	    units mol/kgw
	    water 1.000000000000
	    Na 9.39140000000000e-01
	    K 2.16210000000000e-02
	    Mg 1.16340000000000e-01
	    Ca 2.65090000000000e-02
	    Cl 1.14600000000000e+00
	    S(6) 5.96640000000000e-02
	    C(4) 3.91420000000000e-03
	EQUILIBRIUM_PHASES 1
	    Ice(s)       0.0 0.0
	    Mirabilite   0.0 0.0
	    Halite       0.0 0.0
	    Hydrohalite  0.0 0.0
	    Calcite      0.0 0.0
	    Gypsum       0.0 0.0
	SELECTED_OUTPUT 1
	    file C:/Users/Kagiso/PHREEQC-Python/C3_Ca_plus10pct_FREZ_eq_+007p0.txt
	    reset false
	    user_punch true
	USER_PUNCH 1
	    headings Temp_C pH Water_kg Alk_eq_kgw Mu aw Na_mol K_mol Mg_mol Ca_mol Cl_mol S6_mol C4_mol Na_m K_m Mg_m Ca_m Cl_m S6_m C4_m Na_act Cl_act SO4_act SI_Ice SI_Mirabilite SI_Halite SI_Hydrohalite SI_Calcite SI_Gypsum Ice_mol Mirabilite_mol Halite_mol Hydrohalite_mol Calcite_mol Gypsum_mol Iterations
	    10 PUNCH TC, -LA("H+"), TOT("water"), ALK, MU, ACT("H2O")
	    20 PUNCH TOTMOLE("Na"), TOTMOLE("K"), TOTMOLE("Mg"), TOTMOLE("Ca")
	    30 PUNCH TOTMOLE("Cl"), TOTMOLE("S(6)"), TOTMOLE("C(4)")
	    40 PUNCH TOT("Na"), TOT("K"), TOT("Mg"), TOT("Ca")
	    50 PUNCH TOT("Cl"), TOT("S(6)"), TOT("C(4)")
	    60 PUNCH ACT("Na+"), ACT("Cl-"), ACT("SO4-2")
	    70 PUNCH SI("Ice(s)"), SI("Mirabilite"), SI("Halite"), SI("Hydrohalite"), SI("Calcite"), SI("Gypsum")
	    80 PUNCH EQUI("Ice(s)"), EQUI("Mirabilite"), EQUI("Halite"), EQUI("Hydrohalite"), EQUI("Calcite"), EQUI("Gypsum")
	    90 PUNCH ITERATIONS
	END
-----
TITLE
-----

 C3_Ca_plus10pct FREZCHEM sequential FC at 7.00 C

-------------------------------------------
Beginning of initial solution calculations.
-------------------------------------------

Initial solution 1.	

-----------------------------Solution composition------------------------------

	Elements           Molality       Moles

	C(4)              3.914e-03   3.914e-03
	Ca                2.651e-02   2.651e-02
	Cl                1.146e+00   1.146e+00
	K                 2.162e-02   2.162e-02
	Mg                1.163e-01   1.163e-01
	Na                9.391e-01   9.391e-01
	S(6)              5.966e-02   5.966e-02

----------------------------Description of solution----------------------------

                                       pH  =   6.939    
                                       pe  =   4.000    
      Specific Conductance (µS/cm,   7°C)  = 55201
                          Density (g/cm³)  =   1.05336
                               Volume (L)  =   1.01857
                        Activity of water  =   0.962
                 Ionic strength (mol/kgw)  =   1.460e+00
                       Mass of water (kg)  =   1.000e+00
                 Total alkalinity (eq/kg)  =   3.444e-03
                       Total CO2 (mol/kg)  =   3.914e-03
                         Temperature (°C)  =   7.00
                  Electrical balance (eq)  =  -2.231e-02
 Percent error, 100*(Cat-|An|)/(Cat+|An|)  =  -0.89
                               Iterations  =  13
                         Gamma iterations  =   4
                      Osmotic coefficient  =   0.92155
                         Density of water  =   0.99990
                                  Total H  = 1.110220e+02
                                  Total O  = 5.575921e+01

----------------------------Distribution of species----------------------------

                                                    Unscaled  Unscaled
                                Unscaled       Log       Log       Log    mole V
   Species          Molality    Activity  Molality  Activity     Gamma   cm³/mol

   H+              1.398e-07   1.152e-07    -6.854    -6.939    -0.084      0.00
   OH-             5.814e-08   1.886e-08    -7.235    -7.724    -0.489     -2.77
   H2O             5.551e+01   9.623e-01     1.744    -0.017     0.000     18.02
C(4)          3.914e-03
   HCO3-           3.414e-03   1.703e-03    -2.467    -2.769    -0.302     26.92
   CO2             4.853e-04   6.359e-04    -3.314    -3.197     0.117     34.86
   CO3-2           7.596e-06   4.393e-07    -5.119    -6.357    -1.238     -1.23
   MgCO3           7.083e-06   7.083e-06    -5.150    -5.150     0.000    -17.07
   CaCO3           1.869e-12   1.869e-12   -11.728   -11.728     0.000     (0)  
Ca            2.651e-02
   Ca+2            2.651e-02   4.838e-03    -1.577    -2.315    -0.739    -17.07
   CaCO3           1.869e-12   1.869e-12   -11.728   -11.728     0.000     (0)  
Cl            1.146e+00
   Cl-             1.146e+00   7.860e-01     0.059    -0.105    -0.164     18.16
K             2.162e-02
   K+              2.162e-02   1.158e-02    -1.665    -1.936    -0.271      9.44
Mg            1.163e-01
   Mg+2            1.163e-01   2.443e-02    -0.934    -1.612    -0.678    -19.47
   MgCO3           7.083e-06   7.083e-06    -5.150    -5.150     0.000    -17.07
   MgOH+           6.986e-08   5.948e-08    -7.156    -7.226    -0.070     (0)  
Na            9.391e-01
   Na+             9.391e-01   5.605e-01    -0.027    -0.251    -0.224     -1.04
S(6)          5.966e-02
   SO4-2           5.966e-02   3.838e-03    -1.224    -2.416    -1.192     17.36

------------------------------Saturation indices-------------------------------

  Phase               SI** log IAP   log K(280 K,   1 atm)

  Anhydrite        -0.63     -4.73   -4.10  CaSO4
  Antarcticite     -6.03     -2.62    3.40  CaCl2:6H2O
  Aphthitalite    -13.40    -21.78   -8.38  Na2SO4:3K2SO4
  Aragonite        -0.43     -8.67   -8.24  CaCO3
  Arcanite         -4.22     -6.29   -2.07  K2SO4
  Bischofite       -6.65     -1.92    4.73  MgCl2:6H2O
  Bloedite         -4.58     -7.01   -2.44  Na2Mg(SO4)2:4H2O
  Calcite          -0.27     -8.67   -8.40  CaCO3
  Carnallite       -7.99     -3.96    4.03  KMgCl3:6H2O
  CO2(g)           -1.97     -3.20   -1.22  CO2
  Dolomite         -0.00    -16.64  -16.64  CaMg(CO3)2
  Epsomite         -2.03     -4.14   -2.11  MgSO4:7H2O
  Gypsum           -0.14     -4.76   -4.63  CaSO4:2H2O
  Halite           -1.88     -0.36    1.52  NaCl
  Hexahydrite      -2.45     -4.13   -1.68  MgSO4:6H2O
  Hydrohalite      -1.74     -0.39    1.35  NaCl:2H2O
  Hydromagnesite   -5.45    -41.02  -35.57  (MgCO3)3:Mg(OH)2:3H2O
  Ice(s)           -0.05     -0.02    0.03  H2O
  Ikaite           -1.75     -8.77   -7.02  CaCO3:6H2O
  Kalicinite       -4.64     -4.71   -0.07  KHCO3
  Kieserite        -4.31     -4.04    0.26  MgSO4:H2O
  Landsfordite     -2.85     -8.05   -5.20  MgCO3:5H2O
  Magnesite        -0.23     -7.97   -7.74  MgCO3
  Meridianite      -2.17     -4.21   -2.04  MgSO4:11H2O
  MgCl2:12H2O      -5.32     -2.02    3.30  MgCl2:12H2O
  MgCl2:8H2O       -5.91     -1.95    3.95  MgCl2:8H2O
  Mirabilite       -0.94     -3.09   -2.14  Na2SO4:10H2O
  Na2CO3:7H2O      -6.09     -6.98   -0.88  Na2CO3:7H2O
  Nahcolite        -2.39     -3.02   -0.63  NaHCO3
  Natron           -5.49     -7.03   -1.54  Na2CO3:10H2O
  Nesquehonite     -2.86     -8.02   -5.16  MgCO3:3H2O
  Picromerite      -5.61    -10.42   -4.81  MgSO4:K2SO4:6H2O
  Sylvite          -2.72     -2.04    0.68  KCl
  Tachyhydrite    -24.39     -6.37   18.02  CaCl2:(MgCl2)2:12H2O
  Thenardite       -2.62     -2.92   -0.30  Na2SO4
  Trona            -8.70     -9.91   -1.22  Na3H(CO3)2:2H2O
  Vaterite         -0.89     -8.67   -7.78  CaCO3

**For a gas, SI = log10(fugacity). Fugacity = pressure * phi / 1 atm.
  For ideal gases, phi = 1.

-----------------------------------------
Beginning of batch-reaction calculations.
-----------------------------------------

Reaction step 1.

Using solution 1.	
Using pure phase assemblage 1.	

-------------------------------Phase assemblage--------------------------------

                                                      Moles in assemblage
Phase               SI  log IAP  log K(T, P)   Initial       Final       Delta

Calcite          -0.27    -8.67     -8.40    0.000e+00           0   0.000e+00
Gypsum           -0.14    -4.76     -4.63    0.000e+00           0   0.000e+00
Halite           -1.88    -0.36      1.52    0.000e+00           0   0.000e+00
Hydrohalite      -1.74    -0.39      1.35    0.000e+00           0   0.000e+00
Ice(s)           -0.05    -0.02      0.03    0.000e+00           0   0.000e+00
Mirabilite       -0.94    -3.09     -2.14    0.000e+00           0   0.000e+00

-----------------------------Solution composition------------------------------

	Elements           Molality       Moles

	C                 3.914e-03   3.914e-03
	Ca                2.651e-02   2.651e-02
	Cl                1.146e+00   1.146e+00
	K                 2.162e-02   2.162e-02
	Mg                1.163e-01   1.163e-01
	Na                9.391e-01   9.391e-01
	S                 5.966e-02   5.966e-02

----------------------------Description of solution----------------------------

                                       pH  =   6.938      Charge balance
                                       pe  =   4.000      Adjusted to redox equilibrium
      Specific Conductance (µS/cm,   7°C)  = 55201
                          Density (g/cm³)  =   1.05336
                               Volume (L)  =   1.01857
                        Activity of water  =   0.962
                 Ionic strength (mol/kgw)  =   1.460e+00
                       Mass of water (kg)  =   1.000e+00
                 Total alkalinity (eq/kg)  =   3.444e-03
                       Total CO2 (mol/kg)  =   3.914e-03
                         Temperature (°C)  =   7.00
                  Electrical balance (eq)  =  -2.231e-02
 Percent error, 100*(Cat-|An|)/(Cat+|An|)  =  -0.89
                               Iterations  =   1
                         Gamma iterations  =   1
                      Osmotic coefficient  =   0.92155
                         Density of water  =   0.99990
                                  Total H  = 1.110220e+02
                                  Total O  = 5.575921e+01

----------------------------Distribution of species----------------------------

                                                    Unscaled  Unscaled
                                Unscaled       Log       Log       Log    mole V
   Species          Molality    Activity  Molality  Activity     Gamma   cm³/mol

   H+              1.398e-07   1.152e-07    -6.854    -6.938    -0.084      0.00
   OH-             5.814e-08   1.886e-08    -7.235    -7.724    -0.489     -2.77
   H2O             5.551e+01   9.623e-01     1.744    -0.017     0.000     18.02
C(4)          3.914e-03
   HCO3-           3.414e-03   1.703e-03    -2.467    -2.769    -0.302     26.92
   CO2             4.853e-04   6.359e-04    -3.314    -3.197     0.117     34.86
   CO3-2           7.596e-06   4.393e-07    -5.119    -6.357    -1.238     -1.23
   MgCO3           7.083e-06   7.083e-06    -5.150    -5.150     0.000    -17.07
   CaCO3           1.869e-12   1.869e-12   -11.728   -11.728     0.000     (0)  
Ca            2.651e-02
   Ca+2            2.651e-02   4.838e-03    -1.577    -2.315    -0.739    -17.07
   CaCO3           1.869e-12   1.869e-12   -11.728   -11.728     0.000     (0)  
Cl            1.146e+00
   Cl-             1.146e+00   7.860e-01     0.059    -0.105    -0.164     18.16
K             2.162e-02
   K+              2.162e-02   1.158e-02    -1.665    -1.936    -0.271      9.44
Mg            1.163e-01
   Mg+2            1.163e-01   2.443e-02    -0.934    -1.612    -0.678    -19.47
   MgCO3           7.083e-06   7.083e-06    -5.150    -5.150     0.000    -17.07
   MgOH+           6.986e-08   5.948e-08    -7.156    -7.226    -0.070     (0)  
Na            9.391e-01
   Na+             9.391e-01   5.605e-01    -0.027    -0.251    -0.224     -1.04
S(6)          5.966e-02
   SO4-2           5.966e-02   3.838e-03    -1.224    -2.416    -1.192     17.36

------------------------------Saturation indices-------------------------------

  Phase               SI** log IAP   log K(280 K,   1 atm)

  Anhydrite        -0.63     -4.73   -4.10  CaSO4
  Antarcticite     -6.03     -2.62    3.40  CaCl2:6H2O
  Aphthitalite    -13.40    -21.78   -8.38  Na2SO4:3K2SO4
  Aragonite        -0.43     -8.67   -8.24  CaCO3
  Arcanite         -4.22     -6.29   -2.07  K2SO4
  Bischofite       -6.65     -1.92    4.73  MgCl2:6H2O
  Bloedite         -4.58     -7.01   -2.44  Na2Mg(SO4)2:4H2O
  Calcite          -0.27     -8.67   -8.40  CaCO3
  Carnallite       -7.99     -3.96    4.03  KMgCl3:6H2O
  CO2(g)           -1.97     -3.20   -1.22  CO2
  Dolomite         -0.00    -16.64  -16.64  CaMg(CO3)2
  Epsomite         -2.03     -4.14   -2.11  MgSO4:7H2O
  Gypsum           -0.14     -4.76   -4.63  CaSO4:2H2O
  Halite           -1.88     -0.36    1.52  NaCl
  Hexahydrite      -2.45     -4.13   -1.68  MgSO4:6H2O
  Hydrohalite      -1.74     -0.39    1.35  NaCl:2H2O
  Hydromagnesite   -5.45    -41.02  -35.57  (MgCO3)3:Mg(OH)2:3H2O
  Ice(s)           -0.05     -0.02    0.03  H2O
  Ikaite           -1.75     -8.77   -7.02  CaCO3:6H2O
  Kalicinite       -4.64     -4.71   -0.07  KHCO3
  Kieserite        -4.31     -4.04    0.26  MgSO4:H2O
  Landsfordite     -2.85     -8.05   -5.20  MgCO3:5H2O
  Magnesite        -0.23     -7.97   -7.74  MgCO3
  Meridianite      -2.17     -4.21   -2.04  MgSO4:11H2O
  MgCl2:12H2O      -5.32     -2.02    3.30  MgCl2:12H2O
  MgCl2:8H2O       -5.91     -1.95    3.95  MgCl2:8H2O
  Mirabilite       -0.94     -3.09   -2.14  Na2SO4:10H2O
  Na2CO3:7H2O      -6.09     -6.98   -0.88  Na2CO3:7H2O
  Nahcolite        -2.39     -3.02   -0.63  NaHCO3
  Natron           -5.49     -7.03   -1.54  Na2CO3:10H2O
  Nesquehonite     -2.86     -8.02   -5.16  MgCO3:3H2O
  Picromerite      -5.61    -10.42   -4.81  MgSO4:K2SO4:6H2O
  Sylvite          -2.72     -2.04    0.68  KCl
  Tachyhydrite    -24.39     -6.37   18.02  CaCl2:(MgCl2)2:12H2O
  Thenardite       -2.62     -2.92   -0.30  Na2SO4
  Trona            -8.70     -9.91   -1.22  Na3H(CO3)2:2H2O
  Vaterite         -0.89     -8.67   -7.78  CaCO3

**For a gas, SI = log10(fugacity). Fugacity = pressure * phi / 1 atm.
  For ideal gases, phi = 1.

------------------
End of simulation.
------------------

------------------------------------
Reading input data for simulation 2.
------------------------------------

-------------------------------
End of Run after 1.387 Seconds.
-------------------------------

