   Input file: C:\Users\Kagiso\PHREEQC-Python\C3_Ca_minus10pct_FREZ_eq_-003p0.pqi
  Output file: C:\Users\Kagiso\PHREEQC-Python\C3_Ca_minus10pct_FREZ_eq_-003p0.out
Database file: C:\Program Files\USGS\phreeqc-3.8.6-17100-x64\database\frezchem.dat

------------------
Reading data base.
------------------

	PITZER
	SOLUTION_MASTER_SPECIES
	SOLUTION_SPECIES
	PHASES
	PITZER
	EXCHANGE_MASTER_SPECIES
	EXCHANGE_SPECIES
	SURFACE_MASTER_SPECIES
	SURFACE_SPECIES
	END
------------------------------------
Reading input data for simulation 1.
------------------------------------

	TITLE C3_Ca_minus10pct FREZCHEM sequential FC at -3.00 C
	SOLUTION 1
	    temp -3.00000000
	    pH 7.0102000000
	    units mol/kgw
	    water 1.000000000000
	    Na 9.38960000000000e-01
	    K 2.16170000000000e-02
	    Mg 1.16320000000000e-01
	    Ca 2.16650000000000e-02
	    Cl 1.14580000000000e+00
	    S(6) 5.96520000000000e-02
	    C(4) 3.96720000000000e-03
	EQUILIBRIUM_PHASES 1
	    Ice(s)       0.0 0.0
	    Mirabilite   0.0 0.0
	    Halite       0.0 0.0
	    Hydrohalite  0.0 0.0
	    Calcite      0.0 0.0
	    Gypsum       0.0 0.0
	SELECTED_OUTPUT 1
	    file C:/Users/Kagiso/PHREEQC-Python/C3_Ca_minus10pct_FREZ_eq_-003p0.txt
	    reset false
	    user_punch true
	USER_PUNCH 1
	    headings Temp_C pH Water_kg Alk_eq_kgw Mu aw Na_mol K_mol Mg_mol Ca_mol Cl_mol S6_mol C4_mol Na_m K_m Mg_m Ca_m Cl_m S6_m C4_m Na_act Cl_act SO4_act SI_Ice SI_Mirabilite SI_Halite SI_Hydrohalite SI_Calcite SI_Gypsum Ice_mol Mirabilite_mol Halite_mol Hydrohalite_mol Calcite_mol Gypsum_mol Iterations
	    10 PUNCH TC, -LA("H+"), TOT("water"), ALK, MU, ACT("H2O")
	    20 PUNCH TOTMOLE("Na"), TOTMOLE("K"), TOTMOLE("Mg"), TOTMOLE("Ca")
	    30 PUNCH TOTMOLE("Cl"), TOTMOLE("S(6)"), TOTMOLE("C(4)")
	    40 PUNCH TOT("Na"), TOT("K"), TOT("Mg"), TOT("Ca")
	    50 PUNCH TOT("Cl"), TOT("S(6)"), TOT("C(4)")
	    60 PUNCH ACT("Na+"), ACT("Cl-"), ACT("SO4-2")
	    70 PUNCH SI("Ice(s)"), SI("Mirabilite"), SI("Halite"), SI("Hydrohalite"), SI("Calcite"), SI("Gypsum")
	    80 PUNCH EQUI("Ice(s)"), EQUI("Mirabilite"), EQUI("Halite"), EQUI("Hydrohalite"), EQUI("Calcite"), EQUI("Gypsum")
	    90 PUNCH ITERATIONS
	END
-----
TITLE
-----

 C3_Ca_minus10pct FREZCHEM sequential FC at -3.00 C

-------------------------------------------
Beginning of initial solution calculations.
-------------------------------------------

Initial solution 1.	

-----------------------------Solution composition------------------------------

	Elements           Molality       Moles

	C(4)              3.967e-03   3.967e-03
	Ca                2.167e-02   2.167e-02
	Cl                1.146e+00   1.146e+00
	K                 2.162e-02   2.162e-02
	Mg                1.163e-01   1.163e-01
	Na                9.390e-01   9.390e-01
	S(6)              5.965e-02   5.965e-02

----------------------------Description of solution----------------------------

                                       pH  =   7.010    
                                       pe  =   4.000    
      Specific Conductance (µS/cm,  -3°C)  = 39711
                          Density (g/cm³)  =   1.05504
                               Volume (L)  =   1.01674
                        Activity of water  =   0.963
                 Ionic strength (mol/kgw)  =   1.450e+00
                       Mass of water (kg)  =   1.000e+00
                 Total alkalinity (eq/kg)  =   3.422e-03
                       Total CO2 (mol/kg)  =   3.967e-03
                         Temperature (°C)  =  -3.00
                  Electrical balance (eq)  =  -3.198e-02
 Percent error, 100*(Cat-|An|)/(Cat+|An|)  =  -1.28
                               Iterations  =  13
                         Gamma iterations  =   4
                      Osmotic coefficient  =   0.90873
                         Density of water  =   0.99955
                                  Total H  = 1.110220e+02
                                  Total O  = 5.575925e+01

----------------------------Distribution of species----------------------------

                                                    Unscaled  Unscaled
                                Unscaled       Log       Log       Log    mole V
   Species          Molality    Activity  Molality  Activity     Gamma   cm³/mol

   H+              1.157e-07   9.768e-08    -6.937    -7.010    -0.073      0.00
   OH-             2.826e-08   8.387e-09    -7.549    -8.076    -0.528     -4.21
   H2O             5.551e+01   9.629e-01     1.744    -0.016     0.000     18.02
C(4)          3.967e-03
   HCO3-           3.400e-03   1.707e-03    -2.469    -2.768    -0.299     25.50
   CO2             5.565e-04   7.231e-04    -3.255    -3.141     0.114     40.22
   CO3-2           6.275e-06   3.676e-07    -5.202    -6.435    -1.232     -4.27
   MgCO3           4.869e-06   4.869e-06    -5.313    -5.313     0.000    -17.04
   CaCO3           1.271e-12   1.271e-12   -11.896   -11.896     0.000     (0)  
Ca            2.167e-02
   Ca+2            2.167e-02   4.096e-03    -1.664    -2.388    -0.723    -18.00
   CaCO3           1.271e-12   1.271e-12   -11.896   -11.896     0.000     (0)  
Cl            1.146e+00
   Cl-             1.146e+00   7.625e-01     0.059    -0.118    -0.177     17.12
K             2.162e-02
   K+              2.162e-02   1.145e-02    -1.665    -1.941    -0.276      8.86
Mg            1.163e-01
   Mg+2            1.163e-01   2.285e-02    -0.934    -1.641    -0.707    -19.21
   MgCO3           4.869e-06   4.869e-06    -5.313    -5.313     0.000    -17.04
   MgOH+           2.698e-08   2.355e-08    -7.569    -7.628    -0.059     (0)  
Na            9.390e-01
   Na+             9.390e-01   5.487e-01    -0.027    -0.261    -0.233     -1.95
S(6)          5.965e-02
   SO4-2           5.965e-02   3.652e-03    -1.224    -2.437    -1.213     13.98

------------------------------Saturation indices-------------------------------

  Phase               SI** log IAP   log K(270 K,   1 atm)

  Anhydrite        -0.78     -4.83   -4.05  CaSO4
  Antarcticite     -5.94     -2.72    3.21  CaCl2:6H2O
  Aphthitalite    -12.87    -21.92   -9.05  Na2SO4:3K2SO4
  Aragonite        -0.61     -8.82   -8.21  CaCO3
  Arcanite         -4.07     -6.32   -2.25  K2SO4
  Bischofite       -6.73     -1.98    4.75  MgCl2:6H2O
  Bloedite         -4.63     -7.10   -2.47  Na2Mg(SO4)2:4H2O
  Calcite          -0.45     -8.82   -8.38  CaCO3
  Carnallite       -7.86     -4.03    3.83  KMgCl3:6H2O
  CO2(g)           -2.09     -3.14   -1.05  CO2
  Dolomite         -0.53    -16.90  -16.37  CaMg(CO3)2
  Epsomite         -1.94     -4.19   -2.25  MgSO4:7H2O
  Gypsum           -0.18     -4.86   -4.68  CaSO4:2H2O
  Halite           -1.86     -0.38    1.48  NaCl
  Hexahydrite      -2.47     -4.18   -1.71  MgSO4:6H2O
  Hydrohalite      -1.62     -0.41    1.21  NaCl:2H2O
  Hydromagnesite   -7.24    -42.07  -34.83  (MgCO3)3:Mg(OH)2:3H2O
  Ice(s)           -0.00     -0.02   -0.01  H2O
  Ikaite           -1.64     -8.92   -7.28  CaCO3:6H2O
  Kalicinite       -4.50     -4.71   -0.21  KHCO3
  Kieserite        -4.78     -4.10    0.69  MgSO4:H2O
  Landsfordite     -3.00     -8.16   -5.16  MgCO3:5H2O
  Magnesite        -0.51     -8.08   -7.56  MgCO3
  Meridianite      -1.81     -4.26   -2.45  MgSO4:11H2O
  MgCl2:12H2O      -4.74     -2.07    2.67  MgCl2:12H2O
  MgCl2:8H2O       -5.81     -2.01    3.80  MgCl2:8H2O
  Mirabilite       -0.45     -3.12   -2.67  Na2SO4:10H2O
  Na2CO3:7H2O      -5.94     -7.07   -1.13  Na2CO3:7H2O
  Nahcolite        -2.27     -3.03   -0.76  NaHCO3
  Natron           -5.21     -7.12   -1.91  Na2CO3:10H2O
  Nesquehonite     -3.14     -8.12   -4.98  MgCO3:3H2O
  Picromerite      -5.36    -10.50   -5.14  MgSO4:K2SO4:6H2O
  Sylvite          -2.59     -2.06    0.53  KCl
  Tachyhydrite    -25.20     -6.57   18.62  CaCl2:(MgCl2)2:12H2O
  Thenardite       -2.65     -2.96   -0.31  Na2SO4
  Trona            -8.69    -10.02   -1.33  Na3H(CO3)2:2H2O
  Vaterite         -1.10     -8.82   -7.73  CaCO3

**For a gas, SI = log10(fugacity). Fugacity = pressure * phi / 1 atm.
  For ideal gases, phi = 1.

-----------------------------------------
Beginning of batch-reaction calculations.
-----------------------------------------

Reaction step 1.

Using solution 1.	
Using pure phase assemblage 1.	

-------------------------------Phase assemblage--------------------------------

                                                      Moles in assemblage
Phase               SI  log IAP  log K(T, P)   Initial       Final       Delta

Calcite          -0.45    -8.82     -8.38    0.000e+00           0   0.000e+00
Gypsum           -0.18    -4.86     -4.68    0.000e+00           0   0.000e+00
Halite           -1.86    -0.38      1.48    0.000e+00           0   0.000e+00
Hydrohalite      -1.62    -0.41      1.21    0.000e+00           0   0.000e+00
Ice(s)           -0.00    -0.02     -0.01    0.000e+00           0   0.000e+00
Mirabilite       -0.45    -3.12     -2.67    0.000e+00           0   0.000e+00

-----------------------------Solution composition------------------------------

	Elements           Molality       Moles

	C                 3.967e-03   3.967e-03
	Ca                2.167e-02   2.167e-02
	Cl                1.146e+00   1.146e+00
	K                 2.162e-02   2.162e-02
	Mg                1.163e-01   1.163e-01
	Na                9.390e-01   9.390e-01
	S                 5.965e-02   5.965e-02

----------------------------Description of solution----------------------------

                                       pH  =   7.010      Charge balance
                                       pe  =   4.000      Adjusted to redox equilibrium
      Specific Conductance (µS/cm,  -3°C)  = 39711
                          Density (g/cm³)  =   1.05504
                               Volume (L)  =   1.01674
                        Activity of water  =   0.963
                 Ionic strength (mol/kgw)  =   1.450e+00
                       Mass of water (kg)  =   1.000e+00
                 Total alkalinity (eq/kg)  =   3.422e-03
                       Total CO2 (mol/kg)  =   3.967e-03
                         Temperature (°C)  =  -3.00
                  Electrical balance (eq)  =  -3.198e-02
 Percent error, 100*(Cat-|An|)/(Cat+|An|)  =  -1.28
                               Iterations  =   1
                         Gamma iterations  =   1
                      Osmotic coefficient  =   0.90873
                         Density of water  =   0.99955
                                  Total H  = 1.110220e+02
                                  Total O  = 5.575925e+01

----------------------------Distribution of species----------------------------

                                                    Unscaled  Unscaled
                                Unscaled       Log       Log       Log    mole V
   Species          Molality    Activity  Molality  Activity     Gamma   cm³/mol

   H+              1.157e-07   9.768e-08    -6.937    -7.010    -0.073      0.00
   OH-             2.826e-08   8.387e-09    -7.549    -8.076    -0.528     -4.21
   H2O             5.551e+01   9.629e-01     1.744    -0.016     0.000     18.02
C(4)          3.967e-03
   HCO3-           3.400e-03   1.707e-03    -2.469    -2.768    -0.299     25.50
   CO2             5.565e-04   7.231e-04    -3.255    -3.141     0.114     40.22
   CO3-2           6.275e-06   3.676e-07    -5.202    -6.435    -1.232     -4.27
   MgCO3           4.869e-06   4.869e-06    -5.313    -5.313     0.000    -17.04
   CaCO3           1.271e-12   1.271e-12   -11.896   -11.896     0.000     (0)  
Ca            2.167e-02
   Ca+2            2.167e-02   4.096e-03    -1.664    -2.388    -0.723    -18.00
   CaCO3           1.271e-12   1.271e-12   -11.896   -11.896     0.000     (0)  
Cl            1.146e+00
   Cl-             1.146e+00   7.625e-01     0.059    -0.118    -0.177     17.12
K             2.162e-02
   K+              2.162e-02   1.145e-02    -1.665    -1.941    -0.276      8.86
Mg            1.163e-01
   Mg+2            1.163e-01   2.285e-02    -0.934    -1.641    -0.707    -19.21
   MgCO3           4.869e-06   4.869e-06    -5.313    -5.313     0.000    -17.04
   MgOH+           2.698e-08   2.355e-08    -7.569    -7.628    -0.059     (0)  
Na            9.390e-01
   Na+             9.390e-01   5.487e-01    -0.027    -0.261    -0.233     -1.95
S(6)          5.965e-02
   SO4-2           5.965e-02   3.652e-03    -1.224    -2.437    -1.213     13.98

------------------------------Saturation indices-------------------------------

  Phase               SI** log IAP   log K(270 K,   1 atm)

  Anhydrite        -0.78     -4.83   -4.05  CaSO4
  Antarcticite     -5.94     -2.72    3.21  CaCl2:6H2O
  Aphthitalite    -12.87    -21.92   -9.05  Na2SO4:3K2SO4
  Aragonite        -0.61     -8.82   -8.21  CaCO3
  Arcanite         -4.07     -6.32   -2.25  K2SO4
  Bischofite       -6.73     -1.98    4.75  MgCl2:6H2O
  Bloedite         -4.63     -7.10   -2.47  Na2Mg(SO4)2:4H2O
  Calcite          -0.45     -8.82   -8.38  CaCO3
  Carnallite       -7.86     -4.03    3.83  KMgCl3:6H2O
  CO2(g)           -2.09     -3.14   -1.05  CO2
  Dolomite         -0.53    -16.90  -16.37  CaMg(CO3)2
  Epsomite         -1.94     -4.19   -2.25  MgSO4:7H2O
  Gypsum           -0.18     -4.86   -4.68  CaSO4:2H2O
  Halite           -1.86     -0.38    1.48  NaCl
  Hexahydrite      -2.47     -4.18   -1.71  MgSO4:6H2O
  Hydrohalite      -1.62     -0.41    1.21  NaCl:2H2O
  Hydromagnesite   -7.24    -42.07  -34.83  (MgCO3)3:Mg(OH)2:3H2O
  Ice(s)           -0.00     -0.02   -0.01  H2O
  Ikaite           -1.64     -8.92   -7.28  CaCO3:6H2O
  Kalicinite       -4.50     -4.71   -0.21  KHCO3
  Kieserite        -4.78     -4.10    0.69  MgSO4:H2O
  Landsfordite     -3.00     -8.16   -5.16  MgCO3:5H2O
  Magnesite        -0.51     -8.08   -7.56  MgCO3
  Meridianite      -1.81     -4.26   -2.45  MgSO4:11H2O
  MgCl2:12H2O      -4.74     -2.07    2.67  MgCl2:12H2O
  MgCl2:8H2O       -5.81     -2.01    3.80  MgCl2:8H2O
  Mirabilite       -0.45     -3.12   -2.67  Na2SO4:10H2O
  Na2CO3:7H2O      -5.94     -7.07   -1.13  Na2CO3:7H2O
  Nahcolite        -2.27     -3.03   -0.76  NaHCO3
  Natron           -5.21     -7.12   -1.91  Na2CO3:10H2O
  Nesquehonite     -3.14     -8.12   -4.98  MgCO3:3H2O
  Picromerite      -5.36    -10.50   -5.14  MgSO4:K2SO4:6H2O
  Sylvite          -2.59     -2.06    0.53  KCl
  Tachyhydrite    -25.20     -6.57   18.62  CaCl2:(MgCl2)2:12H2O
  Thenardite       -2.65     -2.96   -0.31  Na2SO4
  Trona            -8.69    -10.02   -1.33  Na3H(CO3)2:2H2O
  Vaterite         -1.10     -8.82   -7.73  CaCO3

**For a gas, SI = log10(fugacity). Fugacity = pressure * phi / 1 atm.
  For ideal gases, phi = 1.

------------------
End of simulation.
------------------

------------------------------------
Reading input data for simulation 2.
------------------------------------

-------------------------------
End of Run after 1.342 Seconds.
-------------------------------

