   Input file: C:\Users\Kagiso\PHREEQC-Python\C3_Cl_minus10pct_FREZ_eq_+018p0.pqi
  Output file: C:\Users\Kagiso\PHREEQC-Python\C3_Cl_minus10pct_FREZ_eq_+018p0.out
Database file: C:\Program Files\USGS\phreeqc-3.8.6-17100-x64\database\frezchem.dat

------------------
Reading data base.
------------------

	PITZER
	SOLUTION_MASTER_SPECIES
	SOLUTION_SPECIES
	PHASES
	PITZER
	EXCHANGE_MASTER_SPECIES
	EXCHANGE_SPECIES
	SURFACE_MASTER_SPECIES
	SURFACE_SPECIES
	END
------------------------------------
Reading input data for simulation 1.
------------------------------------

	TITLE C3_Cl_minus10pct FREZCHEM sequential FC at 18.00 C
	SOLUTION 1
	    temp 18.00000000
	    pH 7.0050000000
	    units mol/kgw
	    water 1.000000000000
	    Na 9.35250000000000e-01
	    K 2.15320000000000e-02
	    Mg 1.15860000000000e-01
	    Ca 2.40190000000000e-02
	    Cl 1.02710000000000e+00
	    S(6) 5.94160000000000e-02
	    C(4) 3.96930000000000e-03
	EQUILIBRIUM_PHASES 1
	    Ice(s)       0.0 0.0
	    Mirabilite   0.0 0.0
	    Halite       0.0 0.0
	    Hydrohalite  0.0 0.0
	    Calcite      0.0 0.0
	    Gypsum       0.0 0.0
	SELECTED_OUTPUT 1
	    file C:/Users/Kagiso/PHREEQC-Python/C3_Cl_minus10pct_FREZ_eq_+018p0.txt
	    reset false
	    user_punch true
	USER_PUNCH 1
	    headings Temp_C pH Water_kg Alk_eq_kgw Mu aw Na_mol K_mol Mg_mol Ca_mol Cl_mol S6_mol C4_mol Na_m K_m Mg_m Ca_m Cl_m S6_m C4_m Na_act Cl_act SO4_act SI_Ice SI_Mirabilite SI_Halite SI_Hydrohalite SI_Calcite SI_Gypsum Ice_mol Mirabilite_mol Halite_mol Hydrohalite_mol Calcite_mol Gypsum_mol Iterations
	    10 PUNCH TC, -LA("H+"), TOT("water"), ALK, MU, ACT("H2O")
	    20 PUNCH TOTMOLE("Na"), TOTMOLE("K"), TOTMOLE("Mg"), TOTMOLE("Ca")
	    30 PUNCH TOTMOLE("Cl"), TOTMOLE("S(6)"), TOTMOLE("C(4)")
	    40 PUNCH TOT("Na"), TOT("K"), TOT("Mg"), TOT("Ca")
	    50 PUNCH TOT("Cl"), TOT("S(6)"), TOT("C(4)")
	    60 PUNCH ACT("Na+"), ACT("Cl-"), ACT("SO4-2")
	    70 PUNCH SI("Ice(s)"), SI("Mirabilite"), SI("Halite"), SI("Hydrohalite"), SI("Calcite"), SI("Gypsum")
	    80 PUNCH EQUI("Ice(s)"), EQUI("Mirabilite"), EQUI("Halite"), EQUI("Hydrohalite"), EQUI("Calcite"), EQUI("Gypsum")
	    90 PUNCH ITERATIONS
	END
-----
TITLE
-----

 C3_Cl_minus10pct FREZCHEM sequential FC at 18.00 C

-------------------------------------------
Beginning of initial solution calculations.
-------------------------------------------

Initial solution 1.	

-----------------------------Solution composition------------------------------

	Elements           Molality       Moles

	C(4)              3.969e-03   3.969e-03
	Ca                2.402e-02   2.402e-02
	Cl                1.027e+00   1.027e+00
	K                 2.153e-02   2.153e-02
	Mg                1.159e-01   1.159e-01
	Na                9.352e-01   9.352e-01
	S(6)              5.942e-02   5.942e-02

----------------------------Description of solution----------------------------

                                       pH  =   7.005    
                                       pe  =   4.000    
      Specific Conductance (µS/cm,  18°C)  = 70436
                          Density (g/cm³)  =   1.04842
                               Volume (L)  =   1.01913
                        Activity of water  =   0.964
                 Ionic strength (mol/kgw)  =   1.392e+00
                       Mass of water (kg)  =   1.000e+00
                 Total alkalinity (eq/kg)  =   3.637e-03
                       Total CO2 (mol/kg)  =   3.969e-03
                         Temperature (°C)  =  18.00
                  Electrical balance (eq)  =   8.697e-02
 Percent error, 100*(Cat-|An|)/(Cat+|An|)  =   3.64
                               Iterations  =  13
                         Gamma iterations  =   4
                      Osmotic coefficient  =   0.92463
                         Density of water  =   0.99859
                                  Total H  = 1.110222e+02
                                  Total O  = 5.575851e+01

----------------------------Distribution of species----------------------------

                                                    Unscaled  Unscaled
                                Unscaled       Log       Log       Log    mole V
   Species          Molality    Activity  Molality  Activity     Gamma   cm³/mol

   OH-             1.582e-07   5.710e-08    -6.801    -7.243    -0.442     -1.91
   H+              1.279e-07   9.886e-08    -6.893    -7.005    -0.112      0.00
   H2O             5.551e+01   9.642e-01     1.744    -0.016     0.000     18.04
C(4)          3.969e-03
   HCO3-           3.587e-03   1.815e-03    -2.445    -2.741    -0.296     27.72
   CO2             3.574e-04   4.630e-04    -3.447    -3.334     0.112     30.94
   MgCO3           1.311e-05   1.311e-05    -4.883    -4.883     0.000    -17.08
   CO3-2           1.181e-05   7.380e-07    -4.928    -6.132    -1.204      0.57
   CaCO3           2.282e-12   2.282e-12   -11.642   -11.642     0.000     (0)  
Ca            2.402e-02
   Ca+2            2.402e-02   3.881e-03    -1.619    -2.411    -0.792    -16.49
   CaCO3           2.282e-12   2.282e-12   -11.642   -11.642     0.000     (0)  
Cl            1.027e+00
   Cl-             1.027e+00   7.281e-01     0.012    -0.138    -0.149     18.82
K             2.153e-02
   K+              2.153e-02   1.158e-02    -1.667    -1.936    -0.269      9.83
Mg            1.159e-01
   Mg+2            1.158e-01   2.315e-02    -0.936    -1.635    -0.699    -19.77
   MgCO3           1.311e-05   1.311e-05    -4.883    -4.883     0.000    -17.08
   MgOH+           2.319e-07   1.874e-07    -6.635    -6.727    -0.093     (0)  
Na            9.352e-01
   Na+             9.352e-01   5.598e-01    -0.029    -0.252    -0.223     -0.42
S(6)          5.942e-02
   SO4-2           5.942e-02   4.400e-03    -1.226    -2.356    -1.130     19.32

------------------------------Saturation indices-------------------------------

  Phase               SI** log IAP   log K(291 K,   1 atm)

  Anhydrite        -0.58     -4.77   -4.19  CaSO4
  Antarcticite     -6.42     -2.78    3.64  CaCl2:6H2O
  Aphthitalite    -13.89    -21.55   -7.65  Na2SO4:3K2SO4
  Aragonite        -0.25     -8.54   -8.29  CaCO3
  Arcanite         -4.34     -6.23   -1.89  K2SO4
  Bischofite       -6.68     -2.01    4.68  MgCl2:6H2O
  Bloedite         -4.52     -6.92   -2.40  Na2Mg(SO4)2:4H2O
  Calcite          -0.10     -8.54   -8.44  CaCO3
  Carnallite       -8.28     -4.08    4.20  KMgCl3:6H2O
  CO2(g)           -1.95     -3.33   -1.38  CO2
  Dolomite          0.61    -16.31  -16.92  CaMg(CO3)2
  Epsomite         -2.13     -4.10   -1.97  MgSO4:7H2O
  Gypsum           -0.20     -4.80   -4.60  CaSO4:2H2O
  Halite           -1.95     -0.39    1.56  NaCl
  Hexahydrite      -2.44     -4.09   -1.65  MgSO4:6H2O
  Hydrohalite      -1.89     -0.42    1.47  NaCl:2H2O
  Hydromagnesite   -3.15    -39.47  -36.32  (MgCO3)3:Mg(OH)2:3H2O
  Ice(s)           -0.09     -0.02    0.07  H2O
  Ikaite           -1.89     -8.64   -6.75  CaCO3:6H2O
  Kalicinite       -4.77     -4.68    0.09  KHCO3
  Kieserite        -3.94     -4.01   -0.07  MgSO4:H2O
  Landsfordite     -2.72     -7.85   -5.13  MgCO3:5H2O
  Magnesite         0.15     -7.77   -7.92  MgCO3
  Meridianite      -2.57     -4.17   -1.59  MgSO4:11H2O
  MgCl2:12H2O      -6.21     -2.10    4.11  MgCl2:12H2O
  MgCl2:8H2O       -6.13     -2.04    4.09  MgCl2:8H2O
  Mirabilite       -1.45     -3.02   -1.57  Na2SO4:10H2O
  Na2CO3:7H2O      -6.14     -6.75   -0.61  Na2CO3:7H2O
  Nahcolite        -2.51     -2.99   -0.48  NaHCO3
  Natron           -5.70     -6.79   -1.10  Na2CO3:10H2O
  Nesquehonite     -2.53     -7.81   -5.28  MgCO3:3H2O
  Picromerite      -5.79    -10.32   -4.52  MgSO4:K2SO4:6H2O
  Sylvite          -2.89     -2.07    0.82  KCl
  Tachyhydrite    -24.05     -6.70   17.36  CaCl2:(MgCl2)2:12H2O
  Thenardite       -2.57     -2.86   -0.29  Na2SO4
  Trona            -8.57     -9.66   -1.10  Na3H(CO3)2:2H2O
  Vaterite         -0.68     -8.54   -7.86  CaCO3

**For a gas, SI = log10(fugacity). Fugacity = pressure * phi / 1 atm.
  For ideal gases, phi = 1.

-----------------------------------------
Beginning of batch-reaction calculations.
-----------------------------------------

Reaction step 1.

Using solution 1.	
Using pure phase assemblage 1.	

-------------------------------Phase assemblage--------------------------------

                                                      Moles in assemblage
Phase               SI  log IAP  log K(T, P)   Initial       Final       Delta

Calcite          -0.10    -8.54     -8.44    0.000e+00           0   0.000e+00
Gypsum           -0.20    -4.80     -4.60    0.000e+00           0   0.000e+00
Halite           -1.95    -0.39      1.56    0.000e+00           0   0.000e+00
Hydrohalite      -1.89    -0.42      1.47    0.000e+00           0   0.000e+00
Ice(s)           -0.09    -0.02      0.07    0.000e+00           0   0.000e+00
Mirabilite       -1.45    -3.02     -1.57    0.000e+00           0   0.000e+00

-----------------------------Solution composition------------------------------

	Elements           Molality       Moles

	C                 3.969e-03   3.969e-03
	Ca                2.402e-02   2.402e-02
	Cl                1.027e+00   1.027e+00
	K                 2.153e-02   2.153e-02
	Mg                1.159e-01   1.159e-01
	Na                9.352e-01   9.352e-01
	S                 5.942e-02   5.942e-02

----------------------------Description of solution----------------------------

                                       pH  =   7.005      Charge balance
                                       pe  =   4.000      Adjusted to redox equilibrium
      Specific Conductance (µS/cm,  18°C)  = 70436
                          Density (g/cm³)  =   1.04842
                               Volume (L)  =   1.01913
                        Activity of water  =   0.964
                 Ionic strength (mol/kgw)  =   1.392e+00
                       Mass of water (kg)  =   1.000e+00
                 Total alkalinity (eq/kg)  =   3.637e-03
                       Total CO2 (mol/kg)  =   3.969e-03
                         Temperature (°C)  =  18.00
                  Electrical balance (eq)  =   8.697e-02
 Percent error, 100*(Cat-|An|)/(Cat+|An|)  =   3.64
                               Iterations  =   1
                         Gamma iterations  =   1
                      Osmotic coefficient  =   0.92463
                         Density of water  =   0.99859
                                  Total H  = 1.110222e+02
                                  Total O  = 5.575851e+01

----------------------------Distribution of species----------------------------

                                                    Unscaled  Unscaled
                                Unscaled       Log       Log       Log    mole V
   Species          Molality    Activity  Molality  Activity     Gamma   cm³/mol

   OH-             1.582e-07   5.710e-08    -6.801    -7.243    -0.442     -1.91
   H+              1.279e-07   9.886e-08    -6.893    -7.005    -0.112      0.00
   H2O             5.551e+01   9.642e-01     1.744    -0.016     0.000     18.04
C(4)          3.969e-03
   HCO3-           3.587e-03   1.815e-03    -2.445    -2.741    -0.296     27.72
   CO2             3.574e-04   4.630e-04    -3.447    -3.334     0.112     30.94
   MgCO3           1.311e-05   1.311e-05    -4.883    -4.883     0.000    -17.08
   CO3-2           1.181e-05   7.380e-07    -4.928    -6.132    -1.204      0.57
   CaCO3           2.282e-12   2.282e-12   -11.642   -11.642     0.000     (0)  
Ca            2.402e-02
   Ca+2            2.402e-02   3.881e-03    -1.619    -2.411    -0.792    -16.49
   CaCO3           2.282e-12   2.282e-12   -11.642   -11.642     0.000     (0)  
Cl            1.027e+00
   Cl-             1.027e+00   7.281e-01     0.012    -0.138    -0.149     18.82
K             2.153e-02
   K+              2.153e-02   1.158e-02    -1.667    -1.936    -0.269      9.83
Mg            1.159e-01
   Mg+2            1.158e-01   2.315e-02    -0.936    -1.635    -0.699    -19.77
   MgCO3           1.311e-05   1.311e-05    -4.883    -4.883     0.000    -17.08
   MgOH+           2.319e-07   1.874e-07    -6.635    -6.727    -0.093     (0)  
Na            9.352e-01
   Na+             9.352e-01   5.598e-01    -0.029    -0.252    -0.223     -0.42
S(6)          5.942e-02
   SO4-2           5.942e-02   4.400e-03    -1.226    -2.356    -1.130     19.32

------------------------------Saturation indices-------------------------------

  Phase               SI** log IAP   log K(291 K,   1 atm)

  Anhydrite        -0.58     -4.77   -4.19  CaSO4
  Antarcticite     -6.42     -2.78    3.64  CaCl2:6H2O
  Aphthitalite    -13.89    -21.55   -7.65  Na2SO4:3K2SO4
  Aragonite        -0.25     -8.54   -8.29  CaCO3
  Arcanite         -4.34     -6.23   -1.89  K2SO4
  Bischofite       -6.68     -2.01    4.68  MgCl2:6H2O
  Bloedite         -4.52     -6.92   -2.40  Na2Mg(SO4)2:4H2O
  Calcite          -0.10     -8.54   -8.44  CaCO3
  Carnallite       -8.28     -4.08    4.20  KMgCl3:6H2O
  CO2(g)           -1.95     -3.33   -1.38  CO2
  Dolomite          0.61    -16.31  -16.92  CaMg(CO3)2
  Epsomite         -2.13     -4.10   -1.97  MgSO4:7H2O
  Gypsum           -0.20     -4.80   -4.60  CaSO4:2H2O
  Halite           -1.95     -0.39    1.56  NaCl
  Hexahydrite      -2.44     -4.09   -1.65  MgSO4:6H2O
  Hydrohalite      -1.89     -0.42    1.47  NaCl:2H2O
  Hydromagnesite   -3.15    -39.47  -36.32  (MgCO3)3:Mg(OH)2:3H2O
  Ice(s)           -0.09     -0.02    0.07  H2O
  Ikaite           -1.89     -8.64   -6.75  CaCO3:6H2O
  Kalicinite       -4.77     -4.68    0.09  KHCO3
  Kieserite        -3.94     -4.01   -0.07  MgSO4:H2O
  Landsfordite     -2.72     -7.85   -5.13  MgCO3:5H2O
  Magnesite         0.15     -7.77   -7.92  MgCO3
  Meridianite      -2.57     -4.17   -1.59  MgSO4:11H2O
  MgCl2:12H2O      -6.21     -2.10    4.11  MgCl2:12H2O
  MgCl2:8H2O       -6.13     -2.04    4.09  MgCl2:8H2O
  Mirabilite       -1.45     -3.02   -1.57  Na2SO4:10H2O
  Na2CO3:7H2O      -6.14     -6.75   -0.61  Na2CO3:7H2O
  Nahcolite        -2.51     -2.99   -0.48  NaHCO3
  Natron           -5.70     -6.79   -1.10  Na2CO3:10H2O
  Nesquehonite     -2.53     -7.81   -5.28  MgCO3:3H2O
  Picromerite      -5.79    -10.32   -4.52  MgSO4:K2SO4:6H2O
  Sylvite          -2.89     -2.07    0.82  KCl
  Tachyhydrite    -24.05     -6.70   17.36  CaCl2:(MgCl2)2:12H2O
  Thenardite       -2.57     -2.86   -0.29  Na2SO4
  Trona            -8.57     -9.66   -1.10  Na3H(CO3)2:2H2O
  Vaterite         -0.68     -8.54   -7.86  CaCO3

**For a gas, SI = log10(fugacity). Fugacity = pressure * phi / 1 atm.
  For ideal gases, phi = 1.

------------------
End of simulation.
------------------

------------------------------------
Reading input data for simulation 2.
------------------------------------

-------------------------------
End of Run after 1.352 Seconds.
-------------------------------

