   Input file: C:\Users\Kagiso\PHREEQC-Python\C3_Ca_plus10pct_FREZ_pre_+024p0.pqi
  Output file: C:\Users\Kagiso\PHREEQC-Python\C3_Ca_plus10pct_FREZ_pre_+024p0.out
Database file: C:\Program Files\USGS\phreeqc-3.8.6-17100-x64\database\frezchem.dat

------------------
Reading data base.
------------------

	PITZER
	SOLUTION_MASTER_SPECIES
	SOLUTION_SPECIES
	PHASES
	PITZER
	EXCHANGE_MASTER_SPECIES
	EXCHANGE_SPECIES
	SURFACE_MASTER_SPECIES
	SURFACE_SPECIES
	END
------------------------------------
Reading input data for simulation 1.
------------------------------------

	TITLE C3_Ca_plus10pct FREZCHEM sequential FC at 24.00 C
	SOLUTION 1
	    temp 24.00000000
	    pH 6.9385000000
	    units mol/kgw
	    water 1.000000000000
	    Na 9.39140000000000e-01
	    K 2.16210000000000e-02
	    Mg 1.16340000000000e-01
	    Ca 2.65090000000000e-02
	    Cl 1.14600000000000e+00
	    S(6) 5.96640000000000e-02
	    C(4) 3.91420000000000e-03
	SELECTED_OUTPUT 1
	    file C:/Users/Kagiso/PHREEQC-Python/C3_Ca_plus10pct_FREZ_pre_+024p0.txt
	    reset false
	    user_punch true
	USER_PUNCH 1
	    headings Temp_C pH Water_kg Alk_eq_kgw Mu aw Na_mol K_mol Mg_mol Ca_mol Cl_mol S6_mol C4_mol Na_m K_m Mg_m Ca_m Cl_m S6_m C4_m Na_act Cl_act SO4_act SI_Ice SI_Mirabilite SI_Halite SI_Hydrohalite SI_Calcite SI_Gypsum Iterations
	    10 PUNCH TC, -LA("H+"), TOT("water"), ALK, MU, ACT("H2O")
	    20 PUNCH TOTMOLE("Na"), TOTMOLE("K"), TOTMOLE("Mg"), TOTMOLE("Ca")
	    30 PUNCH TOTMOLE("Cl"), TOTMOLE("S(6)"), TOTMOLE("C(4)")
	    40 PUNCH TOT("Na"), TOT("K"), TOT("Mg"), TOT("Ca")
	    50 PUNCH TOT("Cl"), TOT("S(6)"), TOT("C(4)")
	    60 PUNCH ACT("Na+"), ACT("Cl-"), ACT("SO4-2")
	    70 PUNCH SI("Ice(s)"), SI("Mirabilite"), SI("Halite"), SI("Hydrohalite"), SI("Calcite"), SI("Gypsum")
	    80 PUNCH ITERATIONS
	END
-----
TITLE
-----

 C3_Ca_plus10pct FREZCHEM sequential FC at 24.00 C

-------------------------------------------
Beginning of initial solution calculations.
-------------------------------------------

Initial solution 1.	

-----------------------------Solution composition------------------------------

	Elements           Molality       Moles

	C(4)              3.914e-03   3.914e-03
	Ca                2.651e-02   2.651e-02
	Cl                1.146e+00   1.146e+00
	K                 2.162e-02   2.162e-02
	Mg                1.163e-01   1.163e-01
	Na                9.391e-01   9.391e-01
	S(6)              5.966e-02   5.966e-02

----------------------------Description of solution----------------------------

                                       pH  =   6.939    
                                       pe  =   4.000    
      Specific Conductance (µS/cm,  24°C)  = 85322
                          Density (g/cm³)  =   1.04853
                               Volume (L)  =   1.02326
                        Activity of water  =   0.962
                 Ionic strength (mol/kgw)  =   1.460e+00
                       Mass of water (kg)  =   1.000e+00
                 Total alkalinity (eq/kg)  =   3.569e-03
                       Total CO2 (mol/kg)  =   3.914e-03
                         Temperature (°C)  =  24.00
                  Electrical balance (eq)  =  -2.244e-02
 Percent error, 100*(Cat-|An|)/(Cat+|An|)  =  -0.89
                               Iterations  =  12
                         Gamma iterations  =   4
                      Osmotic coefficient  =   0.93530
                         Density of water  =   0.99729
                                  Total H  = 1.110221e+02
                                  Total O  = 5.575932e+01

----------------------------Distribution of species----------------------------

                                                    Unscaled  Unscaled
                                Unscaled       Log       Log       Log    mole V
   Species          Molality    Activity  Molality  Activity     Gamma   cm³/mol

   OH-             2.170e-07   7.832e-08    -6.664    -7.106    -0.442     -1.46
   H+              1.448e-07   1.152e-07    -6.839    -6.939    -0.099      0.00
   H2O             5.551e+01   9.618e-01     1.744    -0.017     0.000     18.06
C(4)          3.914e-03
   HCO3-           3.512e-03   1.773e-03    -2.454    -2.751    -0.297     28.22
   CO2             3.737e-04   4.835e-04    -3.427    -3.316     0.112     29.33
   MgCO3           1.543e-05   1.543e-05    -4.812    -4.812     0.000    -17.09
   CO3-2           1.276e-05   7.070e-07    -4.894    -6.151    -1.256      1.42
   CaCO3           2.339e-12   2.339e-12   -11.631   -11.631     0.000     (0)  
Ca            2.651e-02
   Ca+2            2.651e-02   4.598e-03    -1.577    -2.337    -0.761    -16.24
   CaCO3           2.339e-12   2.339e-12   -11.631   -11.631     0.000     (0)  
Cl            1.146e+00
   Cl-             1.146e+00   8.044e-01     0.059    -0.095    -0.154     19.09
K             2.162e-02
   K+              2.162e-02   1.168e-02    -1.665    -1.933    -0.268     10.05
Mg            1.163e-01
   Mg+2            1.163e-01   2.613e-02    -0.934    -1.583    -0.649    -19.88
   MgCO3           1.543e-05   1.543e-05    -4.812    -4.812     0.000    -17.09
   MgOH+           3.756e-07   3.101e-07    -6.425    -6.509    -0.083     (0)  
Na            9.391e-01
   Na+             9.391e-01   5.737e-01    -0.027    -0.241    -0.214     -0.12
S(6)          5.966e-02
   SO4-2           5.966e-02   4.220e-03    -1.224    -2.375    -1.150     20.18

------------------------------Saturation indices-------------------------------

  Phase               SI** log IAP   log K(297 K,   1 atm)

  Anhydrite        -0.46     -4.71   -4.25  CaSO4
  Antarcticite     -6.39     -2.63    3.77  CaCl2:6H2O
  Aphthitalite    -14.32    -21.58   -7.25  Na2SO4:3K2SO4
  Aragonite        -0.16     -8.49   -8.33  CaCO3
  Arcanite         -4.45     -6.24   -1.79  K2SO4
  Bischofite       -6.51     -1.87    4.64  MgCl2:6H2O
  Bloedite         -4.51     -6.88   -2.38  Na2Mg(SO4)2:4H2O
  Calcite          -0.01     -8.49   -8.47  CaCO3
  Carnallite       -8.18     -3.90    4.28  KMgCl3:6H2O
  CO2(g)           -1.86     -3.32   -1.46  CO2
  Dolomite          0.84    -16.22  -17.06  CaMg(CO3)2
  Epsomite         -2.18     -4.08   -1.89  MgSO4:7H2O
  Gypsum           -0.15     -4.75   -4.60  CaSO4:2H2O
  Halite           -1.91     -0.34    1.57  NaCl
  Hexahydrite      -2.43     -4.06   -1.63  MgSO4:6H2O
  Hydrohalite      -1.89     -0.37    1.52  NaCl:2H2O
  Hydromagnesite   -2.34    -39.05  -36.71  (MgCO3)3:Mg(OH)2:3H2O
  Ice(s)           -0.11     -0.02    0.10  H2O
  Ikaite           -1.98     -8.59   -6.61  CaCO3:6H2O
  Kalicinite       -4.86     -4.68    0.18  KHCO3
  Kieserite        -3.79     -3.97   -0.19  MgSO4:H2O
  Landsfordite     -2.74     -7.82   -5.08  MgCO3:5H2O
  Magnesite         0.28     -7.73   -8.01  MgCO3
  Meridianite      -2.79     -4.14   -1.35  MgSO4:11H2O
  MgCl2:12H2O      -6.56     -1.98    4.59  MgCl2:12H2O
  MgCl2:8H2O       -6.06     -1.91    4.16  MgCl2:8H2O
  Mirabilite       -1.76     -3.03   -1.27  Na2SO4:10H2O
  Na2CO3:7H2O      -6.29     -6.75   -0.46  Na2CO3:7H2O
  Nahcolite        -2.58     -2.99   -0.41  NaHCO3
  Natron           -5.96     -6.80   -0.85  Na2CO3:10H2O
  Nesquehonite     -2.47     -7.78   -5.31  MgCO3:3H2O
  Picromerite      -5.90    -10.30   -4.40  MgSO4:K2SO4:6H2O
  Sylvite          -2.91     -2.03    0.89  KCl
  Tachyhydrite    -23.27     -6.27   16.99  CaCl2:(MgCl2)2:12H2O
  Thenardite       -2.57     -2.86   -0.29  Na2SO4
  Trona            -8.63     -9.66   -1.03  Na3H(CO3)2:2H2O
  Vaterite         -0.58     -8.49   -7.91  CaCO3

**For a gas, SI = log10(fugacity). Fugacity = pressure * phi / 1 atm.
  For ideal gases, phi = 1.

------------------
End of simulation.
------------------

------------------------------------
Reading input data for simulation 2.
------------------------------------

------------------------------
End of Run after 1.27 Seconds.
------------------------------

