   Input file: C:\Users\Kagiso\PHREEQC-Python\C3_Ca_minus10pct_FREZ_eq_-021p0.pqi
  Output file: C:\Users\Kagiso\PHREEQC-Python\C3_Ca_minus10pct_FREZ_eq_-021p0.out
Database file: C:\Program Files\USGS\phreeqc-3.8.6-17100-x64\database\frezchem.dat

------------------
Reading data base.
------------------

	PITZER
	SOLUTION_MASTER_SPECIES
	SOLUTION_SPECIES
	PHASES
	PITZER
	EXCHANGE_MASTER_SPECIES
	EXCHANGE_SPECIES
	SURFACE_MASTER_SPECIES
	SURFACE_SPECIES
	END
------------------------------------
Reading input data for simulation 1.
------------------------------------

	TITLE C3_Ca_minus10pct FREZCHEM sequential FC at -21.00 C
	SOLUTION 1
	    temp -21.00000000
	    pH 6.3770000000
	    units mol/kgw
	    water 0.239200000000
	    Na 3.50518394648829e+00
	    K 9.03720735785953e-02
	    Mg 4.86287625418060e-01
	    Ca 7.53135451505017e-02
	    Cl 4.79013377926421e+00
	    S(6) 2.52002508361204e-02
	    C(4) 1.54142976588629e-02
	EQUILIBRIUM_PHASES 1
	    Ice(s)       0.0 0.0
	    Mirabilite   0.0 0.0
	    Halite       0.0 0.0
	    Hydrohalite  0.0 0.0
	    Calcite      0.0 0.0
	    Gypsum       0.0 0.0
	SELECTED_OUTPUT 1
	    file C:/Users/Kagiso/PHREEQC-Python/C3_Ca_minus10pct_FREZ_eq_-021p0.txt
	    reset false
	    user_punch true
	USER_PUNCH 1
	    headings Temp_C pH Water_kg Alk_eq_kgw Mu aw Na_mol K_mol Mg_mol Ca_mol Cl_mol S6_mol C4_mol Na_m K_m Mg_m Ca_m Cl_m S6_m C4_m Na_act Cl_act SO4_act SI_Ice SI_Mirabilite SI_Halite SI_Hydrohalite SI_Calcite SI_Gypsum Ice_mol Mirabilite_mol Halite_mol Hydrohalite_mol Calcite_mol Gypsum_mol Iterations
	    10 PUNCH TC, -LA("H+"), TOT("water"), ALK, MU, ACT("H2O")
	    20 PUNCH TOTMOLE("Na"), TOTMOLE("K"), TOTMOLE("Mg"), TOTMOLE("Ca")
	    30 PUNCH TOTMOLE("Cl"), TOTMOLE("S(6)"), TOTMOLE("C(4)")
	    40 PUNCH TOT("Na"), TOT("K"), TOT("Mg"), TOT("Ca")
	    50 PUNCH TOT("Cl"), TOT("S(6)"), TOT("C(4)")
	    60 PUNCH ACT("Na+"), ACT("Cl-"), ACT("SO4-2")
	    70 PUNCH SI("Ice(s)"), SI("Mirabilite"), SI("Halite"), SI("Hydrohalite"), SI("Calcite"), SI("Gypsum")
	    80 PUNCH EQUI("Ice(s)"), EQUI("Mirabilite"), EQUI("Halite"), EQUI("Hydrohalite"), EQUI("Calcite"), EQUI("Gypsum")
	    90 PUNCH ITERATIONS
	END
-----
TITLE
-----

 C3_Ca_minus10pct FREZCHEM sequential FC at -21.00 C

-------------------------------------------
Beginning of initial solution calculations.
-------------------------------------------

Initial solution 1.	

-----------------------------Solution composition------------------------------

	Elements           Molality       Moles

	C(4)              1.541e-02   3.687e-03
	Ca                7.531e-02   1.802e-02
	Cl                4.790e+00   1.146e+00
	K                 9.037e-02   2.162e-02
	Mg                4.863e-01   1.163e-01
	Na                3.505e+00   8.384e-01
	S(6)              2.520e-02   6.028e-03

----------------------------Description of solution----------------------------

                                       pH  =   6.377    
                                       pe  =   4.000    
      Specific Conductance (µS/cm, -21°C)  = 40179
                          Density (g/cm³)  =   1.19541
                               Volume (L)  =   0.25453
                        Activity of water  =   0.824
                 Ionic strength (mol/kgw)  =   5.371e+00
                       Mass of water (kg)  =   2.392e-01
                 Total alkalinity (eq/kg)  =   9.404e-03
                       Total CO2 (mol/kg)  =   1.541e-02
                         Temperature (°C)  = -21.00
                  Electrical balance (eq)  =  -3.138e-02
 Percent error, 100*(Cat-|An|)/(Cat+|An|)  =  -1.37
                               Iterations  =  17
                         Gamma iterations  =   5
                      Osmotic coefficient  =   1.19855
                         Density of water  =   0.99294
                                  Total H  = 2.655789e+01
                                  Total O  = 1.331155e+01

----------------------------Distribution of species----------------------------

                                                    Unscaled  Unscaled
                                Unscaled       Log       Log       Log    mole V
   Species          Molality    Activity  Molality  Activity     Gamma   cm³/mol

   H+              1.080e-07   4.198e-07    -6.967    -6.377     0.590      0.00
   OH-             8.656e-09   2.118e-10    -8.063    -9.674    -1.611     -5.15
   H2O             5.551e+01   8.236e-01     1.744    -0.084     0.000     18.14
C(4)          1.541e-02
   HCO3-           9.361e-03   3.370e-03    -2.029    -2.472    -0.444     39.36
   CO2             6.032e-03   1.590e-02    -2.220    -1.798     0.421     61.12
   MgCO3           1.490e-05   1.490e-05    -4.827    -4.827     0.000    -16.93
   CO3-2           6.587e-06   7.357e-08    -5.181    -7.133    -1.952      0.34
   CaCO3           2.009e-12   2.009e-12   -11.697   -11.697     0.000     (0)  
Ca            7.531e-02
   Ca+2            7.531e-02   5.438e-02    -1.123    -1.265    -0.141    -25.23
   CaCO3           2.009e-12   2.009e-12   -11.697   -11.697     0.000     (0)  
Cl            4.790e+00
   Cl-             4.790e+00   4.119e+00     0.680     0.615    -0.066     15.44
K             9.037e-02
   K+              9.037e-02   3.301e-02    -1.044    -1.481    -0.437     11.60
Mg            4.863e-01
   Mg+2            4.863e-01   4.318e-01    -0.313    -0.365    -0.052    -19.17
   MgCO3           1.490e-05   1.490e-05    -4.827    -4.827     0.000    -16.93
   MgOH+           2.045e-08   1.140e-08    -7.689    -7.943    -0.254     (0)  
Na            3.505e+00
   Na+             3.505e+00   2.136e+00     0.545     0.330    -0.215     -2.19
S(6)          2.520e-02
   SO4-2           2.520e-02   3.832e-04    -1.599    -3.417    -1.818      6.46

------------------------------Saturation indices-------------------------------

  Phase               SI** log IAP   log K(252 K,   1 atm)

  Anhydrite        -0.65     -4.68   -4.03  CaSO4
  Antarcticite     -3.48     -0.54    2.94  CaCl2:6H2O
  Aphthitalite    -11.66    -21.90  -10.24  Na2SO4:3K2SO4
  Aragonite        -0.22     -8.40   -8.18  CaCO3
  Arcanite         -3.76     -6.38   -2.62  K2SO4
  Bischofite       -4.33      0.36    4.69  MgCl2:6H2O
  Bloedite         -4.34     -6.88   -2.54  Na2Mg(SO4)2:4H2O
  Calcite          -0.03     -8.40   -8.37  CaCO3
  Carnallite       -3.84     -0.51    3.34  KMgCl3:6H2O
  CO2(g)           -1.13     -1.80   -0.67  CO2
  Dolomite         -0.07    -15.90  -15.82  CaMg(CO3)2
  Epsomite         -1.83     -4.37   -2.54  MgSO4:7H2O
  Gypsum            0.01     -4.85   -4.86  CaSO4:2H2O
  Halite           -0.42      0.94    1.37  NaCl
  Hexahydrite      -2.52     -4.29   -1.76  MgSO4:6H2O
  Hydrohalite      -0.13      0.78    0.91  NaCl:2H2O
  Hydromagnesite   -9.11    -42.46  -33.35  (MgCO3)3:Mg(OH)2:3H2O
  Ice(s)            0.00     -0.08   -0.09  H2O
  Ikaite           -1.09     -8.90   -7.82  CaCO3:6H2O
  Kalicinite       -3.51     -3.95   -0.45  KHCO3
  Kieserite        -5.61     -3.87    1.75  MgSO4:H2O
  Landsfordite     -3.42     -7.92   -4.50  MgCO3:5H2O
  Magnesite        -0.29     -7.50   -7.21  MgCO3
  Meridianite      -1.53     -4.71   -3.18  MgSO4:11H2O
  MgCl2:12H2O      -1.96     -0.15    1.81  MgCl2:12H2O
  MgCl2:8H2O       -3.22      0.19    3.42  MgCl2:8H2O
  Mirabilite        0.04     -3.60   -3.64  Na2SO4:10H2O
  Na2CO3:7H2O      -5.48     -7.06   -1.58  Na2CO3:7H2O
  Nahcolite        -1.22     -2.14   -0.93  NaHCO3
  Natron           -4.79     -7.32   -2.53  Na2CO3:10H2O
  Nesquehonite     -3.26     -7.75   -4.49  MgCO3:3H2O
  Picromerite      -4.78    -10.67   -5.89  MgSO4:K2SO4:6H2O
  Sylvite          -1.07     -0.87    0.21  KCl
  Tachyhydrite    -19.02      0.68   19.71  CaCl2:(MgCl2)2:12H2O
  Thenardite       -2.43     -2.76   -0.33  Na2SO4
  Trona            -7.26     -8.79   -1.53  Na3H(CO3)2:2H2O
  Vaterite         -0.74     -8.40   -7.65  CaCO3

**For a gas, SI = log10(fugacity). Fugacity = pressure * phi / 1 atm.
  For ideal gases, phi = 1.

-----------------------------------------
Beginning of batch-reaction calculations.
-----------------------------------------

Reaction step 1.

WARNING: Maximum iterations exceeded, 200

WARNING: Numerical method failed with this set of convergence parameters.

WARNING: Trying smaller step size, pe step size 10, 5 ... 

WARNING: Maximum iterations exceeded, 400

WARNING: Numerical method failed with this set of convergence parameters.

WARNING: Trying reduced tolerance 1e-16 ...

WARNING: Maximum iterations exceeded, 400

WARNING: Numerical method failed with this set of convergence parameters.

WARNING: Trying increased tolerance 1e-14 ...

WARNING: Maximum iterations exceeded, 400

WARNING: Numerical method failed with this set of convergence parameters.

WARNING: Trying diagonal scaling ...

Using solution 1.	
Using pure phase assemblage 1.	

-------------------------------Phase assemblage--------------------------------

                                                      Moles in assemblage
Phase               SI  log IAP  log K(T, P)   Initial       Final       Delta

Calcite          -0.02    -8.38     -8.37    0.000e+00           0   0.000e+00
Gypsum            0.00    -4.86     -4.86    0.000e+00   4.684e-04   4.684e-04
Halite           -0.37     0.99      1.37    0.000e+00           0   0.000e+00
Hydrohalite      -0.09     0.82      0.91    0.000e+00           0   0.000e+00
Ice(s)            0.00    -0.09     -0.09    0.000e+00   4.618e-01   4.618e-01
Mirabilite        0.00    -3.64     -3.64    0.000e+00   1.262e-04   1.262e-04

-----------------------------Solution composition------------------------------

	Elements           Molality       Moles

	C                 1.597e-02   3.687e-03
	Ca                7.601e-02   1.755e-02
	Cl                4.964e+00   1.146e+00
	K                 9.364e-02   2.162e-02
	Mg                5.039e-01   1.163e-01
	Na                3.631e+00   8.382e-01
	S                 2.354e-02   5.433e-03

----------------------------Description of solution----------------------------

                                       pH  =   6.348      Charge balance
                                       pe  =   4.000      Adjusted to redox equilibrium
      Specific Conductance (µS/cm, -21°C)  = 40827
                          Density (g/cm³)  =   1.20081
                               Volume (L)  =   0.24636
                        Activity of water  =   0.815
                 Ionic strength (mol/kgw)  =   5.556e+00
                       Mass of water (kg)  =   2.308e-01
                 Total alkalinity (eq/kg)  =   9.745e-03
                       Total CO2 (mol/kg)  =   1.597e-02
                         Temperature (°C)  = -21.00
                  Electrical balance (eq)  =  -3.138e-02
 Percent error, 100*(Cat-|An|)/(Cat+|An|)  =  -1.37
                               Iterations  =   7 (1411 overall)
                         Gamma iterations  =   1
                      Osmotic coefficient  =   1.21873
                         Density of water  =   0.99294
                                  Total H  = 2.562988e+01
                                  Total O  = 1.284517e+01

----------------------------Distribution of species----------------------------

                                                    Unscaled  Unscaled
                                Unscaled       Log       Log       Log    mole V
   Species          Molality    Activity  Molality  Activity     Gamma   cm³/mol

   H+              1.070e-07   4.485e-07    -6.970    -6.348     0.622      0.00
   OH-             8.850e-09   1.962e-10    -8.053    -9.707    -1.654     -4.93
   H2O             5.551e+01   8.152e-01     1.744    -0.089     0.000     18.14
C(4)          1.597e-02
   HCO3-           9.699e-03   3.402e-03    -2.013    -2.468    -0.455     40.28
   CO2             6.251e-03   1.733e-02    -2.204    -1.761     0.443     61.12
   MgCO3           1.633e-05   1.633e-05    -4.787    -4.787     0.000    -16.93
   CO3-2           6.472e-06   6.951e-08    -5.189    -7.158    -1.969      1.13
   CaCO3           2.088e-12   2.088e-12   -11.680   -11.680     0.000     (0)  
Ca            7.601e-02
   Ca+2            7.601e-02   5.984e-02    -1.119    -1.223    -0.104    -25.40
   CaCO3           2.088e-12   2.088e-12   -11.680   -11.680     0.000     (0)  
Cl            4.964e+00
   Cl-             4.964e+00   4.379e+00     0.696     0.641    -0.054     15.55
K             9.364e-02
   K+              9.364e-02   3.380e-02    -1.029    -1.471    -0.443     11.83
Mg            5.039e-01
   Mg+2            5.039e-01   5.010e-01    -0.298    -0.300    -0.002    -19.20
   MgCO3           1.633e-05   1.633e-05    -4.787    -4.787     0.000    -16.93
   MgOH+           2.257e-08   1.225e-08    -7.646    -7.912    -0.265     (0)  
Na            3.631e+00
   Na+             3.631e+00   2.254e+00     0.560     0.353    -0.207     -2.07
S(6)          2.354e-02
   SO4-2           2.354e-02   3.490e-04    -1.628    -3.457    -1.829      6.71

------------------------------Saturation indices-------------------------------

  Phase               SI** log IAP   log K(252 K,   1 atm)

  Anhydrite        -0.65     -4.68   -4.03  CaSO4
  Antarcticite     -3.42     -0.47    2.94  CaCl2:6H2O
  Aphthitalite    -11.71    -21.95  -10.24  Na2SO4:3K2SO4
  Aragonite        -0.20     -8.38   -8.18  CaCO3
  Arcanite         -3.78     -6.40   -2.62  K2SO4
  Bischofite       -4.24      0.45    4.69  MgCl2:6H2O
  Bloedite         -4.33     -6.86   -2.54  Na2Mg(SO4)2:4H2O
  Calcite          -0.02     -8.38   -8.37  CaCO3
  Carnallite       -3.71     -0.38    3.34  KMgCl3:6H2O
  CO2(g)           -1.09     -1.76   -0.67  CO2
  Dolomite         -0.02    -15.84  -15.82  CaMg(CO3)2
  Epsomite         -1.84     -4.38   -2.54  MgSO4:7H2O
  Gypsum            0.00     -4.86   -4.86  CaSO4:2H2O
  Halite           -0.37      0.99    1.37  NaCl
  Hexahydrite      -2.53     -4.29   -1.76  MgSO4:6H2O
  Hydrohalite      -0.09      0.82    0.91  NaCl:2H2O
  Hydromagnesite   -9.00    -42.36  -33.35  (MgCO3)3:Mg(OH)2:3H2O
  Ice(s)            0.00     -0.09   -0.09  H2O
  Ikaite           -1.10     -8.91   -7.82  CaCO3:6H2O
  Kalicinite       -3.49     -3.94   -0.45  KHCO3
  Kieserite        -5.59     -3.85    1.75  MgSO4:H2O
  Landsfordite     -3.41     -7.90   -4.50  MgCO3:5H2O
  Magnesite        -0.25     -7.46   -7.21  MgCO3
  Meridianite      -1.56     -4.73   -3.18  MgSO4:11H2O
  MgCl2:12H2O      -1.90     -0.08    1.81  MgCl2:12H2O
  MgCl2:8H2O       -3.14      0.27    3.42  MgCl2:8H2O
  Mirabilite        0.00     -3.64   -3.64  Na2SO4:10H2O
  Na2CO3:7H2O      -5.49     -7.07   -1.58  Na2CO3:7H2O
  Nahcolite        -1.19     -2.12   -0.93  NaHCO3
  Natron           -4.81     -7.34   -2.53  Na2CO3:10H2O
  Nesquehonite     -3.23     -7.72   -4.49  MgCO3:3H2O
  Picromerite      -4.80    -10.69   -5.89  MgSO4:K2SO4:6H2O
  Sylvite          -1.04     -0.83    0.21  KCl
  Tachyhydrite    -18.75      0.96   19.71  CaCl2:(MgCl2)2:12H2O
  Thenardite       -2.42     -2.75   -0.33  Na2SO4
  Trona            -7.22     -8.75   -1.53  Na3H(CO3)2:2H2O
  Vaterite         -0.73     -8.38   -7.65  CaCO3

**For a gas, SI = log10(fugacity). Fugacity = pressure * phi / 1 atm.
  For ideal gases, phi = 1.

------------------
End of simulation.
------------------

------------------------------------
Reading input data for simulation 2.
------------------------------------

-------------------------------
End of Run after 1.547 Seconds.
-------------------------------

