   Input file: C:\Users\Kagiso\PHREEQC-Python\C3_Ca_minus10pct_FREZ_pre_+015p0.pqi
  Output file: C:\Users\Kagiso\PHREEQC-Python\C3_Ca_minus10pct_FREZ_pre_+015p0.out
Database file: C:\Program Files\USGS\phreeqc-3.8.6-17100-x64\database\frezchem.dat

------------------
Reading data base.
------------------

	PITZER
	SOLUTION_MASTER_SPECIES
	SOLUTION_SPECIES
	PHASES
	PITZER
	EXCHANGE_MASTER_SPECIES
	EXCHANGE_SPECIES
	SURFACE_MASTER_SPECIES
	SURFACE_SPECIES
	END
------------------------------------
Reading input data for simulation 1.
------------------------------------

	TITLE C3_Ca_minus10pct FREZCHEM sequential FC at 15.00 C
	SOLUTION 1
	    temp 15.00000000
	    pH 7.0102000000
	    units mol/kgw
	    water 1.000000000000
	    Na 9.38960000000000e-01
	    K 2.16170000000000e-02
	    Mg 1.16320000000000e-01
	    Ca 2.16650000000000e-02
	    Cl 1.14580000000000e+00
	    S(6) 5.96520000000000e-02
	    C(4) 3.96720000000000e-03
	SELECTED_OUTPUT 1
	    file C:/Users/Kagiso/PHREEQC-Python/C3_Ca_minus10pct_FREZ_pre_+015p0.txt
	    reset false
	    user_punch true
	USER_PUNCH 1
	    headings Temp_C pH Water_kg Alk_eq_kgw Mu aw Na_mol K_mol Mg_mol Ca_mol Cl_mol S6_mol C4_mol Na_m K_m Mg_m Ca_m Cl_m S6_m C4_m Na_act Cl_act SO4_act SI_Ice SI_Mirabilite SI_Halite SI_Hydrohalite SI_Calcite SI_Gypsum Iterations
	    10 PUNCH TC, -LA("H+"), TOT("water"), ALK, MU, ACT("H2O")
	    20 PUNCH TOTMOLE("Na"), TOTMOLE("K"), TOTMOLE("Mg"), TOTMOLE("Ca")
	    30 PUNCH TOTMOLE("Cl"), TOTMOLE("S(6)"), TOTMOLE("C(4)")
	    40 PUNCH TOT("Na"), TOT("K"), TOT("Mg"), TOT("Ca")
	    50 PUNCH TOT("Cl"), TOT("S(6)"), TOT("C(4)")
	    60 PUNCH ACT("Na+"), ACT("Cl-"), ACT("SO4-2")
	    70 PUNCH SI("Ice(s)"), SI("Mirabilite"), SI("Halite"), SI("Hydrohalite"), SI("Calcite"), SI("Gypsum")
	    80 PUNCH ITERATIONS
	END
-----
TITLE
-----

 C3_Ca_minus10pct FREZCHEM sequential FC at 15.00 C

-------------------------------------------
Beginning of initial solution calculations.
-------------------------------------------

Initial solution 1.	

-----------------------------Solution composition------------------------------

	Elements           Molality       Moles

	C(4)              3.967e-03   3.967e-03
	Ca                2.166e-02   2.166e-02
	Cl                1.146e+00   1.146e+00
	K                 2.162e-02   2.162e-02
	Mg                1.163e-01   1.163e-01
	Na                9.390e-01   9.390e-01
	S(6)              5.965e-02   5.965e-02

----------------------------Description of solution----------------------------

                                       pH  =   7.010    
                                       pe  =   4.000    
      Specific Conductance (µS/cm,  15°C)  = 68791
                          Density (g/cm³)  =   1.05105
                               Volume (L)  =   1.02061
                        Activity of water  =   0.962
                 Ionic strength (mol/kgw)  =   1.450e+00
                       Mass of water (kg)  =   1.000e+00
                 Total alkalinity (eq/kg)  =   3.628e-03
                       Total CO2 (mol/kg)  =   3.967e-03
                         Temperature (°C)  =  15.00
                  Electrical balance (eq)  =  -3.218e-02
 Percent error, 100*(Cat-|An|)/(Cat+|An|)  =  -1.28
                               Iterations  =  13
                         Gamma iterations  =   4
                      Osmotic coefficient  =   0.92889
                         Density of water  =   0.99910
                                  Total H  = 1.110222e+02
                                  Total O  = 5.575944e+01

----------------------------Distribution of species----------------------------

                                                    Unscaled  Unscaled
                                Unscaled       Log       Log       Log    mole V
   Species          Molality    Activity  Molality  Activity     Gamma   cm³/mol

   OH-             1.302e-07   4.500e-08    -6.885    -7.347    -0.462     -2.04
   H+              1.203e-07   9.768e-08    -6.920    -7.010    -0.090      0.00
   H2O             5.551e+01   9.621e-01     1.744    -0.017     0.000     18.03
C(4)          3.967e-03
   HCO3-           3.578e-03   1.788e-03    -2.446    -2.748    -0.301     27.63
   CO2             3.644e-04   4.760e-04    -3.438    -3.322     0.116     31.86
   MgCO3           1.292e-05   1.292e-05    -4.889    -4.889     0.000    -17.08
   CO3-2           1.186e-05   6.824e-07    -4.926    -6.166    -1.240      0.27
   CaCO3           2.210e-12   2.210e-12   -11.656   -11.656     0.000     (0)  
Ca            2.166e-02
   Ca+2            2.166e-02   3.907e-03    -1.664    -2.408    -0.744    -16.60
   CaCO3           2.210e-12   2.210e-12   -11.656   -11.656     0.000     (0)  
Cl            1.146e+00
   Cl-             1.146e+00   7.937e-01     0.059    -0.100    -0.159     18.69
K             2.162e-02
   K+              2.162e-02   1.169e-02    -1.665    -1.932    -0.267      9.76
Mg            1.163e-01
   Mg+2            1.163e-01   2.573e-02    -0.934    -1.590    -0.655    -19.67
   MgCO3           1.292e-05   1.292e-05    -4.889    -4.889     0.000    -17.08
   MgOH+           1.886e-07   1.594e-07    -6.724    -6.798    -0.073     (0)  
Na            9.390e-01
   Na+             9.390e-01   5.697e-01    -0.027    -0.244    -0.217     -0.55
S(6)          5.965e-02
   SO4-2           5.965e-02   4.020e-03    -1.224    -2.396    -1.171     18.99

------------------------------Saturation indices-------------------------------

  Phase               SI** log IAP   log K(288 K,   1 atm)

  Anhydrite        -0.64     -4.80   -4.17  CaSO4
  Antarcticite     -6.28     -2.71    3.57  CaCl2:6H2O
  Aphthitalite    -13.81    -21.67   -7.85  Na2SO4:3K2SO4
  Aragonite        -0.30     -8.57   -8.28  CaCO3
  Arcanite         -4.32     -6.26   -1.94  K2SO4
  Bischofite       -6.59     -1.89    4.69  MgCl2:6H2O
  Bloedite         -4.53     -6.94   -2.41  Na2Mg(SO4)2:4H2O
  Calcite          -0.14     -8.57   -8.43  CaCO3
  Carnallite       -8.09     -3.92    4.16  KMgCl3:6H2O
  CO2(g)           -1.98     -3.32   -1.34  CO2
  Dolomite          0.51    -16.33  -16.84  CaMg(CO3)2
  Epsomite         -2.10     -4.10   -2.01  MgSO4:7H2O
  Gypsum           -0.23     -4.84   -4.60  CaSO4:2H2O
  Halite           -1.90     -0.34    1.55  NaCl
  Hexahydrite      -2.43     -4.09   -1.66  MgSO4:6H2O
  Hydrohalite      -1.82     -0.38    1.44  NaCl:2H2O
  Hydromagnesite   -3.48    -39.60  -36.12  (MgCO3)3:Mg(OH)2:3H2O
  Ice(s)           -0.08     -0.02    0.06  H2O
  Ikaite           -1.86     -8.67   -6.82  CaCO3:6H2O
  Kalicinite       -4.73     -4.68    0.05  KHCO3
  Kieserite        -4.01     -4.00    0.01  MgSO4:H2O
  Landsfordite     -2.69     -7.84   -5.15  MgCO3:5H2O
  Magnesite         0.12     -7.76   -7.87  MgCO3
  Meridianite      -2.46     -4.17   -1.71  MgSO4:11H2O
  MgCl2:12H2O      -5.87     -1.99    3.88  MgCl2:12H2O
  MgCl2:8H2O       -5.98     -1.92    4.06  MgCl2:8H2O
  Mirabilite       -1.32     -3.05   -1.73  Na2SO4:10H2O
  Na2CO3:7H2O      -6.09     -6.77   -0.69  Na2CO3:7H2O
  Nahcolite        -2.47     -2.99   -0.52  NaHCO3
  Natron           -5.60     -6.82   -1.22  Na2CO3:10H2O
  Nesquehonite     -2.55     -7.81   -5.26  MgCO3:3H2O
  Picromerite      -5.75    -10.35   -4.59  MgSO4:K2SO4:6H2O
  Sylvite          -2.82     -2.03    0.78  KCl
  Tachyhydrite    -23.93     -6.39   17.54  CaCl2:(MgCl2)2:12H2O
  Thenardite       -2.59     -2.88   -0.30  Na2SO4
  Trona            -8.55     -9.68   -1.13  Na3H(CO3)2:2H2O
  Vaterite         -0.74     -8.57   -7.84  CaCO3

**For a gas, SI = log10(fugacity). Fugacity = pressure * phi / 1 atm.
  For ideal gases, phi = 1.

------------------
End of simulation.
------------------

------------------------------------
Reading input data for simulation 2.
------------------------------------

-------------------------------
End of Run after 1.479 Seconds.
-------------------------------

