   Input file: C:\Users\Kagiso\PHREEQC-Python\C3_Ca_plus10pct_FREZ_eq_-001p0.pqi
  Output file: C:\Users\Kagiso\PHREEQC-Python\C3_Ca_plus10pct_FREZ_eq_-001p0.out
Database file: C:\Program Files\USGS\phreeqc-3.8.6-17100-x64\database\frezchem.dat

------------------
Reading data base.
------------------

	PITZER
	SOLUTION_MASTER_SPECIES
	SOLUTION_SPECIES
	PHASES
	PITZER
	EXCHANGE_MASTER_SPECIES
	EXCHANGE_SPECIES
	SURFACE_MASTER_SPECIES
	SURFACE_SPECIES
	END
------------------------------------
Reading input data for simulation 1.
------------------------------------

	TITLE C3_Ca_plus10pct FREZCHEM sequential FC at -1.00 C
	SOLUTION 1
	    temp -1.00000000
	    pH 6.9385000000
	    units mol/kgw
	    water 1.000000000000
	    Na 9.39140000000000e-01
	    K 2.16210000000000e-02
	    Mg 1.16340000000000e-01
	    Ca 2.65090000000000e-02
	    Cl 1.14600000000000e+00
	    S(6) 5.96640000000000e-02
	    C(4) 3.91420000000000e-03
	EQUILIBRIUM_PHASES 1
	    Ice(s)       0.0 0.0
	    Mirabilite   0.0 0.0
	    Halite       0.0 0.0
	    Hydrohalite  0.0 0.0
	    Calcite      0.0 0.0
	    Gypsum       0.0 0.0
	SELECTED_OUTPUT 1
	    file C:/Users/Kagiso/PHREEQC-Python/C3_Ca_plus10pct_FREZ_eq_-001p0.txt
	    reset false
	    user_punch true
	USER_PUNCH 1
	    headings Temp_C pH Water_kg Alk_eq_kgw Mu aw Na_mol K_mol Mg_mol Ca_mol Cl_mol S6_mol C4_mol Na_m K_m Mg_m Ca_m Cl_m S6_m C4_m Na_act Cl_act SO4_act SI_Ice SI_Mirabilite SI_Halite SI_Hydrohalite SI_Calcite SI_Gypsum Ice_mol Mirabilite_mol Halite_mol Hydrohalite_mol Calcite_mol Gypsum_mol Iterations
	    10 PUNCH TC, -LA("H+"), TOT("water"), ALK, MU, ACT("H2O")
	    20 PUNCH TOTMOLE("Na"), TOTMOLE("K"), TOTMOLE("Mg"), TOTMOLE("Ca")
	    30 PUNCH TOTMOLE("Cl"), TOTMOLE("S(6)"), TOTMOLE("C(4)")
	    40 PUNCH TOT("Na"), TOT("K"), TOT("Mg"), TOT("Ca")
	    50 PUNCH TOT("Cl"), TOT("S(6)"), TOT("C(4)")
	    60 PUNCH ACT("Na+"), ACT("Cl-"), ACT("SO4-2")
	    70 PUNCH SI("Ice(s)"), SI("Mirabilite"), SI("Halite"), SI("Hydrohalite"), SI("Calcite"), SI("Gypsum")
	    80 PUNCH EQUI("Ice(s)"), EQUI("Mirabilite"), EQUI("Halite"), EQUI("Hydrohalite"), EQUI("Calcite"), EQUI("Gypsum")
	    90 PUNCH ITERATIONS
	END
-----
TITLE
-----

 C3_Ca_plus10pct FREZCHEM sequential FC at -1.00 C

-------------------------------------------
Beginning of initial solution calculations.
-------------------------------------------

Initial solution 1.	

-----------------------------Solution composition------------------------------

	Elements           Molality       Moles

	C(4)              3.914e-03   3.914e-03
	Ca                2.651e-02   2.651e-02
	Cl                1.146e+00   1.146e+00
	K                 2.162e-02   2.162e-02
	Mg                1.163e-01   1.163e-01
	Na                9.391e-01   9.391e-01
	S(6)              5.966e-02   5.966e-02

----------------------------Description of solution----------------------------

                                       pH  =   6.939    
                                       pe  =   4.000    
      Specific Conductance (µS/cm,  -1°C)  = 42677
                          Density (g/cm³)  =   1.05498
                               Volume (L)  =   1.01700
                        Activity of water  =   0.963
                 Ionic strength (mol/kgw)  =   1.460e+00
                       Mass of water (kg)  =   1.000e+00
                 Total alkalinity (eq/kg)  =   3.328e-03
                       Total CO2 (mol/kg)  =   3.914e-03
                         Temperature (°C)  =  -1.00
                  Electrical balance (eq)  =  -2.220e-02
 Percent error, 100*(Cat-|An|)/(Cat+|An|)  =  -0.88
                               Iterations  =  13
                         Gamma iterations  =   4
                      Osmotic coefficient  =   0.91182
                         Density of water  =   0.99976
                                  Total H  = 1.110219e+02
                                  Total O  = 5.575910e+01

----------------------------Distribution of species----------------------------

                                                    Unscaled  Unscaled
                                Unscaled       Log       Log       Log    mole V
   Species          Molality    Activity  Molality  Activity     Gamma   cm³/mol

   H+              1.374e-07   1.152e-07    -6.862    -6.939    -0.076      0.00
   OH-             2.892e-08   8.720e-09    -7.539    -8.059    -0.521     -3.85
   H2O             5.551e+01   9.627e-01     1.744    -0.017     0.000     18.02
C(4)          3.914e-03
   HCO3-           3.308e-03   1.660e-03    -2.480    -2.780    -0.299     25.86
   CO2             5.961e-04   7.770e-04    -3.225    -3.110     0.115     38.96
   CO3-2           5.629e-06   3.269e-07    -5.250    -6.486    -1.236     -3.51
   MgCO3           4.473e-06   4.473e-06    -5.349    -5.349     0.000    -17.05
   CaCO3           1.390e-12   1.390e-12   -11.857   -11.857     0.000     (0)  
Ca            2.651e-02
   Ca+2            2.651e-02   4.937e-03    -1.577    -2.307    -0.730    -17.77
   CaCO3           1.390e-12   1.390e-12   -11.857   -11.857     0.000     (0)  
Cl            1.146e+00
   Cl-             1.146e+00   7.704e-01     0.059    -0.113    -0.172     17.37
K             2.162e-02
   K+              2.162e-02   1.146e-02    -1.665    -1.941    -0.276      9.00
Mg            1.163e-01
   Mg+2            1.163e-01   2.302e-02    -0.934    -1.638    -0.704    -19.26
   MgCO3           4.473e-06   4.473e-06    -5.349    -5.349     0.000    -17.05
   MgOH+           2.875e-08   2.484e-08    -7.541    -7.605    -0.063     (0)  
Na            9.391e-01
   Na+             9.391e-01   5.502e-01    -0.027    -0.259    -0.232     -1.73
S(6)          5.966e-02
   SO4-2           5.966e-02   3.678e-03    -1.224    -2.434    -1.210     14.83

------------------------------Saturation indices-------------------------------

  Phase               SI** log IAP   log K(272 K,   1 atm)

  Anhydrite        -0.68     -4.74   -4.06  CaSO4
  Antarcticite     -5.88     -2.63    3.25  CaCl2:6H2O
  Aphthitalite    -12.99    -21.90   -8.91  Na2SO4:3K2SO4
  Aragonite        -0.58     -8.79   -8.22  CaCO3
  Arcanite         -4.10     -6.32   -2.22  K2SO4
  Bischofite       -6.71     -1.96    4.75  MgCl2:6H2O
  Bloedite         -4.63     -7.09   -2.46  Na2Mg(SO4)2:4H2O
  Calcite          -0.41     -8.79   -8.38  CaCO3
  Carnallite       -7.89     -4.02    3.87  KMgCl3:6H2O
  CO2(g)           -2.02     -3.11   -1.09  CO2
  Dolomite         -0.49    -16.92  -16.42  CaMg(CO3)2
  Epsomite         -1.96     -4.19   -2.23  MgSO4:7H2O
  Gypsum           -0.11     -4.77   -4.67  CaSO4:2H2O
  Halite           -1.86     -0.37    1.49  NaCl
  Hexahydrite      -2.47     -4.17   -1.70  MgSO4:6H2O
  Hydrohalite      -1.65     -0.41    1.24  NaCl:2H2O
  Hydromagnesite   -7.20    -42.18  -34.98  (MgCO3)3:Mg(OH)2:3H2O
  Ice(s)           -0.01     -0.02   -0.00  H2O
  Ikaite           -1.66     -8.89   -7.23  CaCO3:6H2O
  Kalicinite       -4.54     -4.72   -0.18  KHCO3
  Kieserite        -4.68     -4.09    0.59  MgSO4:H2O
  Landsfordite     -3.02     -8.21   -5.18  MgCO3:5H2O
  Magnesite        -0.53     -8.12   -7.60  MgCO3
  Meridianite      -1.89     -4.25   -2.36  MgSO4:11H2O
  MgCl2:12H2O      -4.85     -2.06    2.79  MgCl2:12H2O
  MgCl2:8H2O       -5.83     -2.00    3.83  MgCl2:8H2O
  Mirabilite       -0.55     -3.12   -2.56  Na2SO4:10H2O
  Na2CO3:7H2O      -6.04     -7.12   -1.08  Na2CO3:7H2O
  Nahcolite        -2.31     -3.04   -0.73  NaHCO3
  Natron           -5.33     -7.17   -1.84  Na2CO3:10H2O
  Nesquehonite     -3.15     -8.17   -5.02  MgCO3:3H2O
  Picromerite      -5.42    -10.49   -5.07  MgSO4:K2SO4:6H2O
  Sylvite          -2.62     -2.05    0.56  KCl
  Tachyhydrite    -24.96     -6.46   18.50  CaCl2:(MgCl2)2:12H2O
  Thenardite       -2.64     -2.95   -0.31  Na2SO4
  Trona            -8.77    -10.08   -1.31  Na3H(CO3)2:2H2O
  Vaterite         -1.05     -8.79   -7.74  CaCO3

**For a gas, SI = log10(fugacity). Fugacity = pressure * phi / 1 atm.
  For ideal gases, phi = 1.

-----------------------------------------
Beginning of batch-reaction calculations.
-----------------------------------------

Reaction step 1.

Using solution 1.	
Using pure phase assemblage 1.	

-------------------------------Phase assemblage--------------------------------

                                                      Moles in assemblage
Phase               SI  log IAP  log K(T, P)   Initial       Final       Delta

Calcite          -0.41    -8.79     -8.38    0.000e+00           0   0.000e+00
Gypsum           -0.11    -4.77     -4.67    0.000e+00           0   0.000e+00
Halite           -1.86    -0.37      1.49    0.000e+00           0   0.000e+00
Hydrohalite      -1.65    -0.41      1.24    0.000e+00           0   0.000e+00
Ice(s)           -0.01    -0.02     -0.00    0.000e+00           0   0.000e+00
Mirabilite       -0.55    -3.12     -2.56    0.000e+00           0   0.000e+00

-----------------------------Solution composition------------------------------

	Elements           Molality       Moles

	C                 3.914e-03   3.914e-03
	Ca                2.651e-02   2.651e-02
	Cl                1.146e+00   1.146e+00
	K                 2.162e-02   2.162e-02
	Mg                1.163e-01   1.163e-01
	Na                9.391e-01   9.391e-01
	S                 5.966e-02   5.966e-02

----------------------------Description of solution----------------------------

                                       pH  =   6.939      Charge balance
                                       pe  =   4.000      Adjusted to redox equilibrium
      Specific Conductance (µS/cm,  -1°C)  = 42677
                          Density (g/cm³)  =   1.05498
                               Volume (L)  =   1.01700
                        Activity of water  =   0.963
                 Ionic strength (mol/kgw)  =   1.460e+00
                       Mass of water (kg)  =   1.000e+00
                 Total alkalinity (eq/kg)  =   3.328e-03
                       Total CO2 (mol/kg)  =   3.914e-03
                         Temperature (°C)  =  -1.00
                  Electrical balance (eq)  =  -2.220e-02
 Percent error, 100*(Cat-|An|)/(Cat+|An|)  =  -0.88
                               Iterations  =   1
                         Gamma iterations  =   1
                      Osmotic coefficient  =   0.91182
                         Density of water  =   0.99976
                                  Total H  = 1.110219e+02
                                  Total O  = 5.575910e+01

----------------------------Distribution of species----------------------------

                                                    Unscaled  Unscaled
                                Unscaled       Log       Log       Log    mole V
   Species          Molality    Activity  Molality  Activity     Gamma   cm³/mol

   H+              1.374e-07   1.152e-07    -6.862    -6.939    -0.076      0.00
   OH-             2.892e-08   8.720e-09    -7.539    -8.059    -0.521     -3.85
   H2O             5.551e+01   9.627e-01     1.744    -0.017     0.000     18.02
C(4)          3.914e-03
   HCO3-           3.308e-03   1.660e-03    -2.480    -2.780    -0.299     25.86
   CO2             5.961e-04   7.770e-04    -3.225    -3.110     0.115     38.96
   CO3-2           5.629e-06   3.269e-07    -5.250    -6.486    -1.236     -3.51
   MgCO3           4.473e-06   4.473e-06    -5.349    -5.349     0.000    -17.05
   CaCO3           1.390e-12   1.390e-12   -11.857   -11.857     0.000     (0)  
Ca            2.651e-02
   Ca+2            2.651e-02   4.937e-03    -1.577    -2.307    -0.730    -17.77
   CaCO3           1.390e-12   1.390e-12   -11.857   -11.857     0.000     (0)  
Cl            1.146e+00
   Cl-             1.146e+00   7.704e-01     0.059    -0.113    -0.172     17.37
K             2.162e-02
   K+              2.162e-02   1.146e-02    -1.665    -1.941    -0.276      9.00
Mg            1.163e-01
   Mg+2            1.163e-01   2.302e-02    -0.934    -1.638    -0.704    -19.26
   MgCO3           4.473e-06   4.473e-06    -5.349    -5.349     0.000    -17.05
   MgOH+           2.875e-08   2.484e-08    -7.541    -7.605    -0.063     (0)  
Na            9.391e-01
   Na+             9.391e-01   5.502e-01    -0.027    -0.259    -0.232     -1.73
S(6)          5.966e-02
   SO4-2           5.966e-02   3.678e-03    -1.224    -2.434    -1.210     14.83

------------------------------Saturation indices-------------------------------

  Phase               SI** log IAP   log K(272 K,   1 atm)

  Anhydrite        -0.68     -4.74   -4.06  CaSO4
  Antarcticite     -5.88     -2.63    3.25  CaCl2:6H2O
  Aphthitalite    -12.99    -21.90   -8.91  Na2SO4:3K2SO4
  Aragonite        -0.58     -8.79   -8.22  CaCO3
  Arcanite         -4.10     -6.32   -2.22  K2SO4
  Bischofite       -6.71     -1.96    4.75  MgCl2:6H2O
  Bloedite         -4.63     -7.09   -2.46  Na2Mg(SO4)2:4H2O
  Calcite          -0.41     -8.79   -8.38  CaCO3
  Carnallite       -7.89     -4.02    3.87  KMgCl3:6H2O
  CO2(g)           -2.02     -3.11   -1.09  CO2
  Dolomite         -0.49    -16.92  -16.42  CaMg(CO3)2
  Epsomite         -1.96     -4.19   -2.23  MgSO4:7H2O
  Gypsum           -0.11     -4.77   -4.67  CaSO4:2H2O
  Halite           -1.86     -0.37    1.49  NaCl
  Hexahydrite      -2.47     -4.17   -1.70  MgSO4:6H2O
  Hydrohalite      -1.65     -0.41    1.24  NaCl:2H2O
  Hydromagnesite   -7.20    -42.18  -34.98  (MgCO3)3:Mg(OH)2:3H2O
  Ice(s)           -0.01     -0.02   -0.00  H2O
  Ikaite           -1.66     -8.89   -7.23  CaCO3:6H2O
  Kalicinite       -4.54     -4.72   -0.18  KHCO3
  Kieserite        -4.68     -4.09    0.59  MgSO4:H2O
  Landsfordite     -3.02     -8.21   -5.18  MgCO3:5H2O
  Magnesite        -0.53     -8.12   -7.60  MgCO3
  Meridianite      -1.89     -4.25   -2.36  MgSO4:11H2O
  MgCl2:12H2O      -4.85     -2.06    2.79  MgCl2:12H2O
  MgCl2:8H2O       -5.83     -2.00    3.83  MgCl2:8H2O
  Mirabilite       -0.55     -3.12   -2.56  Na2SO4:10H2O
  Na2CO3:7H2O      -6.04     -7.12   -1.08  Na2CO3:7H2O
  Nahcolite        -2.31     -3.04   -0.73  NaHCO3
  Natron           -5.33     -7.17   -1.84  Na2CO3:10H2O
  Nesquehonite     -3.15     -8.17   -5.02  MgCO3:3H2O
  Picromerite      -5.42    -10.49   -5.07  MgSO4:K2SO4:6H2O
  Sylvite          -2.62     -2.05    0.56  KCl
  Tachyhydrite    -24.96     -6.46   18.50  CaCl2:(MgCl2)2:12H2O
  Thenardite       -2.64     -2.95   -0.31  Na2SO4
  Trona            -8.77    -10.08   -1.31  Na3H(CO3)2:2H2O
  Vaterite         -1.05     -8.79   -7.74  CaCO3

**For a gas, SI = log10(fugacity). Fugacity = pressure * phi / 1 atm.
  For ideal gases, phi = 1.

------------------
End of simulation.
------------------

------------------------------------
Reading input data for simulation 2.
------------------------------------

-------------------------------
End of Run after 1.349 Seconds.
-------------------------------

