   Input file: C:\Users\Kagiso\PHREEQC-Python\C3_Ca_plus10pct_FREZ_pre_-002p0.pqi
  Output file: C:\Users\Kagiso\PHREEQC-Python\C3_Ca_plus10pct_FREZ_pre_-002p0.out
Database file: C:\Program Files\USGS\phreeqc-3.8.6-17100-x64\database\frezchem.dat

------------------
Reading data base.
------------------

	PITZER
	SOLUTION_MASTER_SPECIES
	SOLUTION_SPECIES
	PHASES
	PITZER
	EXCHANGE_MASTER_SPECIES
	EXCHANGE_SPECIES
	SURFACE_MASTER_SPECIES
	SURFACE_SPECIES
	END
------------------------------------
Reading input data for simulation 1.
------------------------------------

	TITLE C3_Ca_plus10pct FREZCHEM sequential FC at -2.00 C
	SOLUTION 1
	    temp -2.00000000
	    pH 6.9385000000
	    units mol/kgw
	    water 1.000000000000
	    Na 9.39140000000000e-01
	    K 2.16210000000000e-02
	    Mg 1.16340000000000e-01
	    Ca 2.65090000000000e-02
	    Cl 1.14600000000000e+00
	    S(6) 5.96640000000000e-02
	    C(4) 3.91420000000000e-03
	SELECTED_OUTPUT 1
	    file C:/Users/Kagiso/PHREEQC-Python/C3_Ca_plus10pct_FREZ_pre_-002p0.txt
	    reset false
	    user_punch true
	USER_PUNCH 1
	    headings Temp_C pH Water_kg Alk_eq_kgw Mu aw Na_mol K_mol Mg_mol Ca_mol Cl_mol S6_mol C4_mol Na_m K_m Mg_m Ca_m Cl_m S6_m C4_m Na_act Cl_act SO4_act SI_Ice SI_Mirabilite SI_Halite SI_Hydrohalite SI_Calcite SI_Gypsum Iterations
	    10 PUNCH TC, -LA("H+"), TOT("water"), ALK, MU, ACT("H2O")
	    20 PUNCH TOTMOLE("Na"), TOTMOLE("K"), TOTMOLE("Mg"), TOTMOLE("Ca")
	    30 PUNCH TOTMOLE("Cl"), TOTMOLE("S(6)"), TOTMOLE("C(4)")
	    40 PUNCH TOT("Na"), TOT("K"), TOT("Mg"), TOT("Ca")
	    50 PUNCH TOT("Cl"), TOT("S(6)"), TOT("C(4)")
	    60 PUNCH ACT("Na+"), ACT("Cl-"), ACT("SO4-2")
	    70 PUNCH SI("Ice(s)"), SI("Mirabilite"), SI("Halite"), SI("Hydrohalite"), SI("Calcite"), SI("Gypsum")
	    80 PUNCH ITERATIONS
	END
-----
TITLE
-----

 C3_Ca_plus10pct FREZCHEM sequential FC at -2.00 C

-------------------------------------------
Beginning of initial solution calculations.
-------------------------------------------

Initial solution 1.	

-----------------------------Solution composition------------------------------

	Elements           Molality       Moles

	C(4)              3.914e-03   3.914e-03
	Ca                2.651e-02   2.651e-02
	Cl                1.146e+00   1.146e+00
	K                 2.162e-02   2.162e-02
	Mg                1.163e-01   1.163e-01
	Na                9.391e-01   9.391e-01
	S(6)              5.966e-02   5.966e-02

----------------------------Description of solution----------------------------

                                       pH  =   6.939    
                                       pe  =   4.000    
      Specific Conductance (µS/cm,  -2°C)  = 41195
                          Density (g/cm³)  =   1.05515
                               Volume (L)  =   1.01684
                        Activity of water  =   0.963
                 Ionic strength (mol/kgw)  =   1.460e+00
                       Mass of water (kg)  =   1.000e+00
                 Total alkalinity (eq/kg)  =   3.310e-03
                       Total CO2 (mol/kg)  =   3.914e-03
                         Temperature (°C)  =  -2.00
                  Electrical balance (eq)  =  -2.218e-02
 Percent error, 100*(Cat-|An|)/(Cat+|An|)  =  -0.88
                               Iterations  =  13
                         Gamma iterations  =   4
                      Osmotic coefficient  =   0.91044
                         Density of water  =   0.99967
                                  Total H  = 1.110219e+02
                                  Total O  = 5.575908e+01

----------------------------Distribution of species----------------------------

                                                    Unscaled  Unscaled
                                Unscaled       Log       Log       Log    mole V
   Species          Molality    Activity  Molality  Activity     Gamma   cm³/mol

   H+              1.370e-07   1.152e-07    -6.863    -6.939    -0.075      0.00
   OH-             2.640e-08   7.879e-09    -7.578    -8.104    -0.525     -4.02
   H2O             5.551e+01   9.628e-01     1.744    -0.016     0.000     18.02
C(4)          3.914e-03
   HCO3-           3.290e-03   1.655e-03    -2.483    -2.781    -0.299     25.70
   CO2             6.142e-04   7.998e-04    -3.212    -3.097     0.115     39.57
   CO3-2           5.405e-06   3.139e-07    -5.267    -6.503    -1.236     -3.87
   MgCO3           4.204e-06   4.204e-06    -5.376    -5.376     0.000    -17.04
   CaCO3           1.325e-12   1.325e-12   -11.878   -11.878     0.000     (0)  
Ca            2.651e-02
   Ca+2            2.651e-02   4.948e-03    -1.577    -2.306    -0.729    -17.88
   CaCO3           1.325e-12   1.325e-12   -11.878   -11.878     0.000     (0)  
Cl            1.146e+00
   Cl-             1.146e+00   7.681e-01     0.059    -0.115    -0.174     17.25
K             2.162e-02
   K+              2.162e-02   1.144e-02    -1.665    -1.942    -0.276      8.94
Mg            1.163e-01
   Mg+2            1.163e-01   2.282e-02    -0.934    -1.642    -0.707    -19.24
   MgCO3           4.204e-06   4.204e-06    -5.376    -5.376     0.000    -17.04
   MgOH+           2.561e-08   2.217e-08    -7.592    -7.654    -0.063     (0)  
Na            9.391e-01
   Na+             9.391e-01   5.488e-01    -0.027    -0.261    -0.233     -1.83
S(6)          5.966e-02
   SO4-2           5.966e-02   3.659e-03    -1.224    -2.437    -1.212     14.43

------------------------------Saturation indices-------------------------------

  Phase               SI** log IAP   log K(271 K,   1 atm)

  Anhydrite        -0.69     -4.74   -4.05  CaSO4
  Antarcticite     -5.86     -2.63    3.23  CaCl2:6H2O
  Aphthitalite    -12.94    -21.92   -8.98  Na2SO4:3K2SO4
  Aragonite        -0.60     -8.81   -8.21  CaCO3
  Arcanite         -4.09     -6.32   -2.23  K2SO4
  Bischofite       -6.72     -1.97    4.75  MgCl2:6H2O
  Bloedite         -4.63     -7.10   -2.47  Na2Mg(SO4)2:4H2O
  Calcite          -0.43     -8.81   -8.38  CaCO3
  Carnallite       -7.88     -4.03    3.85  KMgCl3:6H2O
  CO2(g)           -2.02     -3.10   -1.07  CO2
  Dolomite         -0.56    -16.95  -16.39  CaMg(CO3)2
  Epsomite         -1.95     -4.19   -2.24  MgSO4:7H2O
  Gypsum           -0.10     -4.78   -4.67  CaSO4:2H2O
  Halite           -1.86     -0.38    1.49  NaCl
  Hexahydrite      -2.47     -4.18   -1.71  MgSO4:6H2O
  Hydrohalite      -1.63     -0.41    1.23  NaCl:2H2O
  Hydromagnesite   -7.43    -42.33  -34.90  (MgCO3)3:Mg(OH)2:3H2O
  Ice(s)           -0.01     -0.02   -0.01  H2O
  Ikaite           -1.65     -8.91   -7.26  CaCO3:6H2O
  Kalicinite       -4.53     -4.72   -0.19  KHCO3
  Kieserite        -4.73     -4.09    0.64  MgSO4:H2O
  Landsfordite     -3.05     -8.23   -5.17  MgCO3:5H2O
  Magnesite        -0.57     -8.14   -7.58  MgCO3
  Meridianite      -1.85     -4.26   -2.41  MgSO4:11H2O
  MgCl2:12H2O      -4.80     -2.07    2.73  MgCl2:12H2O
  MgCl2:8H2O       -5.82     -2.00    3.82  MgCl2:8H2O
  Mirabilite       -0.51     -3.12   -2.62  Na2SO4:10H2O
  Na2CO3:7H2O      -6.03     -7.14   -1.11  Na2CO3:7H2O
  Nahcolite        -2.30     -3.04   -0.75  NaHCO3
  Natron           -5.32     -7.19   -1.87  Na2CO3:10H2O
  Nesquehonite     -3.19     -8.19   -5.00  MgCO3:3H2O
  Picromerite      -5.39    -10.50   -5.10  MgSO4:K2SO4:6H2O
  Sylvite          -2.60     -2.06    0.55  KCl
  Tachyhydrite    -25.04     -6.47   18.56  CaCl2:(MgCl2)2:12H2O
  Thenardite       -2.65     -2.96   -0.31  Na2SO4
  Trona            -8.78    -10.10   -1.32  Na3H(CO3)2:2H2O
  Vaterite         -1.08     -8.81   -7.73  CaCO3

**For a gas, SI = log10(fugacity). Fugacity = pressure * phi / 1 atm.
  For ideal gases, phi = 1.

------------------
End of simulation.
------------------

------------------------------------
Reading input data for simulation 2.
------------------------------------

-------------------------------
End of Run after 1.269 Seconds.
-------------------------------

