   Input file: C:\Users\Kagiso\PHREEQC-Python\C3_Ca_minus10pct_FREZ_pre_-012p0.pqi
  Output file: C:\Users\Kagiso\PHREEQC-Python\C3_Ca_minus10pct_FREZ_pre_-012p0.out
Database file: C:\Program Files\USGS\phreeqc-3.8.6-17100-x64\database\frezchem.dat

------------------
Reading data base.
------------------

	PITZER
	SOLUTION_MASTER_SPECIES
	SOLUTION_SPECIES
	PHASES
	PITZER
	EXCHANGE_MASTER_SPECIES
	EXCHANGE_SPECIES
	SURFACE_MASTER_SPECIES
	SURFACE_SPECIES
	END
------------------------------------
Reading input data for simulation 1.
------------------------------------

	TITLE C3_Ca_minus10pct FREZCHEM sequential FC at -12.00 C
	SOLUTION 1
	    temp -12.00000000
	    pH 6.7498000000
	    units mol/kgw
	    water 0.384430000000
	    Na 2.25440262206383e+00
	    K 5.62313034882814e-02
	    Mg 3.02577842520095e-01
	    Ca 4.83052831464766e-02
	    Cl 2.98051660900554e+00
	    S(6) 5.33517155268840e-02
	    C(4) 1.00608693390214e-02
	SELECTED_OUTPUT 1
	    file C:/Users/Kagiso/PHREEQC-Python/C3_Ca_minus10pct_FREZ_pre_-012p0.txt
	    reset false
	    user_punch true
	USER_PUNCH 1
	    headings Temp_C pH Water_kg Alk_eq_kgw Mu aw Na_mol K_mol Mg_mol Ca_mol Cl_mol S6_mol C4_mol Na_m K_m Mg_m Ca_m Cl_m S6_m C4_m Na_act Cl_act SO4_act SI_Ice SI_Mirabilite SI_Halite SI_Hydrohalite SI_Calcite SI_Gypsum Iterations
	    10 PUNCH TC, -LA("H+"), TOT("water"), ALK, MU, ACT("H2O")
	    20 PUNCH TOTMOLE("Na"), TOTMOLE("K"), TOTMOLE("Mg"), TOTMOLE("Ca")
	    30 PUNCH TOTMOLE("Cl"), TOTMOLE("S(6)"), TOTMOLE("C(4)")
	    40 PUNCH TOT("Na"), TOT("K"), TOT("Mg"), TOT("Ca")
	    50 PUNCH TOT("Cl"), TOT("S(6)"), TOT("C(4)")
	    60 PUNCH ACT("Na+"), ACT("Cl-"), ACT("SO4-2")
	    70 PUNCH SI("Ice(s)"), SI("Mirabilite"), SI("Halite"), SI("Hydrohalite"), SI("Calcite"), SI("Gypsum")
	    80 PUNCH ITERATIONS
	END
-----
TITLE
-----

 C3_Ca_minus10pct FREZCHEM sequential FC at -12.00 C

-------------------------------------------
Beginning of initial solution calculations.
-------------------------------------------

Initial solution 1.	

-----------------------------Solution composition------------------------------

	Elements           Molality       Moles

	C(4)              1.006e-02   3.868e-03
	Ca                4.831e-02   1.857e-02
	Cl                2.981e+00   1.146e+00
	K                 5.623e-02   2.162e-02
	Mg                3.026e-01   1.163e-01
	Na                2.254e+00   8.667e-01
	S(6)              5.335e-02   2.051e-02

----------------------------Description of solution----------------------------

                                       pH  =   6.750    
                                       pe  =   4.000    
      Specific Conductance (µS/cm, -12°C)  = 50513
                          Density (g/cm³)  =   1.12645
                               Volume (L)  =   0.40089
                        Activity of water  =   0.899
                 Ionic strength (mol/kgw)  =   3.458e+00
                       Mass of water (kg)  =   3.844e-01
                 Total alkalinity (eq/kg)  =   7.723e-03
                       Total CO2 (mol/kg)  =   1.006e-02
                         Temperature (°C)  = -12.00
                  Electrical balance (eq)  =  -3.173e-02
 Percent error, 100*(Cat-|An|)/(Cat+|An|)  =  -1.35
                               Iterations  =  16
                         Gamma iterations  =   5
                      Osmotic coefficient  =   1.03469
                         Density of water  =   0.99748
                                  Total H  = 4.268183e+01
                                  Total O  = 2.143217e+01

----------------------------Distribution of species----------------------------

                                                    Unscaled  Unscaled
                                Unscaled       Log       Log       Log    mole V
   Species          Molality    Activity  Molality  Activity     Gamma   cm³/mol

   H+              1.042e-07   1.779e-07    -6.982    -6.750     0.232      0.00
   OH-             1.713e-08   1.614e-09    -7.766    -8.792    -1.026     -3.71
   H2O             5.551e+01   8.991e-01     1.744    -0.046     0.000     18.06
C(4)          1.006e-02
   HCO3-           7.669e-03   3.301e-03    -2.115    -2.481    -0.366     30.93
   CO2             2.365e-03   3.866e-03    -2.626    -2.413     0.213     47.83
   MgCO3           1.458e-05   1.458e-05    -4.836    -4.836     0.000    -17.00
   CO3-2           1.272e-05   2.674e-07    -4.896    -6.573    -1.677     -1.89
   CaCO3           2.902e-12   2.902e-12   -11.537   -11.537     0.000     (0)  
Ca            4.831e-02
   Ca+2            4.831e-02   1.533e-02    -1.316    -1.814    -0.498    -19.88
   CaCO3           2.902e-12   2.902e-12   -11.537   -11.537     0.000     (0)  
Cl            2.981e+00
   Cl-             2.981e+00   2.186e+00     0.474     0.340    -0.135     16.55
K             5.623e-02
   K+              5.623e-02   2.475e-02    -1.250    -1.606    -0.356      9.93
Mg            3.026e-01
   Mg+2            3.026e-01   1.050e-01    -0.519    -0.979    -0.459    -18.58
   MgCO3           1.458e-05   1.458e-05    -4.836    -4.836     0.000    -17.00
   MgOH+           2.896e-08   2.063e-08    -7.538    -7.686    -0.147     (0)  
Na            2.254e+00
   Na+             2.254e+00   1.292e+00     0.353     0.111    -0.242     -1.80
S(6)          5.335e-02
   SO4-2           5.335e-02   1.356e-03    -1.273    -2.868    -1.595     12.75

------------------------------Saturation indices-------------------------------

  Phase               SI** log IAP   log K(261 K,   1 atm)

  Anhydrite        -0.66     -4.68   -4.02  CaSO4
  Antarcticite     -4.48     -1.41    3.07  CaCl2:6H2O
  Aphthitalite    -11.24    -20.89   -9.64  Na2SO4:3K2SO4
  Aragonite        -0.20     -8.39   -8.19  CaCO3
  Arcanite         -3.65     -6.08   -2.43  K2SO4
  Bischofite       -5.31     -0.58    4.74  MgCl2:6H2O
  Bloedite         -4.17     -6.68   -2.50  Na2Mg(SO4)2:4H2O
  Calcite          -0.02     -8.39   -8.36  CaCO3
  Carnallite       -5.45     -1.84    3.60  KMgCl3:6H2O
  CO2(g)           -1.53     -2.41   -0.88  CO2
  Dolomite          0.16    -15.94  -16.10  CaMg(CO3)2
  Epsomite         -1.78     -4.17   -2.39  MgSO4:7H2O
  Gypsum           -0.02     -4.77   -4.75  CaSO4:2H2O
  Halite           -0.98      0.45    1.43  NaCl
  Hexahydrite      -2.39     -4.12   -1.74  MgSO4:6H2O
  Hydrohalite      -0.71      0.36    1.07  NaCl:2H2O
  Hydromagnesite   -7.24    -41.36  -34.12  (MgCO3)3:Mg(OH)2:3H2O
  Ice(s)            0.00     -0.05   -0.05  H2O
  Ikaite           -1.12     -8.66   -7.54  CaCO3:6H2O
  Kalicinite       -3.76     -4.09   -0.33  KHCO3
  Kieserite        -5.06     -3.89    1.17  MgSO4:H2O
  Landsfordite     -2.83     -7.78   -4.95  MgCO3:5H2O
  Magnesite        -0.16     -7.55   -7.39  MgCO3
  Meridianite      -1.54     -4.35   -2.81  MgSO4:11H2O
  MgCl2:12H2O      -3.06     -0.85    2.20  MgCl2:12H2O
  MgCl2:8H2O       -4.30     -0.67    3.63  MgCl2:8H2O
  Mirabilite        0.04     -3.11   -3.15  Na2SO4:10H2O
  Na2CO3:7H2O      -5.32     -6.67   -1.36  Na2CO3:7H2O
  Nahcolite        -1.51     -2.37   -0.86  NaHCO3
  Natron           -4.58     -6.81   -2.23  Na2CO3:10H2O
  Nesquehonite     -2.93     -7.69   -4.76  MgCO3:3H2O
  Picromerite      -4.72    -10.20   -5.49  MgSO4:K2SO4:6H2O
  Sylvite          -1.64     -1.27    0.38  KCl
  Tachyhydrite    -21.45     -2.29   19.16  CaCl2:(MgCl2)2:12H2O
  Thenardite       -2.33     -2.64   -0.32  Na2SO4
  Trona            -7.38     -8.81   -1.43  Na3H(CO3)2:2H2O
  Vaterite         -0.70     -8.39   -7.69  CaCO3

**For a gas, SI = log10(fugacity). Fugacity = pressure * phi / 1 atm.
  For ideal gases, phi = 1.

------------------
End of simulation.
------------------

------------------------------------
Reading input data for simulation 2.
------------------------------------

-------------------------------
End of Run after 1.421 Seconds.
-------------------------------

