   Input file: C:\Users\Kagiso\PHREEQC-Python\C3_Ca_minus10pct_FREZ_pre_+004p0.pqi
  Output file: C:\Users\Kagiso\PHREEQC-Python\C3_Ca_minus10pct_FREZ_pre_+004p0.out
Database file: C:\Program Files\USGS\phreeqc-3.8.6-17100-x64\database\frezchem.dat

------------------
Reading data base.
------------------

	PITZER
	SOLUTION_MASTER_SPECIES
	SOLUTION_SPECIES
	PHASES
	PITZER
	EXCHANGE_MASTER_SPECIES
	EXCHANGE_SPECIES
	SURFACE_MASTER_SPECIES
	SURFACE_SPECIES
	END
------------------------------------
Reading input data for simulation 1.
------------------------------------

	TITLE C3_Ca_minus10pct FREZCHEM sequential FC at 4.00 C
	SOLUTION 1
	    temp 4.00000000
	    pH 7.0102000000
	    units mol/kgw
	    water 1.000000000000
	    Na 9.38960000000000e-01
	    K 2.16170000000000e-02
	    Mg 1.16320000000000e-01
	    Ca 2.16650000000000e-02
	    Cl 1.14580000000000e+00
	    S(6) 5.96520000000000e-02
	    C(4) 3.96720000000000e-03
	SELECTED_OUTPUT 1
	    file C:/Users/Kagiso/PHREEQC-Python/C3_Ca_minus10pct_FREZ_pre_+004p0.txt
	    reset false
	    user_punch true
	USER_PUNCH 1
	    headings Temp_C pH Water_kg Alk_eq_kgw Mu aw Na_mol K_mol Mg_mol Ca_mol Cl_mol S6_mol C4_mol Na_m K_m Mg_m Ca_m Cl_m S6_m C4_m Na_act Cl_act SO4_act SI_Ice SI_Mirabilite SI_Halite SI_Hydrohalite SI_Calcite SI_Gypsum Iterations
	    10 PUNCH TC, -LA("H+"), TOT("water"), ALK, MU, ACT("H2O")
	    20 PUNCH TOTMOLE("Na"), TOTMOLE("K"), TOTMOLE("Mg"), TOTMOLE("Ca")
	    30 PUNCH TOTMOLE("Cl"), TOTMOLE("S(6)"), TOTMOLE("C(4)")
	    40 PUNCH TOT("Na"), TOT("K"), TOT("Mg"), TOT("Ca")
	    50 PUNCH TOT("Cl"), TOT("S(6)"), TOT("C(4)")
	    60 PUNCH ACT("Na+"), ACT("Cl-"), ACT("SO4-2")
	    70 PUNCH SI("Ice(s)"), SI("Mirabilite"), SI("Halite"), SI("Hydrohalite"), SI("Calcite"), SI("Gypsum")
	    80 PUNCH ITERATIONS
	END
-----
TITLE
-----

 C3_Ca_minus10pct FREZCHEM sequential FC at 4.00 C

-------------------------------------------
Beginning of initial solution calculations.
-------------------------------------------

Initial solution 1.	

-----------------------------Solution composition------------------------------

	Elements           Molality       Moles

	C(4)              3.967e-03   3.967e-03
	Ca                2.167e-02   2.167e-02
	Cl                1.146e+00   1.146e+00
	K                 2.162e-02   2.162e-02
	Mg                1.163e-01   1.163e-01
	Na                9.390e-01   9.390e-01
	S(6)              5.965e-02   5.965e-02

----------------------------Description of solution----------------------------

                                       pH  =   7.010    
                                       pe  =   4.000    
      Specific Conductance (µS/cm,   4°C)  = 50341
                          Density (g/cm³)  =   1.05374
                               Volume (L)  =   1.01800
                        Activity of water  =   0.963
                 Ionic strength (mol/kgw)  =   1.450e+00
                       Mass of water (kg)  =   1.000e+00
                 Total alkalinity (eq/kg)  =   3.527e-03
                       Total CO2 (mol/kg)  =   3.967e-03
                         Temperature (°C)  =   4.00
                  Electrical balance (eq)  =  -3.208e-02
 Percent error, 100*(Cat-|An|)/(Cat+|An|)  =  -1.28
                               Iterations  =  13
                         Gamma iterations  =   4
                      Osmotic coefficient  =   0.91792
                         Density of water  =   0.99997
                                  Total H  = 1.110221e+02
                                  Total O  = 5.575935e+01

----------------------------Distribution of species----------------------------

                                                    Unscaled  Unscaled
                                Unscaled       Log       Log       Log    mole V
   Species          Molality    Activity  Molality  Activity     Gamma   cm³/mol

   H+              1.175e-07   9.768e-08    -6.930    -7.010    -0.080      0.00
   OH-             5.285e-08   1.680e-08    -7.277    -7.775    -0.498     -3.14
   H2O             5.551e+01   9.626e-01     1.744    -0.017     0.000     18.02
C(4)          3.967e-03
   HCO3-           3.496e-03   1.740e-03    -2.456    -2.760    -0.303     26.54
   CO2             4.554e-04   5.954e-04    -3.342    -3.225     0.116     36.24
   CO3-2           8.217e-06   4.809e-07    -5.085    -6.318    -1.233     -2.01
   MgCO3           7.374e-06   7.374e-06    -5.132    -5.132     0.000    -17.06
   CaCO3           1.707e-12   1.707e-12   -11.768   -11.768     0.000     (0)  
Ca            2.167e-02
   Ca+2            2.167e-02   4.027e-03    -1.664    -2.395    -0.731    -17.30
   CaCO3           1.707e-12   1.707e-12   -11.768   -11.768     0.000     (0)  
Cl            1.146e+00
   Cl-             1.146e+00   7.774e-01     0.059    -0.109    -0.168     17.90
K             2.162e-02
   K+              2.162e-02   1.157e-02    -1.665    -1.936    -0.271      9.28
Mg            1.163e-01
   Mg+2            1.163e-01   2.418e-02    -0.934    -1.617    -0.682    -19.40
   MgCO3           7.374e-06   7.374e-06    -5.132    -5.132     0.000    -17.06
   MgOH+           5.970e-08   5.145e-08    -7.224    -7.289    -0.065     (0)  
Na            9.390e-01
   Na+             9.390e-01   5.586e-01    -0.027    -0.253    -0.226     -1.28
S(6)          5.965e-02
   SO4-2           5.965e-02   3.787e-03    -1.224    -2.422    -1.197     16.51

------------------------------Saturation indices-------------------------------

  Phase               SI** log IAP   log K(277 K,   1 atm)

  Anhydrite        -0.73     -4.82   -4.08  CaSO4
  Antarcticite     -6.06     -2.71    3.34  CaCl2:6H2O
  Aphthitalite    -13.23    -21.81   -8.58  Na2SO4:3K2SO4
  Aragonite        -0.48     -8.71   -8.23  CaCO3
  Arcanite         -4.17     -6.29   -2.12  K2SO4
  Bischofite       -6.67     -1.93    4.74  MgCl2:6H2O
  Bloedite         -4.59     -7.03   -2.45  Na2Mg(SO4)2:4H2O
  Calcite          -0.32     -8.71   -8.39  CaCO3
  Carnallite       -7.96     -3.98    3.97  KMgCl3:6H2O
  CO2(g)           -2.05     -3.23   -1.18  CO2
  Dolomite         -0.09    -16.65  -16.56  CaMg(CO3)2
  Epsomite         -2.00     -4.15   -2.15  MgSO4:7H2O
  Gypsum           -0.21     -4.85   -4.64  CaSO4:2H2O
  Halite           -1.87     -0.36    1.51  NaCl
  Hexahydrite      -2.45     -4.14   -1.69  MgSO4:6H2O
  Hydrohalite      -1.70     -0.40    1.31  NaCl:2H2O
  Hydromagnesite   -5.67    -41.02  -35.35  (MgCO3)3:Mg(OH)2:3H2O
  Ice(s)           -0.03     -0.02    0.02  H2O
  Ikaite           -1.72     -8.81   -7.10  CaCO3:6H2O
  Kalicinite       -4.59     -4.70   -0.11  KHCO3
  Kieserite        -4.43     -4.05    0.38  MgSO4:H2O
  Landsfordite     -2.81     -8.02   -5.21  MgCO3:5H2O
  Magnesite        -0.25     -7.93   -7.69  MgCO3
  Meridianite      -2.06     -4.22   -2.16  MgSO4:11H2O
  MgCl2:12H2O      -5.13     -2.03    3.10  MgCl2:12H2O
  MgCl2:8H2O       -5.88     -1.97    3.91  MgCl2:8H2O
  Mirabilite       -0.79     -3.09   -2.30  Na2SO4:10H2O
  Na2CO3:7H2O      -5.98     -6.94   -0.96  Na2CO3:7H2O
  Nahcolite        -2.34     -3.01   -0.67  NaHCO3
  Natron           -5.34     -6.99   -1.65  Na2CO3:10H2O
  Nesquehonite     -2.87     -7.98   -5.12  MgCO3:3H2O
  Picromerite      -5.53    -10.43   -4.90  MgSO4:K2SO4:6H2O
  Sylvite          -2.68     -2.05    0.64  KCl
  Tachyhydrite    -24.68     -6.48   18.20  CaCl2:(MgCl2)2:12H2O
  Thenardite       -2.62     -2.93   -0.31  Na2SO4
  Trona            -8.62     -9.87   -1.25  Na3H(CO3)2:2H2O
  Vaterite         -0.95     -8.71   -7.77  CaCO3

**For a gas, SI = log10(fugacity). Fugacity = pressure * phi / 1 atm.
  For ideal gases, phi = 1.

------------------
End of simulation.
------------------

------------------------------------
Reading input data for simulation 2.
------------------------------------

-----------------------------
End of Run after 1.3 Seconds.
-----------------------------

