   Input file: C:\Users\Kagiso\PHREEQC-Python\C3_Ca_minus10pct_FREZ_eq_-004p0.pqi
  Output file: C:\Users\Kagiso\PHREEQC-Python\C3_Ca_minus10pct_FREZ_eq_-004p0.out
Database file: C:\Program Files\USGS\phreeqc-3.8.6-17100-x64\database\frezchem.dat

------------------
Reading data base.
------------------

	PITZER
	SOLUTION_MASTER_SPECIES
	SOLUTION_SPECIES
	PHASES
	PITZER
	EXCHANGE_MASTER_SPECIES
	EXCHANGE_SPECIES
	SURFACE_MASTER_SPECIES
	SURFACE_SPECIES
	END
------------------------------------
Reading input data for simulation 1.
------------------------------------

	TITLE C3_Ca_minus10pct FREZCHEM sequential FC at -4.00 C
	SOLUTION 1
	    temp -4.00000000
	    pH 7.0102000000
	    units mol/kgw
	    water 1.000000000000
	    Na 9.38960000000000e-01
	    K 2.16170000000000e-02
	    Mg 1.16320000000000e-01
	    Ca 2.16650000000000e-02
	    Cl 1.14580000000000e+00
	    S(6) 5.96520000000000e-02
	    C(4) 3.96720000000000e-03
	EQUILIBRIUM_PHASES 1
	    Ice(s)       0.0 0.0
	    Mirabilite   0.0 0.0
	    Halite       0.0 0.0
	    Hydrohalite  0.0 0.0
	    Calcite      0.0 0.0
	    Gypsum       0.0 0.0
	SELECTED_OUTPUT 1
	    file C:/Users/Kagiso/PHREEQC-Python/C3_Ca_minus10pct_FREZ_eq_-004p0.txt
	    reset false
	    user_punch true
	USER_PUNCH 1
	    headings Temp_C pH Water_kg Alk_eq_kgw Mu aw Na_mol K_mol Mg_mol Ca_mol Cl_mol S6_mol C4_mol Na_m K_m Mg_m Ca_m Cl_m S6_m C4_m Na_act Cl_act SO4_act SI_Ice SI_Mirabilite SI_Halite SI_Hydrohalite SI_Calcite SI_Gypsum Ice_mol Mirabilite_mol Halite_mol Hydrohalite_mol Calcite_mol Gypsum_mol Iterations
	    10 PUNCH TC, -LA("H+"), TOT("water"), ALK, MU, ACT("H2O")
	    20 PUNCH TOTMOLE("Na"), TOTMOLE("K"), TOTMOLE("Mg"), TOTMOLE("Ca")
	    30 PUNCH TOTMOLE("Cl"), TOTMOLE("S(6)"), TOTMOLE("C(4)")
	    40 PUNCH TOT("Na"), TOT("K"), TOT("Mg"), TOT("Ca")
	    50 PUNCH TOT("Cl"), TOT("S(6)"), TOT("C(4)")
	    60 PUNCH ACT("Na+"), ACT("Cl-"), ACT("SO4-2")
	    70 PUNCH SI("Ice(s)"), SI("Mirabilite"), SI("Halite"), SI("Hydrohalite"), SI("Calcite"), SI("Gypsum")
	    80 PUNCH EQUI("Ice(s)"), EQUI("Mirabilite"), EQUI("Halite"), EQUI("Hydrohalite"), EQUI("Calcite"), EQUI("Gypsum")
	    90 PUNCH ITERATIONS
	END
-----
TITLE
-----

 C3_Ca_minus10pct FREZCHEM sequential FC at -4.00 C

-------------------------------------------
Beginning of initial solution calculations.
-------------------------------------------

Initial solution 1.	

-----------------------------Solution composition------------------------------

	Elements           Molality       Moles

	C(4)              3.967e-03   3.967e-03
	Ca                2.167e-02   2.167e-02
	Cl                1.146e+00   1.146e+00
	K                 2.162e-02   2.162e-02
	Mg                1.163e-01   1.163e-01
	Na                9.390e-01   9.390e-01
	S(6)              5.965e-02   5.965e-02

----------------------------Description of solution----------------------------

                                       pH  =   7.010    
                                       pe  =   4.000    
      Specific Conductance (µS/cm,  -4°C)  = 38270
                          Density (g/cm³)  =   1.05520
                               Volume (L)  =   1.01659
                        Activity of water  =   0.963
                 Ionic strength (mol/kgw)  =   1.450e+00
                       Mass of water (kg)  =   1.000e+00
                 Total alkalinity (eq/kg)  =   3.403e-03
                       Total CO2 (mol/kg)  =   3.967e-03
                         Temperature (°C)  =  -4.00
                  Electrical balance (eq)  =  -3.196e-02
 Percent error, 100*(Cat-|An|)/(Cat+|An|)  =  -1.28
                               Iterations  =  13
                         Gamma iterations  =   4
                      Osmotic coefficient  =   0.90726
                         Density of water  =   0.99941
                                  Total H  = 1.110220e+02
                                  Total O  = 5.575923e+01

----------------------------Distribution of species----------------------------

                                                    Unscaled  Unscaled
                                Unscaled       Log       Log       Log    mole V
   Species          Molality    Activity  Molality  Activity     Gamma   cm³/mol

   H+              1.154e-07   9.768e-08    -6.938    -7.010    -0.072      0.00
   OH-             2.575e-08   7.559e-09    -7.589    -8.122    -0.532     -4.40
   H2O             5.551e+01   9.630e-01     1.744    -0.016     0.000     18.03
C(4)          3.967e-03
   HCO3-           3.382e-03   1.702e-03    -2.471    -2.769    -0.298     25.32
   CO2             5.749e-04   7.462e-04    -3.240    -3.127     0.113     40.90
   CO3-2           6.022e-06   3.527e-07    -5.220    -6.453    -1.232     -4.67
   MgCO3           4.571e-06   4.571e-06    -5.340    -5.340     0.000    -17.04
   CaCO3           1.207e-12   1.207e-12   -11.918   -11.918     0.000     (0)  
Ca            2.167e-02
   Ca+2            2.167e-02   4.105e-03    -1.664    -2.387    -0.722    -18.12
   CaCO3           1.207e-12   1.207e-12   -11.918   -11.918     0.000     (0)  
Cl            1.146e+00
   Cl-             1.146e+00   7.601e-01     0.059    -0.119    -0.178     16.98
K             2.162e-02
   K+              2.162e-02   1.142e-02    -1.665    -1.942    -0.277      8.79
Mg            1.163e-01
   Mg+2            1.163e-01   2.264e-02    -0.934    -1.645    -0.711    -19.18
   MgCO3           4.571e-06   4.571e-06    -5.340    -5.340     0.000    -17.04
   MgOH+           2.399e-08   2.098e-08    -7.620    -7.678    -0.058     (0)  
Na            9.390e-01
   Na+             9.390e-01   5.471e-01    -0.027    -0.262    -0.235     -2.06
S(6)          5.965e-02
   SO4-2           5.965e-02   3.634e-03    -1.224    -2.440    -1.215     13.54

------------------------------Saturation indices-------------------------------

  Phase               SI** log IAP   log K(269 K,   1 atm)

  Anhydrite        -0.78     -4.83   -4.04  CaSO4
  Antarcticite     -5.92     -2.72    3.20  CaCl2:6H2O
  Aphthitalite    -12.82    -21.94   -9.11  Na2SO4:3K2SO4
  Aragonite        -0.63     -8.84   -8.21  CaCO3
  Arcanite         -4.05     -6.32   -2.27  K2SO4
  Bischofite       -6.73     -1.98    4.75  MgCl2:6H2O
  Bloedite         -4.64     -7.11   -2.48  Na2Mg(SO4)2:4H2O
  Calcite          -0.47     -8.84   -8.37  CaCO3
  Carnallite       -7.85     -4.04    3.80  KMgCl3:6H2O
  CO2(g)           -2.09     -3.13   -1.04  CO2
  Dolomite         -0.60    -16.94  -16.34  CaMg(CO3)2
  Epsomite         -1.93     -4.20   -2.27  MgSO4:7H2O
  Gypsum           -0.17     -4.86   -4.68  CaSO4:2H2O
  Halite           -1.86     -0.38    1.48  NaCl
  Hexahydrite      -2.47     -4.18   -1.71  MgSO4:6H2O
  Hydrohalite      -1.61     -0.41    1.20  NaCl:2H2O
  Hydromagnesite   -7.48    -42.23  -34.75  (MgCO3)3:Mg(OH)2:3H2O
  Ice(s)            0.00     -0.02   -0.02  H2O
  Ikaite           -1.63     -8.94   -7.31  CaCO3:6H2O
  Kalicinite       -4.49     -4.71   -0.22  KHCO3
  Kieserite        -4.84     -4.10    0.74  MgSO4:H2O
  Landsfordite     -3.03     -8.18   -5.15  MgCO3:5H2O
  Magnesite        -0.55     -8.10   -7.54  MgCO3
  Meridianite      -1.78     -4.26   -2.49  MgSO4:11H2O
  MgCl2:12H2O      -4.69     -2.08    2.61  MgCl2:12H2O
  MgCl2:8H2O       -5.80     -2.01    3.78  MgCl2:8H2O
  Mirabilite       -0.40     -3.13   -2.72  Na2SO4:10H2O
  Na2CO3:7H2O      -5.93     -7.09   -1.16  Na2CO3:7H2O
  Nahcolite        -2.26     -3.03   -0.77  NaHCO3
  Natron           -5.19     -7.14   -1.95  Na2CO3:10H2O
  Nesquehonite     -3.19     -8.15   -4.96  MgCO3:3H2O
  Picromerite      -5.33    -10.51   -5.17  MgSO4:K2SO4:6H2O
  Sylvite          -2.58     -2.06    0.51  KCl
  Tachyhydrite    -25.27     -6.59   18.68  CaCl2:(MgCl2)2:12H2O
  Thenardite       -2.65     -2.96   -0.31  Na2SO4
  Trona            -8.70    -10.04   -1.34  Na3H(CO3)2:2H2O
  Vaterite         -1.12     -8.84   -7.72  CaCO3

**For a gas, SI = log10(fugacity). Fugacity = pressure * phi / 1 atm.
  For ideal gases, phi = 1.

-----------------------------------------
Beginning of batch-reaction calculations.
-----------------------------------------

Reaction step 1.

WARNING: Maximum iterations exceeded, 200

WARNING: Numerical method failed with this set of convergence parameters.

WARNING: Trying smaller step size, pe step size 10, 5 ... 

WARNING: Maximum iterations exceeded, 400

WARNING: Numerical method failed with this set of convergence parameters.

WARNING: Trying reduced tolerance 1e-16 ...

WARNING: Maximum iterations exceeded, 400

WARNING: Numerical method failed with this set of convergence parameters.

WARNING: Trying increased tolerance 1e-14 ...

WARNING: Maximum iterations exceeded, 400

WARNING: Numerical method failed with this set of convergence parameters.

WARNING: Trying diagonal scaling ...

Using solution 1.	
Using pure phase assemblage 1.	

-------------------------------Phase assemblage--------------------------------

                                                      Moles in assemblage
Phase               SI  log IAP  log K(T, P)   Initial       Final       Delta

Calcite          -0.45    -8.83     -8.37    0.000e+00           0   0.000e+00
Gypsum           -0.16    -4.85     -4.68    0.000e+00           0   0.000e+00
Halite           -1.84    -0.36      1.48    0.000e+00           0   0.000e+00
Hydrohalite      -1.59    -0.40      1.20    0.000e+00           0   0.000e+00
Ice(s)            0.00    -0.02     -0.02    0.000e+00   1.167e+00   1.167e+00
Mirabilite       -0.39    -3.11     -2.72    0.000e+00           0   0.000e+00

-----------------------------Solution composition------------------------------

	Elements           Molality       Moles

	C                 4.052e-03   3.967e-03
	Ca                2.213e-02   2.167e-02
	Cl                1.170e+00   1.146e+00
	K                 2.208e-02   2.162e-02
	Mg                1.188e-01   1.163e-01
	Na                9.591e-01   9.390e-01
	S                 6.093e-02   5.965e-02

----------------------------Description of solution----------------------------

                                       pH  =   7.007      Charge balance
                                       pe  =   4.000      Adjusted to redox equilibrium
      Specific Conductance (µS/cm,  -4°C)  = 38867
                          Density (g/cm³)  =   1.05634
                               Volume (L)  =   0.99560
                        Activity of water  =   0.962
                 Ionic strength (mol/kgw)  =   1.481e+00
                       Mass of water (kg)  =   9.790e-01
                 Total alkalinity (eq/kg)  =   3.476e-03
                       Total CO2 (mol/kg)  =   4.052e-03
                         Temperature (°C)  =  -4.00
                  Electrical balance (eq)  =  -3.196e-02
 Percent error, 100*(Cat-|An|)/(Cat+|An|)  =  -1.28
                               Iterations  =  14 (1418 overall)
                         Gamma iterations  =   1
                      Osmotic coefficient  =   0.90844
                         Density of water  =   0.99942
                                  Total H  = 1.086881e+02
                                  Total O  = 5.459230e+01

----------------------------Distribution of species----------------------------

                                                    Unscaled  Unscaled
                                Unscaled       Log       Log       Log    mole V
   Species          Molality    Activity  Molality  Activity     Gamma   cm³/mol

   H+              1.154e-07   9.837e-08    -6.938    -7.007    -0.069      0.00
   OH-             2.595e-08   7.500e-09    -7.586    -8.125    -0.539     -4.36
   H2O             5.551e+01   9.622e-01     1.744    -0.017     0.000     18.03
C(4)          4.052e-03
   HCO3-           3.454e-03   1.731e-03    -2.462    -2.762    -0.300     25.42
   CO2             5.874e-04   7.651e-04    -3.231    -3.116     0.115     40.90
   CO3-2           6.210e-06   3.562e-07    -5.207    -6.448    -1.241     -4.57
   MgCO3           4.730e-06   4.730e-06    -5.325    -5.325     0.000    -17.04
   CaCO3           1.246e-12   1.246e-12   -11.904   -11.904     0.000     (0)  
Ca            2.213e-02
   Ca+2            2.213e-02   4.197e-03    -1.655    -2.377    -0.722    -18.11
   CaCO3           1.246e-12   1.246e-12   -11.904   -11.904     0.000     (0)  
Cl            1.170e+00
   Cl-             1.170e+00   7.767e-01     0.068    -0.110    -0.178     16.99
K             2.208e-02
   K+              2.208e-02   1.163e-02    -1.656    -1.934    -0.278      8.81
Mg            1.188e-01
   Mg+2            1.188e-01   2.320e-02    -0.925    -1.635    -0.709    -19.17
   MgCO3           4.730e-06   4.730e-06    -5.325    -5.325     0.000    -17.04
   MgOH+           2.446e-08   2.132e-08    -7.612    -7.671    -0.060     (0)  
Na            9.591e-01
   Na+             9.591e-01   5.580e-01    -0.018    -0.253    -0.235     -2.04
S(6)          6.093e-02
   SO4-2           6.093e-02   3.643e-03    -1.215    -2.438    -1.223     13.61

------------------------------Saturation indices-------------------------------

  Phase               SI** log IAP   log K(269 K,   1 atm)

  Anhydrite        -0.77     -4.82   -4.04  CaSO4
  Antarcticite     -5.89     -2.70    3.20  CaCl2:6H2O
  Aphthitalite    -12.76    -21.87   -9.11  Na2SO4:3K2SO4
  Aragonite        -0.62     -8.83   -8.21  CaCO3
  Arcanite         -4.04     -6.31   -2.27  K2SO4
  Bischofite       -6.70     -1.95    4.75  MgCl2:6H2O
  Bloedite         -4.61     -7.09   -2.48  Na2Mg(SO4)2:4H2O
  Calcite          -0.45     -8.83   -8.37  CaCO3
  Carnallite       -7.80     -4.00    3.80  KMgCl3:6H2O
  CO2(g)           -2.08     -3.12   -1.04  CO2
  Dolomite         -0.57    -16.91  -16.34  CaMg(CO3)2
  Epsomite         -1.92     -4.19   -2.27  MgSO4:7H2O
  Gypsum           -0.16     -4.85   -4.68  CaSO4:2H2O
  Halite           -1.84     -0.36    1.48  NaCl
  Hexahydrite      -2.46     -4.17   -1.71  MgSO4:6H2O
  Hydrohalite      -1.59     -0.40    1.20  NaCl:2H2O
  Hydromagnesite   -7.43    -42.18  -34.75  (MgCO3)3:Mg(OH)2:3H2O
  Ice(s)            0.00     -0.02   -0.02  H2O
  Ikaite           -1.61     -8.93   -7.31  CaCO3:6H2O
  Kalicinite       -4.48     -4.70   -0.22  KHCO3
  Kieserite        -4.83     -4.09    0.74  MgSO4:H2O
  Landsfordite     -3.02     -8.17   -5.15  MgCO3:5H2O
  Magnesite        -0.54     -8.08   -7.54  MgCO3
  Meridianite      -1.77     -4.26   -2.49  MgSO4:11H2O
  MgCl2:12H2O      -4.67     -2.06    2.61  MgCl2:12H2O
  MgCl2:8H2O       -5.77     -1.99    3.78  MgCl2:8H2O
  Mirabilite       -0.39     -3.11   -2.72  Na2SO4:10H2O
  Na2CO3:7H2O      -5.91     -7.07   -1.16  Na2CO3:7H2O
  Nahcolite        -2.25     -3.02   -0.77  NaHCO3
  Natron           -5.18     -7.12   -1.95  Na2CO3:10H2O
  Nesquehonite     -3.17     -8.13   -4.96  MgCO3:3H2O
  Picromerite      -5.31    -10.48   -5.17  MgSO4:K2SO4:6H2O
  Sylvite          -2.56     -2.04    0.51  KCl
  Tachyhydrite    -25.19     -6.51   18.68  CaCl2:(MgCl2)2:12H2O
  Thenardite       -2.63     -2.95   -0.31  Na2SO4
  Trona            -8.66    -10.00   -1.34  Na3H(CO3)2:2H2O
  Vaterite         -1.10     -8.83   -7.72  CaCO3

**For a gas, SI = log10(fugacity). Fugacity = pressure * phi / 1 atm.
  For ideal gases, phi = 1.

------------------
End of simulation.
------------------

------------------------------------
Reading input data for simulation 2.
------------------------------------

------------------------------
End of Run after 1.46 Seconds.
------------------------------

