   Input file: C:\Users\Kagiso\PHREEQC-Python\C3_Ca_plus10pct_FREZ_pre_-021p0.pqi
  Output file: C:\Users\Kagiso\PHREEQC-Python\C3_Ca_plus10pct_FREZ_pre_-021p0.out
Database file: C:\Program Files\USGS\phreeqc-3.8.6-17100-x64\database\frezchem.dat

------------------
Reading data base.
------------------

	PITZER
	SOLUTION_MASTER_SPECIES
	SOLUTION_SPECIES
	PHASES
	PITZER
	EXCHANGE_MASTER_SPECIES
	EXCHANGE_SPECIES
	SURFACE_MASTER_SPECIES
	SURFACE_SPECIES
	END
------------------------------------
Reading input data for simulation 1.
------------------------------------

	TITLE C3_Ca_plus10pct FREZCHEM sequential FC at -21.00 C
	SOLUTION 1
	    temp -21.00000000
	    pH 6.3734000000
	    units mol/kgw
	    water 0.240180000000
	    Na 3.52789574485802e+00
	    K 9.00199850112416e-02
	    Mg 4.84386709967524e-01
	    Ca 7.72753768007328e-02
	    Cl 4.77142143392456e+00
	    S(6) 2.50029144808061e-02
	    C(4) 1.54792239153968e-02
	SELECTED_OUTPUT 1
	    file C:/Users/Kagiso/PHREEQC-Python/C3_Ca_plus10pct_FREZ_pre_-021p0.txt
	    reset false
	    user_punch true
	USER_PUNCH 1
	    headings Temp_C pH Water_kg Alk_eq_kgw Mu aw Na_mol K_mol Mg_mol Ca_mol Cl_mol S6_mol C4_mol Na_m K_m Mg_m Ca_m Cl_m S6_m C4_m Na_act Cl_act SO4_act SI_Ice SI_Mirabilite SI_Halite SI_Hydrohalite SI_Calcite SI_Gypsum Iterations
	    10 PUNCH TC, -LA("H+"), TOT("water"), ALK, MU, ACT("H2O")
	    20 PUNCH TOTMOLE("Na"), TOTMOLE("K"), TOTMOLE("Mg"), TOTMOLE("Ca")
	    30 PUNCH TOTMOLE("Cl"), TOTMOLE("S(6)"), TOTMOLE("C(4)")
	    40 PUNCH TOT("Na"), TOT("K"), TOT("Mg"), TOT("Ca")
	    50 PUNCH TOT("Cl"), TOT("S(6)"), TOT("C(4)")
	    60 PUNCH ACT("Na+"), ACT("Cl-"), ACT("SO4-2")
	    70 PUNCH SI("Ice(s)"), SI("Mirabilite"), SI("Halite"), SI("Hydrohalite"), SI("Calcite"), SI("Gypsum")
	    80 PUNCH ITERATIONS
	END
-----
TITLE
-----

 C3_Ca_plus10pct FREZCHEM sequential FC at -21.00 C

-------------------------------------------
Beginning of initial solution calculations.
-------------------------------------------

Initial solution 1.	

-----------------------------Solution composition------------------------------

	Elements           Molality       Moles

	C(4)              1.548e-02   3.718e-03
	Ca                7.728e-02   1.856e-02
	Cl                4.771e+00   1.146e+00
	K                 9.002e-02   2.162e-02
	Mg                4.844e-01   1.163e-01
	Na                3.528e+00   8.473e-01
	S(6)              2.500e-02   6.005e-03

----------------------------Description of solution----------------------------

                                       pH  =   6.373    
                                       pe  =   4.000    
      Specific Conductance (µS/cm, -21°C)  = 40150
                          Density (g/cm³)  =   1.19567
                               Volume (L)  =   0.25549
                        Activity of water  =   0.824
                 Ionic strength (mol/kgw)  =   5.373e+00
                       Mass of water (kg)  =   2.402e-01
                 Total alkalinity (eq/kg)  =   9.448e-03
                       Total CO2 (mol/kg)  =   1.548e-02
                         Temperature (°C)  = -21.00
                  Electrical balance (eq)  =  -2.153e-02
 Percent error, 100*(Cat-|An|)/(Cat+|An|)  =  -0.94
                               Iterations  =  17
                         Gamma iterations  =   5
                      Osmotic coefficient  =   1.19803
                         Density of water  =   0.99294
                                  Total H  = 2.666671e+01
                                  Total O  = 1.336594e+01

----------------------------Distribution of species----------------------------

                                                    Unscaled  Unscaled
                                Unscaled       Log       Log       Log    mole V
   Species          Molality    Activity  Molality  Activity     Gamma   cm³/mol

   H+              1.097e-07   4.233e-07    -6.960    -6.373     0.587      0.00
   OH-             8.697e-09   2.101e-10    -8.061    -9.678    -1.617     -5.15
   H2O             5.551e+01   8.236e-01     1.744    -0.084     0.000     18.14
C(4)          1.548e-02
   HCO3-           9.406e-03   3.382e-03    -2.027    -2.471    -0.444     39.37
   CO2             6.052e-03   1.609e-02    -2.218    -1.793     0.425     61.12
   MgCO3           1.452e-05   1.452e-05    -4.838    -4.838     0.000    -16.93
   CO3-2           6.524e-06   7.322e-08    -5.185    -7.135    -1.950      0.35
   CaCO3           2.017e-12   2.017e-12   -11.695   -11.695     0.000     (0)  
Ca            7.728e-02
   Ca+2            7.728e-02   5.487e-02    -1.112    -1.261    -0.149    -25.23
   CaCO3           2.017e-12   2.017e-12   -11.695   -11.695     0.000     (0)  
Cl            4.771e+00
   Cl-             4.771e+00   4.114e+00     0.679     0.614    -0.064     15.44
K             9.002e-02
   K+              9.002e-02   3.291e-02    -1.046    -1.483    -0.437     11.61
Mg            4.844e-01
   Mg+2            4.844e-01   4.228e-01    -0.315    -0.374    -0.059    -19.17
   MgCO3           1.452e-05   1.452e-05    -4.838    -4.838     0.000    -16.93
   MgOH+           1.991e-08   1.107e-08    -7.701    -7.956    -0.255     (0)  
Na            3.528e+00
   Na+             3.528e+00   2.146e+00     0.548     0.332    -0.216     -2.19
S(6)          2.500e-02
   SO4-2           2.500e-02   3.797e-04    -1.602    -3.421    -1.819      6.46

------------------------------Saturation indices-------------------------------

  Phase               SI** log IAP   log K(252 K,   1 atm)

  Anhydrite        -0.65     -4.68   -4.03  CaSO4
  Antarcticite     -3.48     -0.54    2.94  CaCl2:6H2O
  Aphthitalite    -11.68    -21.91  -10.24  Na2SO4:3K2SO4
  Aragonite        -0.21     -8.40   -8.18  CaCO3
  Arcanite         -3.77     -6.39   -2.62  K2SO4
  Bischofite       -4.34      0.35    4.69  MgCl2:6H2O
  Bloedite         -4.35     -6.89   -2.54  Na2Mg(SO4)2:4H2O
  Calcite          -0.03     -8.40   -8.37  CaCO3
  Carnallite       -3.85     -0.52    3.34  KMgCl3:6H2O
  CO2(g)           -1.12     -1.79   -0.67  CO2
  Dolomite         -0.08    -15.91  -15.82  CaMg(CO3)2
  Epsomite         -1.85     -4.38   -2.54  MgSO4:7H2O
  Gypsum            0.01     -4.85   -4.86  CaSO4:2H2O
  Halite           -0.42      0.95    1.37  NaCl
  Hexahydrite      -2.54     -4.30   -1.76  MgSO4:6H2O
  Hydrohalite      -0.13      0.78    0.91  NaCl:2H2O
  Hydromagnesite   -9.16    -42.51  -33.35  (MgCO3)3:Mg(OH)2:3H2O
  Ice(s)            0.00     -0.08   -0.09  H2O
  Ikaite           -1.09     -8.90   -7.82  CaCO3:6H2O
  Kalicinite       -3.51     -3.95   -0.45  KHCO3
  Kieserite        -5.63     -3.88    1.75  MgSO4:H2O
  Landsfordite     -3.43     -7.93   -4.50  MgCO3:5H2O
  Magnesite        -0.30     -7.51   -7.21  MgCO3
  Meridianite      -1.54     -4.72   -3.18  MgSO4:11H2O
  MgCl2:12H2O      -1.97     -0.16    1.81  MgCl2:12H2O
  MgCl2:8H2O       -3.24      0.18    3.42  MgCl2:8H2O
  Mirabilite        0.04     -3.60   -3.64  Na2SO4:10H2O
  Na2CO3:7H2O      -5.48     -7.06   -1.58  Na2CO3:7H2O
  Nahcolite        -1.21     -2.14   -0.93  NaHCO3
  Natron           -4.79     -7.32   -2.53  Na2CO3:10H2O
  Nesquehonite     -3.27     -7.76   -4.49  MgCO3:3H2O
  Picromerite      -4.80    -10.69   -5.89  MgSO4:K2SO4:6H2O
  Sylvite          -1.08     -0.87    0.21  KCl
  Tachyhydrite    -19.04      0.67   19.71  CaCl2:(MgCl2)2:12H2O
  Thenardite       -2.43     -2.76   -0.33  Na2SO4
  Trona            -7.25     -8.78   -1.53  Na3H(CO3)2:2H2O
  Vaterite         -0.74     -8.40   -7.65  CaCO3

**For a gas, SI = log10(fugacity). Fugacity = pressure * phi / 1 atm.
  For ideal gases, phi = 1.

------------------
End of simulation.
------------------

------------------------------------
Reading input data for simulation 2.
------------------------------------

-------------------------------
End of Run after 1.255 Seconds.
-------------------------------

