   Input file: C:\Users\Kagiso\PHREEQC-Python\C3_Ca_minus10pct_FREZ_eq_-016p0.pqi
  Output file: C:\Users\Kagiso\PHREEQC-Python\C3_Ca_minus10pct_FREZ_eq_-016p0.out
Database file: C:\Program Files\USGS\phreeqc-3.8.6-17100-x64\database\frezchem.dat

------------------
Reading data base.
------------------

	PITZER
	SOLUTION_MASTER_SPECIES
	SOLUTION_SPECIES
	PHASES
	PITZER
	EXCHANGE_MASTER_SPECIES
	EXCHANGE_SPECIES
	SURFACE_MASTER_SPECIES
	SURFACE_SPECIES
	END
------------------------------------
Reading input data for simulation 1.
------------------------------------

	TITLE C3_Ca_minus10pct FREZCHEM sequential FC at -16.00 C
	SOLUTION 1
	    temp -16.00000000
	    pH 6.5497000000
	    units mol/kgw
	    water 0.297830000000
	    Na 2.84581808414196e+00
	    K 7.25816741093913e-02
	    Mg 3.90558372225766e-01
	    Ca 6.19178726118927e-02
	    Cl 3.84716113218950e+00
	    S(6) 3.68263774636538e-02
	    C(4) 1.25554846724642e-02
	EQUILIBRIUM_PHASES 1
	    Ice(s)       0.0 0.0
	    Mirabilite   0.0 0.0
	    Halite       0.0 0.0
	    Hydrohalite  0.0 0.0
	    Calcite      0.0 0.0
	    Gypsum       0.0 0.0
	SELECTED_OUTPUT 1
	    file C:/Users/Kagiso/PHREEQC-Python/C3_Ca_minus10pct_FREZ_eq_-016p0.txt
	    reset false
	    user_punch true
	USER_PUNCH 1
	    headings Temp_C pH Water_kg Alk_eq_kgw Mu aw Na_mol K_mol Mg_mol Ca_mol Cl_mol S6_mol C4_mol Na_m K_m Mg_m Ca_m Cl_m S6_m C4_m Na_act Cl_act SO4_act SI_Ice SI_Mirabilite SI_Halite SI_Hydrohalite SI_Calcite SI_Gypsum Ice_mol Mirabilite_mol Halite_mol Hydrohalite_mol Calcite_mol Gypsum_mol Iterations
	    10 PUNCH TC, -LA("H+"), TOT("water"), ALK, MU, ACT("H2O")
	    20 PUNCH TOTMOLE("Na"), TOTMOLE("K"), TOTMOLE("Mg"), TOTMOLE("Ca")
	    30 PUNCH TOTMOLE("Cl"), TOTMOLE("S(6)"), TOTMOLE("C(4)")
	    40 PUNCH TOT("Na"), TOT("K"), TOT("Mg"), TOT("Ca")
	    50 PUNCH TOT("Cl"), TOT("S(6)"), TOT("C(4)")
	    60 PUNCH ACT("Na+"), ACT("Cl-"), ACT("SO4-2")
	    70 PUNCH SI("Ice(s)"), SI("Mirabilite"), SI("Halite"), SI("Hydrohalite"), SI("Calcite"), SI("Gypsum")
	    80 PUNCH EQUI("Ice(s)"), EQUI("Mirabilite"), EQUI("Halite"), EQUI("Hydrohalite"), EQUI("Calcite"), EQUI("Gypsum")
	    90 PUNCH ITERATIONS
	END
-----
TITLE
-----

 C3_Ca_minus10pct FREZCHEM sequential FC at -16.00 C

-------------------------------------------
Beginning of initial solution calculations.
-------------------------------------------

Initial solution 1.	

-----------------------------Solution composition------------------------------

	Elements           Molality       Moles

	C(4)              1.256e-02   3.739e-03
	Ca                6.192e-02   1.844e-02
	Cl                3.847e+00   1.146e+00
	K                 7.258e-02   2.162e-02
	Mg                3.906e-01   1.163e-01
	Na                2.846e+00   8.476e-01
	S(6)              3.683e-02   1.097e-02

----------------------------Description of solution----------------------------

                                       pH  =   6.550    
                                       pe  =   4.000    
      Specific Conductance (µS/cm, -16°C)  = 47687
                          Density (g/cm³)  =   1.15821
                               Volume (L)  =   0.31394
                        Activity of water  =   0.865
                 Ionic strength (mol/kgw)  =   4.366e+00
                       Mass of water (kg)  =   2.978e-01
                 Total alkalinity (eq/kg)  =   8.557e-03
                       Total CO2 (mol/kg)  =   1.256e-02
                         Temperature (°C)  = -16.00
                  Electrical balance (eq)  =  -3.158e-02
 Percent error, 100*(Cat-|An|)/(Cat+|An|)  =  -1.37
                               Iterations  =  16
                         Gamma iterations  =   5
                      Osmotic coefficient  =   1.10976
                         Density of water  =   0.99584
                                  Total H  = 3.306720e+01
                                  Total O  = 1.658623e+01

----------------------------Distribution of species----------------------------

                                                    Unscaled  Unscaled
                                Unscaled       Log       Log       Log    mole V
   Species          Molality    Activity  Molality  Activity     Gamma   cm³/mol

   H+              1.130e-07   2.820e-07    -6.947    -6.550     0.397      0.00
   OH-             1.172e-08   6.130e-10    -7.931    -9.213    -1.281     -3.97
   H2O             5.551e+01   8.648e-01     1.744    -0.063     0.000     18.09
C(4)          1.256e-02
   HCO3-           8.509e-03   3.423e-03    -2.070    -2.466    -0.395     34.31
   CO2             4.022e-03   7.955e-03    -2.396    -2.099     0.296     52.72
   MgCO3           1.474e-05   1.474e-05    -4.831    -4.831     0.000    -16.98
   CO3-2           9.529e-06   1.444e-07    -5.021    -6.840    -1.819     -0.75
   CaCO3           2.539e-12   2.539e-12   -11.595   -11.595     0.000     (0)  
Ca            6.192e-02
   Ca+2            6.192e-02   2.828e-02    -1.208    -1.549    -0.340    -21.67
   CaCO3           2.539e-12   2.539e-12   -11.595   -11.595     0.000     (0)  
Cl            3.847e+00
   Cl-             3.847e+00   3.036e+00     0.585     0.482    -0.103     16.16
K             7.258e-02
   K+              7.258e-02   2.953e-02    -1.139    -1.530    -0.391     10.61
Mg            3.906e-01
   Mg+2            3.905e-01   2.059e-01    -0.408    -0.686    -0.278    -18.63
   MgCO3           1.474e-05   1.474e-05    -4.831    -4.831     0.000    -16.98
   MgOH+           2.440e-08   1.545e-08    -7.613    -7.811    -0.198     (0)  
Na            2.846e+00
   Na+             2.846e+00   1.675e+00     0.454     0.224    -0.230     -1.87
S(6)          3.683e-02
   SO4-2           3.683e-02   7.207e-04    -1.434    -3.142    -1.708     10.82

------------------------------Saturation indices-------------------------------

  Phase               SI** log IAP   log K(257 K,   1 atm)

  Anhydrite        -0.67     -4.69   -4.02  CaSO4
  Antarcticite     -3.97     -0.96    3.01  CaCl2:6H2O
  Aphthitalite    -11.39    -21.30   -9.91  Na2SO4:3K2SO4
  Aragonite        -0.20     -8.39   -8.19  CaCO3
  Arcanite         -3.69     -6.20   -2.51  K2SO4
  Bischofite       -4.82     -0.10    4.72  MgCl2:6H2O
  Bloedite         -4.26     -6.78   -2.52  Na2Mg(SO4)2:4H2O
  Calcite          -0.03     -8.39   -8.36  CaCO3
  Carnallite       -4.64     -1.15    3.49  KMgCl3:6H2O
  CO2(g)           -1.31     -2.10   -0.79  CO2
  Dolomite          0.06    -15.92  -15.98  CaMg(CO3)2
  Epsomite         -1.82     -4.27   -2.46  MgSO4:7H2O
  Gypsum           -0.02     -4.82   -4.79  CaSO4:2H2O
  Halite           -0.70      0.71    1.41  NaCl
  Hexahydrite      -2.46     -4.21   -1.75  MgSO4:6H2O
  Hydrohalite      -0.42      0.58    1.00  NaCl:2H2O
  Hydromagnesite   -8.10    -41.88  -33.78  (MgCO3)3:Mg(OH)2:3H2O
  Ice(s)            0.00     -0.06   -0.07  H2O
  Ikaite           -1.11     -8.77   -7.66  CaCO3:6H2O
  Kalicinite       -3.61     -4.00   -0.38  KHCO3
  Kieserite        -5.31     -3.89    1.41  MgSO4:H2O
  Landsfordite     -3.06     -7.84   -4.78  MgCO3:5H2O
  Magnesite        -0.22     -7.53   -7.31  MgCO3
  Meridianite      -1.55     -4.52   -2.97  MgSO4:11H2O
  MgCl2:12H2O      -2.50     -0.48    2.02  MgCl2:12H2O
  MgCl2:8H2O       -3.77     -0.23    3.54  MgCl2:8H2O
  Mirabilite        0.04     -3.33   -3.37  Na2SO4:10H2O
  Na2CO3:7H2O      -5.38     -6.83   -1.46  Na2CO3:7H2O
  Nahcolite        -1.35     -2.24   -0.89  NaHCO3
  Natron           -4.66     -7.02   -2.36  Na2CO3:10H2O
  Nesquehonite     -3.07     -7.72   -4.65  MgCO3:3H2O
  Picromerite      -4.75    -10.41   -5.66  MgSO4:K2SO4:6H2O
  Sylvite          -1.35     -1.05    0.30  KCl
  Tachyhydrite    -20.19     -0.78   19.41  CaCl2:(MgCl2)2:12H2O
  Thenardite       -2.37     -2.69   -0.32  Na2SO4
  Trona            -7.29     -8.76   -1.47  Na3H(CO3)2:2H2O
  Vaterite         -0.72     -8.39   -7.67  CaCO3

**For a gas, SI = log10(fugacity). Fugacity = pressure * phi / 1 atm.
  For ideal gases, phi = 1.

-----------------------------------------
Beginning of batch-reaction calculations.
-----------------------------------------

Reaction step 1.

WARNING: Maximum iterations exceeded, 200

WARNING: Numerical method failed with this set of convergence parameters.

WARNING: Trying smaller step size, pe step size 10, 5 ... 

WARNING: Maximum iterations exceeded, 400

WARNING: Numerical method failed with this set of convergence parameters.

WARNING: Trying reduced tolerance 1e-16 ...

WARNING: Maximum iterations exceeded, 400

WARNING: Numerical method failed with this set of convergence parameters.

WARNING: Trying increased tolerance 1e-14 ...

WARNING: Maximum iterations exceeded, 400

WARNING: Numerical method failed with this set of convergence parameters.

WARNING: Trying diagonal scaling ...

Using solution 1.	
Using pure phase assemblage 1.	

-------------------------------Phase assemblage--------------------------------

                                                      Moles in assemblage
Phase               SI  log IAP  log K(T, P)   Initial       Final       Delta

Calcite           0.00    -8.36     -8.36    0.000e+00   1.904e-05   1.904e-05
Gypsum           -0.02    -4.82     -4.79    0.000e+00           0   0.000e+00
Halite           -0.64     0.77      1.41    0.000e+00           0   0.000e+00
Hydrohalite      -0.36     0.63      1.00    0.000e+00           0   0.000e+00
Ice(s)            0.00    -0.07     -0.07    0.000e+00   8.025e-01   8.025e-01
Mirabilite        0.00    -3.37     -3.37    0.000e+00   1.364e-03   1.364e-03

-----------------------------Solution composition------------------------------

	Elements           Molality       Moles

	C                 1.314e-02   3.720e-03
	Ca                6.507e-02   1.842e-02
	Cl                4.047e+00   1.146e+00
	K                 7.635e-02   2.162e-02
	Mg                4.108e-01   1.163e-01
	Na                2.984e+00   8.448e-01
	S                 3.392e-02   9.604e-03

----------------------------Description of solution----------------------------

                                       pH  =   6.510      Charge balance
                                       pe  =   4.000      Adjusted to redox equilibrium
      Specific Conductance (µS/cm, -16°C)  = 48898
                          Density (g/cm³)  =   1.16467
                               Volume (L)  =   0.29941
                        Activity of water  =   0.856
                 Ionic strength (mol/kgw)  =   4.578e+00
                       Mass of water (kg)  =   2.831e-01
                 Total alkalinity (eq/kg)  =   8.867e-03
                       Total CO2 (mol/kg)  =   1.314e-02
                         Temperature (°C)  = -16.00
                  Electrical balance (eq)  =  -3.158e-02
 Percent error, 100*(Cat-|An|)/(Cat+|An|)  =  -1.37
                               Iterations  =  12 (1416 overall)
                         Gamma iterations  =   2
                      Osmotic coefficient  =   1.13082
                         Density of water  =   0.99584
                                  Total H  = 3.143483e+01
                                  Total O  = 1.576453e+01

----------------------------Distribution of species----------------------------

                                                    Unscaled  Unscaled
                                Unscaled       Log       Log       Log    mole V
   Species          Molality    Activity  Molality  Activity     Gamma   cm³/mol

   H+              1.141e-07   3.093e-07    -6.943    -6.510     0.433      0.00
   OH-             1.175e-08   5.533e-10    -7.930    -9.257    -1.327     -3.71
   H2O             5.551e+01   8.560e-01     1.744    -0.068     0.000     18.09
C(4)          1.314e-02
   HCO3-           8.816e-03   3.473e-03    -2.055    -2.459    -0.405     35.18
   CO2             4.298e-03   8.941e-03    -2.367    -2.049     0.318     52.72
   MgCO3           1.610e-05   1.610e-05    -4.793    -4.793     0.000    -16.98
   CO3-2           9.361e-06   1.336e-07    -5.029    -6.874    -1.845      0.01
   CaCO3           2.691e-12   2.691e-12   -11.570   -11.570     0.000     (0)  
Ca            6.507e-02
   Ca+2            6.507e-02   3.240e-02    -1.187    -1.490    -0.303    -21.78
   CaCO3           2.691e-12   2.691e-12   -11.570   -11.570     0.000     (0)  
Cl            4.047e+00
   Cl-             4.047e+00   3.279e+00     0.607     0.516    -0.091     16.27
K             7.635e-02
   K+              7.635e-02   3.068e-02    -1.117    -1.513    -0.396     10.82
Mg            4.108e-01
   Mg+2            4.108e-01   2.430e-01    -0.386    -0.614    -0.228    -18.63
   MgCO3           1.610e-05   1.610e-05    -4.793    -4.793     0.000    -16.98
   MgOH+           2.685e-08   1.646e-08    -7.571    -7.783    -0.212     (0)  
Na            2.984e+00
   Na+             2.984e+00   1.785e+00     0.475     0.252    -0.223     -1.74
S(6)          3.392e-02
   SO4-2           3.392e-02   6.379e-04    -1.470    -3.195    -1.726     11.13

------------------------------Saturation indices-------------------------------

  Phase               SI** log IAP   log K(257 K,   1 atm)

  Anhydrite        -0.66     -4.68   -4.02  CaSO4
  Antarcticite     -3.87     -0.86    3.01  CaCl2:6H2O
  Aphthitalite    -11.45    -21.36   -9.91  Na2SO4:3K2SO4
  Aragonite        -0.18     -8.36   -8.19  CaCO3
  Arcanite         -3.71     -6.22   -2.51  K2SO4
  Bischofite       -4.71      0.01    4.72  MgCl2:6H2O
  Bloedite         -4.25     -6.77   -2.52  Na2Mg(SO4)2:4H2O
  Calcite           0.00     -8.36   -8.36  CaCO3
  Carnallite       -4.47     -0.99    3.49  KMgCl3:6H2O
  CO2(g)           -1.26     -2.05   -0.79  CO2
  Dolomite          0.13    -15.85  -15.98  CaMg(CO3)2
  Epsomite         -1.83     -4.28   -2.46  MgSO4:7H2O
  Gypsum           -0.02     -4.82   -4.79  CaSO4:2H2O
  Halite           -0.64      0.77    1.41  NaCl
  Hexahydrite      -2.47     -4.21   -1.75  MgSO4:6H2O
  Hydrohalite      -0.36      0.63    1.00  NaCl:2H2O
  Hydromagnesite   -8.01    -41.80  -33.78  (MgCO3)3:Mg(OH)2:3H2O
  Ice(s)            0.00     -0.07   -0.07  H2O
  Ikaite           -1.11     -8.77   -7.66  CaCO3:6H2O
  Kalicinite       -3.59     -3.97   -0.38  KHCO3
  Kieserite        -5.29     -3.88    1.41  MgSO4:H2O
  Landsfordite     -3.04     -7.83   -4.78  MgCO3:5H2O
  Magnesite        -0.18     -7.49   -7.31  MgCO3
  Meridianite      -1.58     -4.55   -2.97  MgSO4:11H2O
  MgCl2:12H2O      -2.42     -0.39    2.02  MgCl2:12H2O
  MgCl2:8H2O       -3.66     -0.12    3.54  MgCl2:8H2O
  Mirabilite        0.00     -3.37   -3.37  Na2SO4:10H2O
  Na2CO3:7H2O      -5.39     -6.84   -1.46  Na2CO3:7H2O
  Nahcolite        -1.32     -2.21   -0.89  NaHCO3
  Natron           -4.68     -7.05   -2.36  Na2CO3:10H2O
  Nesquehonite     -3.04     -7.69   -4.65  MgCO3:3H2O
  Picromerite      -4.78    -10.44   -5.66  MgSO4:K2SO4:6H2O
  Sylvite          -1.30     -1.00    0.30  KCl
  Tachyhydrite    -19.84     -0.43   19.41  CaCl2:(MgCl2)2:12H2O
  Thenardite       -2.37     -2.69   -0.32  Na2SO4
  Trona            -7.24     -8.71   -1.47  Na3H(CO3)2:2H2O
  Vaterite         -0.69     -8.36   -7.67  CaCO3

**For a gas, SI = log10(fugacity). Fugacity = pressure * phi / 1 atm.
  For ideal gases, phi = 1.

------------------
End of simulation.
------------------

------------------------------------
Reading input data for simulation 2.
------------------------------------

-------------------------------
End of Run after 1.862 Seconds.
-------------------------------

