   Input file: C:\Users\Kagiso\PHREEQC-Python\C3_Ca_minus10pct_FREZ_pre_-009p0.pqi
  Output file: C:\Users\Kagiso\PHREEQC-Python\C3_Ca_minus10pct_FREZ_pre_-009p0.out
Database file: C:\Program Files\USGS\phreeqc-3.8.6-17100-x64\database\frezchem.dat

------------------
Reading data base.
------------------

	PITZER
	SOLUTION_MASTER_SPECIES
	SOLUTION_SPECIES
	PHASES
	PITZER
	EXCHANGE_MASTER_SPECIES
	EXCHANGE_SPECIES
	SURFACE_MASTER_SPECIES
	SURFACE_SPECIES
	END
------------------------------------
Reading input data for simulation 1.
------------------------------------

	TITLE C3_Ca_minus10pct FREZCHEM sequential FC at -9.00 C
	SOLUTION 1
	    temp -9.00000000
	    pH 6.9097000000
	    units mol/kgw
	    water 0.510830000000
	    Na 1.76618444492297e+00
	    K 4.23174050075368e-02
	    Mg 2.27707848012059e-01
	    Ca 3.65464048705049e-02
	    Cl 2.24301626764286e+00
	    S(6) 7.49466554431024e-02
	    C(4) 7.76618444492297e-03
	SELECTED_OUTPUT 1
	    file C:/Users/Kagiso/PHREEQC-Python/C3_Ca_minus10pct_FREZ_pre_-009p0.txt
	    reset false
	    user_punch true
	USER_PUNCH 1
	    headings Temp_C pH Water_kg Alk_eq_kgw Mu aw Na_mol K_mol Mg_mol Ca_mol Cl_mol S6_mol C4_mol Na_m K_m Mg_m Ca_m Cl_m S6_m C4_m Na_act Cl_act SO4_act SI_Ice SI_Mirabilite SI_Halite SI_Hydrohalite SI_Calcite SI_Gypsum Iterations
	    10 PUNCH TC, -LA("H+"), TOT("water"), ALK, MU, ACT("H2O")
	    20 PUNCH TOTMOLE("Na"), TOTMOLE("K"), TOTMOLE("Mg"), TOTMOLE("Ca")
	    30 PUNCH TOTMOLE("Cl"), TOTMOLE("S(6)"), TOTMOLE("C(4)")
	    40 PUNCH TOT("Na"), TOT("K"), TOT("Mg"), TOT("Ca")
	    50 PUNCH TOT("Cl"), TOT("S(6)"), TOT("C(4)")
	    60 PUNCH ACT("Na+"), ACT("Cl-"), ACT("SO4-2")
	    70 PUNCH SI("Ice(s)"), SI("Mirabilite"), SI("Halite"), SI("Hydrohalite"), SI("Calcite"), SI("Gypsum")
	    80 PUNCH ITERATIONS
	END
-----
TITLE
-----

 C3_Ca_minus10pct FREZCHEM sequential FC at -9.00 C

-------------------------------------------
Beginning of initial solution calculations.
-------------------------------------------

Initial solution 1.	

-----------------------------Solution composition------------------------------

	Elements           Molality       Moles

	C(4)              7.766e-03   3.967e-03
	Ca                3.655e-02   1.867e-02
	Cl                2.243e+00   1.146e+00
	K                 4.232e-02   2.162e-02
	Mg                2.277e-01   1.163e-01
	Na                1.766e+00   9.022e-01
	S(6)              7.495e-02   3.829e-02

----------------------------Description of solution----------------------------

                                       pH  =   6.910    
                                       pe  =   4.000    
      Specific Conductance (µS/cm,  -9°C)  = 48962
                          Density (g/cm³)  =   1.10051
                               Volume (L)  =   0.52750
                        Activity of water  =   0.926
                 Ionic strength (mol/kgw)  =   2.707e+00
                       Mass of water (kg)  =   5.108e-01
                 Total alkalinity (eq/kg)  =   6.408e-03
                       Total CO2 (mol/kg)  =   7.766e-03
                         Temperature (°C)  =  -9.00
                  Electrical balance (eq)  =  -3.183e-02
 Percent error, 100*(Cat-|An|)/(Cat+|An|)  =  -1.32
                               Iterations  =  16
                         Gamma iterations  =   5
                      Osmotic coefficient  =   0.97446
                         Density of water  =   0.99840
                                  Total H  = 5.671488e+01
                                  Total O  = 2.852015e+01

----------------------------Distribution of species----------------------------

                                                    Unscaled  Unscaled
                                Unscaled       Log       Log       Log    mole V
   Species          Molality    Activity  Molality  Activity     Gamma   cm³/mol

   H+              9.758e-08   1.231e-07    -7.011    -6.910     0.101      0.00
   OH-             2.298e-08   3.367e-09    -7.639    -8.473    -0.834     -3.83
   H2O             5.551e+01   9.257e-01     1.744    -0.034     0.000     18.04
C(4)          7.766e-03
   HCO3-           6.358e-03   2.861e-03    -2.197    -2.543    -0.347     28.60
   CO2             1.384e-03   1.985e-03    -2.859    -2.702     0.157     44.87
   CO3-2           1.311e-05   3.829e-07    -4.883    -6.417    -1.534     -2.92
   MgCO3           1.204e-05   1.204e-05    -4.920    -4.920     0.000    -17.02
   CaCO3           2.588e-12   2.588e-12   -11.587   -11.587     0.000     (0)  
Ca            3.655e-02
   Ca+2            3.655e-02   8.855e-03    -1.437    -2.053    -0.616    -18.97
   CaCO3           2.588e-12   2.588e-12   -11.587   -11.587     0.000     (0)  
Cl            2.243e+00
   Cl-             2.243e+00   1.555e+00     0.351     0.192    -0.159     16.76
K             4.232e-02
   K+              4.232e-02   1.982e-02    -1.373    -1.703    -0.329      9.45
Mg            2.277e-01
   Mg+2            2.277e-01   5.840e-02    -0.643    -1.234    -0.591    -18.72
   MgCO3           1.204e-05   1.204e-05    -4.920    -4.920     0.000    -17.02
   MgOH+           3.090e-08   2.391e-08    -7.510    -7.621    -0.111     (0)  
Na            1.766e+00
   Na+             1.766e+00   9.979e-01     0.247    -0.001    -0.248     -1.84
S(6)          7.495e-02
   SO4-2           7.495e-02   2.473e-03    -1.125    -2.607    -1.481     13.46

------------------------------Saturation indices-------------------------------

  Phase               SI** log IAP   log K(264 K,   1 atm)

  Anhydrite        -0.63     -4.66   -4.03  CaSO4
  Antarcticite     -4.98     -1.87    3.11  CaCl2:6H2O
  Aphthitalite    -11.20    -20.65   -9.44  Na2SO4:3K2SO4
  Aragonite        -0.27     -8.47   -8.20  CaCO3
  Arcanite         -3.64     -6.01   -2.37  K2SO4
  Bischofite       -5.80     -1.05    4.75  MgCl2:6H2O
  Bloedite         -4.09     -6.58   -2.49  Na2Mg(SO4)2:4H2O
  Calcite          -0.10     -8.47   -8.37  CaCO3
  Carnallite       -6.24     -2.56    3.68  KMgCl3:6H2O
  CO2(g)           -1.76     -2.70   -0.94  CO2
  Dolomite          0.07    -16.12  -16.19  CaMg(CO3)2
  Epsomite         -1.73     -4.08   -2.34  MgSO4:7H2O
  Gypsum           -0.00     -4.73   -4.72  CaSO4:2H2O
  Halite           -1.26      0.19    1.45  NaCl
  Hexahydrite      -2.31     -4.04   -1.73  MgSO4:6H2O
  Hydrohalite      -0.99      0.12    1.12  NaCl:2H2O
  Hydromagnesite   -6.87    -41.23  -34.36  (MgCO3)3:Mg(OH)2:3H2O
  Ice(s)            0.00     -0.03   -0.04  H2O
  Ikaite           -1.22     -8.67   -7.45  CaCO3:6H2O
  Kalicinite       -3.96     -4.25   -0.29  KHCO3
  Kieserite        -4.87     -3.87    1.00  MgSO4:H2O
  Landsfordite     -2.77     -7.82   -5.04  MgCO3:5H2O
  Magnesite        -0.20     -7.65   -7.45  MgCO3
  Meridianite      -1.52     -4.21   -2.69  MgSO4:11H2O
  MgCl2:12H2O      -3.60     -1.25    2.35  MgCl2:12H2O
  MgCl2:8H2O       -4.81     -1.12    3.69  MgCl2:8H2O
  Mirabilite        0.05     -2.94   -2.99  Na2SO4:10H2O
  Na2CO3:7H2O      -5.37     -6.65   -1.28  Na2CO3:7H2O
  Nahcolite        -1.72     -2.54   -0.83  NaHCO3
  Natron           -4.63     -6.75   -2.12  Na2CO3:10H2O
  Nesquehonite     -2.91     -7.75   -4.84  MgCO3:3H2O
  Picromerite      -4.69    -10.05   -5.37  MgSO4:K2SO4:6H2O
  Sylvite          -1.94     -1.51    0.43  KCl
  Tachyhydrite    -22.76     -3.77   18.98  CaCl2:(MgCl2)2:12H2O
  Thenardite       -2.29     -2.61   -0.32  Na2SO4
  Trona            -7.63     -9.03   -1.40  Na3H(CO3)2:2H2O
  Vaterite         -0.77     -8.47   -7.70  CaCO3

**For a gas, SI = log10(fugacity). Fugacity = pressure * phi / 1 atm.
  For ideal gases, phi = 1.

------------------
End of simulation.
------------------

------------------------------------
Reading input data for simulation 2.
------------------------------------

-------------------------------
End of Run after 1.386 Seconds.
-------------------------------

