   Input file: C:\Users\Kagiso\PHREEQC-Python\C3_Ca_plus10pct_FREZ_pre_-017p0.pqi
  Output file: C:\Users\Kagiso\PHREEQC-Python\C3_Ca_plus10pct_FREZ_pre_-017p0.out
Database file: C:\Program Files\USGS\phreeqc-3.8.6-17100-x64\database\frezchem.dat

------------------
Reading data base.
------------------

	PITZER
	SOLUTION_MASTER_SPECIES
	SOLUTION_SPECIES
	PHASES
	PITZER
	EXCHANGE_MASTER_SPECIES
	EXCHANGE_SPECIES
	SURFACE_MASTER_SPECIES
	SURFACE_SPECIES
	END
------------------------------------
Reading input data for simulation 1.
------------------------------------

	TITLE C3_Ca_plus10pct FREZCHEM sequential FC at -17.00 C
	SOLUTION 1
	    temp -17.00000000
	    pH 6.5057000000
	    units mol/kgw
	    water 0.284270000000
	    Na 3.00355296021388e+00
	    K 7.60579730537869e-02
	    Mg 4.09258803250431e-01
	    Ca 6.64790516058677e-02
	    Cl 4.03137861891863e+00
	    S(6) 3.36159285186618e-02
	    C(4) 1.31944981883421e-02
	SELECTED_OUTPUT 1
	    file C:/Users/Kagiso/PHREEQC-Python/C3_Ca_plus10pct_FREZ_pre_-017p0.txt
	    reset false
	    user_punch true
	USER_PUNCH 1
	    headings Temp_C pH Water_kg Alk_eq_kgw Mu aw Na_mol K_mol Mg_mol Ca_mol Cl_mol S6_mol C4_mol Na_m K_m Mg_m Ca_m Cl_m S6_m C4_m Na_act Cl_act SO4_act SI_Ice SI_Mirabilite SI_Halite SI_Hydrohalite SI_Calcite SI_Gypsum Iterations
	    10 PUNCH TC, -LA("H+"), TOT("water"), ALK, MU, ACT("H2O")
	    20 PUNCH TOTMOLE("Na"), TOTMOLE("K"), TOTMOLE("Mg"), TOTMOLE("Ca")
	    30 PUNCH TOTMOLE("Cl"), TOTMOLE("S(6)"), TOTMOLE("C(4)")
	    40 PUNCH TOT("Na"), TOT("K"), TOT("Mg"), TOT("Ca")
	    50 PUNCH TOT("Cl"), TOT("S(6)"), TOT("C(4)")
	    60 PUNCH ACT("Na+"), ACT("Cl-"), ACT("SO4-2")
	    70 PUNCH SI("Ice(s)"), SI("Mirabilite"), SI("Halite"), SI("Hydrohalite"), SI("Calcite"), SI("Gypsum")
	    80 PUNCH ITERATIONS
	END
-----
TITLE
-----

 C3_Ca_plus10pct FREZCHEM sequential FC at -17.00 C

-------------------------------------------
Beginning of initial solution calculations.
-------------------------------------------

Initial solution 1.	

-----------------------------Solution composition------------------------------

	Elements           Molality       Moles

	C(4)              1.319e-02   3.751e-03
	Ca                6.648e-02   1.890e-02
	Cl                4.031e+00   1.146e+00
	K                 7.606e-02   2.162e-02
	Mg                4.093e-01   1.163e-01
	Na                3.004e+00   8.538e-01
	S(6)              3.362e-02   9.556e-03

----------------------------Description of solution----------------------------

                                       pH  =   6.506    
                                       pe  =   4.000    
      Specific Conductance (µS/cm, -17°C)  = 46405
                          Density (g/cm³)  =   1.16600
                               Volume (L)  =   0.30024
                        Activity of water  =   0.856
                 Ionic strength (mol/kgw)  =   4.579e+00
                       Mass of water (kg)  =   2.843e-01
                 Total alkalinity (eq/kg)  =   8.749e-03
                       Total CO2 (mol/kg)  =   1.319e-02
                         Temperature (°C)  = -17.00
                  Electrical balance (eq)  =  -2.168e-02
 Percent error, 100*(Cat-|An|)/(Cat+|An|)  =  -0.94
                               Iterations  =  16
                         Gamma iterations  =   5
                      Osmotic coefficient  =   1.12746
                         Density of water  =   0.99534
                                  Total H  = 3.156173e+01
                                  Total O  = 1.582783e+01

----------------------------Distribution of species----------------------------

                                                    Unscaled  Unscaled
                                Unscaled       Log       Log       Log    mole V
   Species          Molality    Activity  Molality  Activity     Gamma   cm³/mol

   H+              1.149e-07   3.121e-07    -6.940    -6.506     0.434      0.00
   OH-             1.090e-08   4.863e-10    -7.963    -9.313    -1.350     -4.12
   H2O             5.551e+01   8.564e-01     1.744    -0.067     0.000     18.10
C(4)          1.319e-02
   HCO3-           8.703e-03   3.432e-03    -2.060    -2.465    -0.404     35.23
   CO2             4.469e-03   9.364e-03    -2.350    -2.029     0.321     54.16
   MgCO3           1.440e-05   1.440e-05    -4.842    -4.842     0.000    -16.97
   CO3-2           8.742e-06   1.244e-07    -5.058    -6.905    -1.847     -0.50
   CaCO3           2.441e-12   2.441e-12   -11.612   -11.612     0.000     (0)  
Ca            6.648e-02
   Ca+2            6.648e-02   3.278e-02    -1.177    -1.484    -0.307    -22.25
   CaCO3           2.441e-12   2.441e-12   -11.612   -11.612     0.000     (0)  
Cl            4.031e+00
   Cl-             4.031e+00   3.246e+00     0.605     0.511    -0.094     16.04
K             7.606e-02
   K+              7.606e-02   3.033e-02    -1.119    -1.518    -0.399     10.79
Mg            4.093e-01
   Mg+2            4.092e-01   2.360e-01    -0.388    -0.627    -0.239    -18.69
   MgCO3           1.440e-05   1.440e-05    -4.842    -4.842     0.000    -16.97
   MgOH+           2.294e-08   1.409e-08    -7.639    -7.851    -0.212     (0)  
Na            3.004e+00
   Na+             3.004e+00   1.777e+00     0.478     0.250    -0.228     -1.91
S(6)          3.362e-02
   SO4-2           3.362e-02   6.221e-04    -1.473    -3.206    -1.733     10.14

------------------------------Saturation indices-------------------------------

  Phase               SI** log IAP   log K(256 K,   1 atm)

  Anhydrite        -0.67     -4.69   -4.02  CaSO4
  Antarcticite     -3.86     -0.87    3.00  CaCl2:6H2O
  Aphthitalite    -11.46    -21.43   -9.97  Na2SO4:3K2SO4
  Aragonite        -0.20     -8.39   -8.18  CaCO3
  Arcanite         -3.71     -6.24   -2.53  K2SO4
  Bischofite       -4.73     -0.01    4.72  MgCl2:6H2O
  Bloedite         -4.29     -6.81   -2.52  Na2Mg(SO4)2:4H2O
  Calcite          -0.03     -8.39   -8.36  CaCO3
  Carnallite       -4.47     -1.01    3.46  KMgCl3:6H2O
  CO2(g)           -1.26     -2.03   -0.77  CO2
  Dolomite          0.03    -15.92  -15.95  CaMg(CO3)2
  Epsomite         -1.83     -4.30   -2.47  MgSO4:7H2O
  Gypsum           -0.02     -4.83   -4.81  CaSO4:2H2O
  Halite           -0.64      0.76    1.40  NaCl
  Hexahydrite      -2.49     -4.24   -1.75  MgSO4:6H2O
  Hydrohalite      -0.35      0.63    0.98  NaCl:2H2O
  Hydromagnesite   -8.35    -42.05  -33.70  (MgCO3)3:Mg(OH)2:3H2O
  Ice(s)            0.00     -0.07   -0.07  H2O
  Ikaite           -1.10     -8.79   -7.69  CaCO3:6H2O
  Kalicinite       -3.59     -3.98   -0.39  KHCO3
  Kieserite        -5.38     -3.90    1.48  MgSO4:H2O
  Landsfordite     -3.14     -7.87   -4.73  MgCO3:5H2O
  Magnesite        -0.24     -7.53   -7.29  MgCO3
  Meridianite      -1.56     -4.57   -3.01  MgSO4:11H2O
  MgCl2:12H2O      -2.39     -0.41    1.98  MgCl2:12H2O
  MgCl2:8H2O       -3.66     -0.14    3.52  MgCl2:8H2O
  Mirabilite        0.04     -3.38   -3.42  Na2SO4:10H2O
  Na2CO3:7H2O      -5.40     -6.88   -1.48  Na2CO3:7H2O
  Nahcolite        -1.32     -2.21   -0.90  NaHCO3
  Natron           -4.68     -7.08   -2.40  Na2CO3:10H2O
  Nesquehonite     -3.12     -7.73   -4.62  MgCO3:3H2O
  Picromerite      -4.78    -10.48   -5.70  MgSO4:K2SO4:6H2O
  Sylvite          -1.29     -1.01    0.29  KCl
  Tachyhydrite    -19.94     -0.48   19.47  CaCl2:(MgCl2)2:12H2O
  Thenardite       -2.38     -2.71   -0.32  Na2SO4
  Trona            -7.27     -8.75   -1.49  Na3H(CO3)2:2H2O
  Vaterite         -0.72     -8.39   -7.67  CaCO3

**For a gas, SI = log10(fugacity). Fugacity = pressure * phi / 1 atm.
  For ideal gases, phi = 1.

------------------
End of simulation.
------------------

------------------------------------
Reading input data for simulation 2.
------------------------------------

-------------------------------
End of Run after 1.486 Seconds.
-------------------------------

