   Input file: C:\Users\Kagiso\PHREEQC-Python\C3_Ca_plus10pct_FREZ_eq_+004p0.pqi
  Output file: C:\Users\Kagiso\PHREEQC-Python\C3_Ca_plus10pct_FREZ_eq_+004p0.out
Database file: C:\Program Files\USGS\phreeqc-3.8.6-17100-x64\database\frezchem.dat

------------------
Reading data base.
------------------

	PITZER
	SOLUTION_MASTER_SPECIES
	SOLUTION_SPECIES
	PHASES
	PITZER
	EXCHANGE_MASTER_SPECIES
	EXCHANGE_SPECIES
	SURFACE_MASTER_SPECIES
	SURFACE_SPECIES
	END
------------------------------------
Reading input data for simulation 1.
------------------------------------

	TITLE C3_Ca_plus10pct FREZCHEM sequential FC at 4.00 C
	SOLUTION 1
	    temp 4.00000000
	    pH 6.9385000000
	    units mol/kgw
	    water 1.000000000000
	    Na 9.39140000000000e-01
	    K 2.16210000000000e-02
	    Mg 1.16340000000000e-01
	    Ca 2.65090000000000e-02
	    Cl 1.14600000000000e+00
	    S(6) 5.96640000000000e-02
	    C(4) 3.91420000000000e-03
	EQUILIBRIUM_PHASES 1
	    Ice(s)       0.0 0.0
	    Mirabilite   0.0 0.0
	    Halite       0.0 0.0
	    Hydrohalite  0.0 0.0
	    Calcite      0.0 0.0
	    Gypsum       0.0 0.0
	SELECTED_OUTPUT 1
	    file C:/Users/Kagiso/PHREEQC-Python/C3_Ca_plus10pct_FREZ_eq_+004p0.txt
	    reset false
	    user_punch true
	USER_PUNCH 1
	    headings Temp_C pH Water_kg Alk_eq_kgw Mu aw Na_mol K_mol Mg_mol Ca_mol Cl_mol S6_mol C4_mol Na_m K_m Mg_m Ca_m Cl_m S6_m C4_m Na_act Cl_act SO4_act SI_Ice SI_Mirabilite SI_Halite SI_Hydrohalite SI_Calcite SI_Gypsum Ice_mol Mirabilite_mol Halite_mol Hydrohalite_mol Calcite_mol Gypsum_mol Iterations
	    10 PUNCH TC, -LA("H+"), TOT("water"), ALK, MU, ACT("H2O")
	    20 PUNCH TOTMOLE("Na"), TOTMOLE("K"), TOTMOLE("Mg"), TOTMOLE("Ca")
	    30 PUNCH TOTMOLE("Cl"), TOTMOLE("S(6)"), TOTMOLE("C(4)")
	    40 PUNCH TOT("Na"), TOT("K"), TOT("Mg"), TOT("Ca")
	    50 PUNCH TOT("Cl"), TOT("S(6)"), TOT("C(4)")
	    60 PUNCH ACT("Na+"), ACT("Cl-"), ACT("SO4-2")
	    70 PUNCH SI("Ice(s)"), SI("Mirabilite"), SI("Halite"), SI("Hydrohalite"), SI("Calcite"), SI("Gypsum")
	    80 PUNCH EQUI("Ice(s)"), EQUI("Mirabilite"), EQUI("Halite"), EQUI("Hydrohalite"), EQUI("Calcite"), EQUI("Gypsum")
	    90 PUNCH ITERATIONS
	END
-----
TITLE
-----

 C3_Ca_plus10pct FREZCHEM sequential FC at 4.00 C

-------------------------------------------
Beginning of initial solution calculations.
-------------------------------------------

Initial solution 1.	

-----------------------------Solution composition------------------------------

	Elements           Molality       Moles

	C(4)              3.914e-03   3.914e-03
	Ca                2.651e-02   2.651e-02
	Cl                1.146e+00   1.146e+00
	K                 2.162e-02   2.162e-02
	Mg                1.163e-01   1.163e-01
	Na                9.391e-01   9.391e-01
	S(6)              5.966e-02   5.966e-02

----------------------------Description of solution----------------------------

                                       pH  =   6.939    
                                       pe  =   4.000    
      Specific Conductance (µS/cm,   4°C)  = 50369
                          Density (g/cm³)  =   1.05401
                               Volume (L)  =   1.01793
                        Activity of water  =   0.962
                 Ionic strength (mol/kgw)  =   1.460e+00
                       Mass of water (kg)  =   1.000e+00
                 Total alkalinity (eq/kg)  =   3.406e-03
                       Total CO2 (mol/kg)  =   3.914e-03
                         Temperature (°C)  =   4.00
                  Electrical balance (eq)  =  -2.228e-02
 Percent error, 100*(Cat-|An|)/(Cat+|An|)  =  -0.89
                               Iterations  =  13
                         Gamma iterations  =   4
                      Osmotic coefficient  =   0.91817
                         Density of water  =   0.99997
                                  Total H  = 1.110220e+02
                                  Total O  = 5.575918e+01

----------------------------Distribution of species----------------------------

                                                    Unscaled  Unscaled
                                Unscaled       Log       Log       Log    mole V
   Species          Molality    Activity  Molality  Activity     Gamma   cm³/mol

   H+              1.389e-07   1.152e-07    -6.857    -6.939    -0.081      0.00
   OH-             4.503e-08   1.424e-08    -7.346    -7.846    -0.500     -3.13
   H2O             5.551e+01   9.625e-01     1.744    -0.017     0.000     18.02
C(4)          3.914e-03
   HCO3-           3.381e-03   1.688e-03    -2.471    -2.773    -0.302     26.57
   CO2             5.206e-04   6.813e-04    -3.284    -3.167     0.117     36.24
   CO3-2           6.821e-06   3.955e-07    -5.166    -6.403    -1.237     -1.98
   MgCO3           6.005e-06   6.005e-06    -5.221    -5.221     0.000    -17.06
   CaCO3           1.700e-12   1.700e-12   -11.769   -11.769     0.000     (0)  
Ca            2.651e-02
   Ca+2            2.651e-02   4.876e-03    -1.577    -2.312    -0.735    -17.30
   CaCO3           1.700e-12   1.700e-12   -11.769   -11.769     0.000     (0)  
Cl            1.146e+00
   Cl-             1.146e+00   7.807e-01     0.059    -0.107    -0.167     17.90
K             2.162e-02
   K+              2.162e-02   1.154e-02    -1.665    -1.938    -0.272      9.29
Mg            1.163e-01
   Mg+2            1.163e-01   2.394e-02    -0.934    -1.621    -0.687    -19.39
   MgCO3           6.005e-06   6.005e-06    -5.221    -5.221     0.000    -17.06
   MgOH+           5.045e-08   4.319e-08    -7.297    -7.365    -0.067     (0)  
Na            9.391e-01
   Na+             9.391e-01   5.570e-01    -0.027    -0.254    -0.227     -1.27
S(6)          5.966e-02
   SO4-2           5.966e-02   3.777e-03    -1.224    -2.423    -1.199     16.53

------------------------------Saturation indices-------------------------------

  Phase               SI** log IAP   log K(277 K,   1 atm)

  Anhydrite        -0.65     -4.73   -4.08  CaSO4
  Antarcticite     -5.97     -2.63    3.34  CaCl2:6H2O
  Aphthitalite    -13.24    -21.83   -8.58  Na2SO4:3K2SO4
  Aragonite        -0.48     -8.71   -8.23  CaCO3
  Arcanite         -4.17     -6.30   -2.12  K2SO4
  Bischofite       -6.68     -1.94    4.74  MgCl2:6H2O
  Bloedite         -4.59     -7.04   -2.45  Na2Mg(SO4)2:4H2O
  Calcite          -0.32     -8.71   -8.39  CaCO3
  Carnallite       -7.96     -3.98    3.97  KMgCl3:6H2O
  CO2(g)           -1.99     -3.17   -1.18  CO2
  Dolomite         -0.18    -16.74  -16.56  CaMg(CO3)2
  Epsomite         -2.01     -4.16   -2.15  MgSO4:7H2O
  Gypsum           -0.13     -4.77   -4.64  CaSO4:2H2O
  Halite           -1.87     -0.36    1.51  NaCl
  Hexahydrite      -2.45     -4.14   -1.69  MgSO4:6H2O
  Hydrohalite      -1.70     -0.39    1.31  NaCl:2H2O
  Hydromagnesite   -6.08    -41.43  -35.35  (MgCO3)3:Mg(OH)2:3H2O
  Ice(s)           -0.03     -0.02    0.02  H2O
  Ikaite           -1.72     -8.81   -7.10  CaCO3:6H2O
  Kalicinite       -4.60     -4.71   -0.11  KHCO3
  Kieserite        -4.44     -4.06    0.38  MgSO4:H2O
  Landsfordite     -2.90     -8.11   -5.21  MgCO3:5H2O
  Magnesite        -0.34     -8.02   -7.69  MgCO3
  Meridianite      -2.07     -4.23   -2.16  MgSO4:11H2O
  MgCl2:12H2O      -5.13     -2.04    3.10  MgCl2:12H2O
  MgCl2:8H2O       -5.88     -1.97    3.91  MgCl2:8H2O
  Mirabilite       -0.80     -3.10   -2.30  Na2SO4:10H2O
  Na2CO3:7H2O      -6.07     -7.03   -0.96  Na2CO3:7H2O
  Nahcolite        -2.36     -3.03   -0.67  NaHCO3
  Natron           -5.43     -7.08   -1.65  Na2CO3:10H2O
  Nesquehonite     -2.96     -8.07   -5.12  MgCO3:3H2O
  Picromerite      -5.54    -10.44   -4.90  MgSO4:K2SO4:6H2O
  Sylvite          -2.68     -2.05    0.64  KCl
  Tachyhydrite    -24.60     -6.40   18.20  CaCl2:(MgCl2)2:12H2O
  Thenardite       -2.63     -2.93   -0.31  Na2SO4
  Trona            -8.72     -9.97   -1.25  Na3H(CO3)2:2H2O
  Vaterite         -0.95     -8.71   -7.77  CaCO3

**For a gas, SI = log10(fugacity). Fugacity = pressure * phi / 1 atm.
  For ideal gases, phi = 1.

-----------------------------------------
Beginning of batch-reaction calculations.
-----------------------------------------

Reaction step 1.

Using solution 1.	
Using pure phase assemblage 1.	

-------------------------------Phase assemblage--------------------------------

                                                      Moles in assemblage
Phase               SI  log IAP  log K(T, P)   Initial       Final       Delta

Calcite          -0.32    -8.71     -8.39    0.000e+00           0   0.000e+00
Gypsum           -0.13    -4.77     -4.64    0.000e+00           0   0.000e+00
Halite           -1.87    -0.36      1.51    0.000e+00           0   0.000e+00
Hydrohalite      -1.70    -0.39      1.31    0.000e+00           0   0.000e+00
Ice(s)           -0.03    -0.02      0.02    0.000e+00           0   0.000e+00
Mirabilite       -0.80    -3.10     -2.30    0.000e+00           0   0.000e+00

-----------------------------Solution composition------------------------------

	Elements           Molality       Moles

	C                 3.914e-03   3.914e-03
	Ca                2.651e-02   2.651e-02
	Cl                1.146e+00   1.146e+00
	K                 2.162e-02   2.162e-02
	Mg                1.163e-01   1.163e-01
	Na                9.391e-01   9.391e-01
	S                 5.966e-02   5.966e-02

----------------------------Description of solution----------------------------

                                       pH  =   6.938      Charge balance
                                       pe  =   4.000      Adjusted to redox equilibrium
      Specific Conductance (µS/cm,   4°C)  = 50369
                          Density (g/cm³)  =   1.05401
                               Volume (L)  =   1.01793
                        Activity of water  =   0.962
                 Ionic strength (mol/kgw)  =   1.460e+00
                       Mass of water (kg)  =   1.000e+00
                 Total alkalinity (eq/kg)  =   3.406e-03
                       Total CO2 (mol/kg)  =   3.914e-03
                         Temperature (°C)  =   4.00
                  Electrical balance (eq)  =  -2.228e-02
 Percent error, 100*(Cat-|An|)/(Cat+|An|)  =  -0.89
                               Iterations  =   1
                         Gamma iterations  =   1
                      Osmotic coefficient  =   0.91817
                         Density of water  =   0.99997
                                  Total H  = 1.110220e+02
                                  Total O  = 5.575918e+01

----------------------------Distribution of species----------------------------

                                                    Unscaled  Unscaled
                                Unscaled       Log       Log       Log    mole V
   Species          Molality    Activity  Molality  Activity     Gamma   cm³/mol

   H+              1.389e-07   1.152e-07    -6.857    -6.938    -0.081      0.00
   OH-             4.503e-08   1.424e-08    -7.346    -7.846    -0.500     -3.13
   H2O             5.551e+01   9.625e-01     1.744    -0.017     0.000     18.02
C(4)          3.914e-03
   HCO3-           3.381e-03   1.688e-03    -2.471    -2.773    -0.302     26.57
   CO2             5.206e-04   6.813e-04    -3.284    -3.167     0.117     36.24
   CO3-2           6.821e-06   3.955e-07    -5.166    -6.403    -1.237     -1.98
   MgCO3           6.005e-06   6.005e-06    -5.221    -5.221     0.000    -17.06
   CaCO3           1.700e-12   1.700e-12   -11.769   -11.769     0.000     (0)  
Ca            2.651e-02
   Ca+2            2.651e-02   4.876e-03    -1.577    -2.312    -0.735    -17.30
   CaCO3           1.700e-12   1.700e-12   -11.769   -11.769     0.000     (0)  
Cl            1.146e+00
   Cl-             1.146e+00   7.807e-01     0.059    -0.107    -0.167     17.90
K             2.162e-02
   K+              2.162e-02   1.154e-02    -1.665    -1.938    -0.272      9.29
Mg            1.163e-01
   Mg+2            1.163e-01   2.394e-02    -0.934    -1.621    -0.687    -19.39
   MgCO3           6.005e-06   6.005e-06    -5.221    -5.221     0.000    -17.06
   MgOH+           5.045e-08   4.319e-08    -7.297    -7.365    -0.067     (0)  
Na            9.391e-01
   Na+             9.391e-01   5.570e-01    -0.027    -0.254    -0.227     -1.27
S(6)          5.966e-02
   SO4-2           5.966e-02   3.777e-03    -1.224    -2.423    -1.199     16.53

------------------------------Saturation indices-------------------------------

  Phase               SI** log IAP   log K(277 K,   1 atm)

  Anhydrite        -0.65     -4.73   -4.08  CaSO4
  Antarcticite     -5.97     -2.63    3.34  CaCl2:6H2O
  Aphthitalite    -13.24    -21.83   -8.58  Na2SO4:3K2SO4
  Aragonite        -0.48     -8.71   -8.23  CaCO3
  Arcanite         -4.17     -6.30   -2.12  K2SO4
  Bischofite       -6.68     -1.94    4.74  MgCl2:6H2O
  Bloedite         -4.59     -7.04   -2.45  Na2Mg(SO4)2:4H2O
  Calcite          -0.32     -8.71   -8.39  CaCO3
  Carnallite       -7.96     -3.98    3.97  KMgCl3:6H2O
  CO2(g)           -1.99     -3.17   -1.18  CO2
  Dolomite         -0.18    -16.74  -16.56  CaMg(CO3)2
  Epsomite         -2.01     -4.16   -2.15  MgSO4:7H2O
  Gypsum           -0.13     -4.77   -4.64  CaSO4:2H2O
  Halite           -1.87     -0.36    1.51  NaCl
  Hexahydrite      -2.45     -4.14   -1.69  MgSO4:6H2O
  Hydrohalite      -1.70     -0.39    1.31  NaCl:2H2O
  Hydromagnesite   -6.08    -41.43  -35.35  (MgCO3)3:Mg(OH)2:3H2O
  Ice(s)           -0.03     -0.02    0.02  H2O
  Ikaite           -1.72     -8.81   -7.10  CaCO3:6H2O
  Kalicinite       -4.60     -4.71   -0.11  KHCO3
  Kieserite        -4.44     -4.06    0.38  MgSO4:H2O
  Landsfordite     -2.90     -8.11   -5.21  MgCO3:5H2O
  Magnesite        -0.34     -8.02   -7.69  MgCO3
  Meridianite      -2.07     -4.23   -2.16  MgSO4:11H2O
  MgCl2:12H2O      -5.13     -2.04    3.10  MgCl2:12H2O
  MgCl2:8H2O       -5.88     -1.97    3.91  MgCl2:8H2O
  Mirabilite       -0.80     -3.10   -2.30  Na2SO4:10H2O
  Na2CO3:7H2O      -6.07     -7.03   -0.96  Na2CO3:7H2O
  Nahcolite        -2.36     -3.03   -0.67  NaHCO3
  Natron           -5.43     -7.08   -1.65  Na2CO3:10H2O
  Nesquehonite     -2.96     -8.07   -5.12  MgCO3:3H2O
  Picromerite      -5.54    -10.44   -4.90  MgSO4:K2SO4:6H2O
  Sylvite          -2.68     -2.05    0.64  KCl
  Tachyhydrite    -24.60     -6.40   18.20  CaCl2:(MgCl2)2:12H2O
  Thenardite       -2.63     -2.93   -0.31  Na2SO4
  Trona            -8.72     -9.97   -1.25  Na3H(CO3)2:2H2O
  Vaterite         -0.95     -8.71   -7.77  CaCO3

**For a gas, SI = log10(fugacity). Fugacity = pressure * phi / 1 atm.
  For ideal gases, phi = 1.

------------------
End of simulation.
------------------

------------------------------------
Reading input data for simulation 2.
------------------------------------

-------------------------------
End of Run after 1.384 Seconds.
-------------------------------

