   Input file: C:\Users\Kagiso\PHREEQC-Python\C3_Ca_plus10pct_FREZ_eq_-008p0.pqi
  Output file: C:\Users\Kagiso\PHREEQC-Python\C3_Ca_plus10pct_FREZ_eq_-008p0.out
Database file: C:\Program Files\USGS\phreeqc-3.8.6-17100-x64\database\frezchem.dat

------------------
Reading data base.
------------------

	PITZER
	SOLUTION_MASTER_SPECIES
	SOLUTION_SPECIES
	PHASES
	PITZER
	EXCHANGE_MASTER_SPECIES
	EXCHANGE_SPECIES
	SURFACE_MASTER_SPECIES
	SURFACE_SPECIES
	END
------------------------------------
Reading input data for simulation 1.
------------------------------------

	TITLE C3_Ca_plus10pct FREZCHEM sequential FC at -8.00 C
	SOLUTION 1
	    temp -8.00000000
	    pH 6.8642000000
	    units mol/kgw
	    water 0.582030000000
	    Na 1.60330223527997e+00
	    K 3.71475697129014e-02
	    Mg 1.99886603783310e-01
	    Ca 3.27508891294263e-02
	    Cl 1.96897067161486e+00
	    S(6) 8.45901414016460e-02
	    C(4) 6.72508289950690e-03
	EQUILIBRIUM_PHASES 1
	    Ice(s)       0.0 0.0
	    Mirabilite   0.0 0.0
	    Halite       0.0 0.0
	    Hydrohalite  0.0 0.0
	    Calcite      0.0 0.0
	    Gypsum       0.0 0.0
	SELECTED_OUTPUT 1
	    file C:/Users/Kagiso/PHREEQC-Python/C3_Ca_plus10pct_FREZ_eq_-008p0.txt
	    reset false
	    user_punch true
	USER_PUNCH 1
	    headings Temp_C pH Water_kg Alk_eq_kgw Mu aw Na_mol K_mol Mg_mol Ca_mol Cl_mol S6_mol C4_mol Na_m K_m Mg_m Ca_m Cl_m S6_m C4_m Na_act Cl_act SO4_act SI_Ice SI_Mirabilite SI_Halite SI_Hydrohalite SI_Calcite SI_Gypsum Ice_mol Mirabilite_mol Halite_mol Hydrohalite_mol Calcite_mol Gypsum_mol Iterations
	    10 PUNCH TC, -LA("H+"), TOT("water"), ALK, MU, ACT("H2O")
	    20 PUNCH TOTMOLE("Na"), TOTMOLE("K"), TOTMOLE("Mg"), TOTMOLE("Ca")
	    30 PUNCH TOTMOLE("Cl"), TOTMOLE("S(6)"), TOTMOLE("C(4)")
	    40 PUNCH TOT("Na"), TOT("K"), TOT("Mg"), TOT("Ca")
	    50 PUNCH TOT("Cl"), TOT("S(6)"), TOT("C(4)")
	    60 PUNCH ACT("Na+"), ACT("Cl-"), ACT("SO4-2")
	    70 PUNCH SI("Ice(s)"), SI("Mirabilite"), SI("Halite"), SI("Hydrohalite"), SI("Calcite"), SI("Gypsum")
	    80 PUNCH EQUI("Ice(s)"), EQUI("Mirabilite"), EQUI("Halite"), EQUI("Hydrohalite"), EQUI("Calcite"), EQUI("Gypsum")
	    90 PUNCH ITERATIONS
	END
-----
TITLE
-----

 C3_Ca_plus10pct FREZCHEM sequential FC at -8.00 C

-------------------------------------------
Beginning of initial solution calculations.
-------------------------------------------

Initial solution 1.	

-----------------------------Solution composition------------------------------

	Elements           Molality       Moles

	C(4)              6.725e-03   3.914e-03
	Ca                3.275e-02   1.906e-02
	Cl                1.969e+00   1.146e+00
	K                 3.715e-02   2.162e-02
	Mg                1.999e-01   1.163e-01
	Na                1.603e+00   9.332e-01
	S(6)              8.459e-02   4.923e-02

----------------------------Description of solution----------------------------

                                       pH  =   6.864    
                                       pe  =   4.000    
      Specific Conductance (µS/cm,  -8°C)  = 47336
                          Density (g/cm³)  =   1.09140
                               Volume (L)  =   0.59877
                        Activity of water  =   0.935
                 Ionic strength (mol/kgw)  =   2.442e+00
                       Mass of water (kg)  =   5.820e-01
                 Total alkalinity (eq/kg)  =   5.432e-03
                       Total CO2 (mol/kg)  =   6.725e-03
                         Temperature (°C)  =  -8.00
                  Electrical balance (eq)  =  -2.203e-02
 Percent error, 100*(Cat-|An|)/(Cat+|An|)  =  -0.89
                               Iterations  =  16
                         Gamma iterations  =   5
                      Osmotic coefficient  =   0.95292
                         Density of water  =   0.99865
                                  Total H  = 6.461929e+01
                                  Total O  = 3.251599e+01

----------------------------Distribution of species----------------------------

                                                    Unscaled  Unscaled
                                Unscaled       Log       Log       Log    mole V
   Species          Molality    Activity  Molality  Activity     Gamma   cm³/mol

   H+              1.206e-07   1.367e-07    -6.919    -6.864     0.054      0.00
   OH-             2.016e-08   3.418e-09    -7.696    -8.466    -0.771     -3.93
   H2O             5.551e+01   9.347e-01     1.744    -0.029     0.000     18.04
C(4)          6.725e-03
   HCO3-           5.398e-03   2.465e-03    -2.268    -2.608    -0.340     27.84
   CO2             1.310e-03   1.807e-03    -2.883    -2.743     0.140     43.99
   CO3-2           9.223e-06   3.100e-07    -5.035    -6.509    -1.474     -3.30
   MgCO3           7.804e-06   7.804e-06    -5.108    -5.108     0.000    -17.02
   CaCO3           1.737e-12   1.737e-12   -11.760   -11.760     0.000     (0)  
Ca            3.275e-02
   Ca+2            3.275e-02   7.186e-03    -1.485    -2.143    -0.659    -18.74
   CaCO3           1.737e-12   1.737e-12   -11.760   -11.760     0.000     (0)  
Cl            1.969e+00
   Cl-             1.969e+00   1.342e+00     0.294     0.128    -0.167     16.81
K             3.715e-02
   K+              3.715e-02   1.780e-02    -1.430    -1.750    -0.319      9.30
Mg            1.999e-01
   Mg+2            1.999e-01   4.620e-02    -0.699    -1.335    -0.636    -18.79
   MgCO3           7.804e-06   7.804e-06    -5.108    -5.108     0.000    -17.02
   MgOH+           2.437e-08   1.922e-08    -7.613    -7.716    -0.103     (0)  
Na            1.603e+00
   Na+             1.603e+00   9.026e-01     0.205    -0.045    -0.250     -1.88
S(6)          8.459e-02
   SO4-2           8.459e-02   3.108e-03    -1.073    -2.508    -1.435     13.56

------------------------------Saturation indices-------------------------------

  Phase               SI** log IAP   log K(265 K,   1 atm)

  Anhydrite        -0.62     -4.65   -4.03  CaSO4
  Antarcticite     -5.19     -2.06    3.13  CaCl2:6H2O
  Aphthitalite    -11.24    -20.62   -9.38  Na2SO4:3K2SO4
  Aragonite        -0.45     -8.65   -8.20  CaCO3
  Arcanite         -3.66     -6.01   -2.35  K2SO4
  Bischofite       -6.00     -1.26    4.75  MgCl2:6H2O
  Bloedite         -4.07     -6.56   -2.49  Na2Mg(SO4)2:4H2O
  Calcite          -0.28     -8.65   -8.37  CaCO3
  Carnallite       -6.59     -2.88    3.71  KMgCl3:6H2O
  CO2(g)           -1.78     -2.74   -0.96  CO2
  Dolomite         -0.27    -16.50  -16.22  CaMg(CO3)2
  Epsomite         -1.72     -4.05   -2.33  MgSO4:7H2O
  Gypsum            0.01     -4.71   -4.72  CaSO4:2H2O
  Halite           -1.37      0.08    1.46  NaCl
  Hexahydrite      -2.29     -4.02   -1.72  MgSO4:6H2O
  Hydrohalite      -1.11      0.02    1.13  NaCl:2H2O
  Hydromagnesite   -7.45    -41.89  -34.44  (MgCO3)3:Mg(OH)2:3H2O
  Ice(s)            0.00     -0.03   -0.03  H2O
  Ikaite           -1.40     -8.83   -7.42  CaCO3:6H2O
  Kalicinite       -4.08     -4.36   -0.27  KHCO3
  Kieserite        -4.82     -3.87    0.94  MgSO4:H2O
  Landsfordite     -2.92     -7.99   -5.07  MgCO3:5H2O
  Magnesite        -0.38     -7.84   -7.47  MgCO3
  Meridianite      -1.52     -4.17   -2.65  MgSO4:11H2O
  MgCl2:12H2O      -3.83     -1.43    2.40  MgCl2:12H2O
  MgCl2:8H2O       -5.02     -1.31    3.71  MgCl2:8H2O
  Mirabilite        0.05     -2.89   -2.94  Na2SO4:10H2O
  Na2CO3:7H2O      -5.55     -6.80   -1.26  Na2CO3:7H2O
  Nahcolite        -1.84     -2.65   -0.82  NaHCO3
  Natron           -4.80     -6.89   -2.09  Na2CO3:10H2O
  Nesquehonite     -3.06     -7.93   -4.87  MgCO3:3H2O
  Picromerite      -4.70    -10.03   -5.33  MgSO4:K2SO4:6H2O
  Sylvite          -2.07     -1.62    0.45  KCl
  Tachyhydrite    -23.32     -4.40   18.92  CaCl2:(MgCl2)2:12H2O
  Thenardite       -2.28     -2.60   -0.32  Na2SO4
  Trona            -7.92     -9.31   -1.38  Na3H(CO3)2:2H2O
  Vaterite         -0.95     -8.65   -7.70  CaCO3

**For a gas, SI = log10(fugacity). Fugacity = pressure * phi / 1 atm.
  For ideal gases, phi = 1.

-----------------------------------------
Beginning of batch-reaction calculations.
-----------------------------------------

Reaction step 1.

WARNING: Maximum iterations exceeded, 200

WARNING: Numerical method failed with this set of convergence parameters.

WARNING: Trying smaller step size, pe step size 10, 5 ... 

WARNING: Maximum iterations exceeded, 400

WARNING: Numerical method failed with this set of convergence parameters.

WARNING: Trying reduced tolerance 1e-16 ...

WARNING: Maximum iterations exceeded, 400

WARNING: Numerical method failed with this set of convergence parameters.

WARNING: Trying increased tolerance 1e-14 ...

WARNING: Maximum iterations exceeded, 400

WARNING: Numerical method failed with this set of convergence parameters.

WARNING: Trying diagonal scaling ...

Using solution 1.	
Using pure phase assemblage 1.	

-------------------------------Phase assemblage--------------------------------

                                                      Moles in assemblage
Phase               SI  log IAP  log K(T, P)   Initial       Final       Delta

Calcite          -0.17    -8.54     -8.37    0.000e+00           0   0.000e+00
Gypsum           -0.01    -4.72     -4.72    0.000e+00           0   0.000e+00
Halite           -1.26     0.20      1.46    0.000e+00           0   0.000e+00
Hydrohalite      -1.00     0.13      1.13    0.000e+00           0   0.000e+00
Ice(s)            0.00    -0.03     -0.03    0.000e+00   3.733e+00   3.733e+00
Mirabilite        0.00    -2.94     -2.94    0.000e+00   1.120e-02   1.120e-02

-----------------------------Solution composition------------------------------

	Elements           Molality       Moles

	C                 7.633e-03   3.914e-03
	Ca                3.717e-02   1.906e-02
	Cl                2.235e+00   1.146e+00
	K                 4.217e-02   2.162e-02
	Mg                2.269e-01   1.163e-01
	Na                1.776e+00   9.108e-01
	S                 7.418e-02   3.804e-02

----------------------------Description of solution----------------------------

                                       pH  =   6.838      Charge balance
                                       pe  =   4.000      Adjusted to redox equilibrium
      Specific Conductance (µS/cm,  -8°C)  = 51009
                          Density (g/cm³)  =   1.10013
                               Volume (L)  =   0.52962
                        Activity of water  =   0.926
                 Ionic strength (mol/kgw)  =   2.706e+00
                       Mass of water (kg)  =   5.128e-01
                 Total alkalinity (eq/kg)  =   6.165e-03
                       Total CO2 (mol/kg)  =   7.633e-03
                         Temperature (°C)  =  -8.00
                  Electrical balance (eq)  =  -2.203e-02
 Percent error, 100*(Cat-|An|)/(Cat+|An|)  =  -0.91
                               Iterations  =   8 (1412 overall)
                         Gamma iterations  =   1
                      Osmotic coefficient  =   0.97649
                         Density of water  =   0.99865
                                  Total H  = 5.692971e+01
                                  Total O  = 2.862642e+01

----------------------------Distribution of species----------------------------

                                                    Unscaled  Unscaled
                                Unscaled       Log       Log       Log    mole V
   Species          Molality    Activity  Molality  Activity     Gamma   cm³/mol

   H+              1.160e-07   1.453e-07    -6.935    -6.838     0.098      0.00
   OH-             2.132e-08   3.183e-09    -7.671    -8.497    -0.826     -3.58
   H2O             5.551e+01   9.255e-01     1.744    -0.034     0.000     18.04
C(4)          7.633e-03
   HCO3-           6.123e-03   2.746e-03    -2.213    -2.561    -0.348     28.72
   CO2             1.490e-03   2.162e-03    -2.827    -2.665     0.162     43.99
   CO3-2           1.102e-05   3.249e-07    -4.958    -6.488    -1.530     -2.49
   MgCO3           1.032e-05   1.032e-05    -4.986    -4.986     0.000    -17.02
   CaCO3           2.253e-12   2.253e-12   -11.647   -11.647     0.000     (0)  
Ca            3.717e-02
   Ca+2            3.717e-02   8.893e-03    -1.430    -2.051    -0.621    -18.76
   CaCO3           2.253e-12   2.253e-12   -11.647   -11.647     0.000     (0)  
Cl            2.235e+00
   Cl-             2.235e+00   1.561e+00     0.349     0.193    -0.156     16.92
K             4.217e-02
   K+              4.217e-02   1.982e-02    -1.375    -1.703    -0.328      9.52
Mg            2.269e-01
   Mg+2            2.269e-01   5.828e-02    -0.644    -1.234    -0.590    -18.73
   MgCO3           1.032e-05   1.032e-05    -4.986    -4.986     0.000    -17.02
   MgOH+           2.932e-08   2.258e-08    -7.533    -7.646    -0.113     (0)  
Na            1.776e+00
   Na+             1.776e+00   1.008e+00     0.249     0.003    -0.246     -1.72
S(6)          7.418e-02
   SO4-2           7.418e-02   2.474e-03    -1.130    -2.607    -1.477     14.04

------------------------------Saturation indices-------------------------------

  Phase               SI** log IAP   log K(265 K,   1 atm)

  Anhydrite        -0.63     -4.66   -4.03  CaSO4
  Antarcticite     -4.99     -1.87    3.13  CaCl2:6H2O
  Aphthitalite    -11.26    -20.64   -9.38  Na2SO4:3K2SO4
  Aragonite        -0.34     -8.54   -8.20  CaCO3
  Arcanite         -3.66     -6.01   -2.35  K2SO4
  Bischofite       -5.80     -1.05    4.75  MgCl2:6H2O
  Bloedite         -4.09     -6.58   -2.49  Na2Mg(SO4)2:4H2O
  Calcite          -0.17     -8.54   -8.37  CaCO3
  Carnallite       -6.27     -2.56    3.71  KMgCl3:6H2O
  CO2(g)           -1.71     -2.67   -0.96  CO2
  Dolomite         -0.04    -16.26  -16.22  CaMg(CO3)2
  Epsomite         -1.75     -4.08   -2.33  MgSO4:7H2O
  Gypsum           -0.01     -4.72   -4.72  CaSO4:2H2O
  Halite           -1.26      0.20    1.46  NaCl
  Hexahydrite      -2.32     -4.04   -1.72  MgSO4:6H2O
  Hydrohalite      -1.00      0.13    1.13  NaCl:2H2O
  Hydromagnesite   -7.06    -41.50  -34.44  (MgCO3)3:Mg(OH)2:3H2O
  Ice(s)            0.00     -0.03   -0.03  H2O
  Ikaite           -1.32     -8.74   -7.42  CaCO3:6H2O
  Kalicinite       -3.99     -4.26   -0.27  KHCO3
  Kieserite        -4.82     -3.87    0.94  MgSO4:H2O
  Landsfordite     -2.82     -7.89   -5.07  MgCO3:5H2O
  Magnesite        -0.26     -7.72   -7.47  MgCO3
  Meridianite      -1.56     -4.21   -2.65  MgSO4:11H2O
  MgCl2:12H2O      -3.65     -1.25    2.40  MgCl2:12H2O
  MgCl2:8H2O       -4.83     -1.12    3.71  MgCl2:8H2O
  Mirabilite        0.00     -2.94   -2.94  Na2SO4:10H2O
  Na2CO3:7H2O      -5.46     -6.72   -1.26  Na2CO3:7H2O
  Nahcolite        -1.74     -2.56   -0.82  NaHCO3
  Natron           -4.73     -6.82   -2.09  Na2CO3:10H2O
  Nesquehonite     -2.96     -7.82   -4.87  MgCO3:3H2O
  Picromerite      -4.73    -10.06   -5.33  MgSO4:K2SO4:6H2O
  Sylvite          -1.96     -1.51    0.45  KCl
  Tachyhydrite    -22.69     -3.76   18.92  CaCl2:(MgCl2)2:12H2O
  Thenardite       -2.28     -2.60   -0.32  Na2SO4
  Trona            -7.72     -9.11   -1.38  Na3H(CO3)2:2H2O
  Vaterite         -0.84     -8.54   -7.70  CaCO3

**For a gas, SI = log10(fugacity). Fugacity = pressure * phi / 1 atm.
  For ideal gases, phi = 1.

------------------
End of simulation.
------------------

------------------------------------
Reading input data for simulation 2.
------------------------------------

-------------------------------
End of Run after 1.881 Seconds.
-------------------------------

