   Input file: C:\Users\Kagiso\PHREEQC-Python\C3_Ca_minus10pct_FREZ_pre_+019p0.pqi
  Output file: C:\Users\Kagiso\PHREEQC-Python\C3_Ca_minus10pct_FREZ_pre_+019p0.out
Database file: C:\Program Files\USGS\phreeqc-3.8.6-17100-x64\database\frezchem.dat

------------------
Reading data base.
------------------

	PITZER
	SOLUTION_MASTER_SPECIES
	SOLUTION_SPECIES
	PHASES
	PITZER
	EXCHANGE_MASTER_SPECIES
	EXCHANGE_SPECIES
	SURFACE_MASTER_SPECIES
	SURFACE_SPECIES
	END
------------------------------------
Reading input data for simulation 1.
------------------------------------

	TITLE C3_Ca_minus10pct FREZCHEM sequential FC at 19.00 C
	SOLUTION 1
	    temp 19.00000000
	    pH 7.0102000000
	    units mol/kgw
	    water 1.000000000000
	    Na 9.38960000000000e-01
	    K 2.16170000000000e-02
	    Mg 1.16320000000000e-01
	    Ca 2.16650000000000e-02
	    Cl 1.14580000000000e+00
	    S(6) 5.96520000000000e-02
	    C(4) 3.96720000000000e-03
	SELECTED_OUTPUT 1
	    file C:/Users/Kagiso/PHREEQC-Python/C3_Ca_minus10pct_FREZ_pre_+019p0.txt
	    reset false
	    user_punch true
	USER_PUNCH 1
	    headings Temp_C pH Water_kg Alk_eq_kgw Mu aw Na_mol K_mol Mg_mol Ca_mol Cl_mol S6_mol C4_mol Na_m K_m Mg_m Ca_m Cl_m S6_m C4_m Na_act Cl_act SO4_act SI_Ice SI_Mirabilite SI_Halite SI_Hydrohalite SI_Calcite SI_Gypsum Iterations
	    10 PUNCH TC, -LA("H+"), TOT("water"), ALK, MU, ACT("H2O")
	    20 PUNCH TOTMOLE("Na"), TOTMOLE("K"), TOTMOLE("Mg"), TOTMOLE("Ca")
	    30 PUNCH TOTMOLE("Cl"), TOTMOLE("S(6)"), TOTMOLE("C(4)")
	    40 PUNCH TOT("Na"), TOT("K"), TOT("Mg"), TOT("Ca")
	    50 PUNCH TOT("Cl"), TOT("S(6)"), TOT("C(4)")
	    60 PUNCH ACT("Na+"), ACT("Cl-"), ACT("SO4-2")
	    70 PUNCH SI("Ice(s)"), SI("Mirabilite"), SI("Halite"), SI("Hydrohalite"), SI("Calcite"), SI("Gypsum")
	    80 PUNCH ITERATIONS
	END
-----
TITLE
-----

 C3_Ca_minus10pct FREZCHEM sequential FC at 19.00 C

-------------------------------------------
Beginning of initial solution calculations.
-------------------------------------------

Initial solution 1.	

-----------------------------Solution composition------------------------------

	Elements           Molality       Moles

	C(4)              3.967e-03   3.967e-03
	Ca                2.166e-02   2.166e-02
	Cl                1.146e+00   1.146e+00
	K                 2.162e-02   2.162e-02
	Mg                1.163e-01   1.163e-01
	Na                9.390e-01   9.390e-01
	S(6)              5.965e-02   5.965e-02

----------------------------Description of solution----------------------------

                                       pH  =   7.010    
                                       pe  =   4.000    
      Specific Conductance (µS/cm,  19°C)  = 75976
                          Density (g/cm³)  =   1.04987
                               Volume (L)  =   1.02176
                        Activity of water  =   0.962
                 Ionic strength (mol/kgw)  =   1.450e+00
                       Mass of water (kg)  =   1.000e+00
                 Total alkalinity (eq/kg)  =   3.652e-03
                       Total CO2 (mol/kg)  =   3.967e-03
                         Temperature (°C)  =  19.00
                  Electrical balance (eq)  =  -3.221e-02
 Percent error, 100*(Cat-|An|)/(Cat+|An|)  =  -1.29
                               Iterations  =  13
                         Gamma iterations  =   4
                      Osmotic coefficient  =   0.93195
                         Density of water  =   0.99840
                                  Total H  = 1.110222e+02
                                  Total O  = 5.575946e+01

----------------------------Distribution of species----------------------------

                                                    Unscaled  Unscaled
                                Unscaled       Log       Log       Log    mole V
   Species          Molality    Activity  Molality  Activity     Gamma   cm³/mol

   OH-             1.767e-07   6.251e-08    -6.753    -7.204    -0.451     -1.76
   H+              1.213e-07   9.768e-08    -6.916    -7.010    -0.094      0.00
   H2O             5.551e+01   9.620e-01     1.744    -0.017     0.000     18.04
C(4)          3.967e-03
   HCO3-           3.594e-03   1.803e-03    -2.444    -2.744    -0.300     27.91
   CO2             3.443e-04   4.480e-04    -3.463    -3.349     0.114     30.65
   MgCO3           1.542e-05   1.542e-05    -4.812    -4.812     0.000    -17.08
   CO3-2           1.334e-05   7.596e-07    -4.875    -6.119    -1.245      0.84
   CaCO3           2.301e-12   2.301e-12   -11.638   -11.638     0.000     (0)  
Ca            2.166e-02
   Ca+2            2.166e-02   3.859e-03    -1.664    -2.414    -0.749    -16.42
   CaCO3           2.301e-12   2.301e-12   -11.638   -11.638     0.000     (0)  
Cl            1.146e+00
   Cl-             1.146e+00   7.976e-01     0.059    -0.098    -0.157     18.89
K             2.162e-02
   K+              2.162e-02   1.170e-02    -1.665    -1.932    -0.266      9.89
Mg            1.163e-01
   Mg+2            1.163e-01   2.609e-02    -0.934    -1.584    -0.649    -19.77
   MgCO3           1.542e-05   1.542e-05    -4.812    -4.812     0.000    -17.08
   MgOH+           2.786e-07   2.336e-07    -6.555    -6.631    -0.076     (0)  
Na            9.390e-01
   Na+             9.390e-01   5.726e-01    -0.027    -0.242    -0.215     -0.34
S(6)          5.965e-02
   SO4-2           5.965e-02   4.110e-03    -1.224    -2.386    -1.162     19.58

------------------------------Saturation indices-------------------------------

  Phase               SI** log IAP   log K(292 K,   1 atm)

  Anhydrite        -0.60     -4.80   -4.20  CaSO4
  Antarcticite     -6.37     -2.71    3.66  CaCl2:6H2O
  Aphthitalite    -14.03    -21.62   -7.59  Na2SO4:3K2SO4
  Aragonite        -0.23     -8.53   -8.30  CaCO3
  Arcanite         -4.38     -6.25   -1.87  K2SO4
  Bischofite       -6.55     -1.88    4.67  MgCl2:6H2O
  Bloedite         -4.51     -6.91   -2.39  Na2Mg(SO4)2:4H2O
  Calcite          -0.08     -8.53   -8.45  CaCO3
  Carnallite       -8.13     -3.91    4.22  KMgCl3:6H2O
  CO2(g)           -1.95     -3.35   -1.39  CO2
  Dolomite          0.70    -16.24  -16.94  CaMg(CO3)2
  Epsomite         -2.13     -4.09   -1.96  MgSO4:7H2O
  Gypsum           -0.23     -4.83   -4.60  CaSO4:2H2O
  Halite           -1.90     -0.34    1.56  NaCl
  Hexahydrite      -2.43     -4.07   -1.64  MgSO4:6H2O
  Hydrohalite      -1.85     -0.37    1.48  NaCl:2H2O
  Hydromagnesite   -2.77    -39.15  -36.38  (MgCO3)3:Mg(OH)2:3H2O
  Ice(s)           -0.09     -0.02    0.08  H2O
  Ikaite           -1.91     -8.63   -6.72  CaCO3:6H2O
  Kalicinite       -4.78     -4.68    0.10  KHCO3
  Kieserite        -3.89     -3.99   -0.09  MgSO4:H2O
  Landsfordite     -2.67     -7.79   -5.12  MgCO3:5H2O
  Magnesite         0.23     -7.70   -7.94  MgCO3
  Meridianite      -2.60     -4.15   -1.55  MgSO4:11H2O
  MgCl2:12H2O      -6.17     -1.98    4.19  MgCl2:12H2O
  MgCl2:8H2O       -6.02     -1.91    4.10  MgCl2:8H2O
  Mirabilite       -1.52     -3.04   -1.52  Na2SO4:10H2O
  Na2CO3:7H2O      -6.13     -6.72   -0.59  Na2CO3:7H2O
  Nahcolite        -2.52     -2.99   -0.47  NaHCO3
  Natron           -5.72     -6.77   -1.06  Na2CO3:10H2O
  Nesquehonite     -2.47     -7.75   -5.29  MgCO3:3H2O
  Picromerite      -5.82    -10.32   -4.50  MgSO4:K2SO4:6H2O
  Sylvite          -2.86     -2.03    0.83  KCl
  Tachyhydrite    -23.67     -6.37   17.30  CaCl2:(MgCl2)2:12H2O
  Thenardite       -2.58     -2.87   -0.29  Na2SO4
  Trona            -8.54     -9.62   -1.08  Na3H(CO3)2:2H2O
  Vaterite         -0.67     -8.53   -7.87  CaCO3

**For a gas, SI = log10(fugacity). Fugacity = pressure * phi / 1 atm.
  For ideal gases, phi = 1.

------------------
End of simulation.
------------------

------------------------------------
Reading input data for simulation 2.
------------------------------------

-------------------------------
End of Run after 1.303 Seconds.
-------------------------------

