   Input file: C:\Users\Kagiso\PHREEQC-Python\C3_Ca_plus10pct_FREZ_pre_+025p0.pqi
  Output file: C:\Users\Kagiso\PHREEQC-Python\C3_Ca_plus10pct_FREZ_pre_+025p0.out
Database file: C:\Program Files\USGS\phreeqc-3.8.6-17100-x64\database\frezchem.dat

------------------
Reading data base.
------------------

	PITZER
	SOLUTION_MASTER_SPECIES
	SOLUTION_SPECIES
	PHASES
	PITZER
	EXCHANGE_MASTER_SPECIES
	EXCHANGE_SPECIES
	SURFACE_MASTER_SPECIES
	SURFACE_SPECIES
	END
------------------------------------
Reading input data for simulation 1.
------------------------------------

	TITLE C3_Ca_plus10pct FREZCHEM sequential FC at 25.00 C
	SOLUTION 1
	    temp 25.00000000
	    pH 7.6000000000
	    units mol/kgw
	    water 1.000000000000
	    Na 9.39140000000000e-01
	    K 2.16210000000000e-02
	    Mg 1.16340000000000e-01
	    Ca 2.69140000000000e-02
	    Cl 1.14600000000000e+00
	    S(6) 5.96640000000000e-02
	    C(4) 4.31900000000000e-03
	SELECTED_OUTPUT 1
	    file C:/Users/Kagiso/PHREEQC-Python/C3_Ca_plus10pct_FREZ_pre_+025p0.txt
	    reset false
	    user_punch true
	USER_PUNCH 1
	    headings Temp_C pH Water_kg Alk_eq_kgw Mu aw Na_mol K_mol Mg_mol Ca_mol Cl_mol S6_mol C4_mol Na_m K_m Mg_m Ca_m Cl_m S6_m C4_m Na_act Cl_act SO4_act SI_Ice SI_Mirabilite SI_Halite SI_Hydrohalite SI_Calcite SI_Gypsum Iterations
	    10 PUNCH TC, -LA("H+"), TOT("water"), ALK, MU, ACT("H2O")
	    20 PUNCH TOTMOLE("Na"), TOTMOLE("K"), TOTMOLE("Mg"), TOTMOLE("Ca")
	    30 PUNCH TOTMOLE("Cl"), TOTMOLE("S(6)"), TOTMOLE("C(4)")
	    40 PUNCH TOT("Na"), TOT("K"), TOT("Mg"), TOT("Ca")
	    50 PUNCH TOT("Cl"), TOT("S(6)"), TOT("C(4)")
	    60 PUNCH ACT("Na+"), ACT("Cl-"), ACT("SO4-2")
	    70 PUNCH SI("Ice(s)"), SI("Mirabilite"), SI("Halite"), SI("Hydrohalite"), SI("Calcite"), SI("Gypsum")
	    80 PUNCH ITERATIONS
	END
-----
TITLE
-----

 C3_Ca_plus10pct FREZCHEM sequential FC at 25.00 C

-------------------------------------------
Beginning of initial solution calculations.
-------------------------------------------

Initial solution 1.	

-----------------------------Solution composition------------------------------

	Elements           Molality       Moles

	C(4)              4.319e-03   4.319e-03
	Ca                2.691e-02   2.691e-02
	Cl                1.146e+00   1.146e+00
	K                 2.162e-02   2.162e-02
	Mg                1.163e-01   1.163e-01
	Na                9.391e-01   9.391e-01
	S(6)              5.966e-02   5.966e-02

----------------------------Description of solution----------------------------

                                       pH  =   7.600    
                                       pe  =   4.000    
      Specific Conductance (µS/cm,  25°C)  = 87238
                          Density (g/cm³)  =   1.04823
                               Volume (L)  =   1.02360
                        Activity of water  =   0.962
                 Ionic strength (mol/kgw)  =   1.461e+00
                       Mass of water (kg)  =   1.000e+00
                 Total alkalinity (eq/kg)  =   4.383e-03
                       Total CO2 (mol/kg)  =   4.319e-03
                         Temperature (°C)  =  25.00
                  Electrical balance (eq)  =  -2.244e-02
 Percent error, 100*(Cat-|An|)/(Cat+|An|)  =  -0.89
                               Iterations  =  13
                         Gamma iterations  =   4
                      Osmotic coefficient  =   0.93577
                         Density of water  =   0.99704
                                  Total H  = 1.110227e+02
                                  Total O  = 5.576082e+01

----------------------------Distribution of species----------------------------

                                                    Unscaled  Unscaled
                                Unscaled       Log       Log       Log    mole V
   Species          Molality    Activity  Molality  Activity     Gamma   cm³/mol

   OH-             1.069e-06   3.874e-07    -5.971    -6.412    -0.441     -1.40
   H+              3.165e-08   2.512e-08    -7.500    -7.600    -0.100      0.00
   H2O             5.551e+01   9.617e-01     1.744    -0.017     0.000     18.07
C(4)          4.319e-03
   HCO3-           4.071e-03   2.057e-03    -2.390    -2.687    -0.297     28.27
   CO2             9.350e-05   1.208e-04    -4.029    -3.918     0.111     29.09
   MgCO3           8.498e-05   8.498e-05    -4.071    -4.071     0.000    -17.09
   CO3-2           6.964e-05   3.840e-06    -4.157    -5.416    -1.259      1.51
   CaCO3           1.259e-11   1.259e-11   -10.900   -10.900     0.000     (0)  
Ca            2.691e-02
   Ca+2            2.691e-02   4.648e-03    -1.570    -2.333    -0.763    -16.21
   CaCO3           1.259e-11   1.259e-11   -10.900   -10.900     0.000     (0)  
Cl            1.146e+00
   Cl-             1.146e+00   8.050e-01     0.059    -0.094    -0.153     19.12
K             2.162e-02
   K+              2.162e-02   1.167e-02    -1.665    -1.933    -0.268     10.08
Mg            1.163e-01
   Mg+2            1.163e-01   2.612e-02    -0.935    -1.583    -0.648    -19.90
   MgCO3           8.498e-05   8.498e-05    -4.071    -4.071     0.000    -17.09
   MgOH+           1.885e-06   1.552e-06    -5.725    -5.809    -0.084     (0)  
Na            9.391e-01
   Na+             9.391e-01   5.740e-01    -0.027    -0.241    -0.214     -0.08
S(6)          5.966e-02
   SO4-2           5.966e-02   4.241e-03    -1.224    -2.373    -1.148     20.28

------------------------------Saturation indices-------------------------------

  Phase               SI** log IAP   log K(298 K,   1 atm)

  Anhydrite        -0.44     -4.71   -4.26  CaSO4
  Antarcticite     -6.41     -2.62    3.79  CaCl2:6H2O
  Aphthitalite    -14.38    -21.57   -7.19  Na2SO4:3K2SO4
  Aragonite         0.59     -7.75   -8.34  CaCO3
  Arcanite         -4.46     -6.24   -1.78  K2SO4
  Bischofite       -6.50     -1.87    4.63  MgCl2:6H2O
  Bloedite         -4.51     -6.88   -2.37  Na2Mg(SO4)2:4H2O
  Calcite           0.73     -7.75   -8.48  CaCO3
  Carnallite       -8.19     -3.90    4.29  KMgCl3:6H2O
  CO2(g)           -2.45     -3.92   -1.47  CO2
  Dolomite          2.34    -14.75  -17.08  CaMg(CO3)2
  Epsomite         -2.19     -4.07   -1.88  MgSO4:7H2O
  Gypsum           -0.14     -4.74   -4.60  CaSO4:2H2O
  Halite           -1.91     -0.34    1.58  NaCl
  Hexahydrite      -2.43     -4.06   -1.63  MgSO4:6H2O
  Hydrohalite      -1.89     -0.37    1.52  NaCl:2H2O
  Hydromagnesite    1.32    -35.45  -36.77  (MgCO3)3:Mg(OH)2:3H2O
  Ice(s)           -0.12     -0.02    0.10  H2O
  Ikaite           -1.26     -7.85   -6.59  CaCO3:6H2O
  Kalicinite       -4.81     -4.62    0.19  KHCO3
  Kieserite        -3.77     -3.97   -0.20  MgSO4:H2O
  Landsfordite     -2.01     -7.08   -5.08  MgCO3:5H2O
  Magnesite         1.03     -7.00   -8.03  MgCO3
  Meridianite      -2.83     -4.14   -1.31  MgSO4:11H2O
  MgCl2:12H2O      -6.64     -1.97    4.67  MgCl2:12H2O
  MgCl2:8H2O       -6.07     -1.91    4.17  MgCl2:8H2O
  Mirabilite       -1.81     -3.02   -1.22  Na2SO4:10H2O
  Na2CO3:7H2O      -5.58     -6.02   -0.44  Na2CO3:7H2O
  Nahcolite        -2.53     -2.93   -0.40  NaHCO3
  Natron           -5.26     -6.07   -0.80  Na2CO3:10H2O
  Nesquehonite     -1.74     -7.05   -5.31  MgCO3:3H2O
  Picromerite      -5.92    -10.30   -4.38  MgSO4:K2SO4:6H2O
  Sylvite          -2.93     -2.03    0.90  KCl
  Tachyhydrite    -23.20     -6.27   16.93  CaCl2:(MgCl2)2:12H2O
  Thenardite       -2.57     -2.85   -0.29  Na2SO4
  Trona            -7.84     -8.86   -1.02  Na3H(CO3)2:2H2O
  Vaterite          0.17     -7.75   -7.91  CaCO3

**For a gas, SI = log10(fugacity). Fugacity = pressure * phi / 1 atm.
  For ideal gases, phi = 1.

------------------
End of simulation.
------------------

------------------------------------
Reading input data for simulation 2.
------------------------------------

-------------------------------
End of Run after 1.318 Seconds.
-------------------------------

