   Input file: C:\Users\Kagiso\PHREEQC-Python\C3_Ca_plus10pct_FREZ_eq_+019p0.pqi
  Output file: C:\Users\Kagiso\PHREEQC-Python\C3_Ca_plus10pct_FREZ_eq_+019p0.out
Database file: C:\Program Files\USGS\phreeqc-3.8.6-17100-x64\database\frezchem.dat

------------------
Reading data base.
------------------

	PITZER
	SOLUTION_MASTER_SPECIES
	SOLUTION_SPECIES
	PHASES
	PITZER
	EXCHANGE_MASTER_SPECIES
	EXCHANGE_SPECIES
	SURFACE_MASTER_SPECIES
	SURFACE_SPECIES
	END
------------------------------------
Reading input data for simulation 1.
------------------------------------

	TITLE C3_Ca_plus10pct FREZCHEM sequential FC at 19.00 C
	SOLUTION 1
	    temp 19.00000000
	    pH 6.9385000000
	    units mol/kgw
	    water 1.000000000000
	    Na 9.39140000000000e-01
	    K 2.16210000000000e-02
	    Mg 1.16340000000000e-01
	    Ca 2.65090000000000e-02
	    Cl 1.14600000000000e+00
	    S(6) 5.96640000000000e-02
	    C(4) 3.91420000000000e-03
	EQUILIBRIUM_PHASES 1
	    Ice(s)       0.0 0.0
	    Mirabilite   0.0 0.0
	    Halite       0.0 0.0
	    Hydrohalite  0.0 0.0
	    Calcite      0.0 0.0
	    Gypsum       0.0 0.0
	SELECTED_OUTPUT 1
	    file C:/Users/Kagiso/PHREEQC-Python/C3_Ca_plus10pct_FREZ_eq_+019p0.txt
	    reset false
	    user_punch true
	USER_PUNCH 1
	    headings Temp_C pH Water_kg Alk_eq_kgw Mu aw Na_mol K_mol Mg_mol Ca_mol Cl_mol S6_mol C4_mol Na_m K_m Mg_m Ca_m Cl_m S6_m C4_m Na_act Cl_act SO4_act SI_Ice SI_Mirabilite SI_Halite SI_Hydrohalite SI_Calcite SI_Gypsum Ice_mol Mirabilite_mol Halite_mol Hydrohalite_mol Calcite_mol Gypsum_mol Iterations
	    10 PUNCH TC, -LA("H+"), TOT("water"), ALK, MU, ACT("H2O")
	    20 PUNCH TOTMOLE("Na"), TOTMOLE("K"), TOTMOLE("Mg"), TOTMOLE("Ca")
	    30 PUNCH TOTMOLE("Cl"), TOTMOLE("S(6)"), TOTMOLE("C(4)")
	    40 PUNCH TOT("Na"), TOT("K"), TOT("Mg"), TOT("Ca")
	    50 PUNCH TOT("Cl"), TOT("S(6)"), TOT("C(4)")
	    60 PUNCH ACT("Na+"), ACT("Cl-"), ACT("SO4-2")
	    70 PUNCH SI("Ice(s)"), SI("Mirabilite"), SI("Halite"), SI("Hydrohalite"), SI("Calcite"), SI("Gypsum")
	    80 PUNCH EQUI("Ice(s)"), EQUI("Mirabilite"), EQUI("Halite"), EQUI("Hydrohalite"), EQUI("Calcite"), EQUI("Gypsum")
	    90 PUNCH ITERATIONS
	END
-----
TITLE
-----

 C3_Ca_plus10pct FREZCHEM sequential FC at 19.00 C

-------------------------------------------
Beginning of initial solution calculations.
-------------------------------------------

Initial solution 1.	

-----------------------------Solution composition------------------------------

	Elements           Molality       Moles

	C(4)              3.914e-03   3.914e-03
	Ca                2.651e-02   2.651e-02
	Cl                1.146e+00   1.146e+00
	K                 2.162e-02   2.162e-02
	Mg                1.163e-01   1.163e-01
	Na                9.391e-01   9.391e-01
	S(6)              5.966e-02   5.966e-02

----------------------------Description of solution----------------------------

                                       pH  =   6.939    
                                       pe  =   4.000    
      Specific Conductance (µS/cm,  19°C)  = 76014
                          Density (g/cm³)  =   1.05014
                               Volume (L)  =   1.02169
                        Activity of water  =   0.962
                 Ionic strength (mol/kgw)  =   1.460e+00
                       Mass of water (kg)  =   1.000e+00
                 Total alkalinity (eq/kg)  =   3.543e-03
                       Total CO2 (mol/kg)  =   3.914e-03
                         Temperature (°C)  =  19.00
                  Electrical balance (eq)  =  -2.241e-02
 Percent error, 100*(Cat-|An|)/(Cat+|An|)  =  -0.89
                               Iterations  =  13
                         Gamma iterations  =   4
                      Osmotic coefficient  =   0.93213
                         Density of water  =   0.99840
                                  Total H  = 1.110221e+02
                                  Total O  = 5.575930e+01

----------------------------Distribution of species----------------------------

                                                    Unscaled  Unscaled
                                Unscaled       Log       Log       Log    mole V
   Species          Molality    Activity  Molality  Activity     Gamma   cm³/mol

   OH-             1.506e-07   5.299e-08    -6.822    -7.276    -0.453     -1.74
   H+              1.434e-07   1.152e-07    -6.843    -6.939    -0.095      0.00
   H2O             5.551e+01   9.619e-01     1.744    -0.017     0.000     18.04
C(4)          3.914e-03
   HCO3-           3.496e-03   1.756e-03    -2.456    -2.756    -0.299     27.93
   CO2             3.949e-04   5.146e-04    -3.404    -3.289     0.115     30.65
   MgCO3           1.260e-05   1.260e-05    -4.899    -4.899     0.000    -17.08
   CO3-2           1.112e-05   6.271e-07    -4.954    -6.203    -1.249      0.86
   CaCO3           2.301e-12   2.301e-12   -11.638   -11.638     0.000     (0)  
Ca            2.651e-02
   Ca+2            2.651e-02   4.673e-03    -1.577    -2.330    -0.754    -16.42
   CaCO3           2.301e-12   2.301e-12   -11.638   -11.638     0.000     (0)  
Cl            1.146e+00
   Cl-             1.146e+00   8.009e-01     0.059    -0.096    -0.156     18.89
K             2.162e-02
   K+              2.162e-02   1.167e-02    -1.665    -1.933    -0.268      9.90
Mg            1.163e-01
   Mg+2            1.163e-01   2.584e-02    -0.934    -1.588    -0.653    -19.76
   MgCO3           1.260e-05   1.260e-05    -4.899    -4.899     0.000    -17.08
   MgOH+           2.354e-07   1.961e-07    -6.628    -6.707    -0.079     (0)  
Na            9.391e-01
   Na+             9.391e-01   5.709e-01    -0.027    -0.243    -0.216     -0.34
S(6)          5.966e-02
   SO4-2           5.966e-02   4.102e-03    -1.224    -2.387    -1.163     19.60

------------------------------Saturation indices-------------------------------

  Phase               SI** log IAP   log K(292 K,   1 atm)

  Anhydrite        -0.52     -4.72   -4.20  CaSO4
  Antarcticite     -6.28     -2.62    3.66  CaCl2:6H2O
  Aphthitalite    -14.05    -21.63   -7.59  Na2SO4:3K2SO4
  Aragonite        -0.23     -8.53   -8.30  CaCO3
  Arcanite         -4.38     -6.25   -1.87  K2SO4
  Bischofite       -6.55     -1.88    4.67  MgCl2:6H2O
  Bloedite         -4.52     -6.92   -2.39  Na2Mg(SO4)2:4H2O
  Calcite          -0.08     -8.53   -8.45  CaCO3
  Carnallite       -8.13     -3.91    4.22  KMgCl3:6H2O
  CO2(g)           -1.89     -3.29   -1.39  CO2
  Dolomite          0.62    -16.32  -16.94  CaMg(CO3)2
  Epsomite         -2.14     -4.09   -1.96  MgSO4:7H2O
  Gypsum           -0.15     -4.75   -4.60  CaSO4:2H2O
  Halite           -1.90     -0.34    1.56  NaCl
  Hexahydrite      -2.43     -4.08   -1.64  MgSO4:6H2O
  Hydrohalite      -1.85     -0.37    1.48  NaCl:2H2O
  Hydromagnesite   -3.18    -39.56  -36.38  (MgCO3)3:Mg(OH)2:3H2O
  Ice(s)           -0.09     -0.02    0.08  H2O
  Ikaite           -1.91     -8.63   -6.72  CaCO3:6H2O
  Kalicinite       -4.79     -4.69    0.10  KHCO3
  Kieserite        -3.90     -3.99   -0.09  MgSO4:H2O
  Landsfordite     -2.75     -7.87   -5.12  MgCO3:5H2O
  Magnesite         0.15     -7.79   -7.94  MgCO3
  Meridianite      -2.61     -4.16   -1.55  MgSO4:11H2O
  MgCl2:12H2O      -6.17     -1.98    4.19  MgCl2:12H2O
  MgCl2:8H2O       -6.02     -1.92    4.10  MgCl2:8H2O
  Mirabilite       -1.52     -3.04   -1.52  Na2SO4:10H2O
  Na2CO3:7H2O      -6.22     -6.81   -0.59  Na2CO3:7H2O
  Nahcolite        -2.53     -3.00   -0.47  NaHCO3
  Natron           -5.80     -6.86   -1.06  Na2CO3:10H2O
  Nesquehonite     -2.55     -7.84   -5.29  MgCO3:3H2O
  Picromerite      -5.83    -10.33   -4.50  MgSO4:K2SO4:6H2O
  Sylvite          -2.86     -2.03    0.83  KCl
  Tachyhydrite    -23.58     -6.29   17.30  CaCl2:(MgCl2)2:12H2O
  Thenardite       -2.58     -2.87   -0.29  Na2SO4
  Trona            -8.64     -9.72   -1.08  Na3H(CO3)2:2H2O
  Vaterite         -0.67     -8.53   -7.87  CaCO3

**For a gas, SI = log10(fugacity). Fugacity = pressure * phi / 1 atm.
  For ideal gases, phi = 1.

-----------------------------------------
Beginning of batch-reaction calculations.
-----------------------------------------

Reaction step 1.

Using solution 1.	
Using pure phase assemblage 1.	

-------------------------------Phase assemblage--------------------------------

                                                      Moles in assemblage
Phase               SI  log IAP  log K(T, P)   Initial       Final       Delta

Calcite          -0.08    -8.53     -8.45    0.000e+00           0   0.000e+00
Gypsum           -0.15    -4.75     -4.60    0.000e+00           0   0.000e+00
Halite           -1.90    -0.34      1.56    0.000e+00           0   0.000e+00
Hydrohalite      -1.85    -0.37      1.48    0.000e+00           0   0.000e+00
Ice(s)           -0.09    -0.02      0.08    0.000e+00           0   0.000e+00
Mirabilite       -1.52    -3.04     -1.52    0.000e+00           0   0.000e+00

-----------------------------Solution composition------------------------------

	Elements           Molality       Moles

	C                 3.914e-03   3.914e-03
	Ca                2.651e-02   2.651e-02
	Cl                1.146e+00   1.146e+00
	K                 2.162e-02   2.162e-02
	Mg                1.163e-01   1.163e-01
	Na                9.391e-01   9.391e-01
	S                 5.966e-02   5.966e-02

----------------------------Description of solution----------------------------

                                       pH  =   6.939      Charge balance
                                       pe  =   4.000      Adjusted to redox equilibrium
      Specific Conductance (µS/cm,  19°C)  = 76014
                          Density (g/cm³)  =   1.05014
                               Volume (L)  =   1.02169
                        Activity of water  =   0.962
                 Ionic strength (mol/kgw)  =   1.460e+00
                       Mass of water (kg)  =   1.000e+00
                 Total alkalinity (eq/kg)  =   3.543e-03
                       Total CO2 (mol/kg)  =   3.914e-03
                         Temperature (°C)  =  19.00
                  Electrical balance (eq)  =  -2.241e-02
 Percent error, 100*(Cat-|An|)/(Cat+|An|)  =  -0.89
                               Iterations  =   1
                         Gamma iterations  =   1
                      Osmotic coefficient  =   0.93213
                         Density of water  =   0.99840
                                  Total H  = 1.110221e+02
                                  Total O  = 5.575930e+01

----------------------------Distribution of species----------------------------

                                                    Unscaled  Unscaled
                                Unscaled       Log       Log       Log    mole V
   Species          Molality    Activity  Molality  Activity     Gamma   cm³/mol

   OH-             1.506e-07   5.299e-08    -6.822    -7.276    -0.453     -1.74
   H+              1.434e-07   1.152e-07    -6.843    -6.939    -0.095      0.00
   H2O             5.551e+01   9.619e-01     1.744    -0.017     0.000     18.04
C(4)          3.914e-03
   HCO3-           3.496e-03   1.756e-03    -2.456    -2.756    -0.299     27.93
   CO2             3.949e-04   5.146e-04    -3.404    -3.289     0.115     30.65
   MgCO3           1.260e-05   1.260e-05    -4.899    -4.899     0.000    -17.08
   CO3-2           1.112e-05   6.271e-07    -4.954    -6.203    -1.249      0.86
   CaCO3           2.301e-12   2.301e-12   -11.638   -11.638     0.000     (0)  
Ca            2.651e-02
   Ca+2            2.651e-02   4.673e-03    -1.577    -2.330    -0.754    -16.42
   CaCO3           2.301e-12   2.301e-12   -11.638   -11.638     0.000     (0)  
Cl            1.146e+00
   Cl-             1.146e+00   8.009e-01     0.059    -0.096    -0.156     18.89
K             2.162e-02
   K+              2.162e-02   1.167e-02    -1.665    -1.933    -0.268      9.90
Mg            1.163e-01
   Mg+2            1.163e-01   2.584e-02    -0.934    -1.588    -0.653    -19.76
   MgCO3           1.260e-05   1.260e-05    -4.899    -4.899     0.000    -17.08
   MgOH+           2.354e-07   1.961e-07    -6.628    -6.707    -0.079     (0)  
Na            9.391e-01
   Na+             9.391e-01   5.709e-01    -0.027    -0.243    -0.216     -0.34
S(6)          5.966e-02
   SO4-2           5.966e-02   4.102e-03    -1.224    -2.387    -1.163     19.60

------------------------------Saturation indices-------------------------------

  Phase               SI** log IAP   log K(292 K,   1 atm)

  Anhydrite        -0.52     -4.72   -4.20  CaSO4
  Antarcticite     -6.28     -2.62    3.66  CaCl2:6H2O
  Aphthitalite    -14.05    -21.63   -7.59  Na2SO4:3K2SO4
  Aragonite        -0.23     -8.53   -8.30  CaCO3
  Arcanite         -4.38     -6.25   -1.87  K2SO4
  Bischofite       -6.55     -1.88    4.67  MgCl2:6H2O
  Bloedite         -4.52     -6.92   -2.39  Na2Mg(SO4)2:4H2O
  Calcite          -0.08     -8.53   -8.45  CaCO3
  Carnallite       -8.13     -3.91    4.22  KMgCl3:6H2O
  CO2(g)           -1.89     -3.29   -1.39  CO2
  Dolomite          0.62    -16.32  -16.94  CaMg(CO3)2
  Epsomite         -2.14     -4.09   -1.96  MgSO4:7H2O
  Gypsum           -0.15     -4.75   -4.60  CaSO4:2H2O
  Halite           -1.90     -0.34    1.56  NaCl
  Hexahydrite      -2.43     -4.08   -1.64  MgSO4:6H2O
  Hydrohalite      -1.85     -0.37    1.48  NaCl:2H2O
  Hydromagnesite   -3.18    -39.56  -36.38  (MgCO3)3:Mg(OH)2:3H2O
  Ice(s)           -0.09     -0.02    0.08  H2O
  Ikaite           -1.91     -8.63   -6.72  CaCO3:6H2O
  Kalicinite       -4.79     -4.69    0.10  KHCO3
  Kieserite        -3.90     -3.99   -0.09  MgSO4:H2O
  Landsfordite     -2.75     -7.87   -5.12  MgCO3:5H2O
  Magnesite         0.15     -7.79   -7.94  MgCO3
  Meridianite      -2.61     -4.16   -1.55  MgSO4:11H2O
  MgCl2:12H2O      -6.17     -1.98    4.19  MgCl2:12H2O
  MgCl2:8H2O       -6.02     -1.92    4.10  MgCl2:8H2O
  Mirabilite       -1.52     -3.04   -1.52  Na2SO4:10H2O
  Na2CO3:7H2O      -6.22     -6.81   -0.59  Na2CO3:7H2O
  Nahcolite        -2.53     -3.00   -0.47  NaHCO3
  Natron           -5.80     -6.86   -1.06  Na2CO3:10H2O
  Nesquehonite     -2.55     -7.84   -5.29  MgCO3:3H2O
  Picromerite      -5.83    -10.33   -4.50  MgSO4:K2SO4:6H2O
  Sylvite          -2.86     -2.03    0.83  KCl
  Tachyhydrite    -23.58     -6.29   17.30  CaCl2:(MgCl2)2:12H2O
  Thenardite       -2.58     -2.87   -0.29  Na2SO4
  Trona            -8.64     -9.72   -1.08  Na3H(CO3)2:2H2O
  Vaterite         -0.67     -8.53   -7.87  CaCO3

**For a gas, SI = log10(fugacity). Fugacity = pressure * phi / 1 atm.
  For ideal gases, phi = 1.

------------------
End of simulation.
------------------

------------------------------------
Reading input data for simulation 2.
------------------------------------

-------------------------------
End of Run after 1.583 Seconds.
-------------------------------

