   Input file: C:\Users\Kagiso\PHREEQC-Python\C3_Cl_minus10pct_FREZ_eq_+021p0.pqi
  Output file: C:\Users\Kagiso\PHREEQC-Python\C3_Cl_minus10pct_FREZ_eq_+021p0.out
Database file: C:\Program Files\USGS\phreeqc-3.8.6-17100-x64\database\frezchem.dat

------------------
Reading data base.
------------------

	PITZER
	SOLUTION_MASTER_SPECIES
	SOLUTION_SPECIES
	PHASES
	PITZER
	EXCHANGE_MASTER_SPECIES
	EXCHANGE_SPECIES
	SURFACE_MASTER_SPECIES
	SURFACE_SPECIES
	END
------------------------------------
Reading input data for simulation 1.
------------------------------------

	TITLE C3_Cl_minus10pct FREZCHEM sequential FC at 21.00 C
	SOLUTION 1
	    temp 21.00000000
	    pH 7.0050000000
	    units mol/kgw
	    water 1.000000000000
	    Na 9.35250000000000e-01
	    K 2.15320000000000e-02
	    Mg 1.15860000000000e-01
	    Ca 2.40190000000000e-02
	    Cl 1.02710000000000e+00
	    S(6) 5.94160000000000e-02
	    C(4) 3.96930000000000e-03
	EQUILIBRIUM_PHASES 1
	    Ice(s)       0.0 0.0
	    Mirabilite   0.0 0.0
	    Halite       0.0 0.0
	    Hydrohalite  0.0 0.0
	    Calcite      0.0 0.0
	    Gypsum       0.0 0.0
	SELECTED_OUTPUT 1
	    file C:/Users/Kagiso/PHREEQC-Python/C3_Cl_minus10pct_FREZ_eq_+021p0.txt
	    reset false
	    user_punch true
	USER_PUNCH 1
	    headings Temp_C pH Water_kg Alk_eq_kgw Mu aw Na_mol K_mol Mg_mol Ca_mol Cl_mol S6_mol C4_mol Na_m K_m Mg_m Ca_m Cl_m S6_m C4_m Na_act Cl_act SO4_act SI_Ice SI_Mirabilite SI_Halite SI_Hydrohalite SI_Calcite SI_Gypsum Ice_mol Mirabilite_mol Halite_mol Hydrohalite_mol Calcite_mol Gypsum_mol Iterations
	    10 PUNCH TC, -LA("H+"), TOT("water"), ALK, MU, ACT("H2O")
	    20 PUNCH TOTMOLE("Na"), TOTMOLE("K"), TOTMOLE("Mg"), TOTMOLE("Ca")
	    30 PUNCH TOTMOLE("Cl"), TOTMOLE("S(6)"), TOTMOLE("C(4)")
	    40 PUNCH TOT("Na"), TOT("K"), TOT("Mg"), TOT("Ca")
	    50 PUNCH TOT("Cl"), TOT("S(6)"), TOT("C(4)")
	    60 PUNCH ACT("Na+"), ACT("Cl-"), ACT("SO4-2")
	    70 PUNCH SI("Ice(s)"), SI("Mirabilite"), SI("Halite"), SI("Hydrohalite"), SI("Calcite"), SI("Gypsum")
	    80 PUNCH EQUI("Ice(s)"), EQUI("Mirabilite"), EQUI("Halite"), EQUI("Hydrohalite"), EQUI("Calcite"), EQUI("Gypsum")
	    90 PUNCH ITERATIONS
	END
-----
TITLE
-----

 C3_Cl_minus10pct FREZCHEM sequential FC at 21.00 C

-------------------------------------------
Beginning of initial solution calculations.
-------------------------------------------

Initial solution 1.	

-----------------------------Solution composition------------------------------

	Elements           Molality       Moles

	C(4)              3.969e-03   3.969e-03
	Ca                2.402e-02   2.402e-02
	Cl                1.027e+00   1.027e+00
	K                 2.153e-02   2.153e-02
	Mg                1.159e-01   1.159e-01
	Na                9.352e-01   9.352e-01
	S(6)              5.942e-02   5.942e-02

----------------------------Description of solution----------------------------

                                       pH  =   7.005    
                                       pe  =   4.000    
      Specific Conductance (µS/cm,  21°C)  = 75661
                          Density (g/cm³)  =   1.04751
                               Volume (L)  =   1.02002
                        Activity of water  =   0.964
                 Ionic strength (mol/kgw)  =   1.392e+00
                       Mass of water (kg)  =   1.000e+00
                 Total alkalinity (eq/kg)  =   3.653e-03
                       Total CO2 (mol/kg)  =   3.969e-03
                         Temperature (°C)  =  21.00
                  Electrical balance (eq)  =   8.695e-02
 Percent error, 100*(Cat-|An|)/(Cat+|An|)  =   3.64
                               Iterations  =  12
                         Gamma iterations  =   4
                      Osmotic coefficient  =   0.92667
                         Density of water  =   0.99799
                                  Total H  = 1.110222e+02
                                  Total O  = 5.575853e+01

----------------------------Distribution of species----------------------------

                                                    Unscaled  Unscaled
                                Unscaled       Log       Log       Log    mole V
   Species          Molality    Activity  Molality  Activity     Gamma   cm³/mol

   OH-             1.977e-07   7.257e-08    -6.704    -7.139    -0.435     -1.72
   H+              1.286e-07   9.886e-08    -6.891    -7.005    -0.114      0.00
   H2O             5.551e+01   9.641e-01     1.744    -0.016     0.000     18.05
C(4)          3.969e-03
   HCO3-           3.597e-03   1.827e-03    -2.444    -2.738    -0.294     27.91
   CO2             3.443e-04   4.446e-04    -3.463    -3.352     0.111     30.10
   MgCO3           1.485e-05   1.485e-05    -4.828    -4.828     0.000    -17.08
   CO3-2           1.285e-05   7.962e-07    -4.891    -6.099    -1.208      0.95
   CaCO3           2.326e-12   2.326e-12   -11.633   -11.633     0.000     (0)  
Ca            2.402e-02
   Ca+2            2.402e-02   3.844e-03    -1.619    -2.415    -0.796    -16.37
   CaCO3           2.326e-12   2.326e-12   -11.633   -11.633     0.000     (0)  
Cl            1.027e+00
   Cl-             1.027e+00   7.305e-01     0.012    -0.136    -0.148     18.95
K             2.153e-02
   K+              2.153e-02   1.158e-02    -1.667    -1.936    -0.269      9.93
Mg            1.159e-01
   Mg+2            1.158e-01   2.331e-02    -0.936    -1.632    -0.696    -19.85
   MgCO3           1.485e-05   1.485e-05    -4.828    -4.828     0.000    -17.08
   MgOH+           3.081e-07   2.476e-07    -6.511    -6.606    -0.095     (0)  
Na            9.352e-01
   Na+             9.352e-01   5.614e-01    -0.029    -0.251    -0.222     -0.28
S(6)          5.942e-02
   SO4-2           5.942e-02   4.480e-03    -1.226    -2.349    -1.123     19.71

------------------------------Saturation indices-------------------------------

  Phase               SI** log IAP   log K(294 K,   1 atm)

  Anhydrite        -0.54     -4.76   -4.22  CaSO4
  Antarcticite     -6.48     -2.78    3.70  CaCl2:6H2O
  Aphthitalite    -14.06    -21.51   -7.45  Na2SO4:3K2SO4
  Aragonite        -0.20     -8.51   -8.31  CaCO3
  Arcanite         -4.38     -6.22   -1.84  K2SO4
  Bischofite       -6.66     -2.00    4.66  MgCl2:6H2O
  Bloedite         -4.51     -6.89   -2.39  Na2Mg(SO4)2:4H2O
  Calcite          -0.06     -8.51   -8.46  CaCO3
  Carnallite       -8.31     -4.07    4.24  KMgCl3:6H2O
  CO2(g)           -1.93     -3.35   -1.42  CO2
  Dolomite          0.74    -16.25  -16.99  CaMg(CO3)2
  Epsomite         -2.16     -4.09   -1.93  MgSO4:7H2O
  Gypsum           -0.20     -4.80   -4.60  CaSO4:2H2O
  Halite           -1.95     -0.39    1.57  NaCl
  Hexahydrite      -2.44     -4.08   -1.64  MgSO4:6H2O
  Hydrohalite      -1.91     -0.42    1.49  NaCl:2H2O
  Hydromagnesite   -2.64    -39.15  -36.51  (MgCO3)3:Mg(OH)2:3H2O
  Ice(s)           -0.10     -0.02    0.09  H2O
  Ikaite           -1.93     -8.61   -6.68  CaCO3:6H2O
  Kalicinite       -4.81     -4.67    0.13  KHCO3
  Kieserite        -3.86     -4.00   -0.13  MgSO4:H2O
  Landsfordite     -2.71     -7.81   -5.10  MgCO3:5H2O
  Magnesite         0.24     -7.73   -7.97  MgCO3
  Meridianite      -2.68     -4.16   -1.47  MgSO4:11H2O
  MgCl2:12H2O      -6.44     -2.10    4.35  MgCl2:12H2O
  MgCl2:8H2O       -6.16     -2.03    4.12  MgCl2:8H2O
  Mirabilite       -1.59     -3.01   -1.42  Na2SO4:10H2O
  Na2CO3:7H2O      -6.17     -6.71   -0.54  Na2CO3:7H2O
  Nahcolite        -2.54     -2.99   -0.45  NaHCO3
  Natron           -5.79     -6.76   -0.97  Na2CO3:10H2O
  Nesquehonite     -2.48     -7.78   -5.30  MgCO3:3H2O
  Picromerite      -5.84    -10.30   -4.46  MgSO4:K2SO4:6H2O
  Sylvite          -2.93     -2.07    0.85  KCl
  Tachyhydrite    -23.86     -6.69   17.18  CaCl2:(MgCl2)2:12H2O
  Thenardite       -2.56     -2.85   -0.29  Na2SO4
  Trona            -8.56     -9.62   -1.06  Na3H(CO3)2:2H2O
  Vaterite         -0.63     -8.51   -7.88  CaCO3

**For a gas, SI = log10(fugacity). Fugacity = pressure * phi / 1 atm.
  For ideal gases, phi = 1.

-----------------------------------------
Beginning of batch-reaction calculations.
-----------------------------------------

Reaction step 1.

Using solution 1.	
Using pure phase assemblage 1.	

-------------------------------Phase assemblage--------------------------------

                                                      Moles in assemblage
Phase               SI  log IAP  log K(T, P)   Initial       Final       Delta

Calcite          -0.06    -8.51     -8.46    0.000e+00           0   0.000e+00
Gypsum           -0.20    -4.80     -4.60    0.000e+00           0   0.000e+00
Halite           -1.95    -0.39      1.57    0.000e+00           0   0.000e+00
Hydrohalite      -1.91    -0.42      1.49    0.000e+00           0   0.000e+00
Ice(s)           -0.10    -0.02      0.09    0.000e+00           0   0.000e+00
Mirabilite       -1.59    -3.01     -1.42    0.000e+00           0   0.000e+00

-----------------------------Solution composition------------------------------

	Elements           Molality       Moles

	C                 3.969e-03   3.969e-03
	Ca                2.402e-02   2.402e-02
	Cl                1.027e+00   1.027e+00
	K                 2.153e-02   2.153e-02
	Mg                1.159e-01   1.159e-01
	Na                9.352e-01   9.352e-01
	S                 5.942e-02   5.942e-02

----------------------------Description of solution----------------------------

                                       pH  =   7.005      Charge balance
                                       pe  =   4.000      Adjusted to redox equilibrium
      Specific Conductance (µS/cm,  21°C)  = 75661
                          Density (g/cm³)  =   1.04751
                               Volume (L)  =   1.02002
                        Activity of water  =   0.964
                 Ionic strength (mol/kgw)  =   1.392e+00
                       Mass of water (kg)  =   1.000e+00
                 Total alkalinity (eq/kg)  =   3.653e-03
                       Total CO2 (mol/kg)  =   3.969e-03
                         Temperature (°C)  =  21.00
                  Electrical balance (eq)  =   8.695e-02
 Percent error, 100*(Cat-|An|)/(Cat+|An|)  =   3.64
                               Iterations  =   1
                         Gamma iterations  =   1
                      Osmotic coefficient  =   0.92667
                         Density of water  =   0.99799
                                  Total H  = 1.110222e+02
                                  Total O  = 5.575853e+01

----------------------------Distribution of species----------------------------

                                                    Unscaled  Unscaled
                                Unscaled       Log       Log       Log    mole V
   Species          Molality    Activity  Molality  Activity     Gamma   cm³/mol

   OH-             1.977e-07   7.257e-08    -6.704    -7.139    -0.435     -1.72
   H+              1.286e-07   9.886e-08    -6.891    -7.005    -0.114      0.00
   H2O             5.551e+01   9.641e-01     1.744    -0.016     0.000     18.05
C(4)          3.969e-03
   HCO3-           3.597e-03   1.827e-03    -2.444    -2.738    -0.294     27.91
   CO2             3.443e-04   4.446e-04    -3.463    -3.352     0.111     30.10
   MgCO3           1.485e-05   1.485e-05    -4.828    -4.828     0.000    -17.08
   CO3-2           1.285e-05   7.962e-07    -4.891    -6.099    -1.208      0.95
   CaCO3           2.326e-12   2.326e-12   -11.633   -11.633     0.000     (0)  
Ca            2.402e-02
   Ca+2            2.402e-02   3.844e-03    -1.619    -2.415    -0.796    -16.37
   CaCO3           2.326e-12   2.326e-12   -11.633   -11.633     0.000     (0)  
Cl            1.027e+00
   Cl-             1.027e+00   7.305e-01     0.012    -0.136    -0.148     18.95
K             2.153e-02
   K+              2.153e-02   1.158e-02    -1.667    -1.936    -0.269      9.93
Mg            1.159e-01
   Mg+2            1.158e-01   2.331e-02    -0.936    -1.632    -0.696    -19.85
   MgCO3           1.485e-05   1.485e-05    -4.828    -4.828     0.000    -17.08
   MgOH+           3.081e-07   2.476e-07    -6.511    -6.606    -0.095     (0)  
Na            9.352e-01
   Na+             9.352e-01   5.614e-01    -0.029    -0.251    -0.222     -0.28
S(6)          5.942e-02
   SO4-2           5.942e-02   4.480e-03    -1.226    -2.349    -1.123     19.71

------------------------------Saturation indices-------------------------------

  Phase               SI** log IAP   log K(294 K,   1 atm)

  Anhydrite        -0.54     -4.76   -4.22  CaSO4
  Antarcticite     -6.48     -2.78    3.70  CaCl2:6H2O
  Aphthitalite    -14.06    -21.51   -7.45  Na2SO4:3K2SO4
  Aragonite        -0.20     -8.51   -8.31  CaCO3
  Arcanite         -4.38     -6.22   -1.84  K2SO4
  Bischofite       -6.66     -2.00    4.66  MgCl2:6H2O
  Bloedite         -4.51     -6.89   -2.39  Na2Mg(SO4)2:4H2O
  Calcite          -0.06     -8.51   -8.46  CaCO3
  Carnallite       -8.31     -4.07    4.24  KMgCl3:6H2O
  CO2(g)           -1.93     -3.35   -1.42  CO2
  Dolomite          0.74    -16.25  -16.99  CaMg(CO3)2
  Epsomite         -2.16     -4.09   -1.93  MgSO4:7H2O
  Gypsum           -0.20     -4.80   -4.60  CaSO4:2H2O
  Halite           -1.95     -0.39    1.57  NaCl
  Hexahydrite      -2.44     -4.08   -1.64  MgSO4:6H2O
  Hydrohalite      -1.91     -0.42    1.49  NaCl:2H2O
  Hydromagnesite   -2.64    -39.15  -36.51  (MgCO3)3:Mg(OH)2:3H2O
  Ice(s)           -0.10     -0.02    0.09  H2O
  Ikaite           -1.93     -8.61   -6.68  CaCO3:6H2O
  Kalicinite       -4.81     -4.67    0.13  KHCO3
  Kieserite        -3.86     -4.00   -0.13  MgSO4:H2O
  Landsfordite     -2.71     -7.81   -5.10  MgCO3:5H2O
  Magnesite         0.24     -7.73   -7.97  MgCO3
  Meridianite      -2.68     -4.16   -1.47  MgSO4:11H2O
  MgCl2:12H2O      -6.44     -2.10    4.35  MgCl2:12H2O
  MgCl2:8H2O       -6.16     -2.03    4.12  MgCl2:8H2O
  Mirabilite       -1.59     -3.01   -1.42  Na2SO4:10H2O
  Na2CO3:7H2O      -6.17     -6.71   -0.54  Na2CO3:7H2O
  Nahcolite        -2.54     -2.99   -0.45  NaHCO3
  Natron           -5.79     -6.76   -0.97  Na2CO3:10H2O
  Nesquehonite     -2.48     -7.78   -5.30  MgCO3:3H2O
  Picromerite      -5.84    -10.30   -4.46  MgSO4:K2SO4:6H2O
  Sylvite          -2.93     -2.07    0.85  KCl
  Tachyhydrite    -23.86     -6.69   17.18  CaCl2:(MgCl2)2:12H2O
  Thenardite       -2.56     -2.85   -0.29  Na2SO4
  Trona            -8.56     -9.62   -1.06  Na3H(CO3)2:2H2O
  Vaterite         -0.63     -8.51   -7.88  CaCO3

**For a gas, SI = log10(fugacity). Fugacity = pressure * phi / 1 atm.
  For ideal gases, phi = 1.

------------------
End of simulation.
------------------

------------------------------------
Reading input data for simulation 2.
------------------------------------

-------------------------------
End of Run after 1.327 Seconds.
-------------------------------

