   Input file: C:\Users\Kagiso\PHREEQC-Python\C3_Ca_plus10pct_FREZ_pre_-007p0.pqi
  Output file: C:\Users\Kagiso\PHREEQC-Python\C3_Ca_plus10pct_FREZ_pre_-007p0.out
Database file: C:\Program Files\USGS\phreeqc-3.8.6-17100-x64\database\frezchem.dat

------------------
Reading data base.
------------------

	PITZER
	SOLUTION_MASTER_SPECIES
	SOLUTION_SPECIES
	PHASES
	PITZER
	EXCHANGE_MASTER_SPECIES
	EXCHANGE_SPECIES
	SURFACE_MASTER_SPECIES
	SURFACE_SPECIES
	END
------------------------------------
Reading input data for simulation 1.
------------------------------------

	TITLE C3_Ca_plus10pct FREZCHEM sequential FC at -7.00 C
	SOLUTION 1
	    temp -7.00000000
	    pH 6.8838000000
	    units mol/kgw
	    water 0.671160000000
	    Na 1.39927886048036e+00
	    K 3.22143751117468e-02
	    Mg 1.73341677096370e-01
	    Ca 3.19893915012814e-02
	    Cl 1.70749150724119e+00
	    S(6) 8.13889385541451e-02
	    C(4) 5.83199237141665e-03
	SELECTED_OUTPUT 1
	    file C:/Users/Kagiso/PHREEQC-Python/C3_Ca_plus10pct_FREZ_pre_-007p0.txt
	    reset false
	    user_punch true
	USER_PUNCH 1
	    headings Temp_C pH Water_kg Alk_eq_kgw Mu aw Na_mol K_mol Mg_mol Ca_mol Cl_mol S6_mol C4_mol Na_m K_m Mg_m Ca_m Cl_m S6_m C4_m Na_act Cl_act SO4_act SI_Ice SI_Mirabilite SI_Halite SI_Hydrohalite SI_Calcite SI_Gypsum Iterations
	    10 PUNCH TC, -LA("H+"), TOT("water"), ALK, MU, ACT("H2O")
	    20 PUNCH TOTMOLE("Na"), TOTMOLE("K"), TOTMOLE("Mg"), TOTMOLE("Ca")
	    30 PUNCH TOTMOLE("Cl"), TOTMOLE("S(6)"), TOTMOLE("C(4)")
	    40 PUNCH TOT("Na"), TOT("K"), TOT("Mg"), TOT("Ca")
	    50 PUNCH TOT("Cl"), TOT("S(6)"), TOT("C(4)")
	    60 PUNCH ACT("Na+"), ACT("Cl-"), ACT("SO4-2")
	    70 PUNCH SI("Ice(s)"), SI("Mirabilite"), SI("Halite"), SI("Hydrohalite"), SI("Calcite"), SI("Gypsum")
	    80 PUNCH ITERATIONS
	END
-----
TITLE
-----

 C3_Ca_plus10pct FREZCHEM sequential FC at -7.00 C

-------------------------------------------
Beginning of initial solution calculations.
-------------------------------------------

Initial solution 1.	

-----------------------------Solution composition------------------------------

	Elements           Molality       Moles

	C(4)              5.832e-03   3.914e-03
	Ca                3.199e-02   2.147e-02
	Cl                1.707e+00   1.146e+00
	K                 3.221e-02   2.162e-02
	Mg                1.733e-01   1.163e-01
	Na                1.399e+00   9.391e-01
	S(6)              8.139e-02   5.463e-02

----------------------------Description of solution----------------------------

                                       pH  =   6.884    
                                       pe  =   4.000    
      Specific Conductance (µS/cm,  -7°C)  = 44992
                          Density (g/cm³)  =   1.08074
                               Volume (L)  =   0.68785
                        Activity of water  =   0.944
                 Ionic strength (mol/kgw)  =   2.145e+00
                       Mass of water (kg)  =   6.712e-01
                 Total alkalinity (eq/kg)  =   4.757e-03
                       Total CO2 (mol/kg)  =   5.832e-03
                         Temperature (°C)  =  -7.00
                  Electrical balance (eq)  =  -2.206e-02
 Percent error, 100*(Cat-|An|)/(Cat+|An|)  =  -0.88
                               Iterations  =  14
                         Gamma iterations  =   4
                      Osmotic coefficient  =   0.93569
                         Density of water  =   0.99888
                                  Total H  = 7.451441e+01
                                  Total O  = 3.748513e+01

----------------------------Distribution of species----------------------------

                                                    Unscaled  Unscaled
                                Unscaled       Log       Log       Log    mole V
   Species          Molality    Activity  Molality  Activity     Gamma   cm³/mol

   H+              1.274e-07   1.307e-07    -6.895    -6.884     0.011      0.00
   OH-             2.016e-08   4.025e-09    -7.696    -8.395    -0.700     -4.08
   H2O             5.551e+01   9.438e-01     1.744    -0.025     0.000     18.04
C(4)          5.832e-03
   HCO3-           4.729e-03   2.220e-03    -2.325    -2.654    -0.328     27.02
   CO2             1.089e-03   1.482e-03    -2.963    -2.829     0.134     43.16
   CO3-2           7.818e-06   3.046e-07    -5.107    -6.516    -1.409     -3.78
   MgCO3           6.206e-06   6.206e-06    -5.207    -5.207     0.000    -17.03
   CaCO3           1.584e-12   1.584e-12   -11.800   -11.800     0.000     (0)  
Ca            3.199e-02
   Ca+2            3.199e-02   6.540e-03    -1.495    -2.184    -0.689    -18.54
   CaCO3           1.584e-12   1.584e-12   -11.800   -11.800     0.000     (0)  
Cl            1.707e+00
   Cl-             1.707e+00   1.149e+00     0.232     0.060    -0.172     16.84
K             3.221e-02
   K+              3.221e-02   1.583e-02    -1.492    -1.801    -0.309      9.12
Mg            1.733e-01
   Mg+2            1.733e-01   3.694e-02    -0.761    -1.433    -0.671    -18.89
   MgCO3           6.206e-06   6.206e-06    -5.207    -5.207     0.000    -17.03
   MgOH+           2.229e-08   1.811e-08    -7.652    -7.742    -0.090     (0)  
Na            1.399e+00
   Na+             1.399e+00   7.900e-01     0.146    -0.102    -0.248     -1.94
S(6)          8.139e-02
   SO4-2           8.139e-02   3.413e-03    -1.089    -2.467    -1.377     13.55

------------------------------Saturation indices-------------------------------

  Phase               SI** log IAP   log K(266 K,   1 atm)

  Anhydrite        -0.62     -4.65   -4.03  CaSO4
  Antarcticite     -5.36     -2.21    3.14  CaCl2:6H2O
  Aphthitalite    -11.56    -20.88   -9.31  Na2SO4:3K2SO4
  Aragonite        -0.50     -8.70   -8.20  CaCO3
  Arcanite         -3.74     -6.07   -2.33  K2SO4
  Bischofite       -6.21     -1.46    4.75  MgCl2:6H2O
  Bloedite         -4.19     -6.67   -2.49  Na2Mg(SO4)2:4H2O
  Calcite          -0.33     -8.70   -8.37  CaCO3
  Carnallite       -6.93     -3.20    3.73  KMgCl3:6H2O
  CO2(g)           -1.85     -2.83   -0.98  CO2
  Dolomite         -0.40    -16.65  -16.25  CaMg(CO3)2
  Epsomite         -1.76     -4.08   -2.31  MgSO4:7H2O
  Gypsum            0.01     -4.70   -4.71  CaSO4:2H2O
  Halite           -1.50     -0.04    1.46  NaCl
  Hexahydrite      -2.33     -4.05   -1.72  MgSO4:6H2O
  Hydrohalite      -1.24     -0.09    1.15  NaCl:2H2O
  Hydromagnesite   -7.63    -42.14  -34.52  (MgCO3)3:Mg(OH)2:3H2O
  Ice(s)            0.00     -0.03   -0.03  H2O
  Ikaite           -1.45     -8.85   -7.40  CaCO3:6H2O
  Kalicinite       -4.19     -4.45   -0.26  KHCO3
  Kieserite        -4.81     -3.92    0.89  MgSO4:H2O
  Landsfordite     -2.98     -8.07   -5.09  MgCO3:5H2O
  Magnesite        -0.46     -7.95   -7.49  MgCO3
  Meridianite      -1.57     -4.18   -2.61  MgSO4:11H2O
  MgCl2:12H2O      -4.07     -1.61    2.45  MgCl2:12H2O
  MgCl2:8H2O       -5.24     -1.51    3.73  MgCl2:8H2O
  Mirabilite       -0.04     -2.92   -2.88  Na2SO4:10H2O
  Na2CO3:7H2O      -5.66     -6.90   -1.23  Na2CO3:7H2O
  Nahcolite        -1.95     -2.76   -0.80  NaHCO3
  Natron           -4.92     -6.97   -2.05  Na2CO3:10H2O
  Nesquehonite     -3.13     -8.02   -4.89  MgCO3:3H2O
  Picromerite      -4.83    -10.12   -5.29  MgSO4:K2SO4:6H2O
  Sylvite          -2.20     -1.74    0.46  KCl
  Tachyhydrite    -23.85     -4.99   18.86  CaCl2:(MgCl2)2:12H2O
  Thenardite       -2.36     -2.67   -0.31  Na2SO4
  Trona            -8.15     -9.53   -1.37  Na3H(CO3)2:2H2O
  Vaterite         -0.99     -8.70   -7.71  CaCO3

**For a gas, SI = log10(fugacity). Fugacity = pressure * phi / 1 atm.
  For ideal gases, phi = 1.

------------------
End of simulation.
------------------

------------------------------------
Reading input data for simulation 2.
------------------------------------

-------------------------------
End of Run after 1.276 Seconds.
-------------------------------

