   Input file: C:\Users\Kagiso\PHREEQC-Python\C3_Ca_minus10pct_FREZ_eq_-008p0.pqi
  Output file: C:\Users\Kagiso\PHREEQC-Python\C3_Ca_minus10pct_FREZ_eq_-008p0.out
Database file: C:\Program Files\USGS\phreeqc-3.8.6-17100-x64\database\frezchem.dat

------------------
Reading data base.
------------------

	PITZER
	SOLUTION_MASTER_SPECIES
	SOLUTION_SPECIES
	PHASES
	PITZER
	EXCHANGE_MASTER_SPECIES
	EXCHANGE_SPECIES
	SURFACE_MASTER_SPECIES
	SURFACE_SPECIES
	END
------------------------------------
Reading input data for simulation 1.
------------------------------------

	TITLE C3_Ca_minus10pct FREZCHEM sequential FC at -8.00 C
	SOLUTION 1
	    temp -8.00000000
	    pH 6.9364000000
	    units mol/kgw
	    water 0.579880000000
	    Na 1.59476098503139e+00
	    K 3.72784024280886e-02
	    Mg 2.00593226184728e-01
	    Ca 3.21945919845485e-02
	    Cl 1.97592605366628e+00
	    S(6) 8.54642339794440e-02
	    C(4) 6.84141546526868e-03
	EQUILIBRIUM_PHASES 1
	    Ice(s)       0.0 0.0
	    Mirabilite   0.0 0.0
	    Halite       0.0 0.0
	    Hydrohalite  0.0 0.0
	    Calcite      0.0 0.0
	    Gypsum       0.0 0.0
	SELECTED_OUTPUT 1
	    file C:/Users/Kagiso/PHREEQC-Python/C3_Ca_minus10pct_FREZ_eq_-008p0.txt
	    reset false
	    user_punch true
	USER_PUNCH 1
	    headings Temp_C pH Water_kg Alk_eq_kgw Mu aw Na_mol K_mol Mg_mol Ca_mol Cl_mol S6_mol C4_mol Na_m K_m Mg_m Ca_m Cl_m S6_m C4_m Na_act Cl_act SO4_act SI_Ice SI_Mirabilite SI_Halite SI_Hydrohalite SI_Calcite SI_Gypsum Ice_mol Mirabilite_mol Halite_mol Hydrohalite_mol Calcite_mol Gypsum_mol Iterations
	    10 PUNCH TC, -LA("H+"), TOT("water"), ALK, MU, ACT("H2O")
	    20 PUNCH TOTMOLE("Na"), TOTMOLE("K"), TOTMOLE("Mg"), TOTMOLE("Ca")
	    30 PUNCH TOTMOLE("Cl"), TOTMOLE("S(6)"), TOTMOLE("C(4)")
	    40 PUNCH TOT("Na"), TOT("K"), TOT("Mg"), TOT("Ca")
	    50 PUNCH TOT("Cl"), TOT("S(6)"), TOT("C(4)")
	    60 PUNCH ACT("Na+"), ACT("Cl-"), ACT("SO4-2")
	    70 PUNCH SI("Ice(s)"), SI("Mirabilite"), SI("Halite"), SI("Hydrohalite"), SI("Calcite"), SI("Gypsum")
	    80 PUNCH EQUI("Ice(s)"), EQUI("Mirabilite"), EQUI("Halite"), EQUI("Hydrohalite"), EQUI("Calcite"), EQUI("Gypsum")
	    90 PUNCH ITERATIONS
	END
-----
TITLE
-----

 C3_Ca_minus10pct FREZCHEM sequential FC at -8.00 C

-------------------------------------------
Beginning of initial solution calculations.
-------------------------------------------

Initial solution 1.	

-----------------------------Solution composition------------------------------

	Elements           Molality       Moles

	C(4)              6.841e-03   3.967e-03
	Ca                3.219e-02   1.867e-02
	Cl                1.976e+00   1.146e+00
	K                 3.728e-02   2.162e-02
	Mg                2.006e-01   1.163e-01
	Na                1.595e+00   9.248e-01
	S(6)              8.546e-02   4.956e-02

----------------------------Description of solution----------------------------

                                       pH  =   6.936    
                                       pe  =   4.000    
      Specific Conductance (µS/cm,  -8°C)  = 47364
                          Density (g/cm³)  =   1.09139
                               Volume (L)  =   0.59665
                        Activity of water  =   0.935
                 Ionic strength (mol/kgw)  =   2.443e+00
                       Mass of water (kg)  =   5.799e-01
                 Total alkalinity (eq/kg)  =   5.698e-03
                       Total CO2 (mol/kg)  =   6.841e-03
                         Temperature (°C)  =  -8.00
                  Electrical balance (eq)  =  -3.186e-02
 Percent error, 100*(Cat-|An|)/(Cat+|An|)  =  -1.29
                               Iterations  =  16
                         Gamma iterations  =   5
                      Osmotic coefficient  =   0.95299
                         Density of water  =   0.99865
                                  Total H  = 6.438074e+01
                                  Total O  = 3.239819e+01

----------------------------Distribution of species----------------------------

                                                    Unscaled  Unscaled
                                Unscaled       Log       Log       Log    mole V
   Species          Molality    Activity  Molality  Activity     Gamma   cm³/mol

   H+              1.019e-07   1.158e-07    -6.992    -6.936     0.055      0.00
   OH-             2.374e-08   4.036e-09    -7.624    -8.394    -0.770     -3.93
   H2O             5.551e+01   9.347e-01     1.744    -0.029     0.000     18.04
C(4)          6.841e-03
   HCO3-           5.655e-03   2.582e-03    -2.248    -2.588    -0.340     27.85
   CO2             1.165e-03   1.603e-03    -2.934    -2.795     0.139     43.99
   CO3-2           1.148e-05   3.835e-07    -4.940    -6.416    -1.476     -3.30
   MgCO3           9.771e-06   9.771e-06    -5.010    -5.010     0.000    -17.02
   CaCO3           2.131e-12   2.131e-12   -11.672   -11.672     0.000     (0)  
Ca            3.219e-02
   Ca+2            3.219e-02   7.125e-03    -1.492    -2.147    -0.655    -18.74
   CaCO3           2.131e-12   2.131e-12   -11.672   -11.672     0.000     (0)  
Cl            1.976e+00
   Cl-             1.976e+00   1.344e+00     0.296     0.128    -0.167     16.81
K             3.728e-02
   K+              3.728e-02   1.787e-02    -1.429    -1.748    -0.319      9.30
Mg            2.006e-01
   Mg+2            2.006e-01   4.676e-02    -0.698    -1.330    -0.632    -18.79
   MgCO3           9.771e-06   9.771e-06    -5.010    -5.010     0.000    -17.02
   MgOH+           2.907e-08   2.297e-08    -7.537    -7.639    -0.102     (0)  
Na            1.595e+00
   Na+             1.595e+00   8.987e-01     0.203    -0.046    -0.249     -1.88
S(6)          8.546e-02
   SO4-2           8.546e-02   3.135e-03    -1.068    -2.504    -1.436     13.57

------------------------------Saturation indices-------------------------------

  Phase               SI** log IAP   log K(265 K,   1 atm)

  Anhydrite        -0.62     -4.65   -4.03  CaSO4
  Antarcticite     -5.19     -2.07    3.13  CaCl2:6H2O
  Aphthitalite    -11.22    -20.60   -9.38  Na2SO4:3K2SO4
  Aragonite        -0.37     -8.56   -8.20  CaCO3
  Arcanite         -3.65     -6.00   -2.35  K2SO4
  Bischofite       -6.00     -1.25    4.75  MgCl2:6H2O
  Bloedite         -4.06     -6.55   -2.49  Na2Mg(SO4)2:4H2O
  Calcite          -0.20     -8.56   -8.37  CaCO3
  Carnallite       -6.58     -2.87    3.71  KMgCl3:6H2O
  CO2(g)           -1.84     -2.80   -0.96  CO2
  Dolomite         -0.09    -16.31  -16.22  CaMg(CO3)2
  Epsomite         -1.71     -4.04   -2.33  MgSO4:7H2O
  Gypsum            0.01     -4.71   -4.72  CaSO4:2H2O
  Halite           -1.37      0.08    1.46  NaCl
  Hexahydrite      -2.29     -4.01   -1.72  MgSO4:6H2O
  Hydrohalite      -1.11      0.02    1.13  NaCl:2H2O
  Hydromagnesite   -7.01    -41.45  -34.44  (MgCO3)3:Mg(OH)2:3H2O
  Ice(s)            0.00     -0.03   -0.03  H2O
  Ikaite           -1.31     -8.74   -7.42  CaCO3:6H2O
  Kalicinite       -4.06     -4.34   -0.27  KHCO3
  Kieserite        -4.81     -3.86    0.94  MgSO4:H2O
  Landsfordite     -2.82     -7.89   -5.07  MgCO3:5H2O
  Magnesite        -0.28     -7.75   -7.47  MgCO3
  Meridianite      -1.51     -4.16   -2.65  MgSO4:11H2O
  MgCl2:12H2O      -3.83     -1.43    2.40  MgCl2:12H2O
  MgCl2:8H2O       -5.02     -1.31    3.71  MgCl2:8H2O
  Mirabilite        0.05     -2.89   -2.94  Na2SO4:10H2O
  Na2CO3:7H2O      -5.46     -6.71   -1.26  Na2CO3:7H2O
  Nahcolite        -1.82     -2.63   -0.82  NaHCO3
  Natron           -4.71     -6.80   -2.09  Na2CO3:10H2O
  Nesquehonite     -2.97     -7.83   -4.87  MgCO3:3H2O
  Picromerite      -4.68    -10.01   -5.33  MgSO4:K2SO4:6H2O
  Sylvite          -2.07     -1.62    0.45  KCl
  Tachyhydrite    -23.31     -4.39   18.92  CaCl2:(MgCl2)2:12H2O
  Thenardite       -2.28     -2.60   -0.32  Na2SO4
  Trona            -7.82     -9.20   -1.38  Na3H(CO3)2:2H2O
  Vaterite         -0.86     -8.56   -7.70  CaCO3

**For a gas, SI = log10(fugacity). Fugacity = pressure * phi / 1 atm.
  For ideal gases, phi = 1.

-----------------------------------------
Beginning of batch-reaction calculations.
-----------------------------------------

Reaction step 1.

WARNING: Maximum iterations exceeded, 200

WARNING: Numerical method failed with this set of convergence parameters.

WARNING: Trying smaller step size, pe step size 10, 5 ... 

WARNING: Maximum iterations exceeded, 400

WARNING: Numerical method failed with this set of convergence parameters.

WARNING: Trying reduced tolerance 1e-16 ...

WARNING: Maximum iterations exceeded, 400

WARNING: Numerical method failed with this set of convergence parameters.

WARNING: Trying increased tolerance 1e-14 ...

WARNING: Maximum iterations exceeded, 400

WARNING: Numerical method failed with this set of convergence parameters.

WARNING: Trying diagonal scaling ...

Using solution 1.	
Using pure phase assemblage 1.	

-------------------------------Phase assemblage--------------------------------

                                                      Moles in assemblage
Phase               SI  log IAP  log K(T, P)   Initial       Final       Delta

Calcite          -0.08    -8.45     -8.37    0.000e+00           0   0.000e+00
Gypsum           -0.01    -4.72     -4.72    0.000e+00           0   0.000e+00
Halite           -1.26     0.20      1.46    0.000e+00           0   0.000e+00
Hydrohalite      -1.00     0.13      1.13    0.000e+00           0   0.000e+00
Ice(s)            0.00    -0.03     -0.03    0.000e+00   3.720e+00   3.720e+00
Mirabilite        0.00    -2.94     -2.94    0.000e+00   1.127e-02   1.127e-02

-----------------------------Solution composition------------------------------

	Elements           Molality       Moles

	C                 7.766e-03   3.967e-03
	Ca                3.655e-02   1.867e-02
	Cl                2.243e+00   1.146e+00
	K                 4.232e-02   2.162e-02
	Mg                2.277e-01   1.163e-01
	Na                1.766e+00   9.022e-01
	S                 7.495e-02   3.829e-02

----------------------------Description of solution----------------------------

                                       pH  =   6.910      Charge balance
                                       pe  =   4.000      Adjusted to redox equilibrium
      Specific Conductance (µS/cm,  -8°C)  = 51039
                          Density (g/cm³)  =   1.10009
                               Volume (L)  =   0.52770
                        Activity of water  =   0.926
                 Ionic strength (mol/kgw)  =   2.707e+00
                       Mass of water (kg)  =   5.108e-01
                 Total alkalinity (eq/kg)  =   6.468e-03
                       Total CO2 (mol/kg)  =   7.766e-03
                         Temperature (°C)  =  -8.00
                  Electrical balance (eq)  =  -3.186e-02
 Percent error, 100*(Cat-|An|)/(Cat+|An|)  =  -1.32
                               Iterations  =  14 (1418 overall)
                         Gamma iterations  =   2
                      Osmotic coefficient  =   0.97664
                         Density of water  =   0.99865
                                  Total H  = 5.671446e+01
                                  Total O  = 2.851996e+01

----------------------------Distribution of species----------------------------

                                                    Unscaled  Unscaled
                                Unscaled       Log       Log       Log    mole V
   Species          Molality    Activity  Molality  Activity     Gamma   cm³/mol

   H+              9.801e-08   1.231e-07    -7.009    -6.910     0.099      0.00
   OH-             2.508e-08   3.758e-09    -7.601    -8.425    -0.824     -3.58
   H2O             5.551e+01   9.255e-01     1.744    -0.034     0.000     18.04
C(4)          7.766e-03
   HCO3-           6.415e-03   2.877e-03    -2.193    -2.541    -0.348     28.73
   CO2             1.325e-03   1.919e-03    -2.878    -2.717     0.161     43.99
   CO3-2           1.371e-05   4.019e-07    -4.863    -6.396    -1.533     -2.48
   MgCO3           1.293e-05   1.293e-05    -4.888    -4.888     0.000    -17.02
   CaCO3           2.766e-12   2.766e-12   -11.558   -11.558     0.000     (0)  
Ca            3.655e-02
   Ca+2            3.655e-02   8.827e-03    -1.437    -2.054    -0.617    -18.76
   CaCO3           2.766e-12   2.766e-12   -11.558   -11.558     0.000     (0)  
Cl            2.243e+00
   Cl-             2.243e+00   1.564e+00     0.351     0.194    -0.157     16.92
K             4.232e-02
   K+              4.232e-02   1.990e-02    -1.373    -1.701    -0.328      9.52
Mg            2.277e-01
   Mg+2            2.277e-01   5.905e-02    -0.643    -1.229    -0.586    -18.73
   MgCO3           1.293e-05   1.293e-05    -4.888    -4.888     0.000    -17.02
   MgOH+           3.499e-08   2.700e-08    -7.456    -7.569    -0.113     (0)  
Na            1.766e+00
   Na+             1.766e+00   1.003e+00     0.247     0.001    -0.246     -1.72
S(6)          7.495e-02
   SO4-2           7.495e-02   2.496e-03    -1.125    -2.603    -1.477     14.05

------------------------------Saturation indices-------------------------------

  Phase               SI** log IAP   log K(265 K,   1 atm)

  Anhydrite        -0.63     -4.66   -4.03  CaSO4
  Antarcticite     -5.00     -1.87    3.13  CaCl2:6H2O
  Aphthitalite    -11.24    -20.62   -9.38  Na2SO4:3K2SO4
  Aragonite        -0.25     -8.45   -8.20  CaCO3
  Arcanite         -3.66     -6.01   -2.35  K2SO4
  Bischofite       -5.79     -1.04    4.75  MgCl2:6H2O
  Bloedite         -4.08     -6.57   -2.49  Na2Mg(SO4)2:4H2O
  Calcite          -0.08     -8.45   -8.37  CaCO3
  Carnallite       -6.26     -2.55    3.71  KMgCl3:6H2O
  CO2(g)           -1.76     -2.72   -0.96  CO2
  Dolomite          0.15    -16.07  -16.22  CaMg(CO3)2
  Epsomite         -1.74     -4.07   -2.33  MgSO4:7H2O
  Gypsum           -0.01     -4.72   -4.72  CaSO4:2H2O
  Halite           -1.26      0.20    1.46  NaCl
  Hexahydrite      -2.31     -4.03   -1.72  MgSO4:6H2O
  Hydrohalite      -1.00      0.13    1.13  NaCl:2H2O
  Hydromagnesite   -6.62    -41.05  -34.44  (MgCO3)3:Mg(OH)2:3H2O
  Ice(s)            0.00     -0.03   -0.03  H2O
  Ikaite           -1.23     -8.65   -7.42  CaCO3:6H2O
  Kalicinite       -3.97     -4.24   -0.27  KHCO3
  Kieserite        -4.81     -3.87    0.94  MgSO4:H2O
  Landsfordite     -2.72     -7.79   -5.07  MgCO3:5H2O
  Magnesite        -0.16     -7.62   -7.47  MgCO3
  Meridianite      -1.55     -4.20   -2.65  MgSO4:11H2O
  MgCl2:12H2O      -3.64     -1.24    2.40  MgCl2:12H2O
  MgCl2:8H2O       -4.82     -1.11    3.71  MgCl2:8H2O
  Mirabilite        0.00     -2.94   -2.94  Na2SO4:10H2O
  Na2CO3:7H2O      -5.37     -6.63   -1.26  Na2CO3:7H2O
  Nahcolite        -1.72     -2.54   -0.82  NaHCO3
  Natron           -4.64     -6.73   -2.09  Na2CO3:10H2O
  Nesquehonite     -2.86     -7.73   -4.87  MgCO3:3H2O
  Picromerite      -4.71    -10.04   -5.33  MgSO4:K2SO4:6H2O
  Sylvite          -1.95     -1.51    0.45  KCl
  Tachyhydrite    -22.67     -3.75   18.92  CaCl2:(MgCl2)2:12H2O
  Thenardite       -2.28     -2.60   -0.32  Na2SO4
  Trona            -7.61     -9.00   -1.38  Na3H(CO3)2:2H2O
  Vaterite         -0.75     -8.45   -7.70  CaCO3

**For a gas, SI = log10(fugacity). Fugacity = pressure * phi / 1 atm.
  For ideal gases, phi = 1.

------------------
End of simulation.
------------------

------------------------------------
Reading input data for simulation 2.
------------------------------------

-------------------------------
End of Run after 1.484 Seconds.
-------------------------------

