   Input file: C:\Users\Kagiso\PHREEQC-Python\C3_Ca_minus10pct_FREZ_eq_+017p0.pqi
  Output file: C:\Users\Kagiso\PHREEQC-Python\C3_Ca_minus10pct_FREZ_eq_+017p0.out
Database file: C:\Program Files\USGS\phreeqc-3.8.6-17100-x64\database\frezchem.dat

------------------
Reading data base.
------------------

	PITZER
	SOLUTION_MASTER_SPECIES
	SOLUTION_SPECIES
	PHASES
	PITZER
	EXCHANGE_MASTER_SPECIES
	EXCHANGE_SPECIES
	SURFACE_MASTER_SPECIES
	SURFACE_SPECIES
	END
------------------------------------
Reading input data for simulation 1.
------------------------------------

	TITLE C3_Ca_minus10pct FREZCHEM sequential FC at 17.00 C
	SOLUTION 1
	    temp 17.00000000
	    pH 7.0102000000
	    units mol/kgw
	    water 1.000000000000
	    Na 9.38960000000000e-01
	    K 2.16170000000000e-02
	    Mg 1.16320000000000e-01
	    Ca 2.16650000000000e-02
	    Cl 1.14580000000000e+00
	    S(6) 5.96520000000000e-02
	    C(4) 3.96720000000000e-03
	EQUILIBRIUM_PHASES 1
	    Ice(s)       0.0 0.0
	    Mirabilite   0.0 0.0
	    Halite       0.0 0.0
	    Hydrohalite  0.0 0.0
	    Calcite      0.0 0.0
	    Gypsum       0.0 0.0
	SELECTED_OUTPUT 1
	    file C:/Users/Kagiso/PHREEQC-Python/C3_Ca_minus10pct_FREZ_eq_+017p0.txt
	    reset false
	    user_punch true
	USER_PUNCH 1
	    headings Temp_C pH Water_kg Alk_eq_kgw Mu aw Na_mol K_mol Mg_mol Ca_mol Cl_mol S6_mol C4_mol Na_m K_m Mg_m Ca_m Cl_m S6_m C4_m Na_act Cl_act SO4_act SI_Ice SI_Mirabilite SI_Halite SI_Hydrohalite SI_Calcite SI_Gypsum Ice_mol Mirabilite_mol Halite_mol Hydrohalite_mol Calcite_mol Gypsum_mol Iterations
	    10 PUNCH TC, -LA("H+"), TOT("water"), ALK, MU, ACT("H2O")
	    20 PUNCH TOTMOLE("Na"), TOTMOLE("K"), TOTMOLE("Mg"), TOTMOLE("Ca")
	    30 PUNCH TOTMOLE("Cl"), TOTMOLE("S(6)"), TOTMOLE("C(4)")
	    40 PUNCH TOT("Na"), TOT("K"), TOT("Mg"), TOT("Ca")
	    50 PUNCH TOT("Cl"), TOT("S(6)"), TOT("C(4)")
	    60 PUNCH ACT("Na+"), ACT("Cl-"), ACT("SO4-2")
	    70 PUNCH SI("Ice(s)"), SI("Mirabilite"), SI("Halite"), SI("Hydrohalite"), SI("Calcite"), SI("Gypsum")
	    80 PUNCH EQUI("Ice(s)"), EQUI("Mirabilite"), EQUI("Halite"), EQUI("Hydrohalite"), EQUI("Calcite"), EQUI("Gypsum")
	    90 PUNCH ITERATIONS
	END
-----
TITLE
-----

 C3_Ca_minus10pct FREZCHEM sequential FC at 17.00 C

-------------------------------------------
Beginning of initial solution calculations.
-------------------------------------------

Initial solution 1.	

-----------------------------Solution composition------------------------------

	Elements           Molality       Moles

	C(4)              3.967e-03   3.967e-03
	Ca                2.166e-02   2.166e-02
	Cl                1.146e+00   1.146e+00
	K                 2.162e-02   2.162e-02
	Mg                1.163e-01   1.163e-01
	Na                9.390e-01   9.390e-01
	S(6)              5.965e-02   5.965e-02

----------------------------Description of solution----------------------------

                                       pH  =   7.010    
                                       pe  =   4.000    
      Specific Conductance (µS/cm,  17°C)  = 72353
                          Density (g/cm³)  =   1.05047
                               Volume (L)  =   1.02117
                        Activity of water  =   0.962
                 Ionic strength (mol/kgw)  =   1.450e+00
                       Mass of water (kg)  =   1.000e+00
                 Total alkalinity (eq/kg)  =   3.640e-03
                       Total CO2 (mol/kg)  =   3.967e-03
                         Temperature (°C)  =  17.00
                  Electrical balance (eq)  =  -3.220e-02
 Percent error, 100*(Cat-|An|)/(Cat+|An|)  =  -1.29
                               Iterations  =  13
                         Gamma iterations  =   4
                      Osmotic coefficient  =   0.93048
                         Density of water  =   0.99877
                                  Total H  = 1.110222e+02
                                  Total O  = 5.575945e+01

----------------------------Distribution of species----------------------------

                                                    Unscaled  Unscaled
                                Unscaled       Log       Log       Log    mole V
   Species          Molality    Activity  Molality  Activity     Gamma   cm³/mol

   OH-             1.519e-07   5.313e-08    -6.818    -7.275    -0.456     -1.89
   H+              1.208e-07   9.768e-08    -6.918    -7.010    -0.092      0.00
   H2O             5.551e+01   9.621e-01     1.744    -0.017     0.000     18.04
C(4)          3.967e-03
   HCO3-           3.587e-03   1.795e-03    -2.445    -2.746    -0.301     27.77
   CO2             3.537e-04   4.612e-04    -3.451    -3.336     0.115     31.24
   MgCO3           1.414e-05   1.414e-05    -4.850    -4.850     0.000    -17.08
   CO3-2           1.259e-05   7.209e-07    -4.900    -6.142    -1.242      0.57
   CaCO3           2.262e-12   2.262e-12   -11.645   -11.645     0.000     (0)  
Ca            2.166e-02
   Ca+2            2.166e-02   3.883e-03    -1.664    -2.411    -0.747    -16.51
   CaCO3           2.262e-12   2.262e-12   -11.645   -11.645     0.000     (0)  
Cl            1.146e+00
   Cl-             1.146e+00   7.958e-01     0.059    -0.099    -0.158     18.80
K             2.162e-02
   K+              2.162e-02   1.170e-02    -1.665    -1.932    -0.267      9.83
Mg            1.163e-01
   Mg+2            1.163e-01   2.592e-02    -0.934    -1.586    -0.652    -19.72
   MgCO3           1.414e-05   1.414e-05    -4.850    -4.850     0.000    -17.08
   MgOH+           2.297e-07   1.933e-07    -6.639    -6.714    -0.075     (0)  
Na            9.390e-01
   Na+             9.390e-01   5.712e-01    -0.027    -0.243    -0.216     -0.44
S(6)          5.965e-02
   SO4-2           5.965e-02   4.065e-03    -1.224    -2.391    -1.167     19.30

------------------------------Saturation indices-------------------------------

  Phase               SI** log IAP   log K(290 K,   1 atm)

  Anhydrite        -0.62     -4.80   -4.18  CaSO4
  Antarcticite     -6.32     -2.71    3.61  CaCl2:6H2O
  Aphthitalite    -13.92    -21.64   -7.72  Na2SO4:3K2SO4
  Aragonite        -0.26     -8.55   -8.29  CaCO3
  Arcanite         -4.35     -6.25   -1.90  K2SO4
  Bischofite       -6.57     -1.89    4.68  MgCl2:6H2O
  Bloedite         -4.52     -6.92   -2.40  Na2Mg(SO4)2:4H2O
  Calcite          -0.11     -8.55   -8.44  CaCO3
  Carnallite       -8.11     -3.92    4.19  KMgCl3:6H2O
  CO2(g)           -1.97     -3.34   -1.37  CO2
  Dolomite          0.61    -16.28  -16.89  CaMg(CO3)2
  Epsomite         -2.11     -4.09   -1.98  MgSO4:7H2O
  Gypsum           -0.23     -4.84   -4.60  CaSO4:2H2O
  Halite           -1.90     -0.34    1.56  NaCl
  Hexahydrite      -2.43     -4.08   -1.65  MgSO4:6H2O
  Hydrohalite      -1.83     -0.38    1.46  NaCl:2H2O
  Hydromagnesite   -3.12    -39.37  -36.25  (MgCO3)3:Mg(OH)2:3H2O
  Ice(s)           -0.09     -0.02    0.07  H2O
  Ikaite           -1.88     -8.65   -6.77  CaCO3:6H2O
  Kalicinite       -4.75     -4.68    0.08  KHCO3
  Kieserite        -3.95     -3.99   -0.04  MgSO4:H2O
  Landsfordite     -2.68     -7.81   -5.14  MgCO3:5H2O
  Magnesite         0.18     -7.73   -7.91  MgCO3
  Meridianite      -2.53     -4.16   -1.63  MgSO4:11H2O
  MgCl2:12H2O      -6.02     -1.99    4.03  MgCl2:12H2O
  MgCl2:8H2O       -6.00     -1.92    4.08  MgCl2:8H2O
  Mirabilite       -1.42     -3.05   -1.62  Na2SO4:10H2O
  Na2CO3:7H2O      -6.11     -6.75   -0.64  Na2CO3:7H2O
  Nahcolite        -2.49     -2.99   -0.50  NaHCO3
  Natron           -5.66     -6.80   -1.14  Na2CO3:10H2O
  Nesquehonite     -2.51     -7.78   -5.27  MgCO3:3H2O
  Picromerite      -5.79    -10.33   -4.55  MgSO4:K2SO4:6H2O
  Sylvite          -2.84     -2.03    0.81  KCl
  Tachyhydrite    -23.80     -6.38   17.42  CaCl2:(MgCl2)2:12H2O
  Thenardite       -2.58     -2.88   -0.29  Na2SO4
  Trona            -8.54     -9.65   -1.11  Na3H(CO3)2:2H2O
  Vaterite         -0.70     -8.55   -7.85  CaCO3

**For a gas, SI = log10(fugacity). Fugacity = pressure * phi / 1 atm.
  For ideal gases, phi = 1.

-----------------------------------------
Beginning of batch-reaction calculations.
-----------------------------------------

Reaction step 1.

Using solution 1.	
Using pure phase assemblage 1.	

-------------------------------Phase assemblage--------------------------------

                                                      Moles in assemblage
Phase               SI  log IAP  log K(T, P)   Initial       Final       Delta

Calcite          -0.11    -8.55     -8.44    0.000e+00           0   0.000e+00
Gypsum           -0.23    -4.84     -4.60    0.000e+00           0   0.000e+00
Halite           -1.90    -0.34      1.56    0.000e+00           0   0.000e+00
Hydrohalite      -1.83    -0.38      1.46    0.000e+00           0   0.000e+00
Ice(s)           -0.09    -0.02      0.07    0.000e+00           0   0.000e+00
Mirabilite       -1.42    -3.05     -1.62    0.000e+00           0   0.000e+00

-----------------------------Solution composition------------------------------

	Elements           Molality       Moles

	C                 3.967e-03   3.967e-03
	Ca                2.166e-02   2.166e-02
	Cl                1.146e+00   1.146e+00
	K                 2.162e-02   2.162e-02
	Mg                1.163e-01   1.163e-01
	Na                9.390e-01   9.390e-01
	S                 5.965e-02   5.965e-02

----------------------------Description of solution----------------------------

                                       pH  =   7.010      Charge balance
                                       pe  =   4.000      Adjusted to redox equilibrium
      Specific Conductance (µS/cm,  17°C)  = 72353
                          Density (g/cm³)  =   1.05047
                               Volume (L)  =   1.02117
                        Activity of water  =   0.962
                 Ionic strength (mol/kgw)  =   1.450e+00
                       Mass of water (kg)  =   1.000e+00
                 Total alkalinity (eq/kg)  =   3.640e-03
                       Total CO2 (mol/kg)  =   3.967e-03
                         Temperature (°C)  =  17.00
                  Electrical balance (eq)  =  -3.220e-02
 Percent error, 100*(Cat-|An|)/(Cat+|An|)  =  -1.29
                               Iterations  =   1
                         Gamma iterations  =   1
                      Osmotic coefficient  =   0.93048
                         Density of water  =   0.99877
                                  Total H  = 1.110222e+02
                                  Total O  = 5.575945e+01

----------------------------Distribution of species----------------------------

                                                    Unscaled  Unscaled
                                Unscaled       Log       Log       Log    mole V
   Species          Molality    Activity  Molality  Activity     Gamma   cm³/mol

   OH-             1.519e-07   5.313e-08    -6.818    -7.275    -0.456     -1.89
   H+              1.208e-07   9.768e-08    -6.918    -7.010    -0.092      0.00
   H2O             5.551e+01   9.621e-01     1.744    -0.017     0.000     18.04
C(4)          3.967e-03
   HCO3-           3.587e-03   1.795e-03    -2.445    -2.746    -0.301     27.77
   CO2             3.537e-04   4.612e-04    -3.451    -3.336     0.115     31.24
   MgCO3           1.414e-05   1.414e-05    -4.850    -4.850     0.000    -17.08
   CO3-2           1.259e-05   7.209e-07    -4.900    -6.142    -1.242      0.57
   CaCO3           2.262e-12   2.262e-12   -11.645   -11.645     0.000     (0)  
Ca            2.166e-02
   Ca+2            2.166e-02   3.883e-03    -1.664    -2.411    -0.747    -16.51
   CaCO3           2.262e-12   2.262e-12   -11.645   -11.645     0.000     (0)  
Cl            1.146e+00
   Cl-             1.146e+00   7.958e-01     0.059    -0.099    -0.158     18.80
K             2.162e-02
   K+              2.162e-02   1.170e-02    -1.665    -1.932    -0.267      9.83
Mg            1.163e-01
   Mg+2            1.163e-01   2.592e-02    -0.934    -1.586    -0.652    -19.72
   MgCO3           1.414e-05   1.414e-05    -4.850    -4.850     0.000    -17.08
   MgOH+           2.297e-07   1.933e-07    -6.639    -6.714    -0.075     (0)  
Na            9.390e-01
   Na+             9.390e-01   5.712e-01    -0.027    -0.243    -0.216     -0.44
S(6)          5.965e-02
   SO4-2           5.965e-02   4.065e-03    -1.224    -2.391    -1.167     19.30

------------------------------Saturation indices-------------------------------

  Phase               SI** log IAP   log K(290 K,   1 atm)

  Anhydrite        -0.62     -4.80   -4.18  CaSO4
  Antarcticite     -6.32     -2.71    3.61  CaCl2:6H2O
  Aphthitalite    -13.92    -21.64   -7.72  Na2SO4:3K2SO4
  Aragonite        -0.26     -8.55   -8.29  CaCO3
  Arcanite         -4.35     -6.25   -1.90  K2SO4
  Bischofite       -6.57     -1.89    4.68  MgCl2:6H2O
  Bloedite         -4.52     -6.92   -2.40  Na2Mg(SO4)2:4H2O
  Calcite          -0.11     -8.55   -8.44  CaCO3
  Carnallite       -8.11     -3.92    4.19  KMgCl3:6H2O
  CO2(g)           -1.97     -3.34   -1.37  CO2
  Dolomite          0.61    -16.28  -16.89  CaMg(CO3)2
  Epsomite         -2.11     -4.09   -1.98  MgSO4:7H2O
  Gypsum           -0.23     -4.84   -4.60  CaSO4:2H2O
  Halite           -1.90     -0.34    1.56  NaCl
  Hexahydrite      -2.43     -4.08   -1.65  MgSO4:6H2O
  Hydrohalite      -1.83     -0.38    1.46  NaCl:2H2O
  Hydromagnesite   -3.12    -39.37  -36.25  (MgCO3)3:Mg(OH)2:3H2O
  Ice(s)           -0.09     -0.02    0.07  H2O
  Ikaite           -1.88     -8.65   -6.77  CaCO3:6H2O
  Kalicinite       -4.75     -4.68    0.08  KHCO3
  Kieserite        -3.95     -3.99   -0.04  MgSO4:H2O
  Landsfordite     -2.68     -7.81   -5.14  MgCO3:5H2O
  Magnesite         0.18     -7.73   -7.91  MgCO3
  Meridianite      -2.53     -4.16   -1.63  MgSO4:11H2O
  MgCl2:12H2O      -6.02     -1.99    4.03  MgCl2:12H2O
  MgCl2:8H2O       -6.00     -1.92    4.08  MgCl2:8H2O
  Mirabilite       -1.42     -3.05   -1.62  Na2SO4:10H2O
  Na2CO3:7H2O      -6.11     -6.75   -0.64  Na2CO3:7H2O
  Nahcolite        -2.49     -2.99   -0.50  NaHCO3
  Natron           -5.66     -6.80   -1.14  Na2CO3:10H2O
  Nesquehonite     -2.51     -7.78   -5.27  MgCO3:3H2O
  Picromerite      -5.79    -10.33   -4.55  MgSO4:K2SO4:6H2O
  Sylvite          -2.84     -2.03    0.81  KCl
  Tachyhydrite    -23.80     -6.38   17.42  CaCl2:(MgCl2)2:12H2O
  Thenardite       -2.58     -2.88   -0.29  Na2SO4
  Trona            -8.54     -9.65   -1.11  Na3H(CO3)2:2H2O
  Vaterite         -0.70     -8.55   -7.85  CaCO3

**For a gas, SI = log10(fugacity). Fugacity = pressure * phi / 1 atm.
  For ideal gases, phi = 1.

------------------
End of simulation.
------------------

------------------------------------
Reading input data for simulation 2.
------------------------------------

-------------------------------
End of Run after 1.267 Seconds.
-------------------------------

